[38;5;159m[Genesis] [08:37:43] [INFO] [38;5;121m╭───────────────────────────────────────────────╮[0m[38;5;159m[0m
[38;5;159m[Genesis] [08:37:43] [INFO] [38;5;121m│┈┉┈┉┈┉┈┉┈┉┈┉┈┉┈┉┈┉┈[0m[38;5;159m [38;5;121m[1m[3mGenesis[0m[38;5;159m [38;5;121m┈┉┈┉┈┉┈┉┈┉┈┉┈┉┈┉┈┉┈│[0m[38;5;159m[0m
[38;5;159m[Genesis] [08:37:43] [INFO] [38;5;121m╰───────────────────────────────────────────────╯[0m[38;5;159m[0m
[W 09/29/26 08:37:44.226 3916007] [ptx_cache.cpp:PtxCache@73] Lock /home/gck/.cache/gstaichi/ticache/ptx_cache/ptxcache.lock failed. Please run 'ti cache clean -p /home/gck/.cache/gstaichi/ticache/ptx_cache' and try again.
[38;5;159m[Genesis] [08:37:44] [INFO] Running on [38;5;121m[4m[NVIDIA A100-SXM4-80GB][0m[38;5;159m with backend [38;5;121m[4mgs.cuda[0m[38;5;159m. Device memory: [38;5;121m[4m79.25[0m[38;5;159m GB.[0m
[38;5;159m[Genesis] [08:37:44] [INFO] 🚀 Genesis initialized. 🔖 version: [38;5;121m[4m0.3.6[0m[38;5;159m, 🎨 theme: [38;5;121m[4mdark[0m[38;5;159m, 🌱 seed: [38;5;121m[4mNone[0m[38;5;159m, 🐛 debug: [38;5;121m[4mFalse[0m[38;5;159m, 📏 precision: [38;5;121m[4m32[0m[38;5;159m, 🏎️ performance: [38;5;121m[4mFalse[0m[38;5;159m, 💬 verbose: [38;5;121m[4mINFO[0m[38;5;159m[0m
[38;5;159m[Genesis] [08:37:46] [INFO] Scene [38;5;121m[3m<a60fb0b>[0m[38;5;159m created.[0m
[38;5;159m[Genesis] [08:37:46] [INFO] Adding [38;5;121m<gs.RigidEntity>[0m[38;5;159m. idx: [38;5;121m0[0m[38;5;159m, uid: [38;5;121m[3m<319a799>[0m[38;5;159m, morph: [38;5;121m<gs.morphs.MJCF(file='/mnt4/gck/maniladder/maniladder/assets/xml/franka_emika_panda/panda.xml')>[0m[38;5;159m, material: [38;5;121m<gs.materials.Rigid>[0m[38;5;159m.[0m
[38;5;226m[Genesis] [08:37:46] [WARNING] (MJCF) Approximating tendon by joint actuator for `finger_joint1`[0m
[38;5;226m[Genesis] [08:37:46] [WARNING] (MJCF) Actuator control gain and bias parameters cannot be reduced to a unique PD control position gain. Using max between gain and bias for joint `finger_joint1`.[0m
[38;5;226m[Genesis] [08:37:46] [WARNING] (MJCF) Approximating tendon by joint actuator for `finger_joint2`[0m
[38;5;226m[Genesis] [08:37:46] [WARNING] (MJCF) Actuator control gain and bias parameters cannot be reduced to a unique PD control position gain. Using max between gain and bias for joint `finger_joint2`.[0m
[38;5;159m[Genesis] [08:37:46] [INFO] Applying offset to base link's pose with user provided value in morph.[0m
[38;5;159m[Genesis] [08:37:47] [INFO] Adding [38;5;121m<gs.RigidEntity>[0m[38;5;159m. idx: [38;5;121m1[0m[38;5;159m, uid: [38;5;121m[3m<c3e04aa>[0m[38;5;159m, morph: [38;5;121m<gs.morphs.Mesh(file='/mnt4/gck/maniladder/maniladder/assets/models/table.glb')>[0m[38;5;159m, material: [38;5;121m<gs.materials.Rigid>[0m[38;5;159m.[0m
[38;5;226m[Genesis] [08:37:47] [WARNING] GLTF is using y-up while Genesis uses z-up. Please set parse_glb_with_zup=True in morph options if you find the mesh is 90-degree rotated. We will set parse_glb_with_zup=True and rotate glb mesh by default later and gradually enforce this option.[0m
/data/gck/miniconda3/envs/maniladder/lib/python3.10/site-packages/pygltflib/__init__.py:830: UserWarning: pygltflib currently does not remove image data from the buffer when converting to data uri.Please open an issue at https://gitlab.com/dodgyville/pygltflib/issues
  warnings.warn("pygltflib currently does not remove image data "
[38;5;159m[Genesis] [08:37:47] [INFO] Adding [38;5;121m<gs.RigidEntity>[0m[38;5;159m. idx: [38;5;121m2[0m[38;5;159m, uid: [38;5;121m[3m<ffd63d6>[0m[38;5;159m, morph: [38;5;121m<gs.morphs.Box>[0m[38;5;159m, material: [38;5;121m<gs.materials.Rigid>[0m[38;5;159m.[0m
[38;5;159m[Genesis] [08:37:47] [INFO] Adding [38;5;121m<gs.RigidEntity>[0m[38;5;159m. idx: [38;5;121m3[0m[38;5;159m, uid: [38;5;121m[3m<524f055>[0m[38;5;159m, morph: [38;5;121m<gs.morphs.Plane>[0m[38;5;159m, material: [38;5;121m<gs.materials.Rigid>[0m[38;5;159m.[0m
[38;5;159m[Genesis] [08:37:47] [INFO] Adding [38;5;121m<gs.RigidEntity>[0m[38;5;159m. idx: [38;5;121m4[0m[38;5;159m, uid: [38;5;121m[3m<a0b6881>[0m[38;5;159m, morph: [38;5;121m<gs.morphs.Box>[0m[38;5;159m, material: [38;5;121m<gs.materials.Rigid>[0m[38;5;159m.[0m
[38;5;159m[Genesis] [08:37:47] [INFO] Adding [38;5;121m<gs.RigidEntity>[0m[38;5;159m. idx: [38;5;121m5[0m[38;5;159m, uid: [38;5;121m[3m<0120768>[0m[38;5;159m, morph: [38;5;121m<gs.morphs.Box>[0m[38;5;159m, material: [38;5;121m<gs.materials.Rigid>[0m[38;5;159m.[0m
[38;5;159m[Genesis] [08:37:47] [INFO] Adding [38;5;121m<gs.RigidEntity>[0m[38;5;159m. idx: [38;5;121m6[0m[38;5;159m, uid: [38;5;121m[3m<6d6bdfe>[0m[38;5;159m, morph: [38;5;121m<gs.morphs.Box>[0m[38;5;159m, material: [38;5;121m<gs.materials.Rigid>[0m[38;5;159m.[0m
[BagHanging] hook_z=0.400 wall_top=0.385
[38;5;159m[Genesis] [08:37:47] [INFO] Adding [38;5;121m<gs.RigidEntity>[0m[38;5;159m. idx: [38;5;121m7[0m[38;5;159m, uid: [38;5;121m[3m<862799a>[0m[38;5;159m, morph: [38;5;121m<gs.morphs.Box>[0m[38;5;159m, material: [38;5;121m<gs.materials.Rigid>[0m[38;5;159m.[0m
[38;5;159m[Genesis] [08:37:47] [INFO] Adding [38;5;121m<gs.RigidEntity>[0m[38;5;159m. idx: [38;5;121m8[0m[38;5;159m, uid: [38;5;121m[3m<9bdf7d6>[0m[38;5;159m, morph: [38;5;121m<gs.morphs.Box>[0m[38;5;159m, material: [38;5;121m<gs.materials.Rigid>[0m[38;5;159m.[0m
[38;5;159m[Genesis] [08:37:47] [INFO] Adding [38;5;121m<gs.RigidEntity>[0m[38;5;159m. idx: [38;5;121m9[0m[38;5;159m, uid: [38;5;121m[3m<66bda9d>[0m[38;5;159m, morph: [38;5;121m<gs.morphs.Mesh(file='/mnt4/gck/maniladder/maniladder/assets/meshes/deformable/hook.obj')>[0m[38;5;159m, material: [38;5;121m<gs.materials.Rigid>[0m[38;5;159m.[0m
[38;5;159m[Genesis] [08:37:47] [INFO] Convex hull is not accurate enough for collision detection (5.482). Falling back to more expensive convex decomposition (see FileMorph options).[0m
[38;5;159m[Genesis] [08:37:47] [INFO] Adding [38;5;121m<gs.RigidEntity>[0m[38;5;159m. idx: [38;5;121m10[0m[38;5;159m, uid: [38;5;121m[3m<7f5f6cd>[0m[38;5;159m, morph: [38;5;121m<gs.morphs.Mesh(file='/mnt4/gck/maniladder/maniladder/assets/meshes/deformable/hook.obj')>[0m[38;5;159m, material: [38;5;121m<gs.materials.Rigid>[0m[38;5;159m.[0m
[38;5;159m[Genesis] [08:37:47] [INFO] Convex hull is not accurate enough for collision detection (5.482). Falling back to more expensive convex decomposition (see FileMorph options).[0m
[38;5;159m[Genesis] [08:37:47] [INFO] Adding [38;5;121m<gs.PBD2DEntity>[0m[38;5;159m. idx: [38;5;121m11[0m[38;5;159m, uid: [38;5;121m[3m<01119f4>[0m[38;5;159m, morph: [38;5;121m<gs.morphs.Mesh(file='/mnt4/gck/maniladder/maniladder/assets/meshes/deformable/bag.obj')>[0m[38;5;159m, material: [38;5;121m<gs.PBD.Cloth>[0m[38;5;159m.[0m
[38;5;159m[Genesis] [08:37:47] [INFO] Building scene [38;5;121m[3m<a60fb0b>[0m[38;5;159m...[0m
[W 09/29/26 08:37:48.314 3916007] [kernel_compilation_manager.cpp:KernelCompilationManager@69] Lock /home/gck/.cache/gstaichi/ticache/kernel_compilation_manager/ticache.lock failed. Please run 'ti cache clean -p /home/gck/.cache/gstaichi/ticache/kernel_compilation_manager' and try again.
[38;5;226m[Genesis] [08:37:51] [WARNING] Reference robot position exceeds joint limits.[0m
[38;5;226m[Genesis] [08:37:53] [WARNING] max_collision_pairs 300 is smaller than the theoretical maximal possible pairs 460, it uses less memory but might lead to missing some collision pairs if there are too many collision pairs[0m
[38;5;159m[Genesis] [08:38:02] [INFO] Compiling simulation kernels...[0m
[38;5;159m[Genesis] [08:38:41] [INFO] Building visualizer...[0m
/data/gck/miniconda3/envs/maniladder/lib/python3.10/site-packages/torch/utils/_device.py:109: UserWarning: The given NumPy array is not writable, and PyTorch does not support non-writable tensors. This means writing to this tensor will result in undefined behavior. You may want to copy the array to protect its data or make it writable before converting it to a tensor. This type of warning will be suppressed for the rest of this program. (Triggered internally at /pytorch/torch/csrc/utils/tensor_numpy.cpp:213.)
  return func(*args, **kwargs)
[ClothAttachBinder] init mode=left lf_idx=9 rf_idx=10 pad_offset=0.01 radius=0.03 k=32 close_width=0.02 open_width=0.04 hold=2
Action space: Box(-1.0, 1.0, (7,), float32)
Generating 1 orbit video-only demos → /mnt/gck_website/maniladder.github.io/generated_demos/BagHanging-v1
[ClothAttachBinder] NO-ATTACH (not closed) width=0.08000 (need < 0.02)
[Step   0] Phase: 0  | Dist L/R: 0.335/0.325 | Hung: ❌ | Retry: 0 | Hnd L/R: 0.370/0.373
[ClothAttachBinder] NO-ATTACH (not closed) width=0.08000 (need < 0.02)
  [ep 0/1, attempt 1] step 1/400  terminated=False  truncated=False
[Step   1] Phase: 0  | Dist L/R: 0.335/0.325 | Hung: ❌ | Retry: 0 | Hnd L/R: 0.370/0.373
[ClothAttachBinder] NO-ATTACH (not closed) width=0.08000 (need < 0.02)
[Step   2] Phase: 0  | Dist L/R: 0.335/0.325 | Hung: ❌ | Retry: 0 | Hnd L/R: 0.369/0.373
[ClothAttachBinder] NO-ATTACH (not closed) width=0.08000 (need < 0.02)
[Step   3] Phase: 0  | Dist L/R: 0.335/0.325 | Hung: ❌ | Retry: 0 | Hnd L/R: 0.370/0.373
[ClothAttachBinder] NO-ATTACH (not closed) width=0.08000 (need < 0.02)
[Step   4] Phase: 0  | Dist L/R: 0.335/0.325 | Hung: ❌ | Retry: 0 | Hnd L/R: 0.370/0.373
[ClothAttachBinder] NO-ATTACH (not closed) width=0.08000 (need < 0.02)
[Step   5] Phase: 0  | Dist L/R: 0.335/0.325 | Hung: ❌ | Retry: 0 | Hnd L/R: 0.369/0.373
[ClothAttachBinder] NO-ATTACH (not closed) width=0.08000 (need < 0.02)
[Step   6] Phase: 0  | Dist L/R: 0.335/0.325 | Hung: ❌ | Retry: 0 | Hnd L/R: 0.369/0.373
[ClothAttachBinder] NO-ATTACH (not closed) width=0.08000 (need < 0.02)
[Step   7] Phase: 0  | Dist L/R: 0.335/0.325 | Hung: ❌ | Retry: 0 | Hnd L/R: 0.369/0.373
[ClothAttachBinder] NO-ATTACH (not closed) width=0.08000 (need < 0.02)
[Step   8] Phase: 0  | Dist L/R: 0.335/0.325 | Hung: ❌ | Retry: 0 | Hnd L/R: 0.369/0.373
[ClothAttachBinder] NO-ATTACH (not closed) width=0.07987 (need < 0.02)
[Step   9] Phase: 0  | Dist L/R: 0.335/0.325 | Hung: ❌ | Retry: 0 | Hnd L/R: 0.369/0.373
[ClothAttachBinder] NO-ATTACH (not closed) width=0.07881 (need < 0.02)
[Step  10] Phase: 0  | Dist L/R: 0.335/0.325 | Hung: ❌ | Retry: 0 | Hnd L/R: 0.369/0.373
[ClothAttachBinder] NO-ATTACH (not closed) width=0.07779 (need < 0.02)
[Step  11] Phase: 0  | Dist L/R: 0.335/0.325 | Hung: ❌ | Retry: 0 | Hnd L/R: 0.369/0.373
[ClothAttachBinder] NO-ATTACH (not closed) width=0.07679 (need < 0.02)
[Step  12] Phase: 0  | Dist L/R: 0.335/0.325 | Hung: ❌ | Retry: 0 | Hnd L/R: 0.369/0.373
[ClothAttachBinder] NO-ATTACH (not closed) width=0.07585 (need < 0.02)
[Step  13] Phase: 0  | Dist L/R: 0.335/0.325 | Hung: ❌ | Retry: 0 | Hnd L/R: 0.369/0.373
[ClothAttachBinder] NO-ATTACH (not closed) width=0.07493 (need < 0.02)
[Step  14] Phase: 0  | Dist L/R: 0.335/0.325 | Hung: ❌ | Retry: 0 | Hnd L/R: 0.369/0.373
[ClothAttachBinder] NO-ATTACH (not closed) width=0.07409 (need < 0.02)
[Step  15] Phase: 0  | Dist L/R: 0.335/0.325 | Hung: ❌ | Retry: 0 | Hnd L/R: 0.369/0.373
[ClothAttachBinder] NO-ATTACH (not closed) width=0.07327 (need < 0.02)
[Step  16] Phase: 0  | Dist L/R: 0.335/0.325 | Hung: ❌ | Retry: 0 | Hnd L/R: 0.369/0.373
[ClothAttachBinder] NO-ATTACH (not closed) width=0.07251 (need < 0.02)
[Step  17] Phase: 0  | Dist L/R: 0.335/0.325 | Hung: ❌ | Retry: 0 | Hnd L/R: 0.369/0.373
[ClothAttachBinder] NO-ATTACH (not closed) width=0.07177 (need < 0.02)
[Step  18] Phase: 0  | Dist L/R: 0.335/0.325 | Hung: ❌ | Retry: 0 | Hnd L/R: 0.369/0.373
[ClothAttachBinder] NO-ATTACH (not closed) width=0.07109 (need < 0.02)
[Step  19] Phase: 0  | Dist L/R: 0.335/0.325 | Hung: ❌ | Retry: 0 | Hnd L/R: 0.369/0.373
[ClothAttachBinder] NO-ATTACH (not closed) width=0.07043 (need < 0.02)
[Step  20] Phase: 0  | Dist L/R: 0.335/0.325 | Hung: ❌ | Retry: 0 | Hnd L/R: 0.369/0.373
[ClothAttachBinder] NO-ATTACH (not closed) width=0.06981 (need < 0.02)
[Step  21] Phase: 0  | Dist L/R: 0.335/0.325 | Hung: ❌ | Retry: 0 | Hnd L/R: 0.369/0.373
[ClothAttachBinder] NO-ATTACH (not closed) width=0.06920 (need < 0.02)
[Step  22] Phase: 0  | Dist L/R: 0.335/0.325 | Hung: ❌ | Retry: 0 | Hnd L/R: 0.369/0.373
[ClothAttachBinder] NO-ATTACH (not closed) width=0.06863 (need < 0.02)
[Step  23] Phase: 0  | Dist L/R: 0.335/0.325 | Hung: ❌ | Retry: 0 | Hnd L/R: 0.369/0.373
[ClothAttachBinder] NO-ATTACH (not closed) width=0.06807 (need < 0.02)
[Step  24] Phase: 0  | Dist L/R: 0.335/0.325 | Hung: ❌ | Retry: 0 | Hnd L/R: 0.369/0.373
[ClothAttachBinder] NO-ATTACH (not closed) width=0.06755 (need < 0.02)
[Step  25] Phase: 0  | Dist L/R: 0.335/0.325 | Hung: ❌ | Retry: 0 | Hnd L/R: 0.369/0.373
[ClothAttachBinder] NO-ATTACH (not closed) width=0.06704 (need < 0.02)
[Step  26] Phase: 0  | Dist L/R: 0.335/0.325 | Hung: ❌ | Retry: 0 | Hnd L/R: 0.369/0.373
[ClothAttachBinder] NO-ATTACH (not closed) width=0.06657 (need < 0.02)
[Step  27] Phase: 0  | Dist L/R: 0.335/0.325 | Hung: ❌ | Retry: 0 | Hnd L/R: 0.369/0.373
[ClothAttachBinder] NO-ATTACH (not closed) width=0.06609 (need < 0.02)
[Step  28] Phase: 0  | Dist L/R: 0.335/0.325 | Hung: ❌ | Retry: 0 | Hnd L/R: 0.369/0.373
[ClothAttachBinder] NO-ATTACH (not closed) width=0.06565 (need < 0.02)
[Step  29] Phase: 0  | Dist L/R: 0.335/0.325 | Hung: ❌ | Retry: 0 | Hnd L/R: 0.369/0.373
[ClothAttachBinder] NO-ATTACH (not closed) width=0.06519 (need < 0.02)
[Step  30] Phase: 0  | Dist L/R: 0.335/0.325 | Hung: ❌ | Retry: 0 | Hnd L/R: 0.369/0.373
[ClothAttachBinder] NO-ATTACH (not closed) width=0.06477 (need < 0.02)
[Step  31] Phase: 0  | Dist L/R: 0.335/0.325 | Hung: ❌ | Retry: 0 | Hnd L/R: 0.369/0.373
[ClothAttachBinder] NO-ATTACH (not closed) width=0.06434 (need < 0.02)
[Step  32] Phase: 0  | Dist L/R: 0.335/0.325 | Hung: ❌ | Retry: 0 | Hnd L/R: 0.369/0.373
[ClothAttachBinder] NO-ATTACH (not closed) width=0.06394 (need < 0.02)
[Step  33] Phase: 0  | Dist L/R: 0.335/0.325 | Hung: ❌ | Retry: 0 | Hnd L/R: 0.369/0.373
[ClothAttachBinder] NO-ATTACH (not closed) width=0.06353 (need < 0.02)
[Step  34] Phase: 0  | Dist L/R: 0.335/0.325 | Hung: ❌ | Retry: 0 | Hnd L/R: 0.369/0.373
[ClothAttachBinder] NO-ATTACH (not closed) width=0.06315 (need < 0.02)
[Step  35] Phase: 0  | Dist L/R: 0.335/0.325 | Hung: ❌ | Retry: 0 | Hnd L/R: 0.369/0.373
[ClothAttachBinder] NO-ATTACH (not closed) width=0.06275 (need < 0.02)
[Step  36] Phase: 0  | Dist L/R: 0.335/0.325 | Hung: ❌ | Retry: 0 | Hnd L/R: 0.369/0.373
[ClothAttachBinder] NO-ATTACH (not closed) width=0.06237 (need < 0.02)
[Step  37] Phase: 0  | Dist L/R: 0.335/0.325 | Hung: ❌ | Retry: 0 | Hnd L/R: 0.369/0.373
[ClothAttachBinder] NO-ATTACH (not closed) width=0.06199 (need < 0.02)
[Step  38] Phase: 0  | Dist L/R: 0.335/0.325 | Hung: ❌ | Retry: 0 | Hnd L/R: 0.369/0.373
[ClothAttachBinder] NO-ATTACH (not closed) width=0.06162 (need < 0.02)
[Step  39] Phase: 0  | Dist L/R: 0.335/0.325 | Hung: ❌ | Retry: 0 | Hnd L/R: 0.369/0.373
[ClothAttachBinder] NO-ATTACH (not closed) width=0.06124 (need < 0.02)
[Step  40] Phase: 0  | Dist L/R: 0.335/0.325 | Hung: ❌ | Retry: 0 | Hnd L/R: 0.369/0.373
[ClothAttachBinder] NO-ATTACH (not closed) width=0.06089 (need < 0.02)
[Step  41] Phase: 18 | Dist L/R: 0.335/0.325 | Hung: ❌ | Retry: 1 | Hnd L/R: 0.369/0.373
[ClothAttachBinder] NO-ATTACH (not closed) width=0.06794 (need < 0.02)
[Step  42] Phase: 18 | Dist L/R: 0.335/0.325 | Hung: ❌ | Retry: 1 | Hnd L/R: 0.369/0.373
[ClothAttachBinder] NO-ATTACH (not closed) width=0.07271 (need < 0.02)
[Step  43] Phase: 18 | Dist L/R: 0.335/0.325 | Hung: ❌ | Retry: 1 | Hnd L/R: 0.369/0.373
[ClothAttachBinder] NO-ATTACH (not closed) width=0.07559 (need < 0.02)
[Step  44] Phase: 18 | Dist L/R: 0.335/0.325 | Hung: ❌ | Retry: 1 | Hnd L/R: 0.369/0.373
[ClothAttachBinder] NO-ATTACH (not closed) width=0.07734 (need < 0.02)
[Step  45] Phase: 18 | Dist L/R: 0.335/0.325 | Hung: ❌ | Retry: 1 | Hnd L/R: 0.369/0.373
[ClothAttachBinder] NO-ATTACH (not closed) width=0.07839 (need < 0.02)
[Step  46] Phase: 0  | Dist L/R: 0.335/0.325 | Hung: ❌ | Retry: 1 | Hnd L/R: 0.369/0.373
[ClothAttachBinder] NO-ATTACH (not closed) width=0.07903 (need < 0.02)
[Step  47] Phase: 0  | Dist L/R: 0.335/0.325 | Hung: ❌ | Retry: 1 | Hnd L/R: 0.369/0.373
[ClothAttachBinder] NO-ATTACH (not closed) width=0.07941 (need < 0.02)
[Step  48] Phase: 0  | Dist L/R: 0.335/0.325 | Hung: ❌ | Retry: 1 | Hnd L/R: 0.369/0.373
[ClothAttachBinder] NO-ATTACH (not closed) width=0.07964 (need < 0.02)
[Step  49] Phase: 0  | Dist L/R: 0.335/0.325 | Hung: ❌ | Retry: 1 | Hnd L/R: 0.369/0.373
[ClothAttachBinder] NO-ATTACH (not closed) width=0.07979 (need < 0.02)
[Step  50] Phase: 0  | Dist L/R: 0.335/0.325 | Hung: ❌ | Retry: 1 | Hnd L/R: 0.369/0.373
[ClothAttachBinder] NO-ATTACH (not closed) width=0.07987 (need < 0.02)
[Step  51] Phase: 0  | Dist L/R: 0.335/0.325 | Hung: ❌ | Retry: 1 | Hnd L/R: 0.369/0.373
[ClothAttachBinder] NO-ATTACH (not closed) width=0.07992 (need < 0.02)
[Step  52] Phase: 0  | Dist L/R: 0.335/0.325 | Hung: ❌ | Retry: 1 | Hnd L/R: 0.369/0.373
[ClothAttachBinder] NO-ATTACH (not closed) width=0.07995 (need < 0.02)
[Step  53] Phase: 1  | Dist L/R: 0.335/0.325 | Hung: ❌ | Retry: 1 | Hnd L/R: 0.369/0.373
[ClothAttachBinder] NO-ATTACH (not closed) width=0.07997 (need < 0.02)
[Step  54] Phase: 1  | Dist L/R: 0.335/0.325 | Hung: ❌ | Retry: 1 | Hnd L/R: 0.369/0.373
[ClothAttachBinder] NO-ATTACH (not closed) width=0.07998 (need < 0.02)
[Step  55] Phase: 1  | Dist L/R: 0.335/0.325 | Hung: ❌ | Retry: 1 | Hnd L/R: 0.369/0.373
[ClothAttachBinder] NO-ATTACH (not closed) width=0.07999 (need < 0.02)
[Step  56] Phase: 1  | Dist L/R: 0.335/0.325 | Hung: ❌ | Retry: 1 | Hnd L/R: 0.369/0.373
[ClothAttachBinder] NO-ATTACH (not closed) width=0.07999 (need < 0.02)
[Step  57] Phase: 1  | Dist L/R: 0.335/0.325 | Hung: ❌ | Retry: 1 | Hnd L/R: 0.369/0.373
[ClothAttachBinder] NO-ATTACH (not closed) width=0.08000 (need < 0.02)
[Step  58] Phase: 1  | Dist L/R: 0.335/0.325 | Hung: ❌ | Retry: 1 | Hnd L/R: 0.369/0.373
[ClothAttachBinder] NO-ATTACH (not closed) width=0.08000 (need < 0.02)
[Step  59] Phase: 1  | Dist L/R: 0.335/0.325 | Hung: ❌ | Retry: 1 | Hnd L/R: 0.369/0.373
[ClothAttachBinder] NO-ATTACH (not closed) width=0.08000 (need < 0.02)
[Step  60] Phase: 1  | Dist L/R: 0.335/0.325 | Hung: ❌ | Retry: 1 | Hnd L/R: 0.369/0.373
[ClothAttachBinder] NO-ATTACH (not closed) width=0.08000 (need < 0.02)
[Step  61] Phase: 1  | Dist L/R: 0.335/0.325 | Hung: ❌ | Retry: 1 | Hnd L/R: 0.369/0.373
[ClothAttachBinder] NO-ATTACH (not closed) width=0.08000 (need < 0.02)
[Step  62] Phase: 1  | Dist L/R: 0.335/0.325 | Hung: ❌ | Retry: 1 | Hnd L/R: 0.369/0.373
[ClothAttachBinder] NO-ATTACH (not closed) width=0.08000 (need < 0.02)
[Step  63] Phase: 1  | Dist L/R: 0.335/0.325 | Hung: ❌ | Retry: 1 | Hnd L/R: 0.369/0.373
[ClothAttachBinder] NO-ATTACH (not closed) width=0.08000 (need < 0.02)
[Step  64] Phase: 1  | Dist L/R: 0.335/0.325 | Hung: ❌ | Retry: 1 | Hnd L/R: 0.369/0.373
[ClothAttachBinder] NO-ATTACH (not closed) width=0.08000 (need < 0.02)
[Step  65] Phase: 1  | Dist L/R: 0.335/0.325 | Hung: ❌ | Retry: 1 | Hnd L/R: 0.369/0.373
[ClothAttachBinder] NO-ATTACH (not closed) width=0.08000 (need < 0.02)
[Step  66] Phase: 1  | Dist L/R: 0.335/0.325 | Hung: ❌ | Retry: 1 | Hnd L/R: 0.369/0.373
[ClothAttachBinder] NO-ATTACH (not closed) width=0.08000 (need < 0.02)
[Step  67] Phase: 1  | Dist L/R: 0.335/0.325 | Hung: ❌ | Retry: 1 | Hnd L/R: 0.369/0.373
[ClothAttachBinder] NO-ATTACH (not closed) width=0.08000 (need < 0.02)
[Step  68] Phase: 1  | Dist L/R: 0.335/0.325 | Hung: ❌ | Retry: 1 | Hnd L/R: 0.369/0.373
[ClothAttachBinder] NO-ATTACH (not closed) width=0.08000 (need < 0.02)
[Step  69] Phase: 1  | Dist L/R: 0.335/0.325 | Hung: ❌ | Retry: 1 | Hnd L/R: 0.369/0.373
[ClothAttachBinder] NO-ATTACH (not closed) width=0.08000 (need < 0.02)
[Step  70] Phase: 1  | Dist L/R: 0.335/0.325 | Hung: ❌ | Retry: 1 | Hnd L/R: 0.369/0.373
[ClothAttachBinder] NO-ATTACH (not closed) width=0.08000 (need < 0.02)
[Step  71] Phase: 1  | Dist L/R: 0.335/0.325 | Hung: ❌ | Retry: 1 | Hnd L/R: 0.369/0.373
[ClothAttachBinder] NO-ATTACH (not closed) width=0.08000 (need < 0.02)
[Step  72] Phase: 1  | Dist L/R: 0.335/0.325 | Hung: ❌ | Retry: 1 | Hnd L/R: 0.369/0.373
[ClothAttachBinder] NO-ATTACH (not closed) width=0.08000 (need < 0.02)
[Step  73] Phase: 1  | Dist L/R: 0.335/0.325 | Hung: ❌ | Retry: 1 | Hnd L/R: 0.369/0.374
[ClothAttachBinder] NO-ATTACH (not closed) width=0.08000 (need < 0.02)
[Step  74] Phase: 1  | Dist L/R: 0.335/0.325 | Hung: ❌ | Retry: 1 | Hnd L/R: 0.369/0.373
[ClothAttachBinder] NO-ATTACH (not closed) width=0.08000 (need < 0.02)
[Step  75] Phase: 1  | Dist L/R: 0.335/0.325 | Hung: ❌ | Retry: 1 | Hnd L/R: 0.369/0.374
[ClothAttachBinder] NO-ATTACH (not closed) width=0.08000 (need < 0.02)
[Step  76] Phase: 1  | Dist L/R: 0.335/0.325 | Hung: ❌ | Retry: 1 | Hnd L/R: 0.369/0.373
[ClothAttachBinder] NO-ATTACH (not closed) width=0.08000 (need < 0.02)
[Step  77] Phase: 1  | Dist L/R: 0.335/0.325 | Hung: ❌ | Retry: 1 | Hnd L/R: 0.369/0.374
[ClothAttachBinder] NO-ATTACH (not closed) width=0.08000 (need < 0.02)
[Step  78] Phase: 1  | Dist L/R: 0.335/0.325 | Hung: ❌ | Retry: 1 | Hnd L/R: 0.369/0.373
[ClothAttachBinder] NO-ATTACH (not closed) width=0.08000 (need < 0.02)
[Step  79] Phase: 1  | Dist L/R: 0.335/0.325 | Hung: ❌ | Retry: 1 | Hnd L/R: 0.369/0.374
[ClothAttachBinder] NO-ATTACH (not closed) width=0.08000 (need < 0.02)
[Step  80] Phase: 1  | Dist L/R: 0.335/0.325 | Hung: ❌ | Retry: 1 | Hnd L/R: 0.369/0.373
[ClothAttachBinder] NO-ATTACH (not closed) width=0.08000 (need < 0.02)
[Step  81] Phase: 1  | Dist L/R: 0.335/0.325 | Hung: ❌ | Retry: 1 | Hnd L/R: 0.369/0.374
[ClothAttachBinder] NO-ATTACH (not closed) width=0.08000 (need < 0.02)
[Step  82] Phase: 1  | Dist L/R: 0.335/0.325 | Hung: ❌ | Retry: 1 | Hnd L/R: 0.369/0.373
[ClothAttachBinder] NO-ATTACH (not closed) width=0.08000 (need < 0.02)
[Step  83] Phase: 1  | Dist L/R: 0.335/0.325 | Hung: ❌ | Retry: 1 | Hnd L/R: 0.369/0.374
[ClothAttachBinder] NO-ATTACH (not closed) width=0.08000 (need < 0.02)
[Step  84] Phase: 1  | Dist L/R: 0.335/0.325 | Hung: ❌ | Retry: 1 | Hnd L/R: 0.369/0.373
[ClothAttachBinder] NO-ATTACH (not closed) width=0.08000 (need < 0.02)
[Step  85] Phase: 1  | Dist L/R: 0.335/0.325 | Hung: ❌ | Retry: 1 | Hnd L/R: 0.369/0.374
[ClothAttachBinder] NO-ATTACH (not closed) width=0.08000 (need < 0.02)
[Step  86] Phase: 1  | Dist L/R: 0.335/0.325 | Hung: ❌ | Retry: 1 | Hnd L/R: 0.369/0.373
[ClothAttachBinder] NO-ATTACH (not closed) width=0.08000 (need < 0.02)
[Step  87] Phase: 1  | Dist L/R: 0.335/0.325 | Hung: ❌ | Retry: 1 | Hnd L/R: 0.369/0.374
[ClothAttachBinder] NO-ATTACH (not closed) width=0.08000 (need < 0.02)
[Step  88] Phase: 1  | Dist L/R: 0.335/0.325 | Hung: ❌ | Retry: 1 | Hnd L/R: 0.369/0.373
[ClothAttachBinder] NO-ATTACH (not closed) width=0.08000 (need < 0.02)
[Step  89] Phase: 1  | Dist L/R: 0.335/0.325 | Hung: ❌ | Retry: 1 | Hnd L/R: 0.369/0.374
[ClothAttachBinder] NO-ATTACH (not closed) width=0.08000 (need < 0.02)
[Step  90] Phase: 1  | Dist L/R: 0.335/0.325 | Hung: ❌ | Retry: 1 | Hnd L/R: 0.369/0.373
[ClothAttachBinder] NO-ATTACH (not closed) width=0.08000 (need < 0.02)
[Step  91] Phase: 1  | Dist L/R: 0.335/0.325 | Hung: ❌ | Retry: 1 | Hnd L/R: 0.369/0.374
[ClothAttachBinder] NO-ATTACH (not closed) width=0.08000 (need < 0.02)
[Step  92] Phase: 1  | Dist L/R: 0.335/0.325 | Hung: ❌ | Retry: 1 | Hnd L/R: 0.369/0.373
[ClothAttachBinder] NO-ATTACH (not closed) width=0.08000 (need < 0.02)
[Step  93] Phase: 1  | Dist L/R: 0.335/0.325 | Hung: ❌ | Retry: 1 | Hnd L/R: 0.369/0.374
[ClothAttachBinder] NO-ATTACH (not closed) width=0.08000 (need < 0.02)
[Step  94] Phase: 1  | Dist L/R: 0.335/0.325 | Hung: ❌ | Retry: 1 | Hnd L/R: 0.369/0.373
[ClothAttachBinder] NO-ATTACH (not closed) width=0.08000 (need < 0.02)
[Step  95] Phase: 1  | Dist L/R: 0.335/0.325 | Hung: ❌ | Retry: 1 | Hnd L/R: 0.369/0.374
[ClothAttachBinder] NO-ATTACH (not closed) width=0.08000 (need < 0.02)
[Step  96] Phase: 1  | Dist L/R: 0.335/0.325 | Hung: ❌ | Retry: 1 | Hnd L/R: 0.369/0.373
[ClothAttachBinder] NO-ATTACH (not closed) width=0.08000 (need < 0.02)
[Step  97] Phase: 1  | Dist L/R: 0.335/0.325 | Hung: ❌ | Retry: 1 | Hnd L/R: 0.369/0.374
[ClothAttachBinder] NO-ATTACH (not closed) width=0.08000 (need < 0.02)
[Step  98] Phase: 1  | Dist L/R: 0.335/0.325 | Hung: ❌ | Retry: 1 | Hnd L/R: 0.369/0.373
[ClothAttachBinder] NO-ATTACH (not closed) width=0.08000 (need < 0.02)
[Step  99] Phase: 1  | Dist L/R: 0.335/0.325 | Hung: ❌ | Retry: 1 | Hnd L/R: 0.369/0.374
[ClothAttachBinder] NO-ATTACH (not closed) width=0.08000 (need < 0.02)
[Step 100] Phase: 1  | Dist L/R: 0.335/0.325 | Hung: ❌ | Retry: 1 | Hnd L/R: 0.369/0.373
[ClothAttachBinder] NO-ATTACH (not closed) width=0.08000 (need < 0.02)
  [ep 0/1, attempt 1] step 101/400  terminated=False  truncated=False
[Step 101] Phase: 1  | Dist L/R: 0.335/0.325 | Hung: ❌ | Retry: 1 | Hnd L/R: 0.369/0.374
[ClothAttachBinder] NO-ATTACH (not closed) width=0.08000 (need < 0.02)
[Step 102] Phase: 1  | Dist L/R: 0.335/0.325 | Hung: ❌ | Retry: 1 | Hnd L/R: 0.369/0.373
[ClothAttachBinder] NO-ATTACH (not closed) width=0.08000 (need < 0.02)
[Step 103] Phase: 1  | Dist L/R: 0.335/0.325 | Hung: ❌ | Retry: 1 | Hnd L/R: 0.369/0.374
[ClothAttachBinder] NO-ATTACH (not closed) width=0.08000 (need < 0.02)
[Step 104] Phase: 1  | Dist L/R: 0.335/0.325 | Hung: ❌ | Retry: 1 | Hnd L/R: 0.369/0.373
[ClothAttachBinder] NO-ATTACH (not closed) width=0.08000 (need < 0.02)
[Step 105] Phase: 1  | Dist L/R: 0.335/0.325 | Hung: ❌ | Retry: 1 | Hnd L/R: 0.369/0.374
[ClothAttachBinder] NO-ATTACH (not closed) width=0.08000 (need < 0.02)
[Step 106] Phase: 1  | Dist L/R: 0.335/0.325 | Hung: ❌ | Retry: 1 | Hnd L/R: 0.369/0.374
[ClothAttachBinder] NO-ATTACH (not closed) width=0.08000 (need < 0.02)
[Step 107] Phase: 1  | Dist L/R: 0.335/0.325 | Hung: ❌ | Retry: 1 | Hnd L/R: 0.369/0.374
[ClothAttachBinder] NO-ATTACH (not closed) width=0.08000 (need < 0.02)
[Step 108] Phase: 1  | Dist L/R: 0.335/0.325 | Hung: ❌ | Retry: 1 | Hnd L/R: 0.369/0.374
[ClothAttachBinder] NO-ATTACH (not closed) width=0.08000 (need < 0.02)
[Step 109] Phase: 18 | Dist L/R: 0.335/0.325 | Hung: ❌ | Retry: 2 | Hnd L/R: 0.369/0.374
[ClothAttachBinder] NO-ATTACH (not closed) width=0.08000 (need < 0.02)
[Step 110] Phase: 18 | Dist L/R: 0.335/0.325 | Hung: ❌ | Retry: 2 | Hnd L/R: 0.369/0.374
[ClothAttachBinder] NO-ATTACH (not closed) width=0.08000 (need < 0.02)
[Step 111] Phase: 18 | Dist L/R: 0.335/0.325 | Hung: ❌ | Retry: 2 | Hnd L/R: 0.369/0.374
[ClothAttachBinder] NO-ATTACH (not closed) width=0.08000 (need < 0.02)
[Step 112] Phase: 18 | Dist L/R: 0.335/0.325 | Hung: ❌ | Retry: 2 | Hnd L/R: 0.369/0.374
[ClothAttachBinder] NO-ATTACH (not closed) width=0.08000 (need < 0.02)
[Step 113] Phase: 18 | Dist L/R: 0.335/0.325 | Hung: ❌ | Retry: 2 | Hnd L/R: 0.369/0.374
[ClothAttachBinder] NO-ATTACH (not closed) width=0.08000 (need < 0.02)
[Step 114] Phase: 18 | Dist L/R: 0.335/0.325 | Hung: ❌ | Retry: 2 | Hnd L/R: 0.369/0.374
[ClothAttachBinder] NO-ATTACH (not closed) width=0.08000 (need < 0.02)
[Step 115] Phase: 18 | Dist L/R: 0.335/0.325 | Hung: ❌ | Retry: 2 | Hnd L/R: 0.369/0.374
[ClothAttachBinder] NO-ATTACH (not closed) width=0.08000 (need < 0.02)
[Step 116] Phase: 18 | Dist L/R: 0.335/0.325 | Hung: ❌ | Retry: 2 | Hnd L/R: 0.369/0.374
[ClothAttachBinder] NO-ATTACH (not closed) width=0.08000 (need < 0.02)
[Step 117] Phase: 0  | Dist L/R: 0.335/0.325 | Hung: ❌ | Retry: 2 | Hnd L/R: 0.369/0.374
[ClothAttachBinder] NO-ATTACH (not closed) width=0.08000 (need < 0.02)
[Step 118] Phase: 0  | Dist L/R: 0.335/0.325 | Hung: ❌ | Retry: 2 | Hnd L/R: 0.369/0.374
[ClothAttachBinder] NO-ATTACH (not closed) width=0.08000 (need < 0.02)
[Step 119] Phase: 0  | Dist L/R: 0.335/0.325 | Hung: ❌ | Retry: 2 | Hnd L/R: 0.369/0.374
[ClothAttachBinder] NO-ATTACH (not closed) width=0.08000 (need < 0.02)
[Step 120] Phase: 0  | Dist L/R: 0.335/0.325 | Hung: ❌ | Retry: 2 | Hnd L/R: 0.369/0.374
[ClothAttachBinder] NO-ATTACH (not closed) width=0.08000 (need < 0.02)
[Step 121] Phase: 0  | Dist L/R: 0.335/0.325 | Hung: ❌ | Retry: 2 | Hnd L/R: 0.369/0.374
[ClothAttachBinder] NO-ATTACH (not closed) width=0.08000 (need < 0.02)
[Step 122] Phase: 0  | Dist L/R: 0.335/0.325 | Hung: ❌ | Retry: 2 | Hnd L/R: 0.369/0.374
[ClothAttachBinder] NO-ATTACH (not closed) width=0.08000 (need < 0.02)
[Step 123] Phase: 1  | Dist L/R: 0.335/0.325 | Hung: ❌ | Retry: 2 | Hnd L/R: 0.369/0.374
[ClothAttachBinder] NO-ATTACH (not closed) width=0.08000 (need < 0.02)
[Step 124] Phase: 1  | Dist L/R: 0.335/0.325 | Hung: ❌ | Retry: 2 | Hnd L/R: 0.369/0.374
[ClothAttachBinder] NO-ATTACH (not closed) width=0.08000 (need < 0.02)
[Step 125] Phase: 1  | Dist L/R: 0.335/0.325 | Hung: ❌ | Retry: 2 | Hnd L/R: 0.369/0.374
[ClothAttachBinder] NO-ATTACH (not closed) width=0.08000 (need < 0.02)
[Step 126] Phase: 1  | Dist L/R: 0.335/0.325 | Hung: ❌ | Retry: 2 | Hnd L/R: 0.369/0.374
[ClothAttachBinder] NO-ATTACH (not closed) width=0.08000 (need < 0.02)
[Step 127] Phase: 1  | Dist L/R: 0.335/0.325 | Hung: ❌ | Retry: 2 | Hnd L/R: 0.369/0.374
[ClothAttachBinder] NO-ATTACH (not closed) width=0.08000 (need < 0.02)
[Step 128] Phase: 1  | Dist L/R: 0.335/0.325 | Hung: ❌ | Retry: 2 | Hnd L/R: 0.369/0.374
[ClothAttachBinder] NO-ATTACH (not closed) width=0.08000 (need < 0.02)
[Step 129] Phase: 1  | Dist L/R: 0.335/0.325 | Hung: ❌ | Retry: 2 | Hnd L/R: 0.369/0.374
[ClothAttachBinder] NO-ATTACH (not closed) width=0.08000 (need < 0.02)
[Step 130] Phase: 1  | Dist L/R: 0.335/0.325 | Hung: ❌ | Retry: 2 | Hnd L/R: 0.369/0.374
[ClothAttachBinder] NO-ATTACH (not closed) width=0.08000 (need < 0.02)
[Step 131] Phase: 1  | Dist L/R: 0.335/0.325 | Hung: ❌ | Retry: 2 | Hnd L/R: 0.369/0.374
[ClothAttachBinder] NO-ATTACH (not closed) width=0.08000 (need < 0.02)
[Step 132] Phase: 1  | Dist L/R: 0.335/0.325 | Hung: ❌ | Retry: 2 | Hnd L/R: 0.369/0.374
[ClothAttachBinder] NO-ATTACH (not closed) width=0.08000 (need < 0.02)
[Step 133] Phase: 1  | Dist L/R: 0.335/0.325 | Hung: ❌ | Retry: 2 | Hnd L/R: 0.369/0.374
[ClothAttachBinder] NO-ATTACH (not closed) width=0.08000 (need < 0.02)
[Step 134] Phase: 1  | Dist L/R: 0.335/0.325 | Hung: ❌ | Retry: 2 | Hnd L/R: 0.369/0.374
[ClothAttachBinder] NO-ATTACH (not closed) width=0.08000 (need < 0.02)
[Step 135] Phase: 1  | Dist L/R: 0.335/0.325 | Hung: ❌ | Retry: 2 | Hnd L/R: 0.369/0.374
[ClothAttachBinder] NO-ATTACH (not closed) width=0.08000 (need < 0.02)
[Step 136] Phase: 1  | Dist L/R: 0.335/0.325 | Hung: ❌ | Retry: 2 | Hnd L/R: 0.369/0.374
[ClothAttachBinder] NO-ATTACH (not closed) width=0.08000 (need < 0.02)
[Step 137] Phase: 1  | Dist L/R: 0.335/0.325 | Hung: ❌ | Retry: 2 | Hnd L/R: 0.369/0.374
[ClothAttachBinder] NO-ATTACH (not closed) width=0.08000 (need < 0.02)
[Step 138] Phase: 1  | Dist L/R: 0.335/0.325 | Hung: ❌ | Retry: 2 | Hnd L/R: 0.369/0.374
[ClothAttachBinder] NO-ATTACH (not closed) width=0.08000 (need < 0.02)
[Step 139] Phase: 1  | Dist L/R: 0.335/0.325 | Hung: ❌ | Retry: 2 | Hnd L/R: 0.369/0.374
[ClothAttachBinder] NO-ATTACH (not closed) width=0.08000 (need < 0.02)
[Step 140] Phase: 1  | Dist L/R: 0.335/0.325 | Hung: ❌ | Retry: 2 | Hnd L/R: 0.369/0.374
[ClothAttachBinder] NO-ATTACH (not closed) width=0.08000 (need < 0.02)
[Step 141] Phase: 1  | Dist L/R: 0.335/0.325 | Hung: ❌ | Retry: 2 | Hnd L/R: 0.369/0.374
[ClothAttachBinder] NO-ATTACH (not closed) width=0.08000 (need < 0.02)
[Step 142] Phase: 1  | Dist L/R: 0.335/0.325 | Hung: ❌ | Retry: 2 | Hnd L/R: 0.369/0.374
[ClothAttachBinder] NO-ATTACH (not closed) width=0.08000 (need < 0.02)
[Step 143] Phase: 1  | Dist L/R: 0.335/0.325 | Hung: ❌ | Retry: 2 | Hnd L/R: 0.369/0.374
[ClothAttachBinder] NO-ATTACH (not closed) width=0.08000 (need < 0.02)
[Step 144] Phase: 1  | Dist L/R: 0.335/0.325 | Hung: ❌ | Retry: 2 | Hnd L/R: 0.369/0.374
[ClothAttachBinder] NO-ATTACH (not closed) width=0.08000 (need < 0.02)
[Step 145] Phase: 1  | Dist L/R: 0.335/0.325 | Hung: ❌ | Retry: 2 | Hnd L/R: 0.369/0.374
[ClothAttachBinder] NO-ATTACH (not closed) width=0.08000 (need < 0.02)
[Step 146] Phase: 1  | Dist L/R: 0.335/0.325 | Hung: ❌ | Retry: 2 | Hnd L/R: 0.369/0.374
[ClothAttachBinder] NO-ATTACH (not closed) width=0.08000 (need < 0.02)
[Step 147] Phase: 1  | Dist L/R: 0.335/0.325 | Hung: ❌ | Retry: 2 | Hnd L/R: 0.369/0.374
[ClothAttachBinder] NO-ATTACH (not closed) width=0.08000 (need < 0.02)
[Step 148] Phase: 1  | Dist L/R: 0.335/0.325 | Hung: ❌ | Retry: 2 | Hnd L/R: 0.369/0.374
[ClothAttachBinder] NO-ATTACH (not closed) width=0.08000 (need < 0.02)
[Step 149] Phase: 1  | Dist L/R: 0.335/0.325 | Hung: ❌ | Retry: 2 | Hnd L/R: 0.369/0.374
[ClothAttachBinder] NO-ATTACH (not closed) width=0.08000 (need < 0.02)
[Step 150] Phase: 1  | Dist L/R: 0.335/0.325 | Hung: ❌ | Retry: 2 | Hnd L/R: 0.369/0.374
[ClothAttachBinder] NO-ATTACH (not closed) width=0.08000 (need < 0.02)
[Step 151] Phase: 1  | Dist L/R: 0.335/0.325 | Hung: ❌ | Retry: 2 | Hnd L/R: 0.369/0.374
[ClothAttachBinder] NO-ATTACH (not closed) width=0.08000 (need < 0.02)
[Step 152] Phase: 1  | Dist L/R: 0.335/0.325 | Hung: ❌ | Retry: 2 | Hnd L/R: 0.369/0.374
[ClothAttachBinder] NO-ATTACH (not closed) width=0.08000 (need < 0.02)
[Step 153] Phase: 1  | Dist L/R: 0.335/0.325 | Hung: ❌ | Retry: 2 | Hnd L/R: 0.369/0.374
[ClothAttachBinder] NO-ATTACH (not closed) width=0.08000 (need < 0.02)
[Step 154] Phase: 1  | Dist L/R: 0.335/0.325 | Hung: ❌ | Retry: 2 | Hnd L/R: 0.369/0.374
[ClothAttachBinder] NO-ATTACH (not closed) width=0.08000 (need < 0.02)
[Step 155] Phase: 1  | Dist L/R: 0.335/0.325 | Hung: ❌ | Retry: 2 | Hnd L/R: 0.369/0.374
[ClothAttachBinder] NO-ATTACH (not closed) width=0.08000 (need < 0.02)
[Step 156] Phase: 1  | Dist L/R: 0.335/0.325 | Hung: ❌ | Retry: 2 | Hnd L/R: 0.369/0.374
[ClothAttachBinder] NO-ATTACH (not closed) width=0.08000 (need < 0.02)
[Step 157] Phase: 1  | Dist L/R: 0.335/0.325 | Hung: ❌ | Retry: 2 | Hnd L/R: 0.369/0.374
[ClothAttachBinder] NO-ATTACH (not closed) width=0.08000 (need < 0.02)
[Step 158] Phase: 1  | Dist L/R: 0.335/0.325 | Hung: ❌ | Retry: 2 | Hnd L/R: 0.369/0.374
[ClothAttachBinder] NO-ATTACH (not closed) width=0.08000 (need < 0.02)
[Step 159] Phase: 1  | Dist L/R: 0.335/0.325 | Hung: ❌ | Retry: 2 | Hnd L/R: 0.369/0.374
[ClothAttachBinder] NO-ATTACH (not closed) width=0.08000 (need < 0.02)
[Step 160] Phase: 1  | Dist L/R: 0.335/0.325 | Hung: ❌ | Retry: 2 | Hnd L/R: 0.369/0.374
[ClothAttachBinder] NO-ATTACH (not closed) width=0.08000 (need < 0.02)
[Step 161] Phase: 1  | Dist L/R: 0.335/0.325 | Hung: ❌ | Retry: 2 | Hnd L/R: 0.369/0.374
[ClothAttachBinder] NO-ATTACH (not closed) width=0.08000 (need < 0.02)
[Step 162] Phase: 1  | Dist L/R: 0.335/0.325 | Hung: ❌ | Retry: 2 | Hnd L/R: 0.369/0.374
[ClothAttachBinder] NO-ATTACH (not closed) width=0.08000 (need < 0.02)
[Step 163] Phase: 1  | Dist L/R: 0.335/0.325 | Hung: ❌ | Retry: 2 | Hnd L/R: 0.369/0.374
[ClothAttachBinder] NO-ATTACH (not closed) width=0.08000 (need < 0.02)
[Step 164] Phase: 1  | Dist L/R: 0.335/0.325 | Hung: ❌ | Retry: 2 | Hnd L/R: 0.369/0.374
[ClothAttachBinder] NO-ATTACH (not closed) width=0.08000 (need < 0.02)
[Step 165] Phase: 1  | Dist L/R: 0.335/0.325 | Hung: ❌ | Retry: 2 | Hnd L/R: 0.369/0.374
[ClothAttachBinder] NO-ATTACH (not closed) width=0.08000 (need < 0.02)
[Step 166] Phase: 1  | Dist L/R: 0.335/0.325 | Hung: ❌ | Retry: 2 | Hnd L/R: 0.369/0.374
[ClothAttachBinder] NO-ATTACH (not closed) width=0.08000 (need < 0.02)
[Step 167] Phase: 1  | Dist L/R: 0.335/0.325 | Hung: ❌ | Retry: 2 | Hnd L/R: 0.369/0.374
[ClothAttachBinder] NO-ATTACH (not closed) width=0.08000 (need < 0.02)
[Step 168] Phase: 1  | Dist L/R: 0.335/0.325 | Hung: ❌ | Retry: 2 | Hnd L/R: 0.369/0.374
[ClothAttachBinder] NO-ATTACH (not closed) width=0.08000 (need < 0.02)
[Step 169] Phase: 1  | Dist L/R: 0.335/0.325 | Hung: ❌ | Retry: 2 | Hnd L/R: 0.369/0.374
[ClothAttachBinder] NO-ATTACH (not closed) width=0.08000 (need < 0.02)
[Step 170] Phase: 1  | Dist L/R: 0.335/0.325 | Hung: ❌ | Retry: 2 | Hnd L/R: 0.369/0.374
[ClothAttachBinder] NO-ATTACH (not closed) width=0.08000 (need < 0.02)
[Step 171] Phase: 1  | Dist L/R: 0.335/0.325 | Hung: ❌ | Retry: 2 | Hnd L/R: 0.369/0.374
[ClothAttachBinder] NO-ATTACH (not closed) width=0.08000 (need < 0.02)
[Step 172] Phase: 1  | Dist L/R: 0.335/0.325 | Hung: ❌ | Retry: 2 | Hnd L/R: 0.369/0.374
[ClothAttachBinder] NO-ATTACH (not closed) width=0.08000 (need < 0.02)
[Step 173] Phase: 1  | Dist L/R: 0.335/0.325 | Hung: ❌ | Retry: 2 | Hnd L/R: 0.369/0.374
[ClothAttachBinder] NO-ATTACH (not closed) width=0.08000 (need < 0.02)
[Step 174] Phase: 1  | Dist L/R: 0.335/0.325 | Hung: ❌ | Retry: 2 | Hnd L/R: 0.369/0.374
[ClothAttachBinder] NO-ATTACH (not closed) width=0.08000 (need < 0.02)
[Step 175] Phase: 1  | Dist L/R: 0.335/0.325 | Hung: ❌ | Retry: 2 | Hnd L/R: 0.369/0.374
[ClothAttachBinder] NO-ATTACH (not closed) width=0.08000 (need < 0.02)
[Step 176] Phase: 1  | Dist L/R: 0.335/0.325 | Hung: ❌ | Retry: 2 | Hnd L/R: 0.369/0.374
[ClothAttachBinder] NO-ATTACH (not closed) width=0.08000 (need < 0.02)
[Step 177] Phase: 1  | Dist L/R: 0.335/0.325 | Hung: ❌ | Retry: 2 | Hnd L/R: 0.369/0.374
[ClothAttachBinder] NO-ATTACH (not closed) width=0.08000 (need < 0.02)
[Step 178] Phase: 1  | Dist L/R: 0.335/0.325 | Hung: ❌ | Retry: 2 | Hnd L/R: 0.369/0.374
[ClothAttachBinder] NO-ATTACH (not closed) width=0.08000 (need < 0.02)
[Step 179] Phase: 18 | Dist L/R: 0.335/0.325 | Hung: ❌ | Retry: 3 | Hnd L/R: 0.369/0.374
[ClothAttachBinder] NO-ATTACH (not closed) width=0.08000 (need < 0.02)
[Step 180] Phase: 18 | Dist L/R: 0.335/0.325 | Hung: ❌ | Retry: 3 | Hnd L/R: 0.369/0.374
[ClothAttachBinder] NO-ATTACH (not closed) width=0.08000 (need < 0.02)
[Step 181] Phase: 18 | Dist L/R: 0.335/0.325 | Hung: ❌ | Retry: 3 | Hnd L/R: 0.369/0.374
[ClothAttachBinder] NO-ATTACH (not closed) width=0.08000 (need < 0.02)
[Step 182] Phase: 18 | Dist L/R: 0.335/0.325 | Hung: ❌ | Retry: 3 | Hnd L/R: 0.369/0.374
[ClothAttachBinder] NO-ATTACH (not closed) width=0.08000 (need < 0.02)
[Step 183] Phase: 18 | Dist L/R: 0.335/0.325 | Hung: ❌ | Retry: 3 | Hnd L/R: 0.369/0.374
[ClothAttachBinder] NO-ATTACH (not closed) width=0.08000 (need < 0.02)
[Step 184] Phase: 18 | Dist L/R: 0.335/0.325 | Hung: ❌ | Retry: 3 | Hnd L/R: 0.369/0.374
[ClothAttachBinder] NO-ATTACH (not closed) width=0.08000 (need < 0.02)
[Step 185] Phase: 18 | Dist L/R: 0.335/0.325 | Hung: ❌ | Retry: 3 | Hnd L/R: 0.369/0.374
[ClothAttachBinder] NO-ATTACH (not closed) width=0.08000 (need < 0.02)
[Step 186] Phase: 18 | Dist L/R: 0.335/0.325 | Hung: ❌ | Retry: 3 | Hnd L/R: 0.369/0.374
[ClothAttachBinder] NO-ATTACH (not closed) width=0.08000 (need < 0.02)
[Step 187] Phase: 18 | Dist L/R: 0.335/0.325 | Hung: ❌ | Retry: 3 | Hnd L/R: 0.369/0.374
[ClothAttachBinder] NO-ATTACH (not closed) width=0.08000 (need < 0.02)
[Step 188] Phase: 0  | Dist L/R: 0.335/0.325 | Hung: ❌ | Retry: 3 | Hnd L/R: 0.369/0.374
[ClothAttachBinder] NO-ATTACH (not closed) width=0.08000 (need < 0.02)
[Step 189] Phase: 0  | Dist L/R: 0.335/0.325 | Hung: ❌ | Retry: 3 | Hnd L/R: 0.369/0.374
[ClothAttachBinder] NO-ATTACH (not closed) width=0.08000 (need < 0.02)
[Step 190] Phase: 0  | Dist L/R: 0.335/0.325 | Hung: ❌ | Retry: 3 | Hnd L/R: 0.369/0.374
[ClothAttachBinder] NO-ATTACH (not closed) width=0.08000 (need < 0.02)
[Step 191] Phase: 0  | Dist L/R: 0.335/0.325 | Hung: ❌ | Retry: 3 | Hnd L/R: 0.369/0.374
[ClothAttachBinder] NO-ATTACH (not closed) width=0.08000 (need < 0.02)
[Step 192] Phase: 0  | Dist L/R: 0.335/0.325 | Hung: ❌ | Retry: 3 | Hnd L/R: 0.369/0.374
[ClothAttachBinder] NO-ATTACH (not closed) width=0.08000 (need < 0.02)
[Step 193] Phase: 0  | Dist L/R: 0.335/0.325 | Hung: ❌ | Retry: 3 | Hnd L/R: 0.369/0.374
[ClothAttachBinder] NO-ATTACH (not closed) width=0.08000 (need < 0.02)
[Step 194] Phase: 1  | Dist L/R: 0.335/0.325 | Hung: ❌ | Retry: 3 | Hnd L/R: 0.369/0.374
[ClothAttachBinder] NO-ATTACH (not closed) width=0.08000 (need < 0.02)
[Step 195] Phase: 1  | Dist L/R: 0.335/0.325 | Hung: ❌ | Retry: 3 | Hnd L/R: 0.369/0.374
[ClothAttachBinder] NO-ATTACH (not closed) width=0.08000 (need < 0.02)
[Step 196] Phase: 1  | Dist L/R: 0.335/0.325 | Hung: ❌ | Retry: 3 | Hnd L/R: 0.369/0.374
[ClothAttachBinder] NO-ATTACH (not closed) width=0.08000 (need < 0.02)
[Step 197] Phase: 1  | Dist L/R: 0.335/0.325 | Hung: ❌ | Retry: 3 | Hnd L/R: 0.369/0.374
[ClothAttachBinder] NO-ATTACH (not closed) width=0.08000 (need < 0.02)
[Step 198] Phase: 1  | Dist L/R: 0.335/0.325 | Hung: ❌ | Retry: 3 | Hnd L/R: 0.369/0.374
[ClothAttachBinder] NO-ATTACH (not closed) width=0.08000 (need < 0.02)
[Step 199] Phase: 1  | Dist L/R: 0.335/0.325 | Hung: ❌ | Retry: 3 | Hnd L/R: 0.369/0.374
[ClothAttachBinder] NO-ATTACH (not closed) width=0.08000 (need < 0.02)
[Step 200] Phase: 1  | Dist L/R: 0.335/0.325 | Hung: ❌ | Retry: 3 | Hnd L/R: 0.369/0.374
[ClothAttachBinder] NO-ATTACH (not closed) width=0.08000 (need < 0.02)
  [ep 0/1, attempt 1] step 201/400  terminated=False  truncated=False
[Step 201] Phase: 1  | Dist L/R: 0.335/0.325 | Hung: ❌ | Retry: 3 | Hnd L/R: 0.369/0.374
[ClothAttachBinder] NO-ATTACH (not closed) width=0.08000 (need < 0.02)
[Step 202] Phase: 1  | Dist L/R: 0.335/0.325 | Hung: ❌ | Retry: 3 | Hnd L/R: 0.369/0.374
[ClothAttachBinder] NO-ATTACH (not closed) width=0.08000 (need < 0.02)
[Step 203] Phase: 1  | Dist L/R: 0.335/0.325 | Hung: ❌ | Retry: 3 | Hnd L/R: 0.369/0.374
[ClothAttachBinder] NO-ATTACH (not closed) width=0.08000 (need < 0.02)
[Step 204] Phase: 1  | Dist L/R: 0.335/0.325 | Hung: ❌ | Retry: 3 | Hnd L/R: 0.369/0.374
[ClothAttachBinder] NO-ATTACH (not closed) width=0.08000 (need < 0.02)
[Step 205] Phase: 1  | Dist L/R: 0.335/0.325 | Hung: ❌ | Retry: 3 | Hnd L/R: 0.369/0.374
[ClothAttachBinder] NO-ATTACH (not closed) width=0.08000 (need < 0.02)
[Step 206] Phase: 1  | Dist L/R: 0.335/0.325 | Hung: ❌ | Retry: 3 | Hnd L/R: 0.369/0.374
[ClothAttachBinder] NO-ATTACH (not closed) width=0.08000 (need < 0.02)
[Step 207] Phase: 1  | Dist L/R: 0.335/0.325 | Hung: ❌ | Retry: 3 | Hnd L/R: 0.369/0.374
[ClothAttachBinder] NO-ATTACH (not closed) width=0.08000 (need < 0.02)
[Step 208] Phase: 1  | Dist L/R: 0.335/0.325 | Hung: ❌ | Retry: 3 | Hnd L/R: 0.369/0.374
[ClothAttachBinder] NO-ATTACH (not closed) width=0.08000 (need < 0.02)
[Step 209] Phase: 1  | Dist L/R: 0.335/0.325 | Hung: ❌ | Retry: 3 | Hnd L/R: 0.369/0.374
[ClothAttachBinder] NO-ATTACH (not closed) width=0.08000 (need < 0.02)
[Step 210] Phase: 1  | Dist L/R: 0.335/0.325 | Hung: ❌ | Retry: 3 | Hnd L/R: 0.369/0.374
[ClothAttachBinder] NO-ATTACH (not closed) width=0.08000 (need < 0.02)
[Step 211] Phase: 1  | Dist L/R: 0.335/0.325 | Hung: ❌ | Retry: 3 | Hnd L/R: 0.369/0.374
[ClothAttachBinder] NO-ATTACH (not closed) width=0.08000 (need < 0.02)
[Step 212] Phase: 1  | Dist L/R: 0.335/0.325 | Hung: ❌ | Retry: 3 | Hnd L/R: 0.369/0.374
[ClothAttachBinder] NO-ATTACH (not closed) width=0.08000 (need < 0.02)
[Step 213] Phase: 1  | Dist L/R: 0.335/0.325 | Hung: ❌ | Retry: 3 | Hnd L/R: 0.369/0.374
[ClothAttachBinder] NO-ATTACH (not closed) width=0.08000 (need < 0.02)
[Step 214] Phase: 1  | Dist L/R: 0.335/0.325 | Hung: ❌ | Retry: 3 | Hnd L/R: 0.369/0.374
[ClothAttachBinder] NO-ATTACH (not closed) width=0.08000 (need < 0.02)
[Step 215] Phase: 1  | Dist L/R: 0.335/0.325 | Hung: ❌ | Retry: 3 | Hnd L/R: 0.369/0.374
[ClothAttachBinder] NO-ATTACH (not closed) width=0.08000 (need < 0.02)
[Step 216] Phase: 1  | Dist L/R: 0.335/0.325 | Hung: ❌ | Retry: 3 | Hnd L/R: 0.369/0.374
[ClothAttachBinder] NO-ATTACH (not closed) width=0.08000 (need < 0.02)
[Step 217] Phase: 1  | Dist L/R: 0.335/0.325 | Hung: ❌ | Retry: 3 | Hnd L/R: 0.369/0.374
[ClothAttachBinder] NO-ATTACH (not closed) width=0.08000 (need < 0.02)
[Step 218] Phase: 1  | Dist L/R: 0.335/0.325 | Hung: ❌ | Retry: 3 | Hnd L/R: 0.369/0.374
[ClothAttachBinder] NO-ATTACH (not closed) width=0.08000 (need < 0.02)
[Step 219] Phase: 1  | Dist L/R: 0.335/0.325 | Hung: ❌ | Retry: 3 | Hnd L/R: 0.369/0.374
[ClothAttachBinder] NO-ATTACH (not closed) width=0.08000 (need < 0.02)
[Step 220] Phase: 1  | Dist L/R: 0.335/0.325 | Hung: ❌ | Retry: 3 | Hnd L/R: 0.369/0.374
[ClothAttachBinder] NO-ATTACH (not closed) width=0.08000 (need < 0.02)
[Step 221] Phase: 1  | Dist L/R: 0.335/0.325 | Hung: ❌ | Retry: 3 | Hnd L/R: 0.369/0.374
[ClothAttachBinder] NO-ATTACH (not closed) width=0.08000 (need < 0.02)
[Step 222] Phase: 1  | Dist L/R: 0.335/0.325 | Hung: ❌ | Retry: 3 | Hnd L/R: 0.369/0.374
[ClothAttachBinder] NO-ATTACH (not closed) width=0.08000 (need < 0.02)
[Step 223] Phase: 1  | Dist L/R: 0.335/0.325 | Hung: ❌ | Retry: 3 | Hnd L/R: 0.369/0.374
[ClothAttachBinder] NO-ATTACH (not closed) width=0.08000 (need < 0.02)
[Step 224] Phase: 1  | Dist L/R: 0.335/0.325 | Hung: ❌ | Retry: 3 | Hnd L/R: 0.369/0.374
[ClothAttachBinder] NO-ATTACH (not closed) width=0.08000 (need < 0.02)
[Step 225] Phase: 1  | Dist L/R: 0.335/0.325 | Hung: ❌ | Retry: 3 | Hnd L/R: 0.369/0.374
[ClothAttachBinder] NO-ATTACH (not closed) width=0.08000 (need < 0.02)
[Step 226] Phase: 1  | Dist L/R: 0.335/0.325 | Hung: ❌ | Retry: 3 | Hnd L/R: 0.369/0.374
[ClothAttachBinder] NO-ATTACH (not closed) width=0.08000 (need < 0.02)
[Step 227] Phase: 1  | Dist L/R: 0.335/0.325 | Hung: ❌ | Retry: 3 | Hnd L/R: 0.369/0.374
[ClothAttachBinder] NO-ATTACH (not closed) width=0.08000 (need < 0.02)
[Step 228] Phase: 1  | Dist L/R: 0.335/0.325 | Hung: ❌ | Retry: 3 | Hnd L/R: 0.369/0.374
[ClothAttachBinder] NO-ATTACH (not closed) width=0.07997 (need < 0.02)
[Step 229] Phase: 1  | Dist L/R: 0.339/0.325 | Hung: ❌ | Retry: 3 | Hnd L/R: 0.374/0.374
[ClothAttachBinder] NO-ATTACH (not closed) width=0.07999 (need < 0.02)
[Step 230] Phase: 1  | Dist L/R: 0.342/0.325 | Hung: ❌ | Retry: 3 | Hnd L/R: 0.380/0.374
[ClothAttachBinder] NO-ATTACH (not closed) width=0.07999 (need < 0.02)
[Step 231] Phase: 1  | Dist L/R: 0.342/0.326 | Hung: ❌ | Retry: 3 | Hnd L/R: 0.384/0.374
[ClothAttachBinder] NO-ATTACH (not closed) width=0.07995 (need < 0.02)
[Step 232] Phase: 1  | Dist L/R: 0.341/0.324 | Hung: ❌ | Retry: 3 | Hnd L/R: 0.386/0.374
[ClothAttachBinder] NO-ATTACH (not closed) width=0.07987 (need < 0.02)
[Step 233] Phase: 1  | Dist L/R: 0.342/0.326 | Hung: ❌ | Retry: 3 | Hnd L/R: 0.387/0.374
[ClothAttachBinder] NO-ATTACH (not closed) width=0.07980 (need < 0.02)
[Step 234] Phase: 1  | Dist L/R: 0.342/0.326 | Hung: ❌ | Retry: 3 | Hnd L/R: 0.388/0.374
[ClothAttachBinder] NO-ATTACH (not closed) width=0.07974 (need < 0.02)
[Step 235] Phase: 1  | Dist L/R: 0.342/0.326 | Hung: ❌ | Retry: 3 | Hnd L/R: 0.390/0.374
[ClothAttachBinder] NO-ATTACH (not closed) width=0.07988 (need < 0.02)
[Step 236] Phase: 1  | Dist L/R: 0.339/0.326 | Hung: ❌ | Retry: 3 | Hnd L/R: 0.395/0.374
[ClothAttachBinder] NO-ATTACH (not closed) width=0.07999 (need < 0.02)
[Step 237] Phase: 1  | Dist L/R: 0.339/0.325 | Hung: ❌ | Retry: 3 | Hnd L/R: 0.399/0.373
[ClothAttachBinder] NO-ATTACH (not closed) width=0.08000 (need < 0.02)
[Step 238] Phase: 1  | Dist L/R: 0.339/0.326 | Hung: ❌ | Retry: 3 | Hnd L/R: 0.402/0.373
[ClothAttachBinder] NO-ATTACH (not closed) width=0.07997 (need < 0.02)
[Step 239] Phase: 1  | Dist L/R: 0.338/0.326 | Hung: ❌ | Retry: 3 | Hnd L/R: 0.393/0.373
[ClothAttachBinder] NO-ATTACH (not closed) width=0.08000 (need < 0.02)
[Step 240] Phase: 1  | Dist L/R: 0.336/0.325 | Hung: ❌ | Retry: 3 | Hnd L/R: 0.377/0.373
[ClothAttachBinder] NO-ATTACH (not closed) width=0.07964 (need < 0.02)
[Step 241] Phase: 1  | Dist L/R: 0.336/0.324 | Hung: ❌ | Retry: 3 | Hnd L/R: 0.378/0.372
[ClothAttachBinder] NO-ATTACH (not closed) width=0.07942 (need < 0.02)
[Step 242] Phase: 1  | Dist L/R: 0.336/0.323 | Hung: ❌ | Retry: 3 | Hnd L/R: 0.383/0.371
[ClothAttachBinder] NO-ATTACH (not closed) width=0.07956 (need < 0.02)
[Step 243] Phase: 1  | Dist L/R: 0.337/0.324 | Hung: ❌ | Retry: 3 | Hnd L/R: 0.386/0.371
[ClothAttachBinder] NO-ATTACH (not closed) width=0.07982 (need < 0.02)
[Step 244] Phase: 1  | Dist L/R: 0.337/0.324 | Hung: ❌ | Retry: 3 | Hnd L/R: 0.387/0.372
[ClothAttachBinder] NO-ATTACH (not closed) width=0.07993 (need < 0.02)
[Step 245] Phase: 2  | Dist L/R: 0.338/0.324 | Hung: ❌ | Retry: 3 | Hnd L/R: 0.388/0.372
[ClothAttachBinder] NO-ATTACH (not closed) width=0.04133 (need < 0.02)
[Step 246] Phase: 2  | Dist L/R: 0.337/0.324 | Hung: ❌ | Retry: 3 | Hnd L/R: 0.389/0.371
[ClothAttachBinder] CAND width=0.01798 hold=1/2 L=4(min=0.0184) R=0(min=1000000000.0000)
[Step 247] Phase: 2  | Dist L/R: 0.336/0.324 | Hung: ❌ | Retry: 3 | Hnd L/R: 0.389/0.371
[ClothAttachBinder] CAND width=0.00518 hold=2/2 L=2(min=0.0152) R=0(min=1000000000.0000)
[ClothAttachBinder] ATTACH width=0.00518 -> L=2 R=0
[Step 248] Phase: 2  | Dist L/R: 0.335/0.323 | Hung: ❌ | Retry: 3 | Hnd L/R: 0.386/0.370
[ClothAttachBinder] HOLD width=0.00823 L=2 R=0
[Step 249] Phase: 2  | Dist L/R: 0.336/0.322 | Hung: ❌ | Retry: 3 | Hnd L/R: 0.385/0.369
[ClothAttachBinder] HOLD width=0.00939 L=2 R=0
[Step 250] Phase: 2  | Dist L/R: 0.336/0.322 | Hung: ❌ | Retry: 3 | Hnd L/R: 0.385/0.369
[ClothAttachBinder] HOLD width=0.00972 L=2 R=0
[Step 251] Phase: 2  | Dist L/R: 0.336/0.322 | Hung: ❌ | Retry: 3 | Hnd L/R: 0.385/0.368
[ClothAttachBinder] HOLD width=0.00982 L=2 R=0
[Step 252] Phase: 2  | Dist L/R: 0.336/0.322 | Hung: ❌ | Retry: 3 | Hnd L/R: 0.385/0.368
[ClothAttachBinder] HOLD width=0.00987 L=2 R=0
[Step 253] Phase: 3  | Dist L/R: 0.337/0.321 | Hung: ❌ | Retry: 3 | Hnd L/R: 0.385/0.368
[ClothAttachBinder] HOLD width=0.00990 L=2 R=0
[Step 254] Phase: 3  | Dist L/R: 0.337/0.321 | Hung: ❌ | Retry: 3 | Hnd L/R: 0.382/0.367
[ClothAttachBinder] HOLD width=0.00991 L=2 R=0
[Step 255] Phase: 3  | Dist L/R: 0.336/0.321 | Hung: ❌ | Retry: 3 | Hnd L/R: 0.379/0.367
[ClothAttachBinder] HOLD width=0.00990 L=2 R=0
[Step 256] Phase: 3  | Dist L/R: 0.336/0.320 | Hung: ❌ | Retry: 3 | Hnd L/R: 0.376/0.366
[ClothAttachBinder] HOLD width=0.00992 L=2 R=0
[Step 257] Phase: 3  | Dist L/R: 0.337/0.320 | Hung: ❌ | Retry: 3 | Hnd L/R: 0.373/0.366
[ClothAttachBinder] HOLD width=0.00997 L=2 R=0
[Step 258] Phase: 3  | Dist L/R: 0.336/0.320 | Hung: ❌ | Retry: 3 | Hnd L/R: 0.370/0.366
[ClothAttachBinder] HOLD width=0.00996 L=2 R=0
[Step 259] Phase: 3  | Dist L/R: 0.335/0.319 | Hung: ❌ | Retry: 3 | Hnd L/R: 0.367/0.365
[ClothAttachBinder] HOLD width=0.00997 L=2 R=0
[Step 260] Phase: 3  | Dist L/R: 0.334/0.319 | Hung: ❌ | Retry: 3 | Hnd L/R: 0.364/0.365
[ClothAttachBinder] HOLD width=0.00997 L=2 R=0
[Step 261] Phase: 3  | Dist L/R: 0.332/0.319 | Hung: ❌ | Retry: 3 | Hnd L/R: 0.361/0.365
[ClothAttachBinder] HOLD width=0.00995 L=2 R=0
[Step 262] Phase: 3  | Dist L/R: 0.332/0.319 | Hung: ❌ | Retry: 3 | Hnd L/R: 0.358/0.365
[ClothAttachBinder] HOLD width=0.00993 L=2 R=0
[Step 263] Phase: 3  | Dist L/R: 0.331/0.319 | Hung: ❌ | Retry: 3 | Hnd L/R: 0.355/0.364
[ClothAttachBinder] HOLD width=0.00994 L=2 R=0
[Step 264] Phase: 3  | Dist L/R: 0.331/0.319 | Hung: ❌ | Retry: 3 | Hnd L/R: 0.350/0.364
[ClothAttachBinder] HOLD width=0.01009 L=2 R=0
[Step 265] Phase: 3  | Dist L/R: 0.328/0.318 | Hung: ❌ | Retry: 3 | Hnd L/R: 0.347/0.364
[ClothAttachBinder] HOLD width=0.01000 L=2 R=0
[Step 266] Phase: 3  | Dist L/R: 0.321/0.319 | Hung: ❌ | Retry: 3 | Hnd L/R: 0.341/0.364
[ClothAttachBinder] HOLD width=0.00999 L=2 R=0
[Step 267] Phase: 3  | Dist L/R: 0.316/0.319 | Hung: ❌ | Retry: 3 | Hnd L/R: 0.336/0.364
[ClothAttachBinder] HOLD width=0.00995 L=2 R=0
[Step 268] Phase: 3  | Dist L/R: 0.309/0.318 | Hung: ❌ | Retry: 3 | Hnd L/R: 0.329/0.364
[ClothAttachBinder] HOLD width=0.00988 L=2 R=0
[Step 269] Phase: 3  | Dist L/R: 0.302/0.318 | Hung: ❌ | Retry: 3 | Hnd L/R: 0.324/0.364
[ClothAttachBinder] HOLD width=0.00978 L=2 R=0
[Step 270] Phase: 3  | Dist L/R: 0.295/0.317 | Hung: ❌ | Retry: 3 | Hnd L/R: 0.318/0.364
[ClothAttachBinder] HOLD width=0.00984 L=2 R=0
[Step 271] Phase: 3  | Dist L/R: 0.288/0.317 | Hung: ❌ | Retry: 3 | Hnd L/R: 0.311/0.364
[ClothAttachBinder] HOLD width=0.00987 L=2 R=0
[Step 272] Phase: 3  | Dist L/R: 0.281/0.317 | Hung: ❌ | Retry: 3 | Hnd L/R: 0.305/0.364
[ClothAttachBinder] HOLD width=0.00990 L=2 R=0
[Step 273] Phase: 3  | Dist L/R: 0.275/0.317 | Hung: ❌ | Retry: 3 | Hnd L/R: 0.299/0.364
[ClothAttachBinder] HOLD width=0.00988 L=2 R=0
[Step 274] Phase: 3  | Dist L/R: 0.269/0.317 | Hung: ❌ | Retry: 3 | Hnd L/R: 0.293/0.364
[ClothAttachBinder] HOLD width=0.00983 L=2 R=0
[Step 275] Phase: 3  | Dist L/R: 0.263/0.317 | Hung: ❌ | Retry: 3 | Hnd L/R: 0.287/0.364
[ClothAttachBinder] HOLD width=0.00982 L=2 R=0
[Step 276] Phase: 3  | Dist L/R: 0.256/0.317 | Hung: ❌ | Retry: 3 | Hnd L/R: 0.281/0.364
[ClothAttachBinder] HOLD width=0.00977 L=2 R=0
[Step 277] Phase: 3  | Dist L/R: 0.249/0.317 | Hung: ❌ | Retry: 3 | Hnd L/R: 0.274/0.365
[ClothAttachBinder] HOLD width=0.00972 L=2 R=0
[Step 278] Phase: 3  | Dist L/R: 0.243/0.317 | Hung: ❌ | Retry: 3 | Hnd L/R: 0.268/0.365
[ClothAttachBinder] HOLD width=0.00965 L=2 R=0
[Step 279] Phase: 3  | Dist L/R: 0.237/0.318 | Hung: ❌ | Retry: 3 | Hnd L/R: 0.262/0.366
[ClothAttachBinder] HOLD width=0.00962 L=2 R=0
[Step 280] Phase: 3  | Dist L/R: 0.230/0.317 | Hung: ❌ | Retry: 3 | Hnd L/R: 0.256/0.367
[ClothAttachBinder] HOLD width=0.00961 L=2 R=0
[Step 281] Phase: 3  | Dist L/R: 0.224/0.312 | Hung: ❌ | Retry: 3 | Hnd L/R: 0.250/0.368
[ClothAttachBinder] HOLD width=0.01043 L=2 R=0
[Step 282] Phase: 3  | Dist L/R: 0.223/0.313 | Hung: ❌ | Retry: 3 | Hnd L/R: 0.249/0.368
[ClothAttachBinder] HOLD width=0.01077 L=2 R=0
[Step 283] Phase: 3  | Dist L/R: 0.217/0.309 | Hung: ❌ | Retry: 3 | Hnd L/R: 0.244/0.369
[ClothAttachBinder] HOLD width=0.01088 L=2 R=0
[Step 284] Phase: 3  | Dist L/R: 0.210/0.305 | Hung: ❌ | Retry: 3 | Hnd L/R: 0.238/0.370
[ClothAttachBinder] HOLD width=0.01084 L=2 R=0
[Step 285] Phase: 3  | Dist L/R: 0.204/0.300 | Hung: ❌ | Retry: 3 | Hnd L/R: 0.231/0.371
[ClothAttachBinder] HOLD width=0.01083 L=2 R=0
[Step 286] Phase: 3  | Dist L/R: 0.199/0.296 | Hung: ❌ | Retry: 3 | Hnd L/R: 0.226/0.372
[ClothAttachBinder] HOLD width=0.01075 L=2 R=0
[Step 287] Phase: 3  | Dist L/R: 0.193/0.293 | Hung: ❌ | Retry: 3 | Hnd L/R: 0.220/0.373
[ClothAttachBinder] HOLD width=0.01070 L=2 R=0
[Step 288] Phase: 3  | Dist L/R: 0.187/0.289 | Hung: ❌ | Retry: 3 | Hnd L/R: 0.214/0.374
[ClothAttachBinder] HOLD width=0.01069 L=2 R=0
[Step 289] Phase: 3  | Dist L/R: 0.183/0.286 | Hung: ❌ | Retry: 3 | Hnd L/R: 0.209/0.376
[ClothAttachBinder] HOLD width=0.01075 L=2 R=0
[Step 290] Phase: 3  | Dist L/R: 0.178/0.282 | Hung: ❌ | Retry: 3 | Hnd L/R: 0.205/0.378
[ClothAttachBinder] HOLD width=0.01087 L=2 R=0
[Step 291] Phase: 3  | Dist L/R: 0.174/0.280 | Hung: ❌ | Retry: 3 | Hnd L/R: 0.200/0.380
[ClothAttachBinder] HOLD width=0.01086 L=2 R=0
[Step 292] Phase: 3  | Dist L/R: 0.177/0.288 | Hung: ❌ | Retry: 3 | Hnd L/R: 0.202/0.381
[ClothAttachBinder] HOLD width=0.01059 L=2 R=0
[Step 293] Phase: 3  | Dist L/R: 0.173/0.288 | Hung: ❌ | Retry: 3 | Hnd L/R: 0.199/0.383
[ClothAttachBinder] HOLD width=0.00986 L=2 R=0
[Step 294] Phase: 3  | Dist L/R: 0.170/0.285 | Hung: ❌ | Retry: 3 | Hnd L/R: 0.195/0.385
[ClothAttachBinder] HOLD width=0.00946 L=2 R=0
[Step 295] Phase: 3  | Dist L/R: 0.166/0.282 | Hung: ❌ | Retry: 3 | Hnd L/R: 0.190/0.386
[ClothAttachBinder] HOLD width=0.00929 L=2 R=0
[Step 296] Phase: 3  | Dist L/R: 0.162/0.279 | Hung: ❌ | Retry: 3 | Hnd L/R: 0.185/0.389
[ClothAttachBinder] HOLD width=0.00926 L=2 R=0
[Step 297] Phase: 3  | Dist L/R: 0.159/0.277 | Hung: ❌ | Retry: 3 | Hnd L/R: 0.181/0.392
[ClothAttachBinder] HOLD width=0.00913 L=2 R=0
[Step 298] Phase: 3  | Dist L/R: 0.156/0.274 | Hung: ❌ | Retry: 3 | Hnd L/R: 0.176/0.395
[ClothAttachBinder] HOLD width=0.00908 L=2 R=0
[Step 299] Phase: 3  | Dist L/R: 0.153/0.272 | Hung: ❌ | Retry: 3 | Hnd L/R: 0.172/0.397
[ClothAttachBinder] HOLD width=0.00909 L=2 R=0
[Step 300] Phase: 3  | Dist L/R: 0.147/0.270 | Hung: ❌ | Retry: 3 | Hnd L/R: 0.168/0.400
[ClothAttachBinder] HOLD width=0.00905 L=2 R=0
  [ep 0/1, attempt 1] step 301/400  terminated=False  truncated=False
[Step 301] Phase: 3  | Dist L/R: 0.145/0.269 | Hung: ❌ | Retry: 3 | Hnd L/R: 0.164/0.403
[ClothAttachBinder] HOLD width=0.00898 L=2 R=0
[Step 302] Phase: 3  | Dist L/R: 0.143/0.268 | Hung: ❌ | Retry: 3 | Hnd L/R: 0.161/0.406
[ClothAttachBinder] HOLD width=0.00895 L=2 R=0
[Step 303] Phase: 3  | Dist L/R: 0.140/0.266 | Hung: ❌ | Retry: 3 | Hnd L/R: 0.158/0.409
[ClothAttachBinder] HOLD width=0.00880 L=2 R=0
[Step 304] Phase: 3  | Dist L/R: 0.138/0.264 | Hung: ❌ | Retry: 3 | Hnd L/R: 0.155/0.413
[ClothAttachBinder] HOLD width=0.00856 L=2 R=0
[Step 305] Phase: 3  | Dist L/R: 0.137/0.262 | Hung: ❌ | Retry: 3 | Hnd L/R: 0.152/0.417
[ClothAttachBinder] HOLD width=0.00810 L=2 R=0
[Step 306] Phase: 4  | Dist L/R: 0.135/0.261 | Hung: ❌ | Retry: 3 | Hnd L/R: 0.150/0.421
[ClothAttachBinder] HOLD width=0.00780 L=2 R=0
[Step 307] Phase: 4  | Dist L/R: 0.126/0.253 | Hung: ❌ | Retry: 3 | Hnd L/R: 0.142/0.425
[ClothAttachBinder] HOLD width=0.00753 L=2 R=0
[Step 308] Phase: 4  | Dist L/R: 0.122/0.245 | Hung: ❌ | Retry: 3 | Hnd L/R: 0.136/0.429
[ClothAttachBinder] HOLD width=0.00734 L=2 R=0
[Step 309] Phase: 4  | Dist L/R: 0.115/0.236 | Hung: ❌ | Retry: 3 | Hnd L/R: 0.129/0.432
[ClothAttachBinder] HOLD width=0.00726 L=2 R=0
[Step 310] Phase: 4  | Dist L/R: 0.109/0.226 | Hung: ❌ | Retry: 3 | Hnd L/R: 0.122/0.435
[ClothAttachBinder] HOLD width=0.00720 L=2 R=0
[Step 311] Phase: 4  | Dist L/R: 0.104/0.216 | Hung: ❌ | Retry: 3 | Hnd L/R: 0.117/0.436
[ClothAttachBinder] HOLD width=0.00668 L=2 R=0
[Step 312] Phase: 4  | Dist L/R: 0.104/0.207 | Hung: ❌ | Retry: 3 | Hnd L/R: 0.115/0.436
[ClothAttachBinder] HOLD width=0.00616 L=2 R=0
[Step 313] Phase: 4  | Dist L/R: 0.102/0.198 | Hung: ❌ | Retry: 3 | Hnd L/R: 0.112/0.434
[ClothAttachBinder] HOLD width=0.00589 L=2 R=0
[Step 314] Phase: 4  | Dist L/R: 0.100/0.190 | Hung: ❌ | Retry: 3 | Hnd L/R: 0.109/0.431
[ClothAttachBinder] HOLD width=0.00577 L=2 R=0
[Step 315] Phase: 4  | Dist L/R: 0.097/0.183 | Hung: ❌ | Retry: 3 | Hnd L/R: 0.107/0.427
[ClothAttachBinder] HOLD width=0.00569 L=2 R=0
[Step 316] Phase: 4  | Dist L/R: 0.094/0.178 | Hung: ❌ | Retry: 3 | Hnd L/R: 0.105/0.421
[ClothAttachBinder] HOLD width=0.00561 L=2 R=0
[Step 317] Phase: 4  | Dist L/R: 0.090/0.174 | Hung: ❌ | Retry: 3 | Hnd L/R: 0.103/0.413
[ClothAttachBinder] HOLD width=0.00555 L=2 R=0
[Step 318] Phase: 4  | Dist L/R: 0.087/0.170 | Hung: ❌ | Retry: 3 | Hnd L/R: 0.102/0.404
[ClothAttachBinder] HOLD width=0.00548 L=2 R=0
[Step 319] Phase: 4  | Dist L/R: 0.084/0.167 | Hung: ❌ | Retry: 3 | Hnd L/R: 0.101/0.394
[ClothAttachBinder] HOLD width=0.00543 L=2 R=0
[Step 320] Phase: 4  | Dist L/R: 0.079/0.164 | Hung: ❌ | Retry: 3 | Hnd L/R: 0.100/0.384
[ClothAttachBinder] HOLD width=0.00538 L=2 R=0
[Step 321] Phase: 4  | Dist L/R: 0.075/0.160 | Hung: ❌ | Retry: 3 | Hnd L/R: 0.100/0.373
[ClothAttachBinder] HOLD width=0.00533 L=2 R=0
[Step 322] Phase: 4  | Dist L/R: 0.072/0.158 | Hung: ❌ | Retry: 3 | Hnd L/R: 0.099/0.362
[ClothAttachBinder] HOLD width=0.00528 L=2 R=0
[Step 323] Phase: 4  | Dist L/R: 0.069/0.156 | Hung: ❌ | Retry: 3 | Hnd L/R: 0.097/0.353
[ClothAttachBinder] HOLD width=0.00522 L=2 R=0
[Step 324] Phase: 4  | Dist L/R: 0.066/0.155 | Hung: ❌ | Retry: 3 | Hnd L/R: 0.096/0.345
[ClothAttachBinder] HOLD width=0.00518 L=2 R=0
[Step 325] Phase: 5  | Dist L/R: 0.065/0.155 | Hung: ❌ | Retry: 3 | Hnd L/R: 0.095/0.337
[ClothAttachBinder] HOLD width=0.00516 L=2 R=0
[Step 326] Phase: 5  | Dist L/R: 0.063/0.155 | Hung: ❌ | Retry: 3 | Hnd L/R: 0.090/0.330
[ClothAttachBinder] HOLD width=0.00514 L=2 R=0
[Step 327] Phase: 5  | Dist L/R: 0.061/0.158 | Hung: ❌ | Retry: 3 | Hnd L/R: 0.084/0.323
[ClothAttachBinder] HOLD width=0.00513 L=2 R=0
[Step 328] Phase: 5  | Dist L/R: 0.058/0.162 | Hung: ❌ | Retry: 3 | Hnd L/R: 0.078/0.318
[ClothAttachBinder] HOLD width=0.00512 L=2 R=0
[Step 329] Phase: 5  | Dist L/R: 0.056/0.166 | Hung: ❌ | Retry: 3 | Hnd L/R: 0.072/0.315
[ClothAttachBinder] HOLD width=0.00512 L=2 R=0
[Step 330] Phase: 5  | Dist L/R: 0.053/0.171 | Hung: ❌ | Retry: 3 | Hnd L/R: 0.066/0.315
[ClothAttachBinder] HOLD width=0.00512 L=2 R=0
[Step 331] Phase: 5  | Dist L/R: 0.049/0.176 | Hung: ❌ | Retry: 3 | Hnd L/R: 0.060/0.316
[ClothAttachBinder] HOLD width=0.00512 L=2 R=0
[Step 332] Phase: 5  | Dist L/R: 0.045/0.181 | Hung: ❌ | Retry: 3 | Hnd L/R: 0.054/0.318
[ClothAttachBinder] HOLD width=0.00512 L=2 R=0
[Step 333] Phase: 5  | Dist L/R: 0.042/0.185 | Hung: ❌ | Retry: 3 | Hnd L/R: 0.048/0.321
[ClothAttachBinder] HOLD width=0.00511 L=2 R=0
[Step 334] Phase: 5  | Dist L/R: 0.038/0.190 | Hung: ❌ | Retry: 3 | Hnd L/R: 0.042/0.324
[ClothAttachBinder] HOLD width=0.00511 L=2 R=0
[Step 335] Phase: 5  | Dist L/R: 0.035/0.194 | Hung: ❌ | Retry: 3 | Hnd L/R: 0.036/0.328
[ClothAttachBinder] HOLD width=0.00513 L=2 R=0
[Step 336] Phase: 5  | Dist L/R: 0.032/0.198 | Hung: ❌ | Retry: 3 | Hnd L/R: 0.031/0.332
[ClothAttachBinder] HOLD width=0.00515 L=2 R=0
[Step 337] Phase: 5  | Dist L/R: 0.028/0.202 | Hung: ❌ | Retry: 3 | Hnd L/R: 0.027/0.336
[ClothAttachBinder] HOLD width=0.00518 L=2 R=0
[Step 338] Phase: 5  | Dist L/R: 0.026/0.205 | Hung: ❌ | Retry: 3 | Hnd L/R: 0.023/0.340
[ClothAttachBinder] HOLD width=0.00521 L=2 R=0
[Step 339] Phase: 5  | Dist L/R: 0.024/0.208 | Hung: ❌ | Retry: 3 | Hnd L/R: 0.021/0.344
[ClothAttachBinder] HOLD width=0.00542 L=2 R=0
[Step 340] Phase: 5  | Dist L/R: 0.024/0.211 | Hung: ❌ | Retry: 3 | Hnd L/R: 0.019/0.346
[ClothAttachBinder] HOLD width=0.00592 L=2 R=0
[Step 341] Phase: 5  | Dist L/R: 0.022/0.215 | Hung: ❌ | Retry: 3 | Hnd L/R: 0.017/0.347
[ClothAttachBinder] HOLD width=0.00610 L=2 R=0
[Step 342] Phase: 5  | Dist L/R: 0.021/0.220 | Hung: ❌ | Retry: 3 | Hnd L/R: 0.017/0.348
[ClothAttachBinder] HOLD width=0.00602 L=2 R=0
[Step 343] Phase: 5  | Dist L/R: 0.020/0.224 | Hung: ❌ | Retry: 3 | Hnd L/R: 0.018/0.348
[ClothAttachBinder] HOLD width=0.00592 L=2 R=0
[Step 344] Phase: 5  | Dist L/R: 0.020/0.229 | Hung: ❌ | Retry: 3 | Hnd L/R: 0.020/0.348
[ClothAttachBinder] HOLD width=0.00598 L=2 R=0
[Step 345] Phase: 5  | Dist L/R: 0.020/0.232 | Hung: ❌ | Retry: 3 | Hnd L/R: 0.021/0.350
[ClothAttachBinder] HOLD width=0.00598 L=2 R=0
[Step 346] Phase: 5  | Dist L/R: 0.021/0.234 | Hung: ❌ | Retry: 3 | Hnd L/R: 0.023/0.352
[ClothAttachBinder] HOLD width=0.00607 L=2 R=0
[Step 347] Phase: 5  | Dist L/R: 0.022/0.236 | Hung: ❌ | Retry: 3 | Hnd L/R: 0.026/0.354
[ClothAttachBinder] HOLD width=0.00618 L=2 R=0
[Step 348] Phase: 5  | Dist L/R: 0.024/0.237 | Hung: ❌ | Retry: 3 | Hnd L/R: 0.028/0.357
[ClothAttachBinder] HOLD width=0.00625 L=2 R=0
[Step 349] Phase: 6  | Dist L/R: 0.026/0.239 | Hung: ❌ | Retry: 3 | Hnd L/R: 0.031/0.360
[ClothAttachBinder] HOLD width=0.00627 L=2 R=0
[Step 350] Phase: 6  | Dist L/R: 0.027/0.241 | Hung: ❌ | Retry: 3 | Hnd L/R: 0.031/0.361
[ClothAttachBinder] HOLD width=0.00622 L=2 R=0
[Step 351] Phase: 6  | Dist L/R: 0.027/0.242 | Hung: ❌ | Retry: 3 | Hnd L/R: 0.031/0.363
[ClothAttachBinder] HOLD width=0.00617 L=2 R=0
[Step 352] Phase: 6  | Dist L/R: 0.026/0.242 | Hung: ❌ | Retry: 3 | Hnd L/R: 0.031/0.365
[ClothAttachBinder] HOLD width=0.00616 L=2 R=0
[Step 353] Phase: 6  | Dist L/R: 0.027/0.243 | Hung: ❌ | Retry: 3 | Hnd L/R: 0.031/0.366
[ClothAttachBinder] HOLD width=0.00615 L=2 R=0
[Step 354] Phase: 7  | Dist L/R: 0.026/0.244 | Hung: ❌ | Retry: 3 | Hnd L/R: 0.031/0.368
[ClothAttachBinder] HOLD width=0.03490 L=2 R=0
[Step 355] Phase: 7  | Dist L/R: 0.031/0.243 | Hung: ❌ | Retry: 3 | Hnd L/R: 0.034/0.369
[ClothAttachBinder] RELEASE width=0.05274 (> 0.04) L=2 R=0
[Step 356] Phase: 7  | Dist L/R: 0.037/0.246 | Hung: ✅ | Retry: 3 | Hnd L/R: 0.039/0.371
[ClothAttachBinder] NO-ATTACH (not closed) width=0.06352 (need < 0.02)
[Step 357] Phase: 7  | Dist L/R: 0.033/0.235 | Hung: ✅ | Retry: 3 | Hnd L/R: 0.044/0.371
[ClothAttachBinder] NO-ATTACH (not closed) width=0.07004 (need < 0.02)
[Step 358] Phase: 7  | Dist L/R: 0.029/0.242 | Hung: ✅ | Retry: 3 | Hnd L/R: 0.050/0.373
[ClothAttachBinder] NO-ATTACH (not closed) width=0.07398 (need < 0.02)
[Step 359] Phase: 7  | Dist L/R: 0.046/0.257 | Hung: ✅ | Retry: 3 | Hnd L/R: 0.074/0.384
[ClothAttachBinder] NO-ATTACH (not closed) width=0.07636 (need < 0.02)
[Step 360] Phase: 7  | Dist L/R: 0.043/0.265 | Hung: ✅ | Retry: 3 | Hnd L/R: 0.081/0.403
[ClothAttachBinder] NO-ATTACH (not closed) width=0.07780 (need < 0.02)
[Step 361] Phase: 7  | Dist L/R: 0.046/0.272 | Hung: ✅ | Retry: 3 | Hnd L/R: 0.087/0.424
[ClothAttachBinder] NO-ATTACH (not closed) width=0.07867 (need < 0.02)
[Step 362] Phase: 8  | Dist L/R: 0.046/0.273 | Hung: ✅ | Retry: 3 | Hnd L/R: 0.089/0.433
[ClothAttachBinder] NO-ATTACH (not closed) width=0.07920 (need < 0.02)
[Step 363] Phase: 8  | Dist L/R: 0.046/0.274 | Hung: ✅ | Retry: 3 | Hnd L/R: 0.089/0.431
[ClothAttachBinder] NO-ATTACH (not closed) width=0.07951 (need < 0.02)
[Step 364] Phase: 8  | Dist L/R: 0.046/0.275 | Hung: ✅ | Retry: 3 | Hnd L/R: 0.090/0.426
[ClothAttachBinder] NO-ATTACH (not closed) width=0.07971 (need < 0.02)
[Step 365] Phase: 8  | Dist L/R: 0.046/0.275 | Hung: ✅ | Retry: 3 | Hnd L/R: 0.090/0.422
[ClothAttachBinder] NO-ATTACH (not closed) width=0.07982 (need < 0.02)
[Step 366] Phase: 8  | Dist L/R: 0.046/0.274 | Hung: ✅ | Retry: 3 | Hnd L/R: 0.090/0.421
[ClothAttachBinder] NO-ATTACH (not closed) width=0.07989 (need < 0.02)
[Step 367] Phase: 8  | Dist L/R: 0.046/0.274 | Hung: ✅ | Retry: 3 | Hnd L/R: 0.090/0.422
[ClothAttachBinder] NO-ATTACH (not closed) width=0.07994 (need < 0.02)
[Step 368] Phase: 8  | Dist L/R: 0.046/0.274 | Hung: ✅ | Retry: 3 | Hnd L/R: 0.090/0.424
[ClothAttachBinder] NO-ATTACH (not closed) width=0.07996 (need < 0.02)
[Step 369] Phase: 8  | Dist L/R: 0.046/0.274 | Hung: ✅ | Retry: 3 | Hnd L/R: 0.090/0.425
[ClothAttachBinder] NO-ATTACH (not closed) width=0.07998 (need < 0.02)
[Step 370] Phase: 8  | Dist L/R: 0.046/0.274 | Hung: ✅ | Retry: 3 | Hnd L/R: 0.090/0.425
[ClothAttachBinder] NO-ATTACH (not closed) width=0.07999 (need < 0.02)
[Step 371] Phase: 8  | Dist L/R: 0.046/0.274 | Hung: ✅ | Retry: 3 | Hnd L/R: 0.090/0.425
[ClothAttachBinder] NO-ATTACH (not closed) width=0.07999 (need < 0.02)
[Step 372] Phase: 15 | Dist L/R: 0.046/0.274 | Hung: ✅ | Retry: 3 | Hnd L/R: 0.090/0.425
[ClothAttachBinder] NO-ATTACH (not closed) width=0.07999 (need < 0.02)
[Step 373] Phase: 15 | Dist L/R: 0.046/0.274 | Hung: ✅ | Retry: 3 | Hnd L/R: 0.090/0.425
[ClothAttachBinder] NO-ATTACH (not closed) width=0.08000 (need < 0.02)
[Step 374] Phase: 15 | Dist L/R: 0.046/0.274 | Hung: ✅ | Retry: 3 | Hnd L/R: 0.090/0.425
[ClothAttachBinder] NO-ATTACH (not closed) width=0.08000 (need < 0.02)
  [ep 0/1, attempt 1] step 375/400  terminated=True  truncated=False

=======================================================
📊 [Episode Report] 双挂钩盲挂透视面板 | SUCCESS Step: 375/1000
=======================================================
🔗 左钩距离: 0.046m | 右钩距离: 0.274m (要求: <0.030m)
🪝 实时挂载: ✅ 稳定命中
-------------------------------------------------------
🏆 终局裁定: ✅ 绝对成功 (SUCCESS)
=======================================================

[ClothAttachBinder] NO-ATTACH (not closed) width=0.08000 (need < 0.02)
[ClothAttachBinder] NO-ATTACH (not closed) width=0.08000 (need < 0.02)
[ClothAttachBinder] NO-ATTACH (not closed) width=0.08000 (need < 0.02)
[ClothAttachBinder] NO-ATTACH (not closed) width=0.08000 (need < 0.02)
[ClothAttachBinder] NO-ATTACH (not closed) width=0.08000 (need < 0.02)
[ClothAttachBinder] NO-ATTACH (not closed) width=0.08000 (need < 0.02)
[ClothAttachBinder] NO-ATTACH (not closed) width=0.08000 (need < 0.02)
[ClothAttachBinder] NO-ATTACH (not closed) width=0.08000 (need < 0.02)
[ClothAttachBinder] NO-ATTACH (not closed) width=0.08000 (need < 0.02)
[ClothAttachBinder] NO-ATTACH (not closed) width=0.08000 (need < 0.02)
[ClothAttachBinder] NO-ATTACH (not closed) width=0.08000 (need < 0.02)
[ClothAttachBinder] NO-ATTACH (not closed) width=0.08000 (need < 0.02)
[ClothAttachBinder] NO-ATTACH (not closed) width=0.08000 (need < 0.02)
[ClothAttachBinder] NO-ATTACH (not closed) width=0.08000 (need < 0.02)
[ClothAttachBinder] NO-ATTACH (not closed) width=0.08000 (need < 0.02)
[ClothAttachBinder] NO-ATTACH (not closed) width=0.08000 (need < 0.02)
[ClothAttachBinder] NO-ATTACH (not closed) width=0.08000 (need < 0.02)
[ClothAttachBinder] NO-ATTACH (not closed) width=0.08000 (need < 0.02)
[ClothAttachBinder] NO-ATTACH (not closed) width=0.08000 (need < 0.02)
[ClothAttachBinder] NO-ATTACH (not closed) width=0.08000 (need < 0.02)
[ClothAttachBinder] NO-ATTACH (not closed) width=0.08000 (need < 0.02)
[ClothAttachBinder] NO-ATTACH (not closed) width=0.08000 (need < 0.02)
[ClothAttachBinder] NO-ATTACH (not closed) width=0.08000 (need < 0.02)
[ClothAttachBinder] NO-ATTACH (not closed) width=0.08000 (need < 0.02)
[ClothAttachBinder] NO-ATTACH (not closed) width=0.08000 (need < 0.02)
  [ep 0, attempt 1] Success at step 375, collected 25 extra steps.
  [Success Rate] overall: 100.0% (1/1) | moving avg (last 1): 100.0%
[ManiLadder Camera] stop_recording target=/mnt/gck_website/maniladder.github.io/generated_demos/BagHanging-v1/videos/orbit_camera_ep0.mp4
[38;5;159m[Genesis] [08:39:57] [INFO] Saving video to [38;5;121m"/mnt/gck_website/maniladder.github.io/generated_demos/BagHanging-v1/videos/orbit_camera_ep0.mp4"[0m[38;5;159m...[0m
[38;5;159m[Genesis] [08:39:59] [INFO] Video saved.[0m
  Saved video: /mnt/gck_website/maniladder.github.io/generated_demos/BagHanging-v1/videos/orbit_camera_ep0.mp4 exists=True
  Videos for episode 0 saved to /mnt/gck_website/maniladder.github.io/generated_demos/BagHanging-v1/videos

============================================================
Done. 1 demo trajectories (traj_0..traj_0) saved to /mnt/gck_website/maniladder.github.io/generated_demos
Final   [Success Rate] overall: 100.0% (1/1) | moving avg (last 1): 100.0%
============================================================
[38;5;159m[Genesis] [08:40:00] [INFO] 💤 Exiting Genesis and caching compiled kernels...[0m
[W 09/29/26 08:40:00.295 3916007] [offline_cache.h:run@186] Lock /home/gck/.cache/gstaichi/ticache/kernel_compilation_manager/ticache.lock failed. You can run 'ti cache clean -p /home/gck/.cache/gstaichi/ticache/kernel_compilation_manager' and try again.
[W 09/29/26 08:40:00.496 3916007] [kernel_compilation_manager.cpp:dump@104] Lock /home/gck/.cache/gstaichi/ticache/kernel_compilation_manager/ticache.lock failed. Please run 'ti cache clean -p /home/gck/.cache/gstaichi/ticache/kernel_compilation_manager' and try again.
[W 09/29/26 08:40:00.769 3916007] [ptx_cache.cpp:dump@92] Lock /home/gck/.cache/gstaichi/ticache/ptx_cache/ptxcache.lock failed. Please run 'ti cache clean -p /home/gck/.cache/gstaichi/ticache/ptx_cache' and try again.
