[38;5;159m[Genesis] [08:42:53] [INFO] [38;5;121m╭───────────────────────────────────────────────╮[0m[38;5;159m[0m
[38;5;159m[Genesis] [08:42:53] [INFO] [38;5;121m│┈┉┈┉┈┉┈┉┈┉┈┉┈┉┈┉┈┉┈[0m[38;5;159m [38;5;121m[1m[3mGenesis[0m[38;5;159m [38;5;121m┈┉┈┉┈┉┈┉┈┉┈┉┈┉┈┉┈┉┈│[0m[38;5;159m[0m
[38;5;159m[Genesis] [08:42:53] [INFO] [38;5;121m╰───────────────────────────────────────────────╯[0m[38;5;159m[0m
[W 09/29/26 08:42:54.166 3929353] [ptx_cache.cpp:PtxCache@73] Lock /home/gck/.cache/gstaichi/ticache/ptx_cache/ptxcache.lock failed. Please run 'ti cache clean -p /home/gck/.cache/gstaichi/ticache/ptx_cache' and try again.
[38;5;159m[Genesis] [08:42:54] [INFO] Running on [38;5;121m[4m[NVIDIA A100-SXM4-80GB][0m[38;5;159m with backend [38;5;121m[4mgs.cuda[0m[38;5;159m. Device memory: [38;5;121m[4m79.25[0m[38;5;159m GB.[0m
[38;5;159m[Genesis] [08:42:54] [INFO] 🚀 Genesis initialized. 🔖 version: [38;5;121m[4m0.3.6[0m[38;5;159m, 🎨 theme: [38;5;121m[4mdark[0m[38;5;159m, 🌱 seed: [38;5;121m[4mNone[0m[38;5;159m, 🐛 debug: [38;5;121m[4mFalse[0m[38;5;159m, 📏 precision: [38;5;121m[4m32[0m[38;5;159m, 🏎️ performance: [38;5;121m[4mFalse[0m[38;5;159m, 💬 verbose: [38;5;121m[4mINFO[0m[38;5;159m[0m
[38;5;159m[Genesis] [08:42:56] [INFO] Scene [38;5;121m[3m<29ab356>[0m[38;5;159m created.[0m
[38;5;159m[Genesis] [08:42:56] [INFO] Adding [38;5;121m<gs.RigidEntity>[0m[38;5;159m. idx: [38;5;121m0[0m[38;5;159m, uid: [38;5;121m[3m<328e2a7>[0m[38;5;159m, morph: [38;5;121m<gs.morphs.URDF(file='/mnt4/gck/maniladder/maniladder/assets/urdf/panda_leaphand/panda_leaphand.urdf')>[0m[38;5;159m, material: [38;5;121m<gs.materials.Rigid>[0m[38;5;159m.[0m
[38;5;159m[Genesis] [08:42:59] [INFO] Applying offset to base link's pose with user provided value in morph.[0m
[38;5;159m[Genesis] [08:43:01] [INFO] Adding [38;5;121m<gs.RigidEntity>[0m[38;5;159m. idx: [38;5;121m1[0m[38;5;159m, uid: [38;5;121m[3m<3f4002a>[0m[38;5;159m, morph: [38;5;121m<gs.morphs.Mesh(file='/mnt4/gck/maniladder/maniladder/assets/models/table.glb')>[0m[38;5;159m, material: [38;5;121m<gs.materials.Rigid>[0m[38;5;159m.[0m
[38;5;226m[Genesis] [08:43:01] [WARNING] GLTF is using y-up while Genesis uses z-up. Please set parse_glb_with_zup=True in morph options if you find the mesh is 90-degree rotated. We will set parse_glb_with_zup=True and rotate glb mesh by default later and gradually enforce this option.[0m
/data/gck/miniconda3/envs/maniladder/lib/python3.10/site-packages/pygltflib/__init__.py:830: UserWarning: pygltflib currently does not remove image data from the buffer when converting to data uri.Please open an issue at https://gitlab.com/dodgyville/pygltflib/issues
  warnings.warn("pygltflib currently does not remove image data "
[38;5;159m[Genesis] [08:43:01] [INFO] Adding [38;5;121m<gs.RigidEntity>[0m[38;5;159m. idx: [38;5;121m2[0m[38;5;159m, uid: [38;5;121m[3m<74da1cd>[0m[38;5;159m, morph: [38;5;121m<gs.morphs.Box>[0m[38;5;159m, material: [38;5;121m<gs.materials.Rigid>[0m[38;5;159m.[0m
[38;5;159m[Genesis] [08:43:01] [INFO] Adding [38;5;121m<gs.RigidEntity>[0m[38;5;159m. idx: [38;5;121m3[0m[38;5;159m, uid: [38;5;121m[3m<d49facd>[0m[38;5;159m, morph: [38;5;121m<gs.morphs.Plane>[0m[38;5;159m, material: [38;5;121m<gs.materials.Rigid>[0m[38;5;159m.[0m
[38;5;159m[Genesis] [08:43:01] [INFO] Adding [38;5;121m<gs.RigidEntity>[0m[38;5;159m. idx: [38;5;121m4[0m[38;5;159m, uid: [38;5;121m[3m<7d05860>[0m[38;5;159m, morph: [38;5;121m<gs.morphs.Box>[0m[38;5;159m, material: [38;5;121m<gs.materials.Rigid>[0m[38;5;159m.[0m
[38;5;159m[Genesis] [08:43:01] [INFO] Adding [38;5;121m<gs.RigidEntity>[0m[38;5;159m. idx: [38;5;121m5[0m[38;5;159m, uid: [38;5;121m[3m<2834fb7>[0m[38;5;159m, morph: [38;5;121m<gs.morphs.Box>[0m[38;5;159m, material: [38;5;121m<gs.materials.Rigid>[0m[38;5;159m.[0m
[38;5;159m[Genesis] [08:43:01] [INFO] Adding [38;5;121m<gs.RigidEntity>[0m[38;5;159m. idx: [38;5;121m6[0m[38;5;159m, uid: [38;5;121m[3m<8a403fc>[0m[38;5;159m, morph: [38;5;121m<gs.morphs.Box>[0m[38;5;159m, material: [38;5;121m<gs.materials.Rigid>[0m[38;5;159m.[0m
[38;5;159m[Genesis] [08:43:01] [INFO] Adding [38;5;121m<gs.RigidEntity>[0m[38;5;159m. idx: [38;5;121m7[0m[38;5;159m, uid: [38;5;121m[3m<1374c98>[0m[38;5;159m, morph: [38;5;121m<gs.morphs.Box>[0m[38;5;159m, material: [38;5;121m<gs.materials.Rigid>[0m[38;5;159m.[0m
[38;5;159m[Genesis] [08:43:01] [INFO] Adding [38;5;121m<gs.RigidEntity>[0m[38;5;159m. idx: [38;5;121m8[0m[38;5;159m, uid: [38;5;121m[3m<02a2c86>[0m[38;5;159m, morph: [38;5;121m<gs.morphs.Box>[0m[38;5;159m, material: [38;5;121m<gs.materials.Rigid>[0m[38;5;159m.[0m
[38;5;159m[Genesis] [08:43:01] [INFO] Adding [38;5;121m<gs.RigidEntity>[0m[38;5;159m. idx: [38;5;121m9[0m[38;5;159m, uid: [38;5;121m[3m<ddc8599>[0m[38;5;159m, morph: [38;5;121m<gs.morphs.Box>[0m[38;5;159m, material: [38;5;121m<gs.materials.Rigid>[0m[38;5;159m.[0m
[38;5;159m[Genesis] [08:43:01] [INFO] Adding [38;5;121m<gs.RigidEntity>[0m[38;5;159m. idx: [38;5;121m10[0m[38;5;159m, uid: [38;5;121m[3m<2265fe6>[0m[38;5;159m, morph: [38;5;121m<gs.morphs.Box>[0m[38;5;159m, material: [38;5;121m<gs.materials.Rigid>[0m[38;5;159m.[0m
[38;5;159m[Genesis] [08:43:01] [INFO] Adding [38;5;121m<gs.RigidEntity>[0m[38;5;159m. idx: [38;5;121m11[0m[38;5;159m, uid: [38;5;121m[3m<82dfef1>[0m[38;5;159m, morph: [38;5;121m<gs.morphs.Box>[0m[38;5;159m, material: [38;5;121m<gs.materials.Rigid>[0m[38;5;159m.[0m
[38;5;159m[Genesis] [08:43:01] [INFO] Adding [38;5;121m<gs.RigidEntity>[0m[38;5;159m. idx: [38;5;121m12[0m[38;5;159m, uid: [38;5;121m[3m<b58ae21>[0m[38;5;159m, morph: [38;5;121m<gs.morphs.Mesh(file='/mnt4/gck/maniladder/maniladder/assets/models/ycb/001_chips_can/poisson/textured.obj')>[0m[38;5;159m, material: [38;5;121m<gs.materials.Rigid>[0m[38;5;159m.[0m
[38;5;159m[Genesis] [08:43:02] [INFO] Adding [38;5;121m<gs.RigidEntity>[0m[38;5;159m. idx: [38;5;121m13[0m[38;5;159m, uid: [38;5;121m[3m<292af38>[0m[38;5;159m, morph: [38;5;121m<gs.morphs.Mesh(file='/mnt4/gck/maniladder/maniladder/assets/models/ycb/002_master_chef_can/poisson/textured.obj')>[0m[38;5;159m, material: [38;5;121m<gs.materials.Rigid>[0m[38;5;159m.[0m
[38;5;159m[Genesis] [08:43:03] [INFO] Adding [38;5;121m<gs.RigidEntity>[0m[38;5;159m. idx: [38;5;121m14[0m[38;5;159m, uid: [38;5;121m[3m<1eb8b2b>[0m[38;5;159m, morph: [38;5;121m<gs.morphs.Mesh(file='/mnt4/gck/maniladder/maniladder/assets/models/ycb/003_cracker_box/poisson/textured.obj')>[0m[38;5;159m, material: [38;5;121m<gs.materials.Rigid>[0m[38;5;159m.[0m
[38;5;159m[Genesis] [08:43:04] [INFO] Adding [38;5;121m<gs.RigidEntity>[0m[38;5;159m. idx: [38;5;121m15[0m[38;5;159m, uid: [38;5;121m[3m<75bf96a>[0m[38;5;159m, morph: [38;5;121m<gs.morphs.Mesh(file='/mnt4/gck/maniladder/maniladder/assets/models/ycb/004_sugar_box/poisson/textured.obj')>[0m[38;5;159m, material: [38;5;121m<gs.materials.Rigid>[0m[38;5;159m.[0m
[38;5;159m[Genesis] [08:43:05] [INFO] Adding [38;5;121m<gs.RigidEntity>[0m[38;5;159m. idx: [38;5;121m16[0m[38;5;159m, uid: [38;5;121m[3m<72d9a6d>[0m[38;5;159m, morph: [38;5;121m<gs.morphs.Mesh(file='/mnt4/gck/maniladder/maniladder/assets/models/ycb/005_tomato_soup_can/poisson/textured.obj')>[0m[38;5;159m, material: [38;5;121m<gs.materials.Rigid>[0m[38;5;159m.[0m
[38;5;159m[Genesis] [08:43:05] [INFO] Adding [38;5;121m<gs.RigidEntity>[0m[38;5;159m. idx: [38;5;121m17[0m[38;5;159m, uid: [38;5;121m[3m<a89f067>[0m[38;5;159m, morph: [38;5;121m<gs.morphs.Mesh(file='/mnt4/gck/maniladder/maniladder/assets/models/ycb/010_potted_meat_can/poisson/textured.obj')>[0m[38;5;159m, material: [38;5;121m<gs.materials.Rigid>[0m[38;5;159m.[0m
[38;5;159m[Genesis] [08:43:05] [INFO] Building scene [38;5;121m[3m<29ab356>[0m[38;5;159m...[0m
[W 09/29/26 08:43:06.092 3929353] [kernel_compilation_manager.cpp:KernelCompilationManager@69] Lock /home/gck/.cache/gstaichi/ticache/kernel_compilation_manager/ticache.lock failed. Please run 'ti cache clean -p /home/gck/.cache/gstaichi/ticache/kernel_compilation_manager' and try again.
[38;5;226m[Genesis] [08:43:09] [WARNING] Reference robot position exceeds joint limits.[0m
[38;5;159m[Genesis] [08:43:20] [INFO] Compiling simulation kernels...[0m
[38;5;159m[Genesis] [08:43:54] [INFO] Building visualizer...[0m
/data/gck/miniconda3/envs/maniladder/lib/python3.10/site-packages/torch/utils/_device.py:109: UserWarning: The given NumPy array is not writable, and PyTorch does not support non-writable tensors. This means writing to this tensor will result in undefined behavior. You may want to copy the array to protect its data or make it writable before converting it to a tensor. This type of warning will be suppressed for the rest of this program. (Triggered internally at /pytorch/torch/csrc/utils/tensor_numpy.cpp:213.)
  return func(*args, **kwargs)
/mnt4/gck/maniladder/maniladder/envs/base/base_env.py:1912: UserWarning: Gimbal lock detected. Setting third angle to zero since it is not possible to uniquely determine all angles.
  info.update(self.evaluate())
Action space: Box(-1.0, 1.0, (22,), float32)
Generating 1 orbit video-only demos → /mnt/gck_website/maniladder.github.io/generated_demos/ClutterGrasp-v1
  [ep 0/1, attempt 1] step 1/2000  terminated=False  truncated=False
  [ep 0/1, attempt 1] step 101/2000  terminated=False  truncated=False
  [ep 0/1, attempt 1] step 201/2000  terminated=False  truncated=False
  [ep 0/1, attempt 1] step 301/2000  terminated=False  truncated=False
  [ep 0/1, attempt 1] step 401/2000  terminated=False  truncated=False
  [ep 0/1, attempt 1] step 501/2000  terminated=False  truncated=False
  [ep 0/1, attempt 1] step 601/2000  terminated=False  truncated=False
  [ep 0/1, attempt 1] step 701/2000  terminated=False  truncated=False
  [ep 0/1, attempt 1] step 801/2000  terminated=False  truncated=False
  [ep 0/1, attempt 1] step 901/2000  terminated=False  truncated=False
  [ep 0/1, attempt 1] step 1001/2000  terminated=False  truncated=False
  [ep 0/1, attempt 1] step 1101/2000  terminated=False  truncated=False
  [ep 0/1, attempt 1] step 1201/2000  terminated=False  truncated=False
  [ep 0/1, attempt 1] step 1301/2000  terminated=False  truncated=False
  [ep 0/1, attempt 1] step 1401/2000  terminated=False  truncated=False
  [ep 0/1, attempt 1] step 1501/2000  terminated=False  truncated=False
  [ep 0/1, attempt 1] step 1601/2000  terminated=False  truncated=False
  [ep 0/1, attempt 1] step 1701/2000  terminated=False  truncated=False
  [ep 0/1, attempt 1] step 1801/2000  terminated=False  truncated=False
  [ep 0/1, attempt 1] step 1901/2000  terminated=False  truncated=False
  [ep 0/1, attempt 1] step 2000/2000  terminated=False  truncated=True
  [WARNING] Episode 0 attempt 1 truncated without success. Discarding and retrying...
  [Success Rate] overall: 0.0% (0/1) | moving avg (last 1): 0.0%
  [ep 0/1, attempt 2] step 1/2000  terminated=False  truncated=False
  [ep 0/1, attempt 2] step 101/2000  terminated=False  truncated=False
  [ep 0/1, attempt 2] step 201/2000  terminated=False  truncated=False
  [ep 0/1, attempt 2] step 301/2000  terminated=False  truncated=False
  [ep 0/1, attempt 2] step 401/2000  terminated=False  truncated=False
  [ep 0/1, attempt 2] step 501/2000  terminated=False  truncated=False
  [ep 0/1, attempt 2] step 601/2000  terminated=False  truncated=False
  [ep 0/1, attempt 2] step 701/2000  terminated=False  truncated=False
  [ep 0/1, attempt 2] step 801/2000  terminated=False  truncated=False
  [ep 0/1, attempt 2] step 901/2000  terminated=False  truncated=False
  [ep 0/1, attempt 2] step 1001/2000  terminated=False  truncated=False
  [ep 0/1, attempt 2] step 1101/2000  terminated=False  truncated=False
  [ep 0/1, attempt 2] step 1201/2000  terminated=False  truncated=False
  [ep 0/1, attempt 2] step 1301/2000  terminated=False  truncated=False
  [ep 0/1, attempt 2] step 1401/2000  terminated=False  truncated=False
  [ep 0/1, attempt 2] step 1501/2000  terminated=False  truncated=False
  [ep 0/1, attempt 2] step 1601/2000  terminated=False  truncated=False
  [ep 0/1, attempt 2] step 1701/2000  terminated=False  truncated=False
  [ep 0/1, attempt 2] step 1801/2000  terminated=False  truncated=False
  [ep 0/1, attempt 2] step 1901/2000  terminated=False  truncated=False
  [ep 0/1, attempt 2] step 2000/2000  terminated=False  truncated=True
  [WARNING] Episode 0 attempt 2 truncated without success. Discarding and retrying...
  [Success Rate] overall: 0.0% (0/2) | moving avg (last 2): 0.0%
  [ep 0/1, attempt 3] step 1/2000  terminated=False  truncated=False
  [ep 0/1, attempt 3] step 101/2000  terminated=False  truncated=False
  [ep 0/1, attempt 3] step 201/2000  terminated=False  truncated=False
  [ep 0/1, attempt 3] step 301/2000  terminated=False  truncated=False
  [ep 0/1, attempt 3] step 401/2000  terminated=False  truncated=False
  [ep 0/1, attempt 3] step 501/2000  terminated=False  truncated=False
  [ep 0/1, attempt 3] step 601/2000  terminated=False  truncated=False
  [ep 0/1, attempt 3] step 701/2000  terminated=False  truncated=False
  [ep 0/1, attempt 3] step 801/2000  terminated=False  truncated=False
  [ep 0/1, attempt 3] step 901/2000  terminated=False  truncated=False
  [ep 0/1, attempt 3] step 1001/2000  terminated=False  truncated=False
  [ep 0/1, attempt 3] step 1101/2000  terminated=False  truncated=False
  [ep 0/1, attempt 3] step 1201/2000  terminated=False  truncated=False
  [ep 0/1, attempt 3] step 1301/2000  terminated=False  truncated=False
  [ep 0/1, attempt 3] step 1401/2000  terminated=False  truncated=False
  [ep 0/1, attempt 3] step 1501/2000  terminated=False  truncated=False
  [ep 0/1, attempt 3] step 1601/2000  terminated=False  truncated=False
  [ep 0/1, attempt 3] step 1701/2000  terminated=False  truncated=False
  [ep 0/1, attempt 3] step 1801/2000  terminated=False  truncated=False
  [ep 0/1, attempt 3] step 1901/2000  terminated=False  truncated=False
  [ep 0/1, attempt 3] step 2000/2000  terminated=False  truncated=True
  [WARNING] Episode 0 attempt 3 truncated without success. Discarding and retrying...
  [Success Rate] overall: 0.0% (0/3) | moving avg (last 3): 0.0%
  [ep 0/1, attempt 4] step 1/2000  terminated=False  truncated=False
  [ep 0/1, attempt 4] step 101/2000  terminated=False  truncated=False
  [ep 0/1, attempt 4] step 201/2000  terminated=False  truncated=False
  [ep 0/1, attempt 4] step 301/2000  terminated=False  truncated=False
  [ep 0/1, attempt 4] step 401/2000  terminated=False  truncated=False
  [ep 0/1, attempt 4] step 501/2000  terminated=False  truncated=False
  [ep 0/1, attempt 4] step 601/2000  terminated=False  truncated=False
  [ep 0/1, attempt 4] step 701/2000  terminated=False  truncated=False
  [ep 0/1, attempt 4] step 801/2000  terminated=False  truncated=False
  [ep 0/1, attempt 4] step 901/2000  terminated=False  truncated=False
  [ep 0/1, attempt 4] step 1001/2000  terminated=False  truncated=False
  [ep 0/1, attempt 4] step 1101/2000  terminated=False  truncated=False
  [ep 0/1, attempt 4] step 1201/2000  terminated=False  truncated=False
  [ep 0/1, attempt 4] step 1301/2000  terminated=False  truncated=False
  [ep 0/1, attempt 4] step 1401/2000  terminated=False  truncated=False
  [ep 0/1, attempt 4] step 1501/2000  terminated=False  truncated=False
  [ep 0/1, attempt 4] step 1601/2000  terminated=False  truncated=False
  [ep 0/1, attempt 4] step 1701/2000  terminated=False  truncated=False
  [ep 0/1, attempt 4] step 1801/2000  terminated=False  truncated=False
  [ep 0/1, attempt 4] step 1901/2000  terminated=False  truncated=False
  [ep 0/1, attempt 4] step 2000/2000  terminated=False  truncated=True
  [WARNING] Episode 0 attempt 4 truncated without success. Discarding and retrying...
  [Success Rate] overall: 0.0% (0/4) | moving avg (last 4): 0.0%
  [ep 0/1, attempt 5] step 1/2000  terminated=False  truncated=False
  [ep 0/1, attempt 5] step 101/2000  terminated=False  truncated=False
  [ep 0/1, attempt 5] step 201/2000  terminated=False  truncated=False
  [ep 0/1, attempt 5] step 301/2000  terminated=False  truncated=False
  [ep 0/1, attempt 5] step 401/2000  terminated=False  truncated=False
  [ep 0/1, attempt 5] step 501/2000  terminated=False  truncated=False
  [ep 0/1, attempt 5] step 601/2000  terminated=False  truncated=False
  [ep 0/1, attempt 5] step 701/2000  terminated=False  truncated=False
  [ep 0/1, attempt 5] step 801/2000  terminated=False  truncated=False
  [ep 0/1, attempt 5] step 901/2000  terminated=False  truncated=False
  [ep 0/1, attempt 5] step 1001/2000  terminated=False  truncated=False
  [ep 0/1, attempt 5] step 1101/2000  terminated=False  truncated=False
  [ep 0/1, attempt 5] step 1201/2000  terminated=False  truncated=False
  [ep 0/1, attempt 5] step 1301/2000  terminated=False  truncated=False
  [ep 0/1, attempt 5] step 1401/2000  terminated=False  truncated=False
  [ep 0/1, attempt 5] step 1501/2000  terminated=False  truncated=False
  [ep 0/1, attempt 5] step 1601/2000  terminated=False  truncated=False
  [ep 0/1, attempt 5] step 1701/2000  terminated=False  truncated=False
  [ep 0/1, attempt 5] step 1801/2000  terminated=False  truncated=False
  [ep 0/1, attempt 5] step 1901/2000  terminated=False  truncated=False
  [ep 0/1, attempt 5] step 2000/2000  terminated=False  truncated=True
  [WARNING] Episode 0 attempt 5 truncated without success. Discarding and retrying...
  [Success Rate] overall: 0.0% (0/5) | moving avg (last 5): 0.0%
  [ep 0/1, attempt 6] step 1/2000  terminated=False  truncated=False
  [ep 0/1, attempt 6] step 101/2000  terminated=False  truncated=False
  [ep 0/1, attempt 6] step 201/2000  terminated=False  truncated=False
  [ep 0/1, attempt 6] step 301/2000  terminated=False  truncated=False
  [ep 0/1, attempt 6] step 401/2000  terminated=False  truncated=False
  [ep 0/1, attempt 6] step 501/2000  terminated=False  truncated=False
  [ep 0/1, attempt 6] step 601/2000  terminated=False  truncated=False
  [ep 0/1, attempt 6] step 701/2000  terminated=False  truncated=False
  [ep 0/1, attempt 6] step 801/2000  terminated=False  truncated=False
  [ep 0/1, attempt 6] step 901/2000  terminated=False  truncated=False
  [ep 0/1, attempt 6] step 1001/2000  terminated=False  truncated=False
  [ep 0/1, attempt 6] step 1101/2000  terminated=False  truncated=False
  [ep 0/1, attempt 6] step 1201/2000  terminated=False  truncated=False
  [ep 0/1, attempt 6] step 1301/2000  terminated=False  truncated=False
  [ep 0/1, attempt 6] step 1401/2000  terminated=False  truncated=False
  [ep 0/1, attempt 6] step 1501/2000  terminated=False  truncated=False
  [ep 0/1, attempt 6] step 1601/2000  terminated=False  truncated=False
  [ep 0/1, attempt 6] step 1701/2000  terminated=False  truncated=False
  [ep 0/1, attempt 6] step 1801/2000  terminated=False  truncated=False
  [ep 0/1, attempt 6] step 1901/2000  terminated=False  truncated=False
  [ep 0/1, attempt 6] step 2000/2000  terminated=False  truncated=True
  [WARNING] Episode 0 attempt 6 truncated without success. Discarding and retrying...
  [Success Rate] overall: 0.0% (0/6) | moving avg (last 6): 0.0%
  [ep 0/1, attempt 7] step 1/2000  terminated=False  truncated=False
  [ep 0/1, attempt 7] step 101/2000  terminated=False  truncated=False
  [ep 0/1, attempt 7] step 201/2000  terminated=False  truncated=False
  [ep 0/1, attempt 7] step 301/2000  terminated=False  truncated=False
  [ep 0/1, attempt 7] step 401/2000  terminated=False  truncated=False
  [ep 0/1, attempt 7] step 501/2000  terminated=False  truncated=False
  [ep 0/1, attempt 7] step 601/2000  terminated=False  truncated=False
  [ep 0/1, attempt 7] step 701/2000  terminated=False  truncated=False
  [ep 0/1, attempt 7] step 801/2000  terminated=False  truncated=False
  [ep 0/1, attempt 7] step 901/2000  terminated=False  truncated=False
  [ep 0/1, attempt 7] step 1001/2000  terminated=False  truncated=False
  [ep 0/1, attempt 7] step 1101/2000  terminated=False  truncated=False
  [ep 0/1, attempt 7] step 1201/2000  terminated=False  truncated=False
  [ep 0/1, attempt 7] step 1301/2000  terminated=False  truncated=False
  [ep 0/1, attempt 7] step 1401/2000  terminated=False  truncated=False
  [ep 0/1, attempt 7] step 1501/2000  terminated=False  truncated=False
  [ep 0/1, attempt 7] step 1601/2000  terminated=False  truncated=False
  [ep 0/1, attempt 7] step 1701/2000  terminated=False  truncated=False
  [ep 0/1, attempt 7] step 1801/2000  terminated=False  truncated=False
  [ep 0/1, attempt 7] step 1901/2000  terminated=False  truncated=False
  [ep 0/1, attempt 7] step 2000/2000  terminated=False  truncated=True
  [WARNING] Episode 0 attempt 7 truncated without success. Discarding and retrying...
  [Success Rate] overall: 0.0% (0/7) | moving avg (last 7): 0.0%
  [ep 0/1, attempt 8] step 1/2000  terminated=False  truncated=False
  [ep 0/1, attempt 8] step 101/2000  terminated=False  truncated=False
  [ep 0/1, attempt 8] step 201/2000  terminated=False  truncated=False
  [ep 0/1, attempt 8] step 301/2000  terminated=False  truncated=False
  [ep 0/1, attempt 8] step 401/2000  terminated=False  truncated=False
  [ep 0/1, attempt 8] step 501/2000  terminated=False  truncated=False
  [ep 0/1, attempt 8] step 601/2000  terminated=False  truncated=False
  [ep 0/1, attempt 8] step 701/2000  terminated=False  truncated=False
  [ep 0/1, attempt 8] step 801/2000  terminated=False  truncated=False
  [ep 0/1, attempt 8] step 901/2000  terminated=False  truncated=False
  [ep 0/1, attempt 8] step 1001/2000  terminated=False  truncated=False
  [ep 0/1, attempt 8] step 1101/2000  terminated=False  truncated=False
  [ep 0/1, attempt 8] step 1201/2000  terminated=False  truncated=False
  [ep 0/1, attempt 8] step 1301/2000  terminated=False  truncated=False
  [ep 0/1, attempt 8] step 1401/2000  terminated=False  truncated=False
  [ep 0/1, attempt 8] step 1501/2000  terminated=False  truncated=False
  [ep 0/1, attempt 8] step 1601/2000  terminated=False  truncated=False
  [ep 0/1, attempt 8] step 1701/2000  terminated=False  truncated=False
  [ep 0/1, attempt 8] step 1801/2000  terminated=False  truncated=False
  [ep 0/1, attempt 8] step 1901/2000  terminated=False  truncated=False
  [ep 0/1, attempt 8] step 2000/2000  terminated=False  truncated=True
  [WARNING] Episode 0 attempt 8 truncated without success. Discarding and retrying...
  [Success Rate] overall: 0.0% (0/8) | moving avg (last 8): 0.0%
  [ep 0/1, attempt 9] step 1/2000  terminated=False  truncated=False
  [ep 0/1, attempt 9] step 101/2000  terminated=False  truncated=False
  [ep 0/1, attempt 9] step 201/2000  terminated=False  truncated=False
  [ep 0/1, attempt 9] step 301/2000  terminated=False  truncated=False
  [ep 0/1, attempt 9] step 339/2000  terminated=True  truncated=False
  [ep 0, attempt 9] Success at step 339, collected 30 extra steps.
  [Success Rate] overall: 11.1% (1/9) | moving avg (last 9): 11.1%
[ManiLadder Camera] stop_recording target=/mnt/gck_website/maniladder.github.io/generated_demos/ClutterGrasp-v1/videos/orbit_camera_ep0.mp4
[38;5;159m[Genesis] [09:19:30] [INFO] Saving video to [38;5;121m"/mnt/gck_website/maniladder.github.io/generated_demos/ClutterGrasp-v1/videos/orbit_camera_ep0.mp4"[0m[38;5;159m...[0m
[38;5;159m[Genesis] [09:19:32] [INFO] Video saved.[0m
  Saved video: /mnt/gck_website/maniladder.github.io/generated_demos/ClutterGrasp-v1/videos/orbit_camera_ep0.mp4 exists=True
  Videos for episode 0 saved to /mnt/gck_website/maniladder.github.io/generated_demos/ClutterGrasp-v1/videos

============================================================
Done. 1 demo trajectories (traj_0..traj_0) saved to /mnt/gck_website/maniladder.github.io/generated_demos
Final   [Success Rate] overall: 11.1% (1/9) | moving avg (last 9): 11.1%
============================================================
[38;5;159m[Genesis] [09:19:32] [INFO] 💤 Exiting Genesis and caching compiled kernels...[0m
[W 09/29/26 09:19:32.976 3929353] [offline_cache.h:run@186] Lock /home/gck/.cache/gstaichi/ticache/kernel_compilation_manager/ticache.lock failed. You can run 'ti cache clean -p /home/gck/.cache/gstaichi/ticache/kernel_compilation_manager' and try again.
[W 09/29/26 09:19:33.178 3929353] [kernel_compilation_manager.cpp:dump@104] Lock /home/gck/.cache/gstaichi/ticache/kernel_compilation_manager/ticache.lock failed. Please run 'ti cache clean -p /home/gck/.cache/gstaichi/ticache/kernel_compilation_manager' and try again.
[W 09/29/26 09:19:33.470 3929353] [ptx_cache.cpp:dump@92] Lock /home/gck/.cache/gstaichi/ticache/ptx_cache/ptxcache.lock failed. Please run 'ti cache clean -p /home/gck/.cache/gstaichi/ticache/ptx_cache' and try again.
