[38;5;159m[Genesis] [08:33:20] [INFO] [38;5;121m╭───────────────────────────────────────────────╮[0m[38;5;159m[0m
[38;5;159m[Genesis] [08:33:20] [INFO] [38;5;121m│┈┉┈┉┈┉┈┉┈┉┈┉┈┉┈┉┈┉┈[0m[38;5;159m [38;5;121m[1m[3mGenesis[0m[38;5;159m [38;5;121m┈┉┈┉┈┉┈┉┈┉┈┉┈┉┈┉┈┉┈│[0m[38;5;159m[0m
[38;5;159m[Genesis] [08:33:20] [INFO] [38;5;121m╰───────────────────────────────────────────────╯[0m[38;5;159m[0m
[W 09/29/26 08:33:21.396 3875854] [ptx_cache.cpp:PtxCache@73] Lock /home/gck/.cache/gstaichi/ticache/ptx_cache/ptxcache.lock failed. Please run 'ti cache clean -p /home/gck/.cache/gstaichi/ticache/ptx_cache' and try again.
[38;5;159m[Genesis] [08:33:21] [INFO] Running on [38;5;121m[4m[NVIDIA A100-SXM4-80GB][0m[38;5;159m with backend [38;5;121m[4mgs.cuda[0m[38;5;159m. Device memory: [38;5;121m[4m79.25[0m[38;5;159m GB.[0m
[38;5;159m[Genesis] [08:33:21] [INFO] 🚀 Genesis initialized. 🔖 version: [38;5;121m[4m0.3.6[0m[38;5;159m, 🎨 theme: [38;5;121m[4mdark[0m[38;5;159m, 🌱 seed: [38;5;121m[4mNone[0m[38;5;159m, 🐛 debug: [38;5;121m[4mFalse[0m[38;5;159m, 📏 precision: [38;5;121m[4m32[0m[38;5;159m, 🏎️ performance: [38;5;121m[4mFalse[0m[38;5;159m, 💬 verbose: [38;5;121m[4mINFO[0m[38;5;159m[0m
[38;5;159m[Genesis] [08:33:23] [INFO] Scene [38;5;121m[3m<d69b7b4>[0m[38;5;159m created.[0m
[38;5;159m[Genesis] [08:33:23] [INFO] Adding [38;5;121m<gs.RigidEntity>[0m[38;5;159m. idx: [38;5;121m0[0m[38;5;159m, uid: [38;5;121m[3m<9d73048>[0m[38;5;159m, morph: [38;5;121m<gs.morphs.URDF(file='/mnt4/gck/maniladder/maniladder/assets/urdf/panda_leaphand/panda_leaphand.urdf')>[0m[38;5;159m, material: [38;5;121m<gs.materials.Rigid>[0m[38;5;159m.[0m
[38;5;159m[Genesis] [08:33:26] [INFO] Applying offset to base link's pose with user provided value in morph.[0m
[38;5;159m[Genesis] [08:33:28] [INFO] Adding [38;5;121m<gs.RigidEntity>[0m[38;5;159m. idx: [38;5;121m1[0m[38;5;159m, uid: [38;5;121m[3m<3af6822>[0m[38;5;159m, morph: [38;5;121m<gs.morphs.Mesh(file='/mnt4/gck/maniladder/maniladder/assets/models/table.glb')>[0m[38;5;159m, material: [38;5;121m<gs.materials.Rigid>[0m[38;5;159m.[0m
[38;5;226m[Genesis] [08:33:28] [WARNING] GLTF is using y-up while Genesis uses z-up. Please set parse_glb_with_zup=True in morph options if you find the mesh is 90-degree rotated. We will set parse_glb_with_zup=True and rotate glb mesh by default later and gradually enforce this option.[0m
/data/gck/miniconda3/envs/maniladder/lib/python3.10/site-packages/pygltflib/__init__.py:830: UserWarning: pygltflib currently does not remove image data from the buffer when converting to data uri.Please open an issue at https://gitlab.com/dodgyville/pygltflib/issues
  warnings.warn("pygltflib currently does not remove image data "
[38;5;159m[Genesis] [08:33:28] [INFO] Adding [38;5;121m<gs.RigidEntity>[0m[38;5;159m. idx: [38;5;121m2[0m[38;5;159m, uid: [38;5;121m[3m<12a588d>[0m[38;5;159m, morph: [38;5;121m<gs.morphs.Box>[0m[38;5;159m, material: [38;5;121m<gs.materials.Rigid>[0m[38;5;159m.[0m
[38;5;159m[Genesis] [08:33:28] [INFO] Adding [38;5;121m<gs.RigidEntity>[0m[38;5;159m. idx: [38;5;121m3[0m[38;5;159m, uid: [38;5;121m[3m<c41eb95>[0m[38;5;159m, morph: [38;5;121m<gs.morphs.Plane>[0m[38;5;159m, material: [38;5;121m<gs.materials.Rigid>[0m[38;5;159m.[0m
[38;5;159m[Genesis] [08:33:28] [INFO] Adding [38;5;121m<gs.RigidEntity>[0m[38;5;159m. idx: [38;5;121m4[0m[38;5;159m, uid: [38;5;121m[3m<f0b348a>[0m[38;5;159m, morph: [38;5;121m<gs.morphs.Box>[0m[38;5;159m, material: [38;5;121m<gs.materials.Rigid>[0m[38;5;159m.[0m
[38;5;159m[Genesis] [08:33:28] [INFO] Adding [38;5;121m<gs.RigidEntity>[0m[38;5;159m. idx: [38;5;121m5[0m[38;5;159m, uid: [38;5;121m[3m<d387f98>[0m[38;5;159m, morph: [38;5;121m<gs.morphs.Box>[0m[38;5;159m, material: [38;5;121m<gs.materials.Rigid>[0m[38;5;159m.[0m
[38;5;159m[Genesis] [08:33:28] [INFO] Adding [38;5;121m<gs.RigidEntity>[0m[38;5;159m. idx: [38;5;121m6[0m[38;5;159m, uid: [38;5;121m[3m<e411b8c>[0m[38;5;159m, morph: [38;5;121m<gs.morphs.Box>[0m[38;5;159m, material: [38;5;121m<gs.materials.Rigid>[0m[38;5;159m.[0m
[38;5;159m[Genesis] [08:33:28] [INFO] Adding [38;5;121m<gs.RigidEntity>[0m[38;5;159m. idx: [38;5;121m7[0m[38;5;159m, uid: [38;5;121m[3m<409c858>[0m[38;5;159m, morph: [38;5;121m<gs.morphs.MJCF(file='/mnt4/gck/maniladder/maniladder/assets/models/door/dex_latched_door.xml')>[0m[38;5;159m, material: [38;5;121m<gs.materials.Rigid>[0m[38;5;159m.[0m
[38;5;159m[Genesis] [08:33:28] [INFO] Applying offset to base link's pose with user provided value in morph.[0m
[38;5;159m[Genesis] [08:33:28] [INFO] Building scene [38;5;121m[3m<d69b7b4>[0m[38;5;159m...[0m
[W 09/29/26 08:33:29.184 3875854] [kernel_compilation_manager.cpp:KernelCompilationManager@69] Lock /home/gck/.cache/gstaichi/ticache/kernel_compilation_manager/ticache.lock failed. Please run 'ti cache clean -p /home/gck/.cache/gstaichi/ticache/kernel_compilation_manager' and try again.
[38;5;226m[Genesis] [08:33:33] [WARNING] Reference robot position exceeds joint limits.[0m
[38;5;226m[Genesis] [08:33:34] [WARNING] max_collision_pairs 500 is smaller than the theoretical maximal possible pairs 3453, it uses less memory but might lead to missing some collision pairs if there are too many collision pairs[0m
[38;5;159m[Genesis] [08:33:43] [INFO] Compiling simulation kernels...[0m
[38;5;159m[Genesis] [08:34:19] [INFO] Building visualizer...[0m
/data/gck/miniconda3/envs/maniladder/lib/python3.10/site-packages/torch/utils/_device.py:109: UserWarning: The given NumPy array is not writable, and PyTorch does not support non-writable tensors. This means writing to this tensor will result in undefined behavior. You may want to copy the array to protect its data or make it writable before converting it to a tensor. This type of warning will be suppressed for the rest of this program. (Triggered internally at /pytorch/torch/csrc/utils/tensor_numpy.cpp:213.)
  return func(*args, **kwargs)
Action space: Box(-1.0, 1.0, (22,), float32)
Generating 1 orbit video-only demos → /mnt/gck_website/maniladder.github.io/generated_demos/DexOpenDoor-v1
  [ep 0/1, attempt 1] step 1/850  terminated=False  truncated=False
  [ep 0/1, attempt 1] step 101/850  terminated=False  truncated=False
[phase2 latch step=10] latch_slide=0.058 retry=0 tcp=[-0.028  0.375  0.506] target=[-0.108  0.561  0.476]
[phase2 latch step=20] latch_slide=0.080 retry=0 tcp=[-0.037  0.391  0.491] target=[-0.125  0.6    0.476]
[phase2 latch step=30] latch_slide=0.097 retry=0 tcp=[-0.042  0.403  0.481] target=[-0.139  0.633  0.476]
[phase2 latch step=40] latch_slide=0.124 retry=0 tcp=[-0.051  0.417  0.479] target=[-0.158  0.677  0.476]
[phase2 latch step=50] latch_slide=0.128 retry=0 tcp=[-0.051  0.42   0.475] target=[-0.168  0.698  0.476]
[phase2 latch step=60] latch_slide=0.132 retry=0 tcp=[-0.054  0.425  0.472] target=[-0.178  0.721  0.476]
[phase2 latch step=70] latch_slide=0.137 retry=0 tcp=[-0.058  0.43   0.471] target=[-0.188  0.743  0.476]
[phase2 latch exit] latch_slide=0.145 steps=79
  [ep 0/1, attempt 1] step 201/850  terminated=False  truncated=False
  [ep 0/1, attempt 1] step 301/850  terminated=False  truncated=False
[phase12 press enter] tcp=[-0.222  0.505  0.317] target_z=0.237 retry=0
[phase12 press step=10] tcp_z=0.294 target_z=0.237 handle=0.0°
[phase12 press step=20] tcp_z=0.267 target_z=0.237 handle=0.0°
[phase12 press step=30] tcp_z=0.241 target_z=0.237 handle=0.0°
[phase12 press step=40] tcp_z=0.236 target_z=0.237 handle=0.0°
[phase12 press step=50] tcp_z=0.236 target_z=0.237 handle=0.0°
[phase12 press retry] handle=0.0° → re-approach, retry=1
[phase12 press enter] tcp=[-0.223  0.505  0.24 ] target_z=0.145 retry=1
[phase12 press step=10] tcp_z=0.204 target_z=0.145 handle=0.0°
  [ep 0/1, attempt 1] step 401/850  terminated=False  truncated=False
[phase12 press step=20] tcp_z=0.163 target_z=0.145 handle=1.6°
[phase12 press step=30] tcp_z=0.147 target_z=0.145 handle=7.1°
[phase12 press step=40] tcp_z=0.146 target_z=0.145 handle=7.5°
[phase12 press step=50] tcp_z=0.146 target_z=0.145 handle=7.5°
[phase12 press retry] handle=7.5° → re-approach, retry=2
[phase12 press enter] tcp=[-0.224  0.505  0.228] target_z=0.118 retry=2
[phase12 press step=10] tcp_z=0.188 target_z=0.118 handle=7.5°
[phase12 press exit] tcp=[-0.184  0.554  0.156] handle=10.4° steps=18
[phase13 grasp enter] tcp=[-0.184  0.554  0.153] hand_qpos[:4]=[-0.  0.  0.  0.]
  [ep 0/1, attempt 1] step 501/850  terminated=False  truncated=False
[phase13 grasp exit] hand_qpos[:4]=[-0.    0.79  0.79  0.79]
[phase4b step=10] tcp=[-0.2    0.54   0.136] door_angle=0.1° target=[-0.273  0.508  0.2  ]
[phase4b step=20] tcp=[-0.201  0.522  0.152] door_angle=0.5° target=[-0.273  0.489  0.2  ]
[phase4b step=30] tcp=[-0.2    0.505  0.169] door_angle=1.1° target=[-0.273  0.471  0.2  ]
[phase4b step=40] tcp=[-0.199  0.486  0.182] door_angle=1.9° target=[-0.272  0.451  0.2  ]
[phase4b step=50] tcp=[-0.2    0.467  0.186] door_angle=2.8° target=[-0.272  0.431  0.2  ]
[phase4b step=60] tcp=[-0.201  0.448  0.189] door_angle=4.0° target=[-0.272  0.411  0.2  ]
[phase4b step=70] tcp=[-0.217  0.429  0.197] door_angle=13.6° target=[-0.28  0.38  0.2 ]
[phase4b step=80] tcp=[-0.237  0.408  0.2  ] door_angle=18.1° target=[-0.297  0.355  0.2  ]
[phase4b step=90] tcp=[-0.257  0.388  0.2  ] door_angle=23.7° target=[-0.311  0.329  0.2  ]
  [ep 0/1, attempt 1] step 601/850  terminated=False  truncated=False
[phase4b step=100] tcp=[-0.278  0.367  0.2  ] door_angle=28.2° target=[-0.327  0.304  0.2  ]
  [ep 0/1, attempt 1] step 607/850  terminated=True  truncated=False
[phase4b step=110] tcp=[-0.298  0.347  0.2  ] door_angle=32.1° target=[-0.343  0.281  0.2  ]
[phase4b step=120] tcp=[-0.318  0.326  0.2  ] door_angle=35.3° target=[-0.359  0.258  0.2  ]
[phase4b step=130] tcp=[-0.338  0.306  0.2  ] door_angle=35.7° target=[-0.379  0.237  0.2  ]
  [ep 0, attempt 1] Success at step 607, collected 30 extra steps.
  [Success Rate] overall: 100.0% (1/1) | moving avg (last 1): 100.0%
[ManiLadder Camera] stop_recording target=/mnt/gck_website/maniladder.github.io/generated_demos/DexOpenDoor-v1/videos/orbit_camera_ep0.mp4
[38;5;159m[Genesis] [08:37:56] [INFO] Saving video to [38;5;121m"/mnt/gck_website/maniladder.github.io/generated_demos/DexOpenDoor-v1/videos/orbit_camera_ep0.mp4"[0m[38;5;159m...[0m
[38;5;159m[Genesis] [08:38:00] [INFO] Video saved.[0m
  Saved video: /mnt/gck_website/maniladder.github.io/generated_demos/DexOpenDoor-v1/videos/orbit_camera_ep0.mp4 exists=True
  Videos for episode 0 saved to /mnt/gck_website/maniladder.github.io/generated_demos/DexOpenDoor-v1/videos

============================================================
Done. 1 demo trajectories (traj_0..traj_0) saved to /mnt/gck_website/maniladder.github.io/generated_demos
Final   [Success Rate] overall: 100.0% (1/1) | moving avg (last 1): 100.0%
============================================================
[38;5;159m[Genesis] [08:38:00] [INFO] 💤 Exiting Genesis and caching compiled kernels...[0m
[W 09/29/26 08:38:00.623 3875854] [offline_cache.h:run@186] Lock /home/gck/.cache/gstaichi/ticache/kernel_compilation_manager/ticache.lock failed. You can run 'ti cache clean -p /home/gck/.cache/gstaichi/ticache/kernel_compilation_manager' and try again.
[W 09/29/26 08:38:00.825 3875854] [kernel_compilation_manager.cpp:dump@104] Lock /home/gck/.cache/gstaichi/ticache/kernel_compilation_manager/ticache.lock failed. Please run 'ti cache clean -p /home/gck/.cache/gstaichi/ticache/kernel_compilation_manager' and try again.
[W 09/29/26 08:38:01.072 3875854] [ptx_cache.cpp:dump@92] Lock /home/gck/.cache/gstaichi/ticache/ptx_cache/ptxcache.lock failed. Please run 'ti cache clean -p /home/gck/.cache/gstaichi/ticache/ptx_cache' and try again.
