[38;5;159m[Genesis] [08:28:13] [INFO] [38;5;121m╭───────────────────────────────────────────────╮[0m[38;5;159m[0m
[38;5;159m[Genesis] [08:28:13] [INFO] [38;5;121m│┈┉┈┉┈┉┈┉┈┉┈┉┈┉┈┉┈┉┈[0m[38;5;159m [38;5;121m[1m[3mGenesis[0m[38;5;159m [38;5;121m┈┉┈┉┈┉┈┉┈┉┈┉┈┉┈┉┈┉┈│[0m[38;5;159m[0m
[38;5;159m[Genesis] [08:28:13] [INFO] [38;5;121m╰───────────────────────────────────────────────╯[0m[38;5;159m[0m
[W 09/29/26 08:28:13.870 3845242] [ptx_cache.cpp:PtxCache@73] Lock /home/gck/.cache/gstaichi/ticache/ptx_cache/ptxcache.lock failed. Please run 'ti cache clean -p /home/gck/.cache/gstaichi/ticache/ptx_cache' and try again.
[38;5;159m[Genesis] [08:28:14] [INFO] Running on [38;5;121m[4m[NVIDIA A100-SXM4-80GB][0m[38;5;159m with backend [38;5;121m[4mgs.cuda[0m[38;5;159m. Device memory: [38;5;121m[4m79.25[0m[38;5;159m GB.[0m
[38;5;159m[Genesis] [08:28:14] [INFO] 🚀 Genesis initialized. 🔖 version: [38;5;121m[4m0.3.6[0m[38;5;159m, 🎨 theme: [38;5;121m[4mdark[0m[38;5;159m, 🌱 seed: [38;5;121m[4mNone[0m[38;5;159m, 🐛 debug: [38;5;121m[4mFalse[0m[38;5;159m, 📏 precision: [38;5;121m[4m32[0m[38;5;159m, 🏎️ performance: [38;5;121m[4mFalse[0m[38;5;159m, 💬 verbose: [38;5;121m[4mINFO[0m[38;5;159m[0m
[38;5;159m[Genesis] [08:28:16] [INFO] Scene [38;5;121m[3m<4adad35>[0m[38;5;159m created.[0m
[38;5;159m[Genesis] [08:28:16] [INFO] Adding [38;5;121m<gs.RigidEntity>[0m[38;5;159m. idx: [38;5;121m0[0m[38;5;159m, uid: [38;5;121m[3m<9c03239>[0m[38;5;159m, morph: [38;5;121m<gs.morphs.MJCF(file='/mnt4/gck/maniladder/maniladder/assets/xml/franka_emika_panda/panda.xml')>[0m[38;5;159m, material: [38;5;121m<gs.materials.Rigid>[0m[38;5;159m.[0m
[38;5;226m[Genesis] [08:28:16] [WARNING] (MJCF) Approximating tendon by joint actuator for `finger_joint1`[0m
[38;5;226m[Genesis] [08:28:16] [WARNING] (MJCF) Actuator control gain and bias parameters cannot be reduced to a unique PD control position gain. Using max between gain and bias for joint `finger_joint1`.[0m
[38;5;226m[Genesis] [08:28:16] [WARNING] (MJCF) Approximating tendon by joint actuator for `finger_joint2`[0m
[38;5;226m[Genesis] [08:28:16] [WARNING] (MJCF) Actuator control gain and bias parameters cannot be reduced to a unique PD control position gain. Using max between gain and bias for joint `finger_joint2`.[0m
[38;5;159m[Genesis] [08:28:16] [INFO] Applying offset to base link's pose with user provided value in morph.[0m
[32m2026-09-29 08:28:16,799 - maniladder  - INFO - only loading the first pose of the given initial pose Pose(raw_pose=tensor([[  0.0000,   0.6500,   0.0000,   0.0000,   0.0000, -90.0000]],
       device='cuda:0')), parallel loading has not been implemented yet.[0m
[38;5;159m[Genesis] [08:28:16] [INFO] Adding [38;5;121m<gs.RigidEntity>[0m[38;5;159m. idx: [38;5;121m1[0m[38;5;159m, uid: [38;5;121m[3m<96471ec>[0m[38;5;159m, morph: [38;5;121m<gs.morphs.MJCF(file='/mnt4/gck/maniladder/maniladder/assets/xml/franka_emika_panda/panda.xml')>[0m[38;5;159m, material: [38;5;121m<gs.materials.Rigid>[0m[38;5;159m.[0m
[38;5;226m[Genesis] [08:28:16] [WARNING] (MJCF) Approximating tendon by joint actuator for `finger_joint1`[0m
[38;5;226m[Genesis] [08:28:16] [WARNING] (MJCF) Actuator control gain and bias parameters cannot be reduced to a unique PD control position gain. Using max between gain and bias for joint `finger_joint1`.[0m
[38;5;226m[Genesis] [08:28:16] [WARNING] (MJCF) Approximating tendon by joint actuator for `finger_joint2`[0m
[38;5;226m[Genesis] [08:28:16] [WARNING] (MJCF) Actuator control gain and bias parameters cannot be reduced to a unique PD control position gain. Using max between gain and bias for joint `finger_joint2`.[0m
[38;5;159m[Genesis] [08:28:16] [INFO] Applying offset to base link's pose with user provided value in morph.[0m
[32m2026-09-29 08:28:17,193 - maniladder  - INFO - only loading the first pose of the given initial pose Pose(raw_pose=tensor([[ 0.0000, -0.6500,  0.0000,  0.0000,  0.0000, 90.0000]],
       device='cuda:0')), parallel loading has not been implemented yet.[0m
[38;5;159m[Genesis] [08:28:17] [INFO] Adding [38;5;121m<gs.RigidEntity>[0m[38;5;159m. idx: [38;5;121m2[0m[38;5;159m, uid: [38;5;121m[3m<c82654f>[0m[38;5;159m, morph: [38;5;121m<gs.morphs.Mesh(file='/mnt4/gck/maniladder/maniladder/assets/models/table.glb')>[0m[38;5;159m, material: [38;5;121m<gs.materials.Rigid>[0m[38;5;159m.[0m
[38;5;226m[Genesis] [08:28:17] [WARNING] GLTF is using y-up while Genesis uses z-up. Please set parse_glb_with_zup=True in morph options if you find the mesh is 90-degree rotated. We will set parse_glb_with_zup=True and rotate glb mesh by default later and gradually enforce this option.[0m
/data/gck/miniconda3/envs/maniladder/lib/python3.10/site-packages/pygltflib/__init__.py:830: UserWarning: pygltflib currently does not remove image data from the buffer when converting to data uri.Please open an issue at https://gitlab.com/dodgyville/pygltflib/issues
  warnings.warn("pygltflib currently does not remove image data "
[38;5;159m[Genesis] [08:28:17] [INFO] Adding [38;5;121m<gs.RigidEntity>[0m[38;5;159m. idx: [38;5;121m3[0m[38;5;159m, uid: [38;5;121m[3m<f53dbbf>[0m[38;5;159m, morph: [38;5;121m<gs.morphs.Box>[0m[38;5;159m, material: [38;5;121m<gs.materials.Rigid>[0m[38;5;159m.[0m
[38;5;159m[Genesis] [08:28:17] [INFO] Adding [38;5;121m<gs.RigidEntity>[0m[38;5;159m. idx: [38;5;121m4[0m[38;5;159m, uid: [38;5;121m[3m<3fc40d2>[0m[38;5;159m, morph: [38;5;121m<gs.morphs.Plane>[0m[38;5;159m, material: [38;5;121m<gs.materials.Rigid>[0m[38;5;159m.[0m
[38;5;159m[Genesis] [08:28:17] [INFO] Adding [38;5;121m<gs.RigidEntity>[0m[38;5;159m. idx: [38;5;121m5[0m[38;5;159m, uid: [38;5;121m[3m<f82caf8>[0m[38;5;159m, morph: [38;5;121m<gs.morphs.Box>[0m[38;5;159m, material: [38;5;121m<gs.materials.Rigid>[0m[38;5;159m.[0m
[38;5;159m[Genesis] [08:28:17] [INFO] Adding [38;5;121m<gs.RigidEntity>[0m[38;5;159m. idx: [38;5;121m6[0m[38;5;159m, uid: [38;5;121m[3m<932670d>[0m[38;5;159m, morph: [38;5;121m<gs.morphs.Box>[0m[38;5;159m, material: [38;5;121m<gs.materials.Rigid>[0m[38;5;159m.[0m
[38;5;159m[Genesis] [08:28:17] [INFO] Adding [38;5;121m<gs.RigidEntity>[0m[38;5;159m. idx: [38;5;121m7[0m[38;5;159m, uid: [38;5;121m[3m<d34e40a>[0m[38;5;159m, morph: [38;5;121m<gs.morphs.Box>[0m[38;5;159m, material: [38;5;121m<gs.materials.Rigid>[0m[38;5;159m.[0m
[38;5;159m[Genesis] [08:28:17] [INFO] Adding [38;5;121m<gs.RigidEntity>[0m[38;5;159m. idx: [38;5;121m8[0m[38;5;159m, uid: [38;5;121m[3m<6273dd9>[0m[38;5;159m, morph: [38;5;121m<gs.morphs.Box>[0m[38;5;159m, material: [38;5;121m<gs.materials.Rigid>[0m[38;5;159m.[0m
[38;5;159m[Genesis] [08:28:17] [INFO] Adding [38;5;121m<gs.RigidEntity>[0m[38;5;159m. idx: [38;5;121m9[0m[38;5;159m, uid: [38;5;121m[3m<7c2666e>[0m[38;5;159m, morph: [38;5;121m<gs.morphs.Box>[0m[38;5;159m, material: [38;5;121m<gs.materials.Rigid>[0m[38;5;159m.[0m
[38;5;159m[Genesis] [08:28:17] [INFO] Adding [38;5;121m<gs.RigidEntity>[0m[38;5;159m. idx: [38;5;121m10[0m[38;5;159m, uid: [38;5;121m[3m<f00fcca>[0m[38;5;159m, morph: [38;5;121m<gs.morphs.Box>[0m[38;5;159m, material: [38;5;121m<gs.materials.Rigid>[0m[38;5;159m.[0m
[38;5;159m[Genesis] [08:28:17] [INFO] Adding [38;5;121m<gs.RigidEntity>[0m[38;5;159m. idx: [38;5;121m11[0m[38;5;159m, uid: [38;5;121m[3m<da27f4b>[0m[38;5;159m, morph: [38;5;121m<gs.morphs.Box>[0m[38;5;159m, material: [38;5;121m<gs.materials.Rigid>[0m[38;5;159m.[0m
[38;5;159m[Genesis] [08:28:17] [INFO] Adding [38;5;121m<gs.PBD2DEntity>[0m[38;5;159m. idx: [38;5;121m12[0m[38;5;159m, uid: [38;5;121m[3m<c0042a4>[0m[38;5;159m, morph: [38;5;121m<gs.morphs.Mesh(file='/mnt4/gck/maniladder/maniladder/assets/meshes/deformable/cloth.obj')>[0m[38;5;159m, material: [38;5;121m<gs.PBD.Cloth>[0m[38;5;159m.[0m
[38;5;159m[Genesis] [08:28:17] [INFO] Remeshing for tetrahedralization...[0m
[38;5;159m[Genesis] [08:28:17] [INFO] Building scene [38;5;121m[3m<4adad35>[0m[38;5;159m...[0m
[W 09/29/26 08:28:18.320 3845242] [kernel_compilation_manager.cpp:KernelCompilationManager@69] Lock /home/gck/.cache/gstaichi/ticache/kernel_compilation_manager/ticache.lock failed. Please run 'ti cache clean -p /home/gck/.cache/gstaichi/ticache/kernel_compilation_manager' and try again.
[38;5;226m[Genesis] [08:28:21] [WARNING] Reference robot position exceeds joint limits.[0m
[38;5;226m[Genesis] [08:28:23] [WARNING] max_collision_pairs 300 is smaller than the theoretical maximal possible pairs 1008, it uses less memory but might lead to missing some collision pairs if there are too many collision pairs[0m
[38;5;159m[Genesis] [08:28:31] [INFO] Compiling simulation kernels...[0m
[38;5;159m[Genesis] [08:29:15] [INFO] Building visualizer...[0m
/data/gck/miniconda3/envs/maniladder/lib/python3.10/site-packages/torch/utils/_device.py:109: UserWarning: The given NumPy array is not writable, and PyTorch does not support non-writable tensors. This means writing to this tensor will result in undefined behavior. You may want to copy the array to protect its data or make it writable before converting it to a tensor. This type of warning will be suppressed for the rest of this program. (Triggered internally at /pytorch/torch/csrc/utils/tensor_numpy.cpp:213.)
  return func(*args, **kwargs)
Action space: Dict('panda-0': Box(-1.0, 1.0, (7,), float32), 'panda-1': Box(-1.0, 1.0, (7,), float32))
Generating 1 orbit video-only demos → /mnt/gck_website/maniladder.github.io/generated_demos/DualArmClothAlign-v1
[38;5;159m[Genesis] [08:29:19] [INFO] Scene [38;5;121m[3m<8af8a4e>[0m[38;5;159m created.[0m
[38;5;159m[Genesis] [08:29:19] [INFO] Adding [38;5;121m<gs.RigidEntity>[0m[38;5;159m. idx: [38;5;121m0[0m[38;5;159m, uid: [38;5;121m[3m<ecfa1d8>[0m[38;5;159m, morph: [38;5;121m<gs.morphs.MJCF(file='/mnt4/gck/maniladder/maniladder/assets/xml/franka_emika_panda/panda.xml')>[0m[38;5;159m, material: [38;5;121m<gs.materials.Rigid>[0m[38;5;159m.[0m
[38;5;226m[Genesis] [08:29:19] [WARNING] (MJCF) Approximating tendon by joint actuator for `finger_joint1`[0m
[38;5;226m[Genesis] [08:29:19] [WARNING] (MJCF) Actuator control gain and bias parameters cannot be reduced to a unique PD control position gain. Using max between gain and bias for joint `finger_joint1`.[0m
[38;5;226m[Genesis] [08:29:19] [WARNING] (MJCF) Approximating tendon by joint actuator for `finger_joint2`[0m
[38;5;226m[Genesis] [08:29:19] [WARNING] (MJCF) Actuator control gain and bias parameters cannot be reduced to a unique PD control position gain. Using max between gain and bias for joint `finger_joint2`.[0m
[38;5;159m[Genesis] [08:29:19] [INFO] Applying offset to base link's pose with user provided value in morph.[0m
[32m2026-09-29 08:29:19,781 - maniladder  - INFO - only loading the first pose of the given initial pose Pose(raw_pose=tensor([[  0.0000,   0.6500,   0.0000,   0.0000,   0.0000, -90.0000]],
       device='cuda:0')), parallel loading has not been implemented yet.[0m
[38;5;159m[Genesis] [08:29:19] [INFO] Adding [38;5;121m<gs.RigidEntity>[0m[38;5;159m. idx: [38;5;121m1[0m[38;5;159m, uid: [38;5;121m[3m<36d43bc>[0m[38;5;159m, morph: [38;5;121m<gs.morphs.MJCF(file='/mnt4/gck/maniladder/maniladder/assets/xml/franka_emika_panda/panda.xml')>[0m[38;5;159m, material: [38;5;121m<gs.materials.Rigid>[0m[38;5;159m.[0m
[38;5;226m[Genesis] [08:29:19] [WARNING] (MJCF) Approximating tendon by joint actuator for `finger_joint1`[0m
[38;5;226m[Genesis] [08:29:19] [WARNING] (MJCF) Actuator control gain and bias parameters cannot be reduced to a unique PD control position gain. Using max between gain and bias for joint `finger_joint1`.[0m
[38;5;226m[Genesis] [08:29:19] [WARNING] (MJCF) Approximating tendon by joint actuator for `finger_joint2`[0m
[38;5;226m[Genesis] [08:29:19] [WARNING] (MJCF) Actuator control gain and bias parameters cannot be reduced to a unique PD control position gain. Using max between gain and bias for joint `finger_joint2`.[0m
[38;5;159m[Genesis] [08:29:19] [INFO] Applying offset to base link's pose with user provided value in morph.[0m
[32m2026-09-29 08:29:20,199 - maniladder  - INFO - only loading the first pose of the given initial pose Pose(raw_pose=tensor([[ 0.0000, -0.6500,  0.0000,  0.0000,  0.0000, 90.0000]],
       device='cuda:0')), parallel loading has not been implemented yet.[0m
[38;5;159m[Genesis] [08:29:20] [INFO] Adding [38;5;121m<gs.RigidEntity>[0m[38;5;159m. idx: [38;5;121m2[0m[38;5;159m, uid: [38;5;121m[3m<e83f789>[0m[38;5;159m, morph: [38;5;121m<gs.morphs.Mesh(file='/mnt4/gck/maniladder/maniladder/assets/models/table.glb')>[0m[38;5;159m, material: [38;5;121m<gs.materials.Rigid>[0m[38;5;159m.[0m
[38;5;226m[Genesis] [08:29:20] [WARNING] GLTF is using y-up while Genesis uses z-up. Please set parse_glb_with_zup=True in morph options if you find the mesh is 90-degree rotated. We will set parse_glb_with_zup=True and rotate glb mesh by default later and gradually enforce this option.[0m
/data/gck/miniconda3/envs/maniladder/lib/python3.10/site-packages/pygltflib/__init__.py:830: UserWarning: pygltflib currently does not remove image data from the buffer when converting to data uri.Please open an issue at https://gitlab.com/dodgyville/pygltflib/issues
  warnings.warn("pygltflib currently does not remove image data "
[38;5;159m[Genesis] [08:29:20] [INFO] Adding [38;5;121m<gs.RigidEntity>[0m[38;5;159m. idx: [38;5;121m3[0m[38;5;159m, uid: [38;5;121m[3m<f0ae358>[0m[38;5;159m, morph: [38;5;121m<gs.morphs.Box>[0m[38;5;159m, material: [38;5;121m<gs.materials.Rigid>[0m[38;5;159m.[0m
[38;5;159m[Genesis] [08:29:20] [INFO] Adding [38;5;121m<gs.RigidEntity>[0m[38;5;159m. idx: [38;5;121m4[0m[38;5;159m, uid: [38;5;121m[3m<7a75250>[0m[38;5;159m, morph: [38;5;121m<gs.morphs.Plane>[0m[38;5;159m, material: [38;5;121m<gs.materials.Rigid>[0m[38;5;159m.[0m
[38;5;159m[Genesis] [08:29:20] [INFO] Adding [38;5;121m<gs.RigidEntity>[0m[38;5;159m. idx: [38;5;121m5[0m[38;5;159m, uid: [38;5;121m[3m<b3f44bc>[0m[38;5;159m, morph: [38;5;121m<gs.morphs.Box>[0m[38;5;159m, material: [38;5;121m<gs.materials.Rigid>[0m[38;5;159m.[0m
[38;5;159m[Genesis] [08:29:20] [INFO] Adding [38;5;121m<gs.RigidEntity>[0m[38;5;159m. idx: [38;5;121m6[0m[38;5;159m, uid: [38;5;121m[3m<04d84bb>[0m[38;5;159m, morph: [38;5;121m<gs.morphs.Box>[0m[38;5;159m, material: [38;5;121m<gs.materials.Rigid>[0m[38;5;159m.[0m
[38;5;159m[Genesis] [08:29:20] [INFO] Adding [38;5;121m<gs.RigidEntity>[0m[38;5;159m. idx: [38;5;121m7[0m[38;5;159m, uid: [38;5;121m[3m<909dad0>[0m[38;5;159m, morph: [38;5;121m<gs.morphs.Box>[0m[38;5;159m, material: [38;5;121m<gs.materials.Rigid>[0m[38;5;159m.[0m
[38;5;159m[Genesis] [08:29:20] [INFO] Adding [38;5;121m<gs.RigidEntity>[0m[38;5;159m. idx: [38;5;121m8[0m[38;5;159m, uid: [38;5;121m[3m<39f56fa>[0m[38;5;159m, morph: [38;5;121m<gs.morphs.Box>[0m[38;5;159m, material: [38;5;121m<gs.materials.Rigid>[0m[38;5;159m.[0m
[38;5;159m[Genesis] [08:29:20] [INFO] Adding [38;5;121m<gs.RigidEntity>[0m[38;5;159m. idx: [38;5;121m9[0m[38;5;159m, uid: [38;5;121m[3m<bfb51c9>[0m[38;5;159m, morph: [38;5;121m<gs.morphs.Box>[0m[38;5;159m, material: [38;5;121m<gs.materials.Rigid>[0m[38;5;159m.[0m
[38;5;159m[Genesis] [08:29:20] [INFO] Adding [38;5;121m<gs.RigidEntity>[0m[38;5;159m. idx: [38;5;121m10[0m[38;5;159m, uid: [38;5;121m[3m<725daf8>[0m[38;5;159m, morph: [38;5;121m<gs.morphs.Box>[0m[38;5;159m, material: [38;5;121m<gs.materials.Rigid>[0m[38;5;159m.[0m
[38;5;159m[Genesis] [08:29:20] [INFO] Adding [38;5;121m<gs.RigidEntity>[0m[38;5;159m. idx: [38;5;121m11[0m[38;5;159m, uid: [38;5;121m[3m<9d102ef>[0m[38;5;159m, morph: [38;5;121m<gs.morphs.Box>[0m[38;5;159m, material: [38;5;121m<gs.materials.Rigid>[0m[38;5;159m.[0m
[38;5;159m[Genesis] [08:29:20] [INFO] Adding [38;5;121m<gs.PBD2DEntity>[0m[38;5;159m. idx: [38;5;121m12[0m[38;5;159m, uid: [38;5;121m[3m<de86842>[0m[38;5;159m, morph: [38;5;121m<gs.morphs.Mesh(file='/mnt4/gck/maniladder/maniladder/assets/meshes/deformable/cloth.obj')>[0m[38;5;159m, material: [38;5;121m<gs.PBD.Cloth>[0m[38;5;159m.[0m
[38;5;159m[Genesis] [08:29:20] [INFO] Building scene [38;5;121m[3m<8af8a4e>[0m[38;5;159m...[0m
[38;5;226m[Genesis] [08:29:23] [WARNING] Reference robot position exceeds joint limits.[0m
[38;5;226m[Genesis] [08:29:25] [WARNING] max_collision_pairs 300 is smaller than the theoretical maximal possible pairs 1008, it uses less memory but might lead to missing some collision pairs if there are too many collision pairs[0m
[38;5;159m[Genesis] [08:29:33] [INFO] Compiling simulation kernels...[0m
[38;5;159m[Genesis] [08:30:13] [INFO] Building visualizer...[0m
[DualDiagFreeFallPolicy] phase=0, wait=0, left_tcp=[-0.     0.343  0.59 ], right_tcp=[ 0.    -0.343  0.59 ]
[DualDiagFreeFallPolicy] planned diagonal anchors: left_uv=[0.28 0.78], right_uv=[0.72 0.22], left_anchor=[-0.183  0.138  0.036], right_anchor=[-0.054 -0.022  0.036], left_target_anchor=[0.13  0.061], right_target_anchor=[ 0.253 -0.096]
[DualDiagFreeFallPolicy] PHASE 0 -> 1. planned diagonal dual-anchor grasp
[DualDiagFreeFallPolicy] return action: panda-0 grip=1.0, panda-1 grip=1.0, left_target=[-0.183  0.138  0.3  ], right_target=[-0.054 -0.022  0.3  ]
  [ep 0/1, attempt 1] step 1/200  terminated=False  truncated=False
[DualDiagFreeFallPolicy] phase=1, wait=0, left_tcp=[-0.008  0.335  0.583], right_tcp=[-0.008 -0.335  0.583]
[DualDiagFreeFallPolicy] return action: panda-0 grip=1.0, panda-1 grip=1.0, left_target=[-0.183  0.138  0.3  ], right_target=[-0.054 -0.022  0.3  ]
[DualDiagFreeFallPolicy] phase=1, wait=10, left_tcp=[-0.092  0.251  0.5  ], right_tcp=[-0.054 -0.251  0.5  ]
[DualDiagFreeFallPolicy] return action: panda-0 grip=1.0, panda-1 grip=1.0, left_target=[-0.183  0.138  0.3  ], right_target=[-0.054 -0.022  0.3  ]
[DualDiagFreeFallPolicy] phase=1, wait=20, left_tcp=[-0.174  0.167  0.42 ], right_tcp=[-0.054 -0.167  0.418]
[DualDiagFreeFallPolicy] return action: panda-0 grip=1.0, panda-1 grip=1.0, left_target=[-0.183  0.138  0.3  ], right_target=[-0.054 -0.022  0.3  ]
[DualDiagFreeFallPolicy] phase=1, wait=30, left_tcp=[-0.183  0.138  0.335], right_tcp=[-0.054 -0.084  0.337]
[DualDiagFreeFallPolicy] PHASE 1 -> 2. both arms reached above anchors
[DualDiagFreeFallPolicy] return action: panda-0 grip=1.0, panda-1 grip=1.0, left_target=[-0.183  0.138  0.3  ], right_target=[-0.054 -0.022  0.3  ]
[DualDiagFreeFallPolicy] phase=2, wait=0, left_tcp=[-0.183  0.138  0.303], right_tcp=[-0.054 -0.042  0.303]
[DualDiagFreeFallPolicy] return action: panda-0 grip=1.0, panda-1 grip=1.0, left_target=[-0.183  0.138  0.12 ], right_target=[-0.054 -0.022  0.12 ]
[DualDiagFreeFallPolicy] phase=2, wait=10, left_tcp=[-0.183  0.138  0.219], right_tcp=[-0.054 -0.023  0.219]
[DualDiagFreeFallPolicy] PHASE 2 -> 3. both arms reached grasp height
[DualDiagFreeFallPolicy] return action: panda-0 grip=1.0, panda-1 grip=1.0, left_target=[-0.183  0.138  0.12 ], right_target=[-0.054 -0.022  0.12 ]
[DualDiagFreeFallPolicy] phase=3, wait=0, left_tcp=[-0.183  0.138  0.143], right_tcp=[-0.054 -0.023  0.143]
[DualDiagFreeFallPolicy] return action: panda-0 grip=-1.0, panda-1 grip=-1.0, left_target=[-0.183  0.138  0.124], right_target=[-0.054 -0.022  0.124]
[DualDiagFreeFallPolicy] phase=3, wait=10, left_tcp=[-0.183  0.138  0.124], right_tcp=[-0.054 -0.023  0.124]
[DualDiagFreeFallPolicy] PHASE 3 -> 4. both grippers closed
[DualDiagFreeFallPolicy] return action: panda-0 grip=-1.0, panda-1 grip=-1.0, left_target=[-0.183  0.138  0.124], right_target=[-0.054 -0.022  0.124]
[DualDiagFreeFallPolicy] phase=4, wait=0, left_tcp=[-0.183  0.138  0.124], right_tcp=[-0.054 -0.023  0.124]
[DualDiagFreeFallPolicy] tcp-anchor offsets: left=[0.0006 0.0015], right=[ 0.0008 -0.    ]
[DualDiagFreeFallPolicy] PHASE 4 -> 5. both arms lifted cloth and calibrated TCP-anchor offsets
[DualDiagFreeFallPolicy] return action: panda-0 grip=-1.0, panda-1 grip=-1.0, left_target=[-0.183  0.138  0.2  ], right_target=[-0.054 -0.022  0.2  ]
[DualDiagFreeFallPolicy] phase=5, wait=0, left_tcp=[-0.183  0.138  0.183], right_tcp=[-0.054 -0.022  0.184]
[DualDiagFreeFallPolicy] return action: panda-0 grip=-1.0, panda-1 grip=-1.0, left_target=[0.131 0.062 0.2  ], right_target=[ 0.254 -0.096  0.2  ]
[DualDiagFreeFallPolicy] phase=5, wait=10, left_tcp=[-0.082  0.063  0.2  ], right_tcp=[ 0.047 -0.095  0.2  ]
[DualDiagFreeFallPolicy] return action: panda-0 grip=-1.0, panda-1 grip=-1.0, left_target=[0.131 0.062 0.2  ], right_target=[ 0.254 -0.096  0.2  ]
  [ep 0/1, attempt 1] step 101/200  terminated=False  truncated=False
[DualDiagFreeFallPolicy] phase=5, wait=20, left_tcp=[0.019 0.062 0.2  ], right_tcp=[ 0.149 -0.097  0.2  ]
[DualDiagFreeFallPolicy] PHASE 5 -> 55. start closed-loop cloth center correction
[DualDiagFreeFallPolicy] return action: panda-0 grip=-1.0, panda-1 grip=-1.0, left_target=[0.131 0.062 0.2  ], right_target=[ 0.254 -0.096  0.2  ]
[DualDiagFreeFallPolicy] phase=55, wait=0, left_tcp=[0.106 0.062 0.2  ], right_tcp=[ 0.235 -0.097  0.2  ]
[DualDiagFreeFallPolicy] center correction done: err_norm=0.0120, left_release=[0.141 0.061 0.115], right_release=[ 0.264 -0.097  0.115]
[DualDiagFreeFallPolicy] PHASE 55 -> 6. cloth center corrected before low-hover release
[DualDiagFreeFallPolicy] return action: panda-0 grip=-1.0, panda-1 grip=-1.0, left_target=[0.141 0.061 0.2  ], right_target=[ 0.264 -0.097  0.2  ]
[DualDiagFreeFallPolicy] phase=6, wait=0, left_tcp=[0.12  0.062 0.2  ], right_tcp=[ 0.249 -0.097  0.2  ]
[DualDiagFreeFallPolicy] return action: panda-0 grip=-1.0, panda-1 grip=-1.0, left_target=[0.141 0.061 0.115], right_target=[ 0.264 -0.097  0.115]
[DualDiagFreeFallPolicy] phase=6, wait=10, left_tcp=[0.14  0.062 0.147], right_tcp=[ 0.264 -0.097  0.147]
[DualDiagFreeFallPolicy] PHASE 6 -> 7. both arms reached low-hover release height
[DualDiagFreeFallPolicy] return action: panda-0 grip=-1.0, panda-1 grip=-1.0, left_target=[0.141 0.061 0.115], right_target=[ 0.264 -0.097  0.115]
[DualDiagFreeFallPolicy] phase=7, wait=0, left_tcp=[0.141 0.062 0.141], right_tcp=[ 0.264 -0.097  0.141]
  [ep 0/1, attempt 1] step 127/200  terminated=True  truncated=False
[DualDiagFreeFallPolicy] PHASE 7 -> 8. cloth released; lift grippers vertically
[DualDiagFreeFallPolicy] return action: panda-0 grip=1.0, panda-1 grip=1.0, left_target=[0.141 0.061 0.115], right_target=[ 0.264 -0.097  0.115]
[DualDiagFreeFallPolicy] phase=8, wait=0, left_tcp=[0.141 0.061 0.116], right_tcp=[ 0.264 -0.097  0.116]
[DualDiagFreeFallPolicy] return action: panda-0 grip=1.0, panda-1 grip=1.0, left_target=[0.141 0.061 0.22 ], right_target=[ 0.264 -0.097  0.22 ]
[DualDiagFreeFallPolicy] phase=8, wait=10, left_tcp=[0.141 0.061 0.169], right_tcp=[ 0.264 -0.097  0.169]
[DualDiagFreeFallPolicy] PHASE 8 -> 40. grippers lifted vertically after free-fall release
[DualDiagFreeFallPolicy] return action: panda-0 grip=1.0, panda-1 grip=1.0, left_target=[0.141 0.061 0.22 ], right_target=[ 0.264 -0.097  0.22 ]
[DualDiagFreeFallPolicy] phase=40, wait=0, left_tcp=[0.141 0.061 0.191], right_tcp=[ 0.264 -0.097  0.191]
  [ep 0, attempt 1] Success at step 127, collected 30 extra steps.
  [Success Rate] overall: 100.0% (1/1) | moving avg (last 1): 100.0%
[ManiLadder Camera] stop_recording target=/mnt/gck_website/maniladder.github.io/generated_demos/DualArmClothAlign-v1/videos/orbit_camera_ep0.mp4
[38;5;159m[Genesis] [08:30:56] [INFO] Saving video to [38;5;121m"/mnt/gck_website/maniladder.github.io/generated_demos/DualArmClothAlign-v1/videos/orbit_camera_ep0.mp4"[0m[38;5;159m...[0m
[38;5;159m[Genesis] [08:30:57] [INFO] Video saved.[0m
  Saved video: /mnt/gck_website/maniladder.github.io/generated_demos/DualArmClothAlign-v1/videos/orbit_camera_ep0.mp4 exists=True
  Videos for episode 0 saved to /mnt/gck_website/maniladder.github.io/generated_demos/DualArmClothAlign-v1/videos

============================================================
Done. 1 demo trajectories (traj_0..traj_0) saved to /mnt/gck_website/maniladder.github.io/generated_demos
Final   [Success Rate] overall: 100.0% (1/1) | moving avg (last 1): 100.0%
============================================================
[38;5;159m[Genesis] [08:30:57] [INFO] 💤 Exiting Genesis and caching compiled kernels...[0m
[W 09/29/26 08:30:57.887 3845242] [offline_cache.h:run@186] Lock /home/gck/.cache/gstaichi/ticache/kernel_compilation_manager/ticache.lock failed. You can run 'ti cache clean -p /home/gck/.cache/gstaichi/ticache/kernel_compilation_manager' and try again.
[W 09/29/26 08:30:58.088 3845242] [kernel_compilation_manager.cpp:dump@104] Lock /home/gck/.cache/gstaichi/ticache/kernel_compilation_manager/ticache.lock failed. Please run 'ti cache clean -p /home/gck/.cache/gstaichi/ticache/kernel_compilation_manager' and try again.
[W 09/29/26 08:30:58.397 3845242] [ptx_cache.cpp:dump@92] Lock /home/gck/.cache/gstaichi/ticache/ptx_cache/ptxcache.lock failed. Please run 'ti cache clean -p /home/gck/.cache/gstaichi/ticache/ptx_cache' and try again.
