[38;5;159m[Genesis] [09:00:31] [INFO] [38;5;121m╭───────────────────────────────────────────────╮[0m[38;5;159m[0m
[38;5;159m[Genesis] [09:00:31] [INFO] [38;5;121m│┈┉┈┉┈┉┈┉┈┉┈┉┈┉┈┉┈┉┈[0m[38;5;159m [38;5;121m[1m[3mGenesis[0m[38;5;159m [38;5;121m┈┉┈┉┈┉┈┉┈┉┈┉┈┉┈┉┈┉┈│[0m[38;5;159m[0m
[38;5;159m[Genesis] [09:00:31] [INFO] [38;5;121m╰───────────────────────────────────────────────╯[0m[38;5;159m[0m
[W 09/29/26 09:00:32.352 4072889] [ptx_cache.cpp:PtxCache@73] Lock /home/gck/.cache/gstaichi/ticache/ptx_cache/ptxcache.lock failed. Please run 'ti cache clean -p /home/gck/.cache/gstaichi/ticache/ptx_cache' and try again.
[38;5;159m[Genesis] [09:00:32] [INFO] Running on [38;5;121m[4m[NVIDIA A100-SXM4-80GB][0m[38;5;159m with backend [38;5;121m[4mgs.cuda[0m[38;5;159m. Device memory: [38;5;121m[4m79.25[0m[38;5;159m GB.[0m
[38;5;159m[Genesis] [09:00:32] [INFO] 🚀 Genesis initialized. 🔖 version: [38;5;121m[4m0.3.6[0m[38;5;159m, 🎨 theme: [38;5;121m[4mdark[0m[38;5;159m, 🌱 seed: [38;5;121m[4mNone[0m[38;5;159m, 🐛 debug: [38;5;121m[4mFalse[0m[38;5;159m, 📏 precision: [38;5;121m[4m32[0m[38;5;159m, 🏎️ performance: [38;5;121m[4mFalse[0m[38;5;159m, 💬 verbose: [38;5;121m[4mINFO[0m[38;5;159m[0m
[38;5;159m[Genesis] [09:00:34] [INFO] Scene [38;5;121m[3m<c1eb622>[0m[38;5;159m created.[0m
[38;5;159m[Genesis] [09:00:34] [INFO] Adding [38;5;121m<gs.RigidEntity>[0m[38;5;159m. idx: [38;5;121m0[0m[38;5;159m, uid: [38;5;121m[3m<246a735>[0m[38;5;159m, morph: [38;5;121m<gs.morphs.URDF(file='/mnt4/gck/maniladder/maniladder/assets/urdf/panda_leaphand/panda_leaphand_left.urdf')>[0m[38;5;159m, material: [38;5;121m<gs.materials.Rigid>[0m[38;5;159m.[0m
[38;5;159m[Genesis] [09:00:38] [INFO] Applying offset to base link's pose with user provided value in morph.[0m
[32m2026-09-29 09:00:39,526 - maniladder  - INFO - only loading the first pose of the given initial pose Pose(raw_pose=tensor([[ 5.0000e-02, -7.0000e-01,  0.0000e+00,  0.0000e+00,  0.0000e+00,
          9.0000e+01]], device='cuda:0')), parallel loading has not been implemented yet.[0m
[38;5;159m[Genesis] [09:00:39] [INFO] Adding [38;5;121m<gs.RigidEntity>[0m[38;5;159m. idx: [38;5;121m1[0m[38;5;159m, uid: [38;5;121m[3m<7af7342>[0m[38;5;159m, morph: [38;5;121m<gs.morphs.URDF(file='/mnt4/gck/maniladder/maniladder/assets/urdf/panda_leaphand/panda_leaphand.urdf')>[0m[38;5;159m, material: [38;5;121m<gs.materials.Rigid>[0m[38;5;159m.[0m
[38;5;159m[Genesis] [09:00:42] [INFO] Applying offset to base link's pose with user provided value in morph.[0m
[32m2026-09-29 09:00:43,939 - maniladder  - INFO - only loading the first pose of the given initial pose Pose(raw_pose=tensor([[ 5.0000e-02,  5.5000e-01,  0.0000e+00,  0.0000e+00,  0.0000e+00,
         -9.0000e+01]], device='cuda:0')), parallel loading has not been implemented yet.[0m
[38;5;159m[Genesis] [09:00:43] [INFO] Adding [38;5;121m<gs.RigidEntity>[0m[38;5;159m. idx: [38;5;121m2[0m[38;5;159m, uid: [38;5;121m[3m<3f5027b>[0m[38;5;159m, morph: [38;5;121m<gs.morphs.Mesh(file='/mnt4/gck/maniladder/maniladder/assets/models/table.glb')>[0m[38;5;159m, material: [38;5;121m<gs.materials.Rigid>[0m[38;5;159m.[0m
[38;5;226m[Genesis] [09:00:43] [WARNING] GLTF is using y-up while Genesis uses z-up. Please set parse_glb_with_zup=True in morph options if you find the mesh is 90-degree rotated. We will set parse_glb_with_zup=True and rotate glb mesh by default later and gradually enforce this option.[0m
/data/gck/miniconda3/envs/maniladder/lib/python3.10/site-packages/pygltflib/__init__.py:830: UserWarning: pygltflib currently does not remove image data from the buffer when converting to data uri.Please open an issue at https://gitlab.com/dodgyville/pygltflib/issues
  warnings.warn("pygltflib currently does not remove image data "
[38;5;159m[Genesis] [09:00:44] [INFO] Adding [38;5;121m<gs.RigidEntity>[0m[38;5;159m. idx: [38;5;121m3[0m[38;5;159m, uid: [38;5;121m[3m<7f823dd>[0m[38;5;159m, morph: [38;5;121m<gs.morphs.Box>[0m[38;5;159m, material: [38;5;121m<gs.materials.Rigid>[0m[38;5;159m.[0m
[38;5;159m[Genesis] [09:00:44] [INFO] Adding [38;5;121m<gs.RigidEntity>[0m[38;5;159m. idx: [38;5;121m4[0m[38;5;159m, uid: [38;5;121m[3m<8148e23>[0m[38;5;159m, morph: [38;5;121m<gs.morphs.Plane>[0m[38;5;159m, material: [38;5;121m<gs.materials.Rigid>[0m[38;5;159m.[0m
[38;5;159m[Genesis] [09:00:44] [INFO] Adding [38;5;121m<gs.RigidEntity>[0m[38;5;159m. idx: [38;5;121m5[0m[38;5;159m, uid: [38;5;121m[3m<5f0241f>[0m[38;5;159m, morph: [38;5;121m<gs.morphs.Box>[0m[38;5;159m, material: [38;5;121m<gs.materials.Rigid>[0m[38;5;159m.[0m
[38;5;159m[Genesis] [09:00:44] [INFO] Adding [38;5;121m<gs.RigidEntity>[0m[38;5;159m. idx: [38;5;121m6[0m[38;5;159m, uid: [38;5;121m[3m<025157c>[0m[38;5;159m, morph: [38;5;121m<gs.morphs.Box>[0m[38;5;159m, material: [38;5;121m<gs.materials.Rigid>[0m[38;5;159m.[0m
[38;5;159m[Genesis] [09:00:44] [INFO] Adding [38;5;121m<gs.RigidEntity>[0m[38;5;159m. idx: [38;5;121m7[0m[38;5;159m, uid: [38;5;121m[3m<d1d2b04>[0m[38;5;159m, morph: [38;5;121m<gs.morphs.Box>[0m[38;5;159m, material: [38;5;121m<gs.materials.Rigid>[0m[38;5;159m.[0m
[38;5;159m[Genesis] [09:00:44] [INFO] Adding [38;5;121m<gs.RigidEntity>[0m[38;5;159m. idx: [38;5;121m8[0m[38;5;159m, uid: [38;5;121m[3m<a1e11bf>[0m[38;5;159m, morph: [38;5;121m<gs.morphs.URDF(file='/mnt4/gck/maniladder/maniladder/assets/models/keyboard/12851/mobility.urdf')>[0m[38;5;159m, material: [38;5;121m<gs.materials.Rigid>[0m[38;5;159m.[0m
[38;5;159m[Genesis] [09:00:46] [INFO] Falling back to legacy URDF parser. Default values of physics properties may be off.[0m
[38;5;159m[Genesis] [09:00:46] [INFO] Applying offset to base link's pose with user provided value in morph.[0m
[38;5;159m[Genesis] [09:00:49] [INFO] Adding [38;5;121m<gs.RigidEntity>[0m[38;5;159m. idx: [38;5;121m9[0m[38;5;159m, uid: [38;5;121m[3m<10d8bc2>[0m[38;5;159m, morph: [38;5;121m<gs.morphs.Box>[0m[38;5;159m, material: [38;5;121m<gs.materials.Rigid>[0m[38;5;159m.[0m
Found 105 valid key joints
[38;5;159m[Genesis] [09:00:49] [INFO] Building scene [38;5;121m[3m<c1eb622>[0m[38;5;159m...[0m
[W 09/29/26 09:00:49.401 4072889] [kernel_compilation_manager.cpp:KernelCompilationManager@69] Lock /home/gck/.cache/gstaichi/ticache/kernel_compilation_manager/ticache.lock failed. Please run 'ti cache clean -p /home/gck/.cache/gstaichi/ticache/kernel_compilation_manager' and try again.
[38;5;226m[Genesis] [09:00:54] [WARNING] Reference robot position exceeds joint limits.[0m
[38;5;226m[Genesis] [09:00:56] [WARNING] max_collision_pairs 500 is smaller than the theoretical maximal possible pairs 36418, it uses less memory but might lead to missing some collision pairs if there are too many collision pairs[0m
[38;5;159m[Genesis] [09:01:08] [INFO] Compiling simulation kernels...[0m
[38;5;159m[Genesis] [09:01:45] [INFO] Building visualizer...[0m
/data/gck/miniconda3/envs/maniladder/lib/python3.10/site-packages/torch/utils/_device.py:109: UserWarning: The given NumPy array is not writable, and PyTorch does not support non-writable tensors. This means writing to this tensor will result in undefined behavior. You may want to copy the array to protect its data or make it writable before converting it to a tensor. This type of warning will be suppressed for the rest of this program. (Triggered internally at /pytorch/torch/csrc/utils/tensor_numpy.cpp:213.)
  return func(*args, **kwargs)
[KeyboardType] cached 105 key world positions; y=[-0.472, +0.438] center=-0.017
[KeyboardType] episode target_text='manipulate' (10 chars) -> KEY_SEQUENCE=[18, 12, 42, 105, 56, 44, 63, 12, 8, 7]
[KbdLog][step=   0] target=link_18  pressed=(none)
Action space: Dict('panda_leaphand-1': Box(-1.0, 1.0, (22,), float32), 'panda_leaphand_left-0': Box(-1.0, 1.0, (22,), float32))
Generating 1 orbit video-only demos → /mnt/gck_website/maniladder.github.io/generated_demos/DualArmKeyboardType-v1
[KeyboardType] episode target_text='grasptask' (9 chars) -> KEY_SEQUENCE=[47, 10, 12, 13, 56, 8, 12, 13, 17]
[KbdLog][step=   0] target=link_47  pressed=(none)
[KbdLog][step=   1] target=link_47  pressed=(none)
  [ep 0/1, attempt 1] step 1/1500  terminated=False  truncated=False
[KbdLog][step=   2] target=link_47  pressed=(none)
[KbdLog][step=   3] target=link_47  pressed=(none)
[KbdLog][step=   4] target=link_47  pressed=(none)
[KbdLog][step=   5] target=link_47  pressed=(none)
[KbdLog][step=   6] target=link_47  pressed=(none)
[KbdLog][step=   7] target=link_47  pressed=(none)
[KbdLog][step=   8] target=link_47  pressed=(none)
[KbdLog][step=   9] target=link_47  pressed=(none)
[KbdLog][step=  10] target=link_47  pressed=(none)
[KbdLog][step=  11] target=link_47  pressed=(none)
[KbdLog][step=  12] target=link_47  pressed=(none)
[KbdLog][step=  13] target=link_47  pressed=(none)
[KbdLog][step=  14] target=link_47  pressed=(none)
[KbdLog][step=  15] target=link_47  pressed=(none)
[KbdLog][step=  16] target=link_47  pressed=(none)
[KbdLog][step=  17] target=link_47  pressed=(none)
[KbdLog][step=  18] target=link_47  pressed=(none)
[KbdLog][step=  19] target=link_47  pressed=(none)
[KbdLog][step=  20] target=link_47  pressed=(none)
[KbdLog][step=  21] target=link_47  pressed=(none)
[KbdLog][step=  22] target=link_47  pressed=(none)
[KbdLog][step=  23] target=link_47  pressed=(none)
[KbdLog][step=  24] target=link_47  pressed=(none)
[KbdLog][step=  25] target=link_47  pressed=(none)
[KbdLog][step=  26] target=link_47  pressed=(none)
[KbdLog][step=  27] target=link_47  pressed=(none)
[KbdLog][step=  28] target=link_47  pressed=(none)
[KbdLog][step=  29] target=link_47  pressed=(none)
[KeyboardType-SP][step=30] global_seq=0/9 side=left key=47 finger=index phase=HOVER tip=[-0.204 -0.288  0.184] target_tip=[-0.143 -0.228  0.184] tip_err=0.085
[KbdLog][step=  30] target=link_47  pressed=(none)
[KbdLog][step=  31] target=link_47  pressed=(none)
[KbdLog][step=  32] target=link_47  pressed=(none)
[KbdLog][step=  33] target=link_47  pressed=(none)
[KbdLog][step=  34] target=link_47  pressed=(none)
[KbdLog][step=  35] target=link_47  pressed=(none)
[KbdLog][step=  36] target=link_47  pressed=(none)
[KbdLog][step=  37] target=link_47  pressed=(none)
[KbdLog][step=  38] target=link_47  pressed=(none)
[KbdLog][step=  39] target=link_47  pressed=(none)
[KbdLog][step=  40] target=link_47  pressed=(none)
[KbdLog][step=  41] target=link_47  pressed=(none)
[KbdLog][step=  42] target=link_47  pressed=(none)
[KbdLog][step=  43] target=link_47  pressed=(none)
[KbdLog][step=  44] target=link_47  pressed=(none)
[KbdLog][step=  45] target=link_47  pressed=(none)
[KbdLog][step=  46] target=link_47  pressed=(none)
[KbdLog][step=  47] target=link_47  pressed=(none)
[KbdLog][step=  48] target=link_47  pressed=(none)
[KbdLog][step=  49] target=link_47  pressed=(none)
[KbdLog][step=  50] target=link_47  pressed=(none)
[KbdLog][step=  51] target=link_47  pressed=(none)
[KbdLog][step=  52] target=link_47  pressed=(none)
[KbdLog][step=  53] target=link_47  pressed=(none)
[KbdLog][step=  54] target=link_47  pressed=(none)
[KbdLog][step=  55] target=link_47  pressed=(none)
[KbdLog][step=  56] target=link_47  pressed=(none)
[KbdLog][step=  57] target=link_47  pressed=(none)
[KbdLog][step=  58] target=link_47  pressed=(none)
[KbdLog][step=  59] target=link_47  pressed=(none)
[KeyboardType-SP][step=60] global_seq=0/9 side=left key=47 finger=index phase=DESCEND tip=[-0.145 -0.231  0.175] target_tip=[-0.143 -0.228  0.109] tip_err=0.067
[KbdLog][step=  60] target=link_47  pressed=(none)
[KbdLog][step=  61] target=link_47  pressed=(none)
[KbdLog][step=  62] target=link_47  pressed=(none)
[KbdLog][step=  63] target=link_47  pressed=(none)
[KbdLog][step=  64] target=link_47  pressed=(none)
[KbdLog][step=  65] target=link_47  pressed=(none)
[KbdLog][step=  66] target=link_47  pressed=(none)
[KbdLog][step=  67] target=link_47  pressed=(none)
[KbdLog][step=  68] target=link_47  pressed=(none)
[KbdLog][step=  69] target=link_47  pressed=(none)
[KbdLog][step=  70] target=link_47  pressed=(none)
[KbdLog][step=  71] target=link_47  pressed=(none)
[KbdLog][step=  72] target=link_47  pressed=(none)
[KbdLog][step=  73] target=link_47  pressed=(none)
[KbdLog][step=  74] target=link_47  pressed=(none)
[KbdLog][step=  75] target=link_47  pressed=(none)
[KbdLog][step=  76] target=link_47  pressed=(none)
[KbdLog][step=  77] target=link_47  pressed=(none)
[KbdLog][step=  78] target=link_47  pressed=(none)
[KbdLog][step=  79] target=link_47  pressed=(none)
[KbdLog][step=  80] target=link_47  pressed=(none)
[KbdLog][step=  81] target=link_47  pressed=(none)
[KbdLog][step=  82] target=link_47  pressed=(none)
[KbdLog][step=  83] target=link_47  pressed=(none)
[KbdLog][step=  84] target=link_47  pressed=(none)
[KbdLog][step=  85] target=link_47  pressed=(none)
[KbdLog][step=  86] target=link_47  pressed=(none)
[KbdLog][step=  87] target=link_47  pressed=(none)
[KbdLog][step=  88] target=link_47  pressed=(none)
[KbdLog][step=  89] target=link_47  pressed=link_47(0.0028)
[KeyboardType-SP][step=90] global_seq=0/9 side=left key=47 finger=index phase=PRESS tip=[-0.137 -0.228  0.092] target_tip=[-0.143 -0.228  0.109] tip_err=0.017
[KbdLog][step=  90] target=link_47  pressed=link_47(0.0123)
[KbdLog][step=  91] target=link_10  pressed=link_47(0.0121)
[KbdLog][step=  92] target=link_10  pressed=link_47(0.0120)
[KbdLog][step=  93] target=link_10  pressed=link_47(0.0119)
[KbdLog][step=  94] target=link_10  pressed=link_47(0.0119)
[KbdLog][step=  95] target=link_10  pressed=link_47(0.0119)
[KbdLog][step=  96] target=link_10  pressed=link_47(0.0118)
[KbdLog][step=  97] target=link_10  pressed=link_47(0.0118)
[KbdLog][step=  98] target=link_10  pressed=link_47(0.0117)
[KbdLog][step=  99] target=link_10  pressed=link_47(0.0102)
[KbdLog][step= 100] target=link_10  pressed=link_47(0.0081)
[KbdLog][step= 101] target=link_10  pressed=link_47(0.0064)
  [ep 0/1, attempt 1] step 101/1500  terminated=False  truncated=False
[KbdLog][step= 102] target=link_10  pressed=link_47(0.0051)
[KbdLog][step= 103] target=link_10  pressed=link_47(0.0042)
[KbdLog][step= 104] target=link_10  pressed=link_47(0.0034)
[KbdLog][step= 105] target=link_10  pressed=link_47(0.0029)
[KbdLog][step= 106] target=link_10  pressed=link_47(0.0025)
[KbdLog][step= 107] target=link_10  pressed=link_47(0.0021)
[KbdLog][step= 108] target=link_10  pressed=link_47(0.0019)
[KbdLog][step= 109] target=link_10  pressed=link_47(0.0017)
[KbdLog][step= 110] target=link_10  pressed=link_47(0.0016)
[KbdLog][step= 111] target=link_10  pressed=(none)
[KbdLog][step= 112] target=link_10  pressed=(none)
[KbdLog][step= 113] target=link_10  pressed=(none)
[KbdLog][step= 114] target=link_10  pressed=(none)
[KbdLog][step= 115] target=link_10  pressed=(none)
[KbdLog][step= 116] target=link_10  pressed=(none)
[KbdLog][step= 117] target=link_10  pressed=(none)
[KbdLog][step= 118] target=link_10  pressed=(none)
[KbdLog][step= 119] target=link_10  pressed=(none)
[KeyboardType-SP][step=120] global_seq=1/9 side=left key=10 finger=index phase=HOVER tip=[-0.175 -0.261  0.151] target_tip=[-0.185 -0.285  0.187] tip_err=0.045
[KbdLog][step= 120] target=link_10  pressed=(none)
[KbdLog][step= 121] target=link_10  pressed=(none)
[KbdLog][step= 122] target=link_10  pressed=(none)
[KbdLog][step= 123] target=link_10  pressed=(none)
[KbdLog][step= 124] target=link_10  pressed=(none)
[KbdLog][step= 125] target=link_10  pressed=(none)
[KbdLog][step= 126] target=link_10  pressed=(none)
[KbdLog][step= 127] target=link_10  pressed=(none)
[KbdLog][step= 128] target=link_10  pressed=(none)
[KbdLog][step= 129] target=link_10  pressed=(none)
[KbdLog][step= 130] target=link_10  pressed=(none)
[KbdLog][step= 131] target=link_10  pressed=(none)
[KbdLog][step= 132] target=link_10  pressed=(none)
[KbdLog][step= 133] target=link_10  pressed=(none)
[KbdLog][step= 134] target=link_10  pressed=(none)
[KbdLog][step= 135] target=link_10  pressed=(none)
[KbdLog][step= 136] target=link_10  pressed=(none)
[KbdLog][step= 137] target=link_10  pressed=(none)
[KbdLog][step= 138] target=link_10  pressed=(none)
[KbdLog][step= 139] target=link_10  pressed=(none)
[KbdLog][step= 140] target=link_10  pressed=(none)
[KbdLog][step= 141] target=link_10  pressed=(none)
[KbdLog][step= 142] target=link_10  pressed=(none)
[KbdLog][step= 143] target=link_10  pressed=(none)
[KbdLog][step= 144] target=link_10  pressed=(none)
[KbdLog][step= 145] target=link_10  pressed=(none)
[KbdLog][step= 146] target=link_10  pressed=(none)
[KbdLog][step= 147] target=link_10  pressed=link_10(0.0025)
[KbdLog][step= 148] target=link_10  pressed=link_10(0.0119)
[KbdLog][step= 149] target=link_12  pressed=link_10(0.0116)
[KeyboardType-SP][step=150] global_seq=1/9 side=left key=10 finger=index phase=PRESS tip=[-0.176 -0.286  0.088] target_tip=[-0.185 -0.285  0.112] tip_err=0.026
[KbdLog][step= 150] target=link_12  pressed=link_10(0.0115)
[KbdLog][step= 151] target=link_12  pressed=link_10(0.0115)
[KbdLog][step= 152] target=link_12  pressed=link_10(0.0114)
[KbdLog][step= 153] target=link_12  pressed=link_10(0.0114)
[KbdLog][step= 154] target=link_12  pressed=link_10(0.0114)
[KbdLog][step= 155] target=link_12  pressed=link_10(0.0113)
[KbdLog][step= 156] target=link_12  pressed=link_10(0.0113)
[KbdLog][step= 157] target=link_12  pressed=link_10(0.0098)
[KbdLog][step= 158] target=link_12  pressed=link_10(0.0077)
[KbdLog][step= 159] target=link_12  pressed=link_10(0.0062)
[KbdLog][step= 160] target=link_12  pressed=link_10(0.0050)
[KbdLog][step= 161] target=link_12  pressed=link_10(0.0040)
[KbdLog][step= 162] target=link_12  pressed=link_10(0.0033)
[KbdLog][step= 163] target=link_12  pressed=link_10(0.0028)
[KbdLog][step= 164] target=link_12  pressed=link_10(0.0024)
[KbdLog][step= 165] target=link_12  pressed=link_10(0.0021)
[KbdLog][step= 166] target=link_12  pressed=link_10(0.0019)
[KbdLog][step= 167] target=link_12  pressed=link_10(0.0017)
[KbdLog][step= 168] target=link_12  pressed=link_10(0.0016)
[KbdLog][step= 169] target=link_12  pressed=(none)
[KbdLog][step= 170] target=link_12  pressed=(none)
[KbdLog][step= 171] target=link_12  pressed=(none)
[KbdLog][step= 172] target=link_12  pressed=(none)
[KbdLog][step= 173] target=link_12  pressed=(none)
[KbdLog][step= 174] target=link_12  pressed=(none)
[KbdLog][step= 175] target=link_12  pressed=(none)
[KbdLog][step= 176] target=link_12  pressed=(none)
[KbdLog][step= 177] target=link_12  pressed=(none)
[KbdLog][step= 178] target=link_12  pressed=(none)
[KbdLog][step= 179] target=link_12  pressed=(none)
[KeyboardType-SP][step=180] global_seq=2/9 side=left key=12 finger=ring phase=DESCEND tip=[-0.15  -0.394  0.143] target_tip=[-0.145 -0.395  0.11 ] tip_err=0.033
[KbdLog][step= 180] target=link_12  pressed=(none)
[KbdLog][step= 181] target=link_12  pressed=(none)
[KbdLog][step= 182] target=link_12  pressed=(none)
[KbdLog][step= 183] target=link_12  pressed=(none)
[KbdLog][step= 184] target=link_12  pressed=(none)
[KbdLog][step= 185] target=link_12  pressed=(none)
[KbdLog][step= 186] target=link_12  pressed=(none)
[KbdLog][step= 187] target=link_12  pressed=(none)
[KbdLog][step= 188] target=link_12  pressed=(none)
[KbdLog][step= 189] target=link_12  pressed=(none)
[KbdLog][step= 190] target=link_12  pressed=(none)
[KbdLog][step= 191] target=link_12  pressed=(none)
[KbdLog][step= 192] target=link_12  pressed=(none)
[KbdLog][step= 193] target=link_12  pressed=link_12(0.0046)
[KbdLog][step= 194] target=link_12  pressed=link_12(0.0136)
[KbdLog][step= 195] target=link_13  pressed=link_12(0.0130)
[KbdLog][step= 196] target=link_13  pressed=link_12(0.0130)
[KbdLog][step= 197] target=link_13  pressed=link_12(0.0129)
[KbdLog][step= 198] target=link_13  pressed=link_12(0.0129)
[KbdLog][step= 199] target=link_13  pressed=link_12(0.0128)
[KbdLog][step= 200] target=link_13  pressed=link_12(0.0128)
[KbdLog][step= 201] target=link_13  pressed=link_12(0.0128)
  [ep 0/1, attempt 1] step 201/1500  terminated=False  truncated=False
[KbdLog][step= 202] target=link_13  pressed=link_12(0.0127)
[KbdLog][step= 203] target=link_13  pressed=link_12(0.0110)
[KbdLog][step= 204] target=link_13  pressed=link_12(0.0087)
[KbdLog][step= 205] target=link_13  pressed=link_12(0.0069)
[KbdLog][step= 206] target=link_13  pressed=link_12(0.0055)
[KbdLog][step= 207] target=link_13  pressed=link_12(0.0045)
[KbdLog][step= 208] target=link_13  pressed=link_12(0.0037)
[KbdLog][step= 209] target=link_13  pressed=link_12(0.0031)
[KeyboardType-SP][step=210] global_seq=3/9 side=left key=13 finger=ring phase=HOVER tip=[-0.145 -0.391  0.123] target_tip=[-0.145 -0.353  0.185] tip_err=0.073
[KbdLog][step= 210] target=link_13  pressed=link_12(0.0026)
[KbdLog][step= 211] target=link_13  pressed=link_12(0.0022)
[KbdLog][step= 212] target=link_13  pressed=link_12(0.0020)
[KbdLog][step= 213] target=link_13  pressed=link_12(0.0018)
[KbdLog][step= 214] target=link_13  pressed=link_12(0.0016)
[KbdLog][step= 215] target=link_13  pressed=(none)
[KbdLog][step= 216] target=link_13  pressed=(none)
[KbdLog][step= 217] target=link_13  pressed=(none)
[KbdLog][step= 218] target=link_13  pressed=(none)
[KbdLog][step= 219] target=link_13  pressed=(none)
[KbdLog][step= 220] target=link_13  pressed=(none)
[KbdLog][step= 221] target=link_13  pressed=(none)
[KbdLog][step= 222] target=link_13  pressed=(none)
[KbdLog][step= 223] target=link_13  pressed=(none)
[KbdLog][step= 224] target=link_13  pressed=(none)
[KbdLog][step= 225] target=link_13  pressed=(none)
[KbdLog][step= 226] target=link_13  pressed=(none)
[KbdLog][step= 227] target=link_13  pressed=(none)
[KbdLog][step= 228] target=link_13  pressed=(none)
[KbdLog][step= 229] target=link_13  pressed=(none)
[KbdLog][step= 230] target=link_13  pressed=(none)
[KbdLog][step= 231] target=link_13  pressed=(none)
[KbdLog][step= 232] target=link_13  pressed=(none)
[KbdLog][step= 233] target=link_13  pressed=(none)
[KbdLog][step= 234] target=link_13  pressed=(none)
[KbdLog][step= 235] target=link_13  pressed=(none)
[KbdLog][step= 236] target=link_13  pressed=(none)
[KbdLog][step= 237] target=link_13  pressed=(none)
[KbdLog][step= 238] target=link_13  pressed=(none)
[KbdLog][step= 239] target=link_13  pressed=link_13(0.0027)
[KeyboardType-SP][step=240] global_seq=3/9 side=left key=13 finger=ring phase=PRESS tip=[-0.14  -0.354  0.094] target_tip=[-0.145 -0.353  0.11 ] tip_err=0.017
[KbdLog][step= 240] target=link_13  pressed=link_13(0.0122)
[KbdLog][step= 241] target=link_56  pressed=link_13(0.0119)
[KbdLog][step= 242] target=link_56  pressed=link_13(0.0118)
[KbdLog][step= 243] target=link_56  pressed=link_13(0.0118)
[KbdLog][step= 244] target=link_56  pressed=link_13(0.0118)
[KbdLog][step= 245] target=link_56  pressed=link_13(0.0117)
[KbdLog][step= 246] target=link_56  pressed=link_13(0.0117)
[KbdLog][step= 247] target=link_56  pressed=link_13(0.0117)
[KbdLog][step= 248] target=link_56  pressed=link_13(0.0116)
[KbdLog][step= 249] target=link_56  pressed=link_13(0.0100)
[KbdLog][step= 250] target=link_56  pressed=link_13(0.0080)
[KbdLog][step= 251] target=link_56  pressed=link_13(0.0063)
[KbdLog][step= 252] target=link_56  pressed=link_13(0.0051)
[KbdLog][step= 253] target=link_56  pressed=link_13(0.0041)
[KbdLog][step= 254] target=link_56  pressed=link_13(0.0034)
[KbdLog][step= 255] target=link_56  pressed=link_13(0.0029)
[KbdLog][step= 256] target=link_56  pressed=link_13(0.0025)
[KbdLog][step= 257] target=link_56  pressed=link_13(0.0021)
[KbdLog][step= 258] target=link_56  pressed=link_13(0.0019)
[KbdLog][step= 259] target=link_56  pressed=link_13(0.0017)
[KbdLog][step= 260] target=link_56  pressed=link_13(0.0016)
[KbdLog][step= 261] target=link_56  pressed=(none)
[KbdLog][step= 262] target=link_56  pressed=(none)
[KbdLog][step= 263] target=link_56  pressed=(none)
[KbdLog][step= 264] target=link_56  pressed=(none)
[KbdLog][step= 265] target=link_56  pressed=(none)
[KbdLog][step= 266] target=link_56  pressed=(none)
[KbdLog][step= 267] target=link_56  pressed=(none)
[KbdLog][step= 268] target=link_56  pressed=(none)
[KbdLog][step= 269] target=link_56  pressed=(none)
[KeyboardType-SP][step=270] global_seq=4/9 side=right key=56 finger=ring phase=DESCEND tip=[-0.181 -0.036  0.155] target_tip=[-0.181 -0.036  0.11 ] tip_err=0.044
[KbdLog][step= 270] target=link_56  pressed=(none)
[KbdLog][step= 271] target=link_56  pressed=(none)
[KbdLog][step= 272] target=link_56  pressed=(none)
[KbdLog][step= 273] target=link_56  pressed=(none)
[KbdLog][step= 274] target=link_56  pressed=(none)
[KbdLog][step= 275] target=link_56  pressed=(none)
[KbdLog][step= 276] target=link_56  pressed=(none)
[KbdLog][step= 277] target=link_56  pressed=(none)
[KbdLog][step= 278] target=link_56  pressed=(none)
[KbdLog][step= 279] target=link_56  pressed=(none)
[KbdLog][step= 280] target=link_56  pressed=(none)
[KbdLog][step= 281] target=link_56  pressed=(none)
[KbdLog][step= 282] target=link_56  pressed=(none)
[KbdLog][step= 283] target=link_56  pressed=(none)
[KbdLog][step= 284] target=link_56  pressed=(none)
[KbdLog][step= 285] target=link_56  pressed=(none)
[KbdLog][step= 286] target=link_56  pressed=(none)
[KbdLog][step= 287] target=link_56  pressed=(none)
[KbdLog][step= 288] target=link_56  pressed=link_56(0.0028)
[KbdLog][step= 289] target=link_56  pressed=link_56(0.0126)
[KbdLog][step= 290] target=link_8  pressed=link_56(0.0121)
[KbdLog][step= 291] target=link_8  pressed=link_56(0.0119)
[KbdLog][step= 292] target=link_8  pressed=link_56(0.0119)
[KbdLog][step= 293] target=link_8  pressed=link_56(0.0119)
[KbdLog][step= 294] target=link_8  pressed=link_56(0.0118)
[KbdLog][step= 295] target=link_8  pressed=link_56(0.0118)
[KbdLog][step= 296] target=link_8  pressed=link_56(0.0117)
[KbdLog][step= 297] target=link_8  pressed=link_56(0.0117)
[KbdLog][step= 298] target=link_8  pressed=link_56(0.0101)
[KbdLog][step= 299] target=link_8  pressed=link_56(0.0080)
[KeyboardType-SP][step=300] global_seq=4/9 side=right key=56 finger=ring phase=RELEASE tip=[-0.179 -0.036  0.103] target_tip=[-0.181 -0.036  0.11 ] tip_err=0.007
[KbdLog][step= 300] target=link_8  pressed=link_56(0.0064)
[KbdLog][step= 301] target=link_8  pressed=link_56(0.0051)
  [ep 0/1, attempt 1] step 301/1500  terminated=False  truncated=False
[KbdLog][step= 302] target=link_8  pressed=link_56(0.0042)
[KbdLog][step= 303] target=link_8  pressed=link_56(0.0034)
[KbdLog][step= 304] target=link_8  pressed=link_56(0.0029)
[KbdLog][step= 305] target=link_8  pressed=link_56(0.0025)
[KbdLog][step= 306] target=link_8  pressed=link_56(0.0021)
[KbdLog][step= 307] target=link_8  pressed=link_56(0.0019)
[KbdLog][step= 308] target=link_8  pressed=link_56(0.0017)
[KbdLog][step= 309] target=link_8  pressed=link_56(0.0016)
[KbdLog][step= 310] target=link_8  pressed=(none)
[KbdLog][step= 311] target=link_8  pressed=(none)
[KbdLog][step= 312] target=link_8  pressed=(none)
[KbdLog][step= 313] target=link_8  pressed=(none)
[KbdLog][step= 314] target=link_8  pressed=(none)
[KbdLog][step= 315] target=link_8  pressed=(none)
[KbdLog][step= 316] target=link_8  pressed=(none)
[KbdLog][step= 317] target=link_8  pressed=(none)
[KbdLog][step= 318] target=link_8  pressed=(none)
[KbdLog][step= 319] target=link_8  pressed=(none)
[KbdLog][step= 320] target=link_8  pressed=(none)
[KbdLog][step= 321] target=link_8  pressed=(none)
[KbdLog][step= 322] target=link_8  pressed=(none)
[KbdLog][step= 323] target=link_8  pressed=(none)
[KbdLog][step= 324] target=link_8  pressed=(none)
[KbdLog][step= 325] target=link_8  pressed=(none)
[KbdLog][step= 326] target=link_8  pressed=(none)
[KbdLog][step= 327] target=link_8  pressed=(none)
[KbdLog][step= 328] target=link_8  pressed=(none)
[KbdLog][step= 329] target=link_8  pressed=(none)
[KeyboardType-SP][step=330] global_seq=5/9 side=left key=8 finger=index phase=HOVER tip=[-0.185 -0.284  0.187] target_tip=[-0.184 -0.244  0.187] tip_err=0.040
[KbdLog][step= 330] target=link_8  pressed=(none)
[KbdLog][step= 331] target=link_8  pressed=(none)
[KbdLog][step= 332] target=link_8  pressed=(none)
[KbdLog][step= 333] target=link_8  pressed=(none)
[KbdLog][step= 334] target=link_8  pressed=(none)
[KbdLog][step= 335] target=link_8  pressed=(none)
[KbdLog][step= 336] target=link_8  pressed=(none)
[KbdLog][step= 337] target=link_8  pressed=(none)
[KbdLog][step= 338] target=link_8  pressed=(none)
[KbdLog][step= 339] target=link_8  pressed=(none)
[KbdLog][step= 340] target=link_8  pressed=(none)
[KbdLog][step= 341] target=link_8  pressed=(none)
[KbdLog][step= 342] target=link_8  pressed=(none)
[KbdLog][step= 343] target=link_8  pressed=(none)
[KbdLog][step= 344] target=link_8  pressed=(none)
[KbdLog][step= 345] target=link_8  pressed=(none)
[KbdLog][step= 346] target=link_8  pressed=(none)
[KbdLog][step= 347] target=link_8  pressed=(none)
[KbdLog][step= 348] target=link_8  pressed=(none)
[KbdLog][step= 349] target=link_8  pressed=(none)
[KbdLog][step= 350] target=link_8  pressed=(none)
[KbdLog][step= 351] target=link_8  pressed=(none)
[KbdLog][step= 352] target=link_8  pressed=(none)
[KbdLog][step= 353] target=link_8  pressed=(none)
[KbdLog][step= 354] target=link_8  pressed=(none)
[KbdLog][step= 355] target=link_8  pressed=(none)
[KbdLog][step= 356] target=link_8  pressed=(none)
[KbdLog][step= 357] target=link_8  pressed=(none)
[KbdLog][step= 358] target=link_8  pressed=(none)
[KbdLog][step= 359] target=link_8  pressed=(none)
[KeyboardType-SP][step=360] global_seq=5/9 side=left key=8 finger=index phase=DESCEND tip=[-0.184 -0.244  0.154] target_tip=[-0.184 -0.244  0.112] tip_err=0.042
[KbdLog][step= 360] target=link_8  pressed=(none)
[KbdLog][step= 361] target=link_8  pressed=(none)
[KbdLog][step= 362] target=link_8  pressed=(none)
[KbdLog][step= 363] target=link_8  pressed=(none)
[KbdLog][step= 364] target=link_8  pressed=(none)
[KbdLog][step= 365] target=link_8  pressed=(none)
[KbdLog][step= 366] target=link_8  pressed=(none)
[KbdLog][step= 367] target=link_8  pressed=(none)
[KbdLog][step= 368] target=link_8  pressed=(none)
[KbdLog][step= 369] target=link_8  pressed=(none)
[KbdLog][step= 370] target=link_8  pressed=(none)
[KbdLog][step= 371] target=link_8  pressed=(none)
[KbdLog][step= 372] target=link_8  pressed=(none)
[KbdLog][step= 373] target=link_8  pressed=(none)
[KbdLog][step= 374] target=link_8  pressed=(none)
[KbdLog][step= 375] target=link_8  pressed=(none)
[KbdLog][step= 376] target=link_8  pressed=(none)
[KbdLog][step= 377] target=link_8  pressed=link_8(0.0027)
[KbdLog][step= 378] target=link_8  pressed=link_8(0.0123)
[KbdLog][step= 379] target=link_12  pressed=link_8(0.0119)
[KbdLog][step= 380] target=link_12  pressed=link_8(0.0119)
[KbdLog][step= 381] target=link_12  pressed=link_8(0.0119)
[KbdLog][step= 382] target=link_12  pressed=link_8(0.0119)
[KbdLog][step= 383] target=link_12  pressed=link_8(0.0118)
[KbdLog][step= 384] target=link_12  pressed=link_8(0.0118)
[KbdLog][step= 385] target=link_12  pressed=link_8(0.0118)
[KbdLog][step= 386] target=link_12  pressed=link_8(0.0117)
[KbdLog][step= 387] target=link_12  pressed=link_8(0.0101)
[KbdLog][step= 388] target=link_12  pressed=link_8(0.0080)
[KbdLog][step= 389] target=link_12  pressed=link_8(0.0064)
[KeyboardType-SP][step=390] global_seq=5/9 side=left key=8 finger=index phase=RELEASE tip=[-0.184 -0.244  0.114] target_tip=[-0.184 -0.244  0.112] tip_err=0.002
[KbdLog][step= 390] target=link_12  pressed=link_8(0.0051)
[KbdLog][step= 391] target=link_12  pressed=link_8(0.0042)
[KbdLog][step= 392] target=link_12  pressed=link_8(0.0034)
[KbdLog][step= 393] target=link_12  pressed=link_8(0.0029)
[KbdLog][step= 394] target=link_12  pressed=link_8(0.0025)
[KbdLog][step= 395] target=link_12  pressed=link_8(0.0021)
[KbdLog][step= 396] target=link_12  pressed=link_8(0.0019)
[KbdLog][step= 397] target=link_12  pressed=link_8(0.0017)
[KbdLog][step= 398] target=link_12  pressed=link_8(0.0016)
[KbdLog][step= 399] target=link_12  pressed=(none)
[KbdLog][step= 400] target=link_12  pressed=(none)
[KbdLog][step= 401] target=link_12  pressed=(none)
  [ep 0/1, attempt 1] step 401/1500  terminated=False  truncated=False
[KbdLog][step= 402] target=link_12  pressed=(none)
[KbdLog][step= 403] target=link_12  pressed=(none)
[KbdLog][step= 404] target=link_12  pressed=(none)
[KbdLog][step= 405] target=link_12  pressed=(none)
[KbdLog][step= 406] target=link_12  pressed=(none)
[KbdLog][step= 407] target=link_12  pressed=(none)
[KbdLog][step= 408] target=link_12  pressed=(none)
[KbdLog][step= 409] target=link_12  pressed=(none)
[KbdLog][step= 410] target=link_12  pressed=(none)
[KbdLog][step= 411] target=link_12  pressed=(none)
[KbdLog][step= 412] target=link_12  pressed=(none)
[KbdLog][step= 413] target=link_12  pressed=(none)
[KbdLog][step= 414] target=link_12  pressed=(none)
[KbdLog][step= 415] target=link_12  pressed=(none)
[KbdLog][step= 416] target=link_12  pressed=(none)
[KbdLog][step= 417] target=link_12  pressed=(none)
[KbdLog][step= 418] target=link_12  pressed=(none)
[KbdLog][step= 419] target=link_12  pressed=(none)
[KeyboardType-SP][step=420] global_seq=6/9 side=left key=12 finger=ring phase=DESCEND tip=[-0.146 -0.39   0.163] target_tip=[-0.145 -0.395  0.11 ] tip_err=0.053
[KbdLog][step= 420] target=link_12  pressed=(none)
[KbdLog][step= 421] target=link_12  pressed=(none)
[KbdLog][step= 422] target=link_12  pressed=(none)
[KbdLog][step= 423] target=link_12  pressed=(none)
[KbdLog][step= 424] target=link_12  pressed=(none)
[KbdLog][step= 425] target=link_12  pressed=(none)
[KbdLog][step= 426] target=link_12  pressed=(none)
[KbdLog][step= 427] target=link_12  pressed=(none)
[KbdLog][step= 428] target=link_12  pressed=(none)
[KbdLog][step= 429] target=link_12  pressed=(none)
[KbdLog][step= 430] target=link_12  pressed=(none)
[KbdLog][step= 431] target=link_12  pressed=(none)
[KbdLog][step= 432] target=link_12  pressed=(none)
[KbdLog][step= 433] target=link_12  pressed=(none)
[KbdLog][step= 434] target=link_12  pressed=(none)
[KbdLog][step= 435] target=link_12  pressed=(none)
[KbdLog][step= 436] target=link_12  pressed=(none)
[KbdLog][step= 437] target=link_12  pressed=(none)
[KbdLog][step= 438] target=link_12  pressed=(none)
[KbdLog][step= 439] target=link_12  pressed=(none)
[KbdLog][step= 440] target=link_12  pressed=(none)
[KbdLog][step= 441] target=link_12  pressed=(none)
[KbdLog][step= 442] target=link_12  pressed=link_12(0.0025)
[KbdLog][step= 443] target=link_12  pressed=link_12(0.0119)
[KbdLog][step= 444] target=link_13  pressed=link_12(0.0116)
[KbdLog][step= 445] target=link_13  pressed=link_12(0.0115)
[KbdLog][step= 446] target=link_13  pressed=link_12(0.0115)
[KbdLog][step= 447] target=link_13  pressed=link_12(0.0114)
[KbdLog][step= 448] target=link_13  pressed=link_12(0.0114)
[KbdLog][step= 449] target=link_13  pressed=link_12(0.0114)
[KeyboardType-SP][step=450] global_seq=6/9 side=left key=12 finger=ring phase=PRESS tip=[-0.137 -0.395  0.086] target_tip=[-0.145 -0.395  0.11 ] tip_err=0.025
[KbdLog][step= 450] target=link_13  pressed=link_12(0.0113)
[KbdLog][step= 451] target=link_13  pressed=link_12(0.0113)
[KbdLog][step= 452] target=link_13  pressed=link_12(0.0097)
[KbdLog][step= 453] target=link_13  pressed=link_12(0.0077)
[KbdLog][step= 454] target=link_13  pressed=link_12(0.0062)
[KbdLog][step= 455] target=link_13  pressed=link_12(0.0050)
[KbdLog][step= 456] target=link_13  pressed=link_12(0.0040)
[KbdLog][step= 457] target=link_13  pressed=link_12(0.0033)
[KbdLog][step= 458] target=link_13  pressed=link_12(0.0028)
[KbdLog][step= 459] target=link_13  pressed=link_12(0.0024)
[KbdLog][step= 460] target=link_13  pressed=link_12(0.0021)
[KbdLog][step= 461] target=link_13  pressed=link_12(0.0019)
[KbdLog][step= 462] target=link_13  pressed=link_12(0.0017)
[KbdLog][step= 463] target=link_13  pressed=link_12(0.0016)
[KbdLog][step= 464] target=link_13  pressed=(none)
[KbdLog][step= 465] target=link_13  pressed=(none)
[KbdLog][step= 466] target=link_13  pressed=(none)
[KbdLog][step= 467] target=link_13  pressed=(none)
[KbdLog][step= 468] target=link_13  pressed=(none)
[KbdLog][step= 469] target=link_13  pressed=(none)
[KbdLog][step= 470] target=link_13  pressed=(none)
[KbdLog][step= 471] target=link_13  pressed=(none)
[KbdLog][step= 472] target=link_13  pressed=(none)
[KbdLog][step= 473] target=link_13  pressed=(none)
[KbdLog][step= 474] target=link_13  pressed=(none)
[KbdLog][step= 475] target=link_13  pressed=(none)
[KbdLog][step= 476] target=link_13  pressed=(none)
[KbdLog][step= 477] target=link_13  pressed=(none)
[KbdLog][step= 478] target=link_13  pressed=(none)
[KbdLog][step= 479] target=link_13  pressed=(none)
[KeyboardType-SP][step=480] global_seq=7/9 side=left key=13 finger=ring phase=DESCEND tip=[-0.145 -0.355  0.135] target_tip=[-0.145 -0.353  0.11 ] tip_err=0.025
[KbdLog][step= 480] target=link_13  pressed=(none)
[KbdLog][step= 481] target=link_13  pressed=(none)
[KbdLog][step= 482] target=link_13  pressed=(none)
[KbdLog][step= 483] target=link_13  pressed=(none)
[KbdLog][step= 484] target=link_13  pressed=(none)
[KbdLog][step= 485] target=link_13  pressed=(none)
[KbdLog][step= 486] target=link_13  pressed=(none)
[KbdLog][step= 487] target=link_13  pressed=(none)
[KbdLog][step= 488] target=link_13  pressed=(none)
[KbdLog][step= 489] target=link_13  pressed=link_13(0.0029)
[KbdLog][step= 490] target=link_13  pressed=link_13(0.0130)
[KbdLog][step= 491] target=link_17  pressed=link_13(0.0126)
[KbdLog][step= 492] target=link_17  pressed=link_13(0.0125)
[KbdLog][step= 493] target=link_17  pressed=link_13(0.0124)
[KbdLog][step= 494] target=link_17  pressed=link_13(0.0124)
[KbdLog][step= 495] target=link_17  pressed=link_13(0.0124)
[KbdLog][step= 496] target=link_17  pressed=link_13(0.0123)
[KbdLog][step= 497] target=link_17  pressed=link_13(0.0123)
[KbdLog][step= 498] target=link_17  pressed=link_13(0.0122)
[KbdLog][step= 499] target=link_17  pressed=link_13(0.0105)
[KbdLog][step= 500] target=link_17  pressed=link_13(0.0083)
[KbdLog][step= 501] target=link_17  pressed=link_13(0.0066)
  [ep 0/1, attempt 1] step 501/1500  terminated=False  truncated=False
[KbdLog][step= 502] target=link_17  pressed=link_13(0.0053)
[KbdLog][step= 503] target=link_17  pressed=link_13(0.0043)
[KbdLog][step= 504] target=link_17  pressed=link_13(0.0035)
[KbdLog][step= 505] target=link_17  pressed=link_13(0.0030)
[KbdLog][step= 506] target=link_17  pressed=link_13(0.0025)
[KbdLog][step= 507] target=link_17  pressed=link_13(0.0022)
[KbdLog][step= 508] target=link_17  pressed=link_13(0.0019)
[KbdLog][step= 509] target=link_17  pressed=link_13(0.0017)
[KeyboardType-SP][step=510] global_seq=8/9 side=right key=17 finger=middle phase=HOVER tip=[-0.169 -0.093  0.183] target_tip=[-0.14  -0.103  0.183] tip_err=0.030
[KbdLog][step= 510] target=link_17  pressed=link_13(0.0016)
[KbdLog][step= 511] target=link_17  pressed=(none)
[KbdLog][step= 512] target=link_17  pressed=(none)
[KbdLog][step= 513] target=link_17  pressed=(none)
[KbdLog][step= 514] target=link_17  pressed=(none)
[KbdLog][step= 515] target=link_17  pressed=(none)
[KbdLog][step= 516] target=link_17  pressed=(none)
[KbdLog][step= 517] target=link_17  pressed=(none)
[KbdLog][step= 518] target=link_17  pressed=(none)
[KbdLog][step= 519] target=link_17  pressed=(none)
[KbdLog][step= 520] target=link_17  pressed=(none)
[KbdLog][step= 521] target=link_17  pressed=(none)
[KbdLog][step= 522] target=link_17  pressed=(none)
[KbdLog][step= 523] target=link_17  pressed=(none)
[KbdLog][step= 524] target=link_17  pressed=(none)
[KbdLog][step= 525] target=link_17  pressed=(none)
[KbdLog][step= 526] target=link_17  pressed=(none)
[KbdLog][step= 527] target=link_17  pressed=(none)
[KbdLog][step= 528] target=link_17  pressed=(none)
[KbdLog][step= 529] target=link_17  pressed=(none)
[KbdLog][step= 530] target=link_17  pressed=(none)
[KbdLog][step= 531] target=link_17  pressed=(none)
[KbdLog][step= 532] target=link_17  pressed=(none)
[KbdLog][step= 533] target=link_17  pressed=(none)
[KbdLog][step= 534] target=link_17  pressed=(none)
[KbdLog][step= 535] target=link_17  pressed=(none)
[KbdLog][step= 536] target=link_17  pressed=(none)
[KbdLog][step= 537] target=link_17  pressed=(none)
[KbdLog][step= 538] target=link_17  pressed=(none)
[KbdLog][step= 539] target=link_17  pressed=(none)
[KeyboardType-SP][step=540] global_seq=8/9 side=right key=17 finger=middle phase=DESCEND tip=[-0.14  -0.103  0.137] target_tip=[-0.14  -0.103  0.108] tip_err=0.030
[KbdLog][step= 540] target=link_17  pressed=(none)
[KbdLog][step= 541] target=link_17  pressed=(none)
[KbdLog][step= 542] target=link_17  pressed=(none)
[KbdLog][step= 543] target=link_17  pressed=(none)
[KbdLog][step= 544] target=link_17  pressed=(none)
[KbdLog][step= 545] target=link_17  pressed=(none)
[KbdLog][step= 546] target=link_17  pressed=(none)
[KbdLog][step= 547] target=link_17  pressed=(none)
[KbdLog][step= 548] target=link_17  pressed=(none)
[KbdLog][step= 549] target=link_17  pressed=(none)
[KbdLog][step= 550] target=link_17  pressed=(none)
[KbdLog][step= 551] target=link_17  pressed=link_17(0.0028)
[KbdLog][step= 552] target=link_17  pressed=link_17(0.0127)
  [ep 0/1, attempt 1] step 552/1500  terminated=True  truncated=False
[KbdLog][step= 553] target=DONE  pressed=link_17(0.0122)
[KbdLog][step= 554] target=DONE  pressed=link_17(0.0121)
[KbdLog][step= 555] target=DONE  pressed=link_17(0.0120)
[KbdLog][step= 556] target=DONE  pressed=link_17(0.0120)
[KbdLog][step= 557] target=DONE  pressed=link_17(0.0119)
[KbdLog][step= 558] target=DONE  pressed=link_17(0.0118)
[KbdLog][step= 559] target=DONE  pressed=link_17(0.0118)
[KbdLog][step= 560] target=DONE  pressed=link_17(0.0117)
[KbdLog][step= 561] target=DONE  pressed=link_17(0.0102)
[KbdLog][step= 562] target=DONE  pressed=link_17(0.0080)
[KbdLog][step= 563] target=DONE  pressed=link_17(0.0064)
[KbdLog][step= 564] target=DONE  pressed=link_17(0.0051)
[KbdLog][step= 565] target=DONE  pressed=link_17(0.0042)
[KbdLog][step= 566] target=DONE  pressed=link_17(0.0034)
[KbdLog][step= 567] target=DONE  pressed=link_17(0.0029)
[KbdLog][step= 568] target=DONE  pressed=link_17(0.0025)
[KbdLog][step= 569] target=DONE  pressed=link_17(0.0021)
[KbdLog][step= 570] target=DONE  pressed=link_17(0.0019)
[KbdLog][step= 571] target=DONE  pressed=link_17(0.0017)
[KbdLog][step= 572] target=DONE  pressed=link_17(0.0016)
[KbdLog][step= 573] target=DONE  pressed=(none)
[KbdLog][step= 574] target=DONE  pressed=(none)
[KbdLog][step= 575] target=DONE  pressed=(none)
[KbdLog][step= 576] target=DONE  pressed=(none)
[KbdLog][step= 577] target=DONE  pressed=(none)
[KbdLog][step= 578] target=DONE  pressed=(none)
[KbdLog][step= 579] target=DONE  pressed=(none)
[KbdLog][step= 580] target=DONE  pressed=(none)
[KbdLog][step= 581] target=DONE  pressed=(none)
[KbdLog][step= 582] target=DONE  pressed=(none)
  [ep 0, attempt 1] Success at step 552, collected 30 extra steps.
  [Success Rate] overall: 100.0% (1/1) | moving avg (last 1): 100.0%
[ManiLadder Camera] stop_recording target=/mnt/gck_website/maniladder.github.io/generated_demos/DualArmKeyboardType-v1/videos/orbit_camera_ep0.mp4
[38;5;159m[Genesis] [09:06:37] [INFO] Saving video to [38;5;121m"/mnt/gck_website/maniladder.github.io/generated_demos/DualArmKeyboardType-v1/videos/orbit_camera_ep0.mp4"[0m[38;5;159m...[0m
[38;5;159m[Genesis] [09:06:40] [INFO] Video saved.[0m
  Saved video: /mnt/gck_website/maniladder.github.io/generated_demos/DualArmKeyboardType-v1/videos/orbit_camera_ep0.mp4 exists=True
  Videos for episode 0 saved to /mnt/gck_website/maniladder.github.io/generated_demos/DualArmKeyboardType-v1/videos

============================================================
Done. 1 demo trajectories (traj_0..traj_0) saved to /mnt/gck_website/maniladder.github.io/generated_demos
Final   [Success Rate] overall: 100.0% (1/1) | moving avg (last 1): 100.0%
============================================================
[38;5;159m[Genesis] [09:06:40] [INFO] 💤 Exiting Genesis and caching compiled kernels...[0m
[W 09/29/26 09:06:40.954 4072889] [offline_cache.h:run@186] Lock /home/gck/.cache/gstaichi/ticache/kernel_compilation_manager/ticache.lock failed. You can run 'ti cache clean -p /home/gck/.cache/gstaichi/ticache/kernel_compilation_manager' and try again.
[W 09/29/26 09:06:41.155 4072889] [kernel_compilation_manager.cpp:dump@104] Lock /home/gck/.cache/gstaichi/ticache/kernel_compilation_manager/ticache.lock failed. Please run 'ti cache clean -p /home/gck/.cache/gstaichi/ticache/kernel_compilation_manager' and try again.
[W 09/29/26 09:06:41.459 4072889] [ptx_cache.cpp:dump@92] Lock /home/gck/.cache/gstaichi/ticache/ptx_cache/ptxcache.lock failed. Please run 'ti cache clean -p /home/gck/.cache/gstaichi/ticache/ptx_cache' and try again.
