[38;5;159m[Genesis] [08:36:36] [INFO] [38;5;121m╭───────────────────────────────────────────────╮[0m[38;5;159m[0m
[38;5;159m[Genesis] [08:36:36] [INFO] [38;5;121m│┈┉┈┉┈┉┈┉┈┉┈┉┈┉┈┉┈┉┈[0m[38;5;159m [38;5;121m[1m[3mGenesis[0m[38;5;159m [38;5;121m┈┉┈┉┈┉┈┉┈┉┈┉┈┉┈┉┈┉┈│[0m[38;5;159m[0m
[38;5;159m[Genesis] [08:36:36] [INFO] [38;5;121m╰───────────────────────────────────────────────╯[0m[38;5;159m[0m
[W 09/29/26 08:36:37.473 3901446] [ptx_cache.cpp:PtxCache@73] Lock /home/gck/.cache/gstaichi/ticache/ptx_cache/ptxcache.lock failed. Please run 'ti cache clean -p /home/gck/.cache/gstaichi/ticache/ptx_cache' and try again.
[38;5;159m[Genesis] [08:36:37] [INFO] Running on [38;5;121m[4m[NVIDIA A100-SXM4-80GB][0m[38;5;159m with backend [38;5;121m[4mgs.cuda[0m[38;5;159m. Device memory: [38;5;121m[4m79.25[0m[38;5;159m GB.[0m
[38;5;159m[Genesis] [08:36:37] [INFO] 🚀 Genesis initialized. 🔖 version: [38;5;121m[4m0.3.6[0m[38;5;159m, 🎨 theme: [38;5;121m[4mdark[0m[38;5;159m, 🌱 seed: [38;5;121m[4mNone[0m[38;5;159m, 🐛 debug: [38;5;121m[4mFalse[0m[38;5;159m, 📏 precision: [38;5;121m[4m32[0m[38;5;159m, 🏎️ performance: [38;5;121m[4mFalse[0m[38;5;159m, 💬 verbose: [38;5;121m[4mINFO[0m[38;5;159m[0m
[38;5;159m[Genesis] [08:36:39] [INFO] Scene [38;5;121m[3m<63c3226>[0m[38;5;159m created.[0m
[38;5;159m[Genesis] [08:36:39] [INFO] Adding [38;5;121m<gs.RigidEntity>[0m[38;5;159m. idx: [38;5;121m0[0m[38;5;159m, uid: [38;5;121m[3m<258c42b>[0m[38;5;159m, morph: [38;5;121m<gs.morphs.MJCF(file='/mnt4/gck/maniladder/maniladder/assets/xml/franka_emika_panda/panda.xml')>[0m[38;5;159m, material: [38;5;121m<gs.materials.Rigid>[0m[38;5;159m.[0m
[38;5;226m[Genesis] [08:36:40] [WARNING] (MJCF) Approximating tendon by joint actuator for `finger_joint1`[0m
[38;5;226m[Genesis] [08:36:40] [WARNING] (MJCF) Actuator control gain and bias parameters cannot be reduced to a unique PD control position gain. Using max between gain and bias for joint `finger_joint1`.[0m
[38;5;226m[Genesis] [08:36:40] [WARNING] (MJCF) Approximating tendon by joint actuator for `finger_joint2`[0m
[38;5;226m[Genesis] [08:36:40] [WARNING] (MJCF) Actuator control gain and bias parameters cannot be reduced to a unique PD control position gain. Using max between gain and bias for joint `finger_joint2`.[0m
[38;5;159m[Genesis] [08:36:40] [INFO] Applying offset to base link's pose with user provided value in morph.[0m
[32m2026-09-29 08:36:40,506 - maniladder  - INFO - only loading the first pose of the given initial pose Pose(raw_pose=tensor([[ 0.0000,  0.7000,  0.0000,  0.0000,  0.0000, -1.5708]],
       device='cuda:0')), parallel loading has not been implemented yet.[0m
[38;5;159m[Genesis] [08:36:40] [INFO] Adding [38;5;121m<gs.RigidEntity>[0m[38;5;159m. idx: [38;5;121m1[0m[38;5;159m, uid: [38;5;121m[3m<36727a1>[0m[38;5;159m, morph: [38;5;121m<gs.morphs.MJCF(file='/mnt4/gck/maniladder/maniladder/assets/xml/franka_emika_panda/panda.xml')>[0m[38;5;159m, material: [38;5;121m<gs.materials.Rigid>[0m[38;5;159m.[0m
[38;5;226m[Genesis] [08:36:40] [WARNING] (MJCF) Approximating tendon by joint actuator for `finger_joint1`[0m
[38;5;226m[Genesis] [08:36:40] [WARNING] (MJCF) Actuator control gain and bias parameters cannot be reduced to a unique PD control position gain. Using max between gain and bias for joint `finger_joint1`.[0m
[38;5;226m[Genesis] [08:36:40] [WARNING] (MJCF) Approximating tendon by joint actuator for `finger_joint2`[0m
[38;5;226m[Genesis] [08:36:40] [WARNING] (MJCF) Actuator control gain and bias parameters cannot be reduced to a unique PD control position gain. Using max between gain and bias for joint `finger_joint2`.[0m
[38;5;159m[Genesis] [08:36:40] [INFO] Applying offset to base link's pose with user provided value in morph.[0m
[32m2026-09-29 08:36:40,927 - maniladder  - INFO - only loading the first pose of the given initial pose Pose(raw_pose=tensor([[ 0.0000, -0.7000,  0.0000,  0.0000,  0.0000,  1.5708]],
       device='cuda:0')), parallel loading has not been implemented yet.[0m
[38;5;159m[Genesis] [08:36:40] [INFO] Adding [38;5;121m<gs.RigidEntity>[0m[38;5;159m. idx: [38;5;121m2[0m[38;5;159m, uid: [38;5;121m[3m<a3e3063>[0m[38;5;159m, morph: [38;5;121m<gs.morphs.Mesh(file='/mnt4/gck/maniladder/maniladder/assets/models/table.glb')>[0m[38;5;159m, material: [38;5;121m<gs.materials.Rigid>[0m[38;5;159m.[0m
[38;5;226m[Genesis] [08:36:40] [WARNING] GLTF is using y-up while Genesis uses z-up. Please set parse_glb_with_zup=True in morph options if you find the mesh is 90-degree rotated. We will set parse_glb_with_zup=True and rotate glb mesh by default later and gradually enforce this option.[0m
/data/gck/miniconda3/envs/maniladder/lib/python3.10/site-packages/pygltflib/__init__.py:830: UserWarning: pygltflib currently does not remove image data from the buffer when converting to data uri.Please open an issue at https://gitlab.com/dodgyville/pygltflib/issues
  warnings.warn("pygltflib currently does not remove image data "
[38;5;159m[Genesis] [08:36:41] [INFO] Adding [38;5;121m<gs.RigidEntity>[0m[38;5;159m. idx: [38;5;121m3[0m[38;5;159m, uid: [38;5;121m[3m<9fa93fb>[0m[38;5;159m, morph: [38;5;121m<gs.morphs.Box>[0m[38;5;159m, material: [38;5;121m<gs.materials.Rigid>[0m[38;5;159m.[0m
[38;5;159m[Genesis] [08:36:41] [INFO] Adding [38;5;121m<gs.RigidEntity>[0m[38;5;159m. idx: [38;5;121m4[0m[38;5;159m, uid: [38;5;121m[3m<52a40eb>[0m[38;5;159m, morph: [38;5;121m<gs.morphs.Plane>[0m[38;5;159m, material: [38;5;121m<gs.materials.Rigid>[0m[38;5;159m.[0m
[38;5;159m[Genesis] [08:36:41] [INFO] Adding [38;5;121m<gs.RigidEntity>[0m[38;5;159m. idx: [38;5;121m5[0m[38;5;159m, uid: [38;5;121m[3m<8518ef2>[0m[38;5;159m, morph: [38;5;121m<gs.morphs.Box>[0m[38;5;159m, material: [38;5;121m<gs.materials.Rigid>[0m[38;5;159m.[0m
[38;5;159m[Genesis] [08:36:41] [INFO] Adding [38;5;121m<gs.RigidEntity>[0m[38;5;159m. idx: [38;5;121m6[0m[38;5;159m, uid: [38;5;121m[3m<a38f44c>[0m[38;5;159m, morph: [38;5;121m<gs.morphs.Box>[0m[38;5;159m, material: [38;5;121m<gs.materials.Rigid>[0m[38;5;159m.[0m
[38;5;159m[Genesis] [08:36:41] [INFO] Adding [38;5;121m<gs.RigidEntity>[0m[38;5;159m. idx: [38;5;121m7[0m[38;5;159m, uid: [38;5;121m[3m<37ff20f>[0m[38;5;159m, morph: [38;5;121m<gs.morphs.Box>[0m[38;5;159m, material: [38;5;121m<gs.materials.Rigid>[0m[38;5;159m.[0m
[38;5;159m[Genesis] [08:36:41] [INFO] Adding [38;5;121m<gs.RigidEntity>[0m[38;5;159m. idx: [38;5;121m8[0m[38;5;159m, uid: [38;5;121m[3m<d0bef51>[0m[38;5;159m, morph: [38;5;121m<gs.morphs.Box>[0m[38;5;159m, material: [38;5;121m<gs.materials.Rigid>[0m[38;5;159m.[0m
[38;5;159m[Genesis] [08:36:41] [INFO] Adding [38;5;121m<gs.RigidEntity>[0m[38;5;159m. idx: [38;5;121m9[0m[38;5;159m, uid: [38;5;121m[3m<4c73ec0>[0m[38;5;159m, morph: [38;5;121m<gs.morphs.Box>[0m[38;5;159m, material: [38;5;121m<gs.materials.Rigid>[0m[38;5;159m.[0m
[38;5;159m[Genesis] [08:36:41] [INFO] Adding [38;5;121m<gs.RigidEntity>[0m[38;5;159m. idx: [38;5;121m10[0m[38;5;159m, uid: [38;5;121m[3m<dd76528>[0m[38;5;159m, morph: [38;5;121m<gs.morphs.Box>[0m[38;5;159m, material: [38;5;121m<gs.materials.Rigid>[0m[38;5;159m.[0m
[38;5;159m[Genesis] [08:36:41] [INFO] Adding [38;5;121m<gs.RigidEntity>[0m[38;5;159m. idx: [38;5;121m11[0m[38;5;159m, uid: [38;5;121m[3m<867aaa9>[0m[38;5;159m, morph: [38;5;121m<gs.morphs.Box>[0m[38;5;159m, material: [38;5;121m<gs.materials.Rigid>[0m[38;5;159m.[0m
[38;5;159m[Genesis] [08:36:41] [INFO] Adding [38;5;121m<gs.RigidEntity>[0m[38;5;159m. idx: [38;5;121m12[0m[38;5;159m, uid: [38;5;121m[3m<ab604c0>[0m[38;5;159m, morph: [38;5;121m<gs.morphs.MJCF(file='/mnt4/gck/maniladder/maniladder/assets/xml/deformable/hard_rope.xml')>[0m[38;5;159m, material: [38;5;121m<gs.materials.Rigid>[0m[38;5;159m.[0m
[38;5;159m[Genesis] [08:36:41] [INFO] Applying offset to base link's pose with user provided value in morph.[0m
[38;5;159m[Genesis] [08:36:41] [INFO] Building scene [38;5;121m[3m<63c3226>[0m[38;5;159m...[0m
[W 09/29/26 08:36:42.187 3901446] [kernel_compilation_manager.cpp:KernelCompilationManager@69] Lock /home/gck/.cache/gstaichi/ticache/kernel_compilation_manager/ticache.lock failed. Please run 'ti cache clean -p /home/gck/.cache/gstaichi/ticache/kernel_compilation_manager' and try again.
[38;5;226m[Genesis] [08:36:45] [WARNING] Reference robot position exceeds joint limits.[0m
[38;5;226m[Genesis] [08:36:45] [WARNING] Constraint solver time constant should be greater than 2*substep_dt. timeconst is changed from `0.005` to `0.01`). Decrease simulation timestep or increase timeconst to avoid altering the original value.[0m
[38;5;226m[Genesis] [08:36:47] [WARNING] max_collision_pairs 300 is smaller than the theoretical maximal possible pairs 1990, it uses less memory but might lead to missing some collision pairs if there are too many collision pairs[0m
[38;5;159m[Genesis] [08:36:55] [INFO] Compiling simulation kernels...[0m
[38;5;159m[Genesis] [08:37:32] [INFO] Building visualizer...[0m
/data/gck/miniconda3/envs/maniladder/lib/python3.10/site-packages/torch/utils/_device.py:109: UserWarning: The given NumPy array is not writable, and PyTorch does not support non-writable tensors. This means writing to this tensor will result in undefined behavior. You may want to copy the array to protect its data or make it writable before converting it to a tensor. This type of warning will be suppressed for the rest of this program. (Triggered internally at /pytorch/torch/csrc/utils/tensor_numpy.cpp:213.)
  return func(*args, **kwargs)
Action space: Dict('panda-0': Box(-1.0, 1.0, (7,), float32), 'panda-1': Box(-1.0, 1.0, (7,), float32))
Generating 1 orbit video-only demos → /mnt/gck_website/maniladder.github.io/generated_demos/DualArmThreadRopeThroughTube-v1
  [ep 0/1, attempt 1] step 1/470  terminated=False  truncated=False
  [ep 0/1, attempt 1] step 101/470  terminated=False  truncated=False
  [ep 0/1, attempt 1] step 201/470  terminated=False  truncated=False
  [ep 0/1, attempt 1] step 301/470  terminated=False  truncated=False
  [ep 0/1, attempt 1] step 401/470  terminated=False  truncated=False
  [ep 0/1, attempt 1] step 470/470  terminated=False  truncated=True
  [WARNING] Episode 0 attempt 1 truncated without success. Discarding and retrying...
  [Success Rate] overall: 0.0% (0/1) | moving avg (last 1): 0.0%
  [ep 0/1, attempt 2] step 1/470  terminated=False  truncated=False
  [ep 0/1, attempt 2] step 101/470  terminated=False  truncated=False
  [ep 0/1, attempt 2] step 201/470  terminated=False  truncated=False
  [ep 0/1, attempt 2] step 301/470  terminated=False  truncated=False
  [ep 0/1, attempt 2] step 401/470  terminated=False  truncated=False
  [ep 0/1, attempt 2] step 470/470  terminated=False  truncated=True
  [WARNING] Episode 0 attempt 2 truncated without success. Discarding and retrying...
  [Success Rate] overall: 0.0% (0/2) | moving avg (last 2): 0.0%
  [ep 0/1, attempt 3] step 1/470  terminated=False  truncated=False
  [ep 0/1, attempt 3] step 101/470  terminated=False  truncated=False
  [ep 0/1, attempt 3] step 201/470  terminated=False  truncated=False
  [ep 0/1, attempt 3] step 301/470  terminated=False  truncated=False
  [ep 0/1, attempt 3] step 401/470  terminated=False  truncated=False
  [ep 0/1, attempt 3] step 470/470  terminated=False  truncated=True
  [WARNING] Episode 0 attempt 3 truncated without success. Discarding and retrying...
  [Success Rate] overall: 0.0% (0/3) | moving avg (last 3): 0.0%
  [ep 0/1, attempt 4] step 1/470  terminated=False  truncated=False
  [ep 0/1, attempt 4] step 101/470  terminated=False  truncated=False
  [ep 0/1, attempt 4] step 201/470  terminated=False  truncated=False
  [ep 0/1, attempt 4] step 301/470  terminated=False  truncated=False
  [ep 0/1, attempt 4] step 401/470  terminated=False  truncated=False
  [ep 0/1, attempt 4] step 470/470  terminated=False  truncated=True
  [WARNING] Episode 0 attempt 4 truncated without success. Discarding and retrying...
  [Success Rate] overall: 0.0% (0/4) | moving avg (last 4): 0.0%
  [ep 0/1, attempt 5] step 1/470  terminated=False  truncated=False
  [ep 0/1, attempt 5] step 101/470  terminated=False  truncated=False
  [ep 0/1, attempt 5] step 201/470  terminated=False  truncated=False
  [ep 0/1, attempt 5] step 301/470  terminated=False  truncated=False
  [ep 0/1, attempt 5] step 401/470  terminated=False  truncated=False
  [ep 0/1, attempt 5] step 470/470  terminated=False  truncated=True
  [WARNING] Episode 0 attempt 5 truncated without success. Discarding and retrying...
  [Success Rate] overall: 0.0% (0/5) | moving avg (last 5): 0.0%
  [ep 0/1, attempt 6] step 1/470  terminated=False  truncated=False
  [ep 0/1, attempt 6] step 101/470  terminated=False  truncated=False
  [ep 0/1, attempt 6] step 201/470  terminated=False  truncated=False
  [ep 0/1, attempt 6] step 301/470  terminated=False  truncated=False
  [ep 0/1, attempt 6] step 401/470  terminated=False  truncated=False
  [ep 0/1, attempt 6] step 470/470  terminated=False  truncated=True
  [WARNING] Episode 0 attempt 6 truncated without success. Discarding and retrying...
  [Success Rate] overall: 0.0% (0/6) | moving avg (last 6): 0.0%
  [ep 0/1, attempt 7] step 1/470  terminated=False  truncated=False
  [ep 0/1, attempt 7] step 101/470  terminated=False  truncated=False
  [ep 0/1, attempt 7] step 201/470  terminated=False  truncated=False
  [ep 0/1, attempt 7] step 301/470  terminated=False  truncated=False
  [ep 0/1, attempt 7] step 401/470  terminated=False  truncated=False
  [ep 0/1, attempt 7] step 470/470  terminated=False  truncated=True
  [WARNING] Episode 0 attempt 7 truncated without success. Discarding and retrying...
  [Success Rate] overall: 0.0% (0/7) | moving avg (last 7): 0.0%
  [ep 0/1, attempt 8] step 1/470  terminated=False  truncated=False
  [ep 0/1, attempt 8] step 101/470  terminated=False  truncated=False
  [ep 0/1, attempt 8] step 201/470  terminated=False  truncated=False
  [ep 0/1, attempt 8] step 301/470  terminated=False  truncated=False
  [ep 0/1, attempt 8] step 401/470  terminated=False  truncated=False
  [ep 0/1, attempt 8] step 470/470  terminated=False  truncated=True
  [WARNING] Episode 0 attempt 8 truncated without success. Discarding and retrying...
  [Success Rate] overall: 0.0% (0/8) | moving avg (last 8): 0.0%
  [ep 0/1, attempt 9] step 1/470  terminated=False  truncated=False
  [ep 0/1, attempt 9] step 101/470  terminated=False  truncated=False
  [ep 0/1, attempt 9] step 201/470  terminated=False  truncated=False
  [ep 0/1, attempt 9] step 301/470  terminated=False  truncated=False
  [ep 0/1, attempt 9] step 401/470  terminated=False  truncated=False
  [ep 0/1, attempt 9] step 470/470  terminated=False  truncated=True
  [WARNING] Episode 0 attempt 9 truncated without success. Discarding and retrying...
  [Success Rate] overall: 0.0% (0/9) | moving avg (last 9): 0.0%
  [ep 0/1, attempt 10] step 1/470  terminated=False  truncated=False
  [ep 0/1, attempt 10] step 101/470  terminated=False  truncated=False
  [ep 0/1, attempt 10] step 201/470  terminated=False  truncated=False
  [ep 0/1, attempt 10] step 301/470  terminated=False  truncated=False
  [ep 0/1, attempt 10] step 401/470  terminated=False  truncated=False
  [ep 0/1, attempt 10] step 470/470  terminated=False  truncated=True
  [WARNING] Episode 0 attempt 10 truncated without success. Discarding and retrying...
  [Success Rate] overall: 0.0% (0/10) | moving avg (last 10): 0.0%
  [ep 0/1, attempt 11] step 1/470  terminated=False  truncated=False
  [ep 0/1, attempt 11] step 101/470  terminated=False  truncated=False
  [ep 0/1, attempt 11] step 201/470  terminated=False  truncated=False
  [ep 0/1, attempt 11] step 301/470  terminated=False  truncated=False
  [ep 0/1, attempt 11] step 401/470  terminated=False  truncated=False
  [ep 0/1, attempt 11] step 470/470  terminated=False  truncated=True
  [WARNING] Episode 0 attempt 11 truncated without success. Discarding and retrying...
  [Success Rate] overall: 0.0% (0/11) | moving avg (last 11): 0.0%
  [ep 0/1, attempt 12] step 1/470  terminated=False  truncated=False
  [ep 0/1, attempt 12] step 101/470  terminated=False  truncated=False
  [ep 0/1, attempt 12] step 201/470  terminated=False  truncated=False
  [ep 0/1, attempt 12] step 301/470  terminated=False  truncated=False
  [ep 0/1, attempt 12] step 401/470  terminated=False  truncated=False
  [ep 0/1, attempt 12] step 470/470  terminated=False  truncated=True
  [WARNING] Episode 0 attempt 12 truncated without success. Discarding and retrying...
  [Success Rate] overall: 0.0% (0/12) | moving avg (last 12): 0.0%
  [ep 0/1, attempt 13] step 1/470  terminated=False  truncated=False
  [ep 0/1, attempt 13] step 101/470  terminated=False  truncated=False
  [ep 0/1, attempt 13] step 201/470  terminated=False  truncated=False
  [ep 0/1, attempt 13] step 301/470  terminated=False  truncated=False
  [ep 0/1, attempt 13] step 401/470  terminated=False  truncated=False
  [ep 0/1, attempt 13] step 470/470  terminated=False  truncated=True
  [WARNING] Episode 0 attempt 13 truncated without success. Discarding and retrying...
  [Success Rate] overall: 0.0% (0/13) | moving avg (last 13): 0.0%
  [ep 0/1, attempt 14] step 1/470  terminated=False  truncated=False
  [ep 0/1, attempt 14] step 101/470  terminated=False  truncated=False
  [ep 0/1, attempt 14] step 201/470  terminated=False  truncated=False
  [ep 0/1, attempt 14] step 301/470  terminated=False  truncated=False
  [ep 0/1, attempt 14] step 401/470  terminated=False  truncated=False
  [ep 0/1, attempt 14] step 470/470  terminated=False  truncated=True
  [WARNING] Episode 0 attempt 14 truncated without success. Discarding and retrying...
  [Success Rate] overall: 0.0% (0/14) | moving avg (last 14): 0.0%
  [ep 0/1, attempt 15] step 1/470  terminated=False  truncated=False
  [ep 0/1, attempt 15] step 101/470  terminated=False  truncated=False
  [ep 0/1, attempt 15] step 201/470  terminated=False  truncated=False
  [ep 0/1, attempt 15] step 301/470  terminated=False  truncated=False
  [ep 0/1, attempt 15] step 401/470  terminated=False  truncated=False
  [ep 0/1, attempt 15] step 470/470  terminated=False  truncated=True
  [WARNING] Episode 0 attempt 15 truncated without success. Discarding and retrying...
  [Success Rate] overall: 0.0% (0/15) | moving avg (last 15): 0.0%
  [ep 0/1, attempt 16] step 1/470  terminated=False  truncated=False
  [ep 0/1, attempt 16] step 101/470  terminated=False  truncated=False
  [ep 0/1, attempt 16] step 201/470  terminated=False  truncated=False
  [ep 0/1, attempt 16] step 301/470  terminated=False  truncated=False
  [ep 0/1, attempt 16] step 401/470  terminated=False  truncated=False
  [ep 0/1, attempt 16] step 470/470  terminated=False  truncated=True
  [WARNING] Episode 0 attempt 16 truncated without success. Discarding and retrying...
  [Success Rate] overall: 0.0% (0/16) | moving avg (last 16): 0.0%
  [ep 0/1, attempt 17] step 1/470  terminated=False  truncated=False
  [ep 0/1, attempt 17] step 101/470  terminated=False  truncated=False
  [ep 0/1, attempt 17] step 201/470  terminated=False  truncated=False
  [ep 0/1, attempt 17] step 301/470  terminated=False  truncated=False
  [ep 0/1, attempt 17] step 401/470  terminated=False  truncated=False
  [ep 0/1, attempt 17] step 470/470  terminated=False  truncated=True
  [WARNING] Episode 0 attempt 17 truncated without success. Discarding and retrying...
  [Success Rate] overall: 0.0% (0/17) | moving avg (last 17): 0.0%
  [ep 0/1, attempt 18] step 1/470  terminated=False  truncated=False
  [ep 0/1, attempt 18] step 101/470  terminated=False  truncated=False
  [ep 0/1, attempt 18] step 201/470  terminated=False  truncated=False
  [ep 0/1, attempt 18] step 301/470  terminated=False  truncated=False
  [ep 0/1, attempt 18] step 401/470  terminated=False  truncated=False
  [ep 0/1, attempt 18] step 470/470  terminated=False  truncated=True
  [WARNING] Episode 0 attempt 18 truncated without success. Discarding and retrying...
  [Success Rate] overall: 0.0% (0/18) | moving avg (last 18): 0.0%
  [ep 0/1, attempt 19] step 1/470  terminated=False  truncated=False
  [ep 0/1, attempt 19] step 101/470  terminated=False  truncated=False
  [ep 0/1, attempt 19] step 201/470  terminated=False  truncated=False
  [ep 0/1, attempt 19] step 301/470  terminated=False  truncated=False
  [ep 0/1, attempt 19] step 401/470  terminated=False  truncated=False
  [ep 0/1, attempt 19] step 470/470  terminated=False  truncated=True
  [WARNING] Episode 0 attempt 19 truncated without success. Discarding and retrying...
  [Success Rate] overall: 0.0% (0/19) | moving avg (last 19): 0.0%
  [ep 0/1, attempt 20] step 1/470  terminated=False  truncated=False
  [ep 0/1, attempt 20] step 101/470  terminated=False  truncated=False
  [ep 0/1, attempt 20] step 178/470  terminated=True  truncated=False
  [ep 0, attempt 20] Success at step 178, collected 30 extra steps.
  [Success Rate] overall: 5.0% (1/20) | moving avg (last 20): 5.0%
[ManiLadder Camera] stop_recording target=/mnt/gck_website/maniladder.github.io/generated_demos/DualArmThreadRopeThroughTube-v1/videos/orbit_camera_ep0.mp4
[38;5;159m[Genesis] [09:30:58] [INFO] Saving video to [38;5;121m"/mnt/gck_website/maniladder.github.io/generated_demos/DualArmThreadRopeThroughTube-v1/videos/orbit_camera_ep0.mp4"[0m[38;5;159m...[0m
[38;5;159m[Genesis] [09:31:00] [INFO] Video saved.[0m
  Saved video: /mnt/gck_website/maniladder.github.io/generated_demos/DualArmThreadRopeThroughTube-v1/videos/orbit_camera_ep0.mp4 exists=True
  Videos for episode 0 saved to /mnt/gck_website/maniladder.github.io/generated_demos/DualArmThreadRopeThroughTube-v1/videos

============================================================
Done. 1 demo trajectories (traj_0..traj_0) saved to /mnt/gck_website/maniladder.github.io/generated_demos
Final   [Success Rate] overall: 5.0% (1/20) | moving avg (last 20): 5.0%
============================================================
[38;5;159m[Genesis] [09:31:00] [INFO] 💤 Exiting Genesis and caching compiled kernels...[0m
[W 09/29/26 09:31:00.818 3901446] [offline_cache.h:run@186] Lock /home/gck/.cache/gstaichi/ticache/kernel_compilation_manager/ticache.lock failed. You can run 'ti cache clean -p /home/gck/.cache/gstaichi/ticache/kernel_compilation_manager' and try again.
[W 09/29/26 09:31:01.019 3901446] [kernel_compilation_manager.cpp:dump@104] Lock /home/gck/.cache/gstaichi/ticache/kernel_compilation_manager/ticache.lock failed. Please run 'ti cache clean -p /home/gck/.cache/gstaichi/ticache/kernel_compilation_manager' and try again.
[W 09/29/26 09:31:01.317 3901446] [ptx_cache.cpp:dump@92] Lock /home/gck/.cache/gstaichi/ticache/ptx_cache/ptxcache.lock failed. Please run 'ti cache clean -p /home/gck/.cache/gstaichi/ticache/ptx_cache' and try again.
