[38;5;159m[Genesis] [08:49:19] [INFO] [38;5;121m╭───────────────────────────────────────────────╮[0m[38;5;159m[0m
[38;5;159m[Genesis] [08:49:19] [INFO] [38;5;121m│┈┉┈┉┈┉┈┉┈┉┈┉┈┉┈┉┈┉┈[0m[38;5;159m [38;5;121m[1m[3mGenesis[0m[38;5;159m [38;5;121m┈┉┈┉┈┉┈┉┈┉┈┉┈┉┈┉┈┉┈│[0m[38;5;159m[0m
[38;5;159m[Genesis] [08:49:19] [INFO] [38;5;121m╰───────────────────────────────────────────────╯[0m[38;5;159m[0m
[W 09/29/26 08:49:20.180 4000013] [ptx_cache.cpp:PtxCache@73] Lock /home/gck/.cache/gstaichi/ticache/ptx_cache/ptxcache.lock failed. Please run 'ti cache clean -p /home/gck/.cache/gstaichi/ticache/ptx_cache' and try again.
[38;5;159m[Genesis] [08:49:20] [INFO] Running on [38;5;121m[4m[NVIDIA A100-SXM4-80GB][0m[38;5;159m with backend [38;5;121m[4mgs.cuda[0m[38;5;159m. Device memory: [38;5;121m[4m79.25[0m[38;5;159m GB.[0m
[38;5;159m[Genesis] [08:49:20] [INFO] 🚀 Genesis initialized. 🔖 version: [38;5;121m[4m0.3.6[0m[38;5;159m, 🎨 theme: [38;5;121m[4mdark[0m[38;5;159m, 🌱 seed: [38;5;121m[4mNone[0m[38;5;159m, 🐛 debug: [38;5;121m[4mFalse[0m[38;5;159m, 📏 precision: [38;5;121m[4m32[0m[38;5;159m, 🏎️ performance: [38;5;121m[4mFalse[0m[38;5;159m, 💬 verbose: [38;5;121m[4mINFO[0m[38;5;159m[0m
[38;5;159m[Genesis] [08:49:22] [INFO] Scene [38;5;121m[3m<0135b3c>[0m[38;5;159m created.[0m
[38;5;159m[Genesis] [08:49:22] [INFO] Adding [38;5;121m<gs.RigidEntity>[0m[38;5;159m. idx: [38;5;121m0[0m[38;5;159m, uid: [38;5;121m[3m<52060f0>[0m[38;5;159m, morph: [38;5;121m<gs.morphs.MJCF(file='/mnt4/gck/maniladder/maniladder/assets/xml/franka_emika_panda/panda.xml')>[0m[38;5;159m, material: [38;5;121m<gs.materials.Rigid>[0m[38;5;159m.[0m
[38;5;226m[Genesis] [08:49:22] [WARNING] (MJCF) Approximating tendon by joint actuator for `finger_joint1`[0m
[38;5;226m[Genesis] [08:49:22] [WARNING] (MJCF) Actuator control gain and bias parameters cannot be reduced to a unique PD control position gain. Using max between gain and bias for joint `finger_joint1`.[0m
[38;5;226m[Genesis] [08:49:22] [WARNING] (MJCF) Approximating tendon by joint actuator for `finger_joint2`[0m
[38;5;226m[Genesis] [08:49:22] [WARNING] (MJCF) Actuator control gain and bias parameters cannot be reduced to a unique PD control position gain. Using max between gain and bias for joint `finger_joint2`.[0m
[38;5;159m[Genesis] [08:49:22] [INFO] Applying offset to base link's pose with user provided value in morph.[0m
[32m2026-09-29 08:49:23,146 - maniladder  - INFO - only loading the first pose of the given initial pose Pose(raw_pose=tensor([[ 0.0000,  0.7000,  0.0000,  0.0000,  0.0000, -1.5708]],
       device='cuda:0')), parallel loading has not been implemented yet.[0m
[38;5;159m[Genesis] [08:49:23] [INFO] Adding [38;5;121m<gs.RigidEntity>[0m[38;5;159m. idx: [38;5;121m1[0m[38;5;159m, uid: [38;5;121m[3m<a7a0164>[0m[38;5;159m, morph: [38;5;121m<gs.morphs.MJCF(file='/mnt4/gck/maniladder/maniladder/assets/xml/franka_emika_panda/panda.xml')>[0m[38;5;159m, material: [38;5;121m<gs.materials.Rigid>[0m[38;5;159m.[0m
[38;5;226m[Genesis] [08:49:23] [WARNING] (MJCF) Approximating tendon by joint actuator for `finger_joint1`[0m
[38;5;226m[Genesis] [08:49:23] [WARNING] (MJCF) Actuator control gain and bias parameters cannot be reduced to a unique PD control position gain. Using max between gain and bias for joint `finger_joint1`.[0m
[38;5;226m[Genesis] [08:49:23] [WARNING] (MJCF) Approximating tendon by joint actuator for `finger_joint2`[0m
[38;5;226m[Genesis] [08:49:23] [WARNING] (MJCF) Actuator control gain and bias parameters cannot be reduced to a unique PD control position gain. Using max between gain and bias for joint `finger_joint2`.[0m
[38;5;159m[Genesis] [08:49:23] [INFO] Applying offset to base link's pose with user provided value in morph.[0m
[32m2026-09-29 08:49:23,539 - maniladder  - INFO - only loading the first pose of the given initial pose Pose(raw_pose=tensor([[ 0.0000, -0.7000,  0.0000,  0.0000,  0.0000,  1.5708]],
       device='cuda:0')), parallel loading has not been implemented yet.[0m
[38;5;159m[Genesis] [08:49:23] [INFO] Adding [38;5;121m<gs.RigidEntity>[0m[38;5;159m. idx: [38;5;121m2[0m[38;5;159m, uid: [38;5;121m[3m<e2d3dfd>[0m[38;5;159m, morph: [38;5;121m<gs.morphs.Mesh(file='/mnt4/gck/maniladder/maniladder/assets/models/table.glb')>[0m[38;5;159m, material: [38;5;121m<gs.materials.Rigid>[0m[38;5;159m.[0m
[38;5;226m[Genesis] [08:49:23] [WARNING] GLTF is using y-up while Genesis uses z-up. Please set parse_glb_with_zup=True in morph options if you find the mesh is 90-degree rotated. We will set parse_glb_with_zup=True and rotate glb mesh by default later and gradually enforce this option.[0m
/data/gck/miniconda3/envs/maniladder/lib/python3.10/site-packages/pygltflib/__init__.py:830: UserWarning: pygltflib currently does not remove image data from the buffer when converting to data uri.Please open an issue at https://gitlab.com/dodgyville/pygltflib/issues
  warnings.warn("pygltflib currently does not remove image data "
[38;5;159m[Genesis] [08:49:23] [INFO] Adding [38;5;121m<gs.RigidEntity>[0m[38;5;159m. idx: [38;5;121m3[0m[38;5;159m, uid: [38;5;121m[3m<3c8acdb>[0m[38;5;159m, morph: [38;5;121m<gs.morphs.Box>[0m[38;5;159m, material: [38;5;121m<gs.materials.Rigid>[0m[38;5;159m.[0m
[38;5;159m[Genesis] [08:49:23] [INFO] Adding [38;5;121m<gs.RigidEntity>[0m[38;5;159m. idx: [38;5;121m4[0m[38;5;159m, uid: [38;5;121m[3m<f8f7fba>[0m[38;5;159m, morph: [38;5;121m<gs.morphs.Plane>[0m[38;5;159m, material: [38;5;121m<gs.materials.Rigid>[0m[38;5;159m.[0m
[38;5;159m[Genesis] [08:49:23] [INFO] Adding [38;5;121m<gs.RigidEntity>[0m[38;5;159m. idx: [38;5;121m5[0m[38;5;159m, uid: [38;5;121m[3m<591351e>[0m[38;5;159m, morph: [38;5;121m<gs.morphs.Box>[0m[38;5;159m, material: [38;5;121m<gs.materials.Rigid>[0m[38;5;159m.[0m
[38;5;159m[Genesis] [08:49:23] [INFO] Adding [38;5;121m<gs.RigidEntity>[0m[38;5;159m. idx: [38;5;121m6[0m[38;5;159m, uid: [38;5;121m[3m<6959c66>[0m[38;5;159m, morph: [38;5;121m<gs.morphs.Box>[0m[38;5;159m, material: [38;5;121m<gs.materials.Rigid>[0m[38;5;159m.[0m
[38;5;159m[Genesis] [08:49:23] [INFO] Adding [38;5;121m<gs.RigidEntity>[0m[38;5;159m. idx: [38;5;121m7[0m[38;5;159m, uid: [38;5;121m[3m<ae55fe5>[0m[38;5;159m, morph: [38;5;121m<gs.morphs.Box>[0m[38;5;159m, material: [38;5;121m<gs.materials.Rigid>[0m[38;5;159m.[0m
[38;5;159m[Genesis] [08:49:23] [INFO] Adding [38;5;121m<gs.RigidEntity>[0m[38;5;159m. idx: [38;5;121m8[0m[38;5;159m, uid: [38;5;121m[3m<8cd0b4c>[0m[38;5;159m, morph: [38;5;121m<gs.morphs.Box>[0m[38;5;159m, material: [38;5;121m<gs.materials.Rigid>[0m[38;5;159m.[0m
[38;5;159m[Genesis] [08:49:23] [INFO] Preprocessing geom idx [38;5;121m[4m48[0m[38;5;159m.[0m
[38;5;159m[Genesis] [08:49:24] [INFO] Adding [38;5;121m<gs.RigidEntity>[0m[38;5;159m. idx: [38;5;121m9[0m[38;5;159m, uid: [38;5;121m[3m<faf036f>[0m[38;5;159m, morph: [38;5;121m<gs.morphs.Box>[0m[38;5;159m, material: [38;5;121m<gs.materials.Rigid>[0m[38;5;159m.[0m
[38;5;159m[Genesis] [08:49:24] [INFO] Preprocessing geom idx [38;5;121m[4m49[0m[38;5;159m.[0m
[38;5;159m[Genesis] [08:49:24] [INFO] Adding [38;5;121m<gs.RigidEntity>[0m[38;5;159m. idx: [38;5;121m10[0m[38;5;159m, uid: [38;5;121m[3m<afc079e>[0m[38;5;159m, morph: [38;5;121m<gs.morphs.Box>[0m[38;5;159m, material: [38;5;121m<gs.materials.Rigid>[0m[38;5;159m.[0m
[38;5;159m[Genesis] [08:49:24] [INFO] Adding [38;5;121m<gs.RigidEntity>[0m[38;5;159m. idx: [38;5;121m11[0m[38;5;159m, uid: [38;5;121m[3m<bf29fbd>[0m[38;5;159m, morph: [38;5;121m<gs.morphs.Box>[0m[38;5;159m, material: [38;5;121m<gs.materials.Rigid>[0m[38;5;159m.[0m
[38;5;159m[Genesis] [08:49:24] [INFO] Adding [38;5;121m<gs.RigidEntity>[0m[38;5;159m. idx: [38;5;121m12[0m[38;5;159m, uid: [38;5;121m[3m<fd69360>[0m[38;5;159m, morph: [38;5;121m<gs.morphs.Box>[0m[38;5;159m, material: [38;5;121m<gs.materials.Rigid>[0m[38;5;159m.[0m
[38;5;159m[Genesis] [08:49:24] [INFO] Adding [38;5;121m<gs.RigidEntity>[0m[38;5;159m. idx: [38;5;121m13[0m[38;5;159m, uid: [38;5;121m[3m<1423ef7>[0m[38;5;159m, morph: [38;5;121m<gs.morphs.Box>[0m[38;5;159m, material: [38;5;121m<gs.materials.Rigid>[0m[38;5;159m.[0m
[38;5;159m[Genesis] [08:49:24] [INFO] Adding [38;5;121m<gs.RigidEntity>[0m[38;5;159m. idx: [38;5;121m14[0m[38;5;159m, uid: [38;5;121m[3m<44dc4b7>[0m[38;5;159m, morph: [38;5;121m<gs.morphs.Box>[0m[38;5;159m, material: [38;5;121m<gs.materials.Rigid>[0m[38;5;159m.[0m
[38;5;159m[Genesis] [08:49:24] [INFO] Adding [38;5;121m<gs.RigidEntity>[0m[38;5;159m. idx: [38;5;121m15[0m[38;5;159m, uid: [38;5;121m[3m<befa7d6>[0m[38;5;159m, morph: [38;5;121m<gs.morphs.Box>[0m[38;5;159m, material: [38;5;121m<gs.materials.Rigid>[0m[38;5;159m.[0m
[38;5;159m[Genesis] [08:49:24] [INFO] Adding [38;5;121m<gs.RigidEntity>[0m[38;5;159m. idx: [38;5;121m16[0m[38;5;159m, uid: [38;5;121m[3m<7082199>[0m[38;5;159m, morph: [38;5;121m<gs.morphs.Box>[0m[38;5;159m, material: [38;5;121m<gs.materials.Rigid>[0m[38;5;159m.[0m
[38;5;159m[Genesis] [08:49:24] [INFO] Adding [38;5;121m<gs.RigidEntity>[0m[38;5;159m. idx: [38;5;121m17[0m[38;5;159m, uid: [38;5;121m[3m<e4e9ac8>[0m[38;5;159m, morph: [38;5;121m<gs.morphs.Box>[0m[38;5;159m, material: [38;5;121m<gs.materials.Rigid>[0m[38;5;159m.[0m
[38;5;159m[Genesis] [08:49:24] [INFO] Adding [38;5;121m<gs.RigidEntity>[0m[38;5;159m. idx: [38;5;121m18[0m[38;5;159m, uid: [38;5;121m[3m<890a89e>[0m[38;5;159m, morph: [38;5;121m<gs.morphs.Box>[0m[38;5;159m, material: [38;5;121m<gs.materials.Rigid>[0m[38;5;159m.[0m
[38;5;159m[Genesis] [08:49:24] [INFO] Preprocessing geom idx [38;5;121m[4m58[0m[38;5;159m.[0m
[38;5;159m[Genesis] [08:49:24] [INFO] Adding [38;5;121m<gs.RigidEntity>[0m[38;5;159m. idx: [38;5;121m19[0m[38;5;159m, uid: [38;5;121m[3m<570f4ca>[0m[38;5;159m, morph: [38;5;121m<gs.morphs.Box>[0m[38;5;159m, material: [38;5;121m<gs.materials.Rigid>[0m[38;5;159m.[0m
[38;5;159m[Genesis] [08:49:24] [INFO] Adding [38;5;121m<gs.RigidEntity>[0m[38;5;159m. idx: [38;5;121m20[0m[38;5;159m, uid: [38;5;121m[3m<bb6a6b4>[0m[38;5;159m, morph: [38;5;121m<gs.morphs.Box>[0m[38;5;159m, material: [38;5;121m<gs.materials.Rigid>[0m[38;5;159m.[0m
[38;5;159m[Genesis] [08:49:24] [INFO] Adding [38;5;121m<gs.RigidEntity>[0m[38;5;159m. idx: [38;5;121m21[0m[38;5;159m, uid: [38;5;121m[3m<1e58544>[0m[38;5;159m, morph: [38;5;121m<gs.morphs.Box>[0m[38;5;159m, material: [38;5;121m<gs.materials.Rigid>[0m[38;5;159m.[0m
[38;5;159m[Genesis] [08:49:24] [INFO] Adding [38;5;121m<gs.RigidEntity>[0m[38;5;159m. idx: [38;5;121m22[0m[38;5;159m, uid: [38;5;121m[3m<abef193>[0m[38;5;159m, morph: [38;5;121m<gs.morphs.Box>[0m[38;5;159m, material: [38;5;121m<gs.materials.Rigid>[0m[38;5;159m.[0m
[38;5;159m[Genesis] [08:49:24] [INFO] Adding [38;5;121m<gs.RigidEntity>[0m[38;5;159m. idx: [38;5;121m23[0m[38;5;159m, uid: [38;5;121m[3m<873adde>[0m[38;5;159m, morph: [38;5;121m<gs.morphs.Mesh(file='/mnt4/gck/maniladder/maniladder/assets/meshes/deformable/sand_tray.obj')>[0m[38;5;159m, material: [38;5;121m<gs.materials.Rigid>[0m[38;5;159m.[0m
[38;5;159m[Genesis] [08:49:24] [INFO] Convex hull is not accurate enough for collision detection (3.770). Falling back to more expensive convex decomposition (see FileMorph options).[0m
[38;5;159m[Genesis] [08:49:24] [INFO] Running convex decomposition.[0m
[2026-09-29 08:49:24.537] [CoACD] [info] threshold               0.1
[2026-09-29 08:49:24.537] [CoACD] [info] max # convex hull       -1
[2026-09-29 08:49:24.537] [CoACD] [info] preprocess mode         auto
[2026-09-29 08:49:24.537] [CoACD] [info] preprocess resolution   30
[2026-09-29 08:49:24.537] [CoACD] [info] pca                     false
[2026-09-29 08:49:24.537] [CoACD] [info] mcts max depth          3
[2026-09-29 08:49:24.537] [CoACD] [info] mcts nodes              20
[2026-09-29 08:49:24.537] [CoACD] [info] mcts iterations         100
[2026-09-29 08:49:24.537] [CoACD] [info] merge                   true
[2026-09-29 08:49:24.537] [CoACD] [info] decimate                false
[2026-09-29 08:49:24.537] [CoACD] [info] max_ch_vertex           256
[2026-09-29 08:49:24.537] [CoACD] [info] extrude                 false
[2026-09-29 08:49:24.537] [CoACD] [info] extrude margin          0.1
[2026-09-29 08:49:24.537] [CoACD] [info] approximate mode        ch
[2026-09-29 08:49:24.537] [CoACD] [info] seed                    0
[2026-09-29 08:49:24.537] [CoACD] [info]  - Manifold Check
[2026-09-29 08:49:24.537] [CoACD] [info] 	Wrong triangle orientation
[2026-09-29 08:49:24.537] [CoACD] [info] Manifold Check Time: 0.000182s
[2026-09-29 08:49:24.537] [CoACD] [info] Mesh Manifoldness: false
[2026-09-29 08:49:24.537] [CoACD] [info]  - Preprocess
[2026-09-29 08:49:24.537] [CoACD] [info] Preprocess resolution: 30
[2026-09-29 08:49:24.780] [CoACD] [info] Preprocess Time: 14.491075s
[2026-09-29 08:49:24.780] [CoACD] [info] # Points: 10324
[2026-09-29 08:49:24.780] [CoACD] [info] # Triangles: 20644
[2026-09-29 08:49:24.780] [CoACD] [info]  - Decomposition (MCTS)
[2026-09-29 08:49:24.780] [CoACD] [info] iter 0 ---- waiting pool: 1
[2026-09-29 08:49:24.782] [CoACD] [info] Processing [0.0%]
[2026-09-29 08:49:27.988] [CoACD] [info] Processing [100.0%]
[2026-09-29 08:49:27.988] [CoACD] [info] iter 1 ---- waiting pool: 2
[2026-09-29 08:49:27.988] [CoACD] [info] Processing [0.0%]
[2026-09-29 08:49:27.988] [CoACD] [info] Processing [50.0%]
[2026-09-29 08:49:29.881] [CoACD] [info] Processing [100.0%]
[2026-09-29 08:49:29.882] [CoACD] [info] iter 2 ---- waiting pool: 4
[2026-09-29 08:49:29.882] [CoACD] [info] Processing [25.0%]
[2026-09-29 08:49:29.882] [CoACD] [info] Processing [0.0%]
[2026-09-29 08:49:29.882] [CoACD] [info] Processing [75.0%]
[2026-09-29 08:49:29.882] [CoACD] [info] Processing [50.0%]
[2026-09-29 08:49:31.100] [CoACD] [info] Processing [100.0%]
[2026-09-29 08:49:31.100] [CoACD] [info] iter 3 ---- waiting pool: 8
[2026-09-29 08:49:31.100] [CoACD] [info] Processing [25.0%]
[2026-09-29 08:49:31.100] [CoACD] [info] Processing [12.5%]
[2026-09-29 08:49:31.100] [CoACD] [info] Processing [37.5%]
[2026-09-29 08:49:31.100] [CoACD] [info] Processing [0.0%]
[2026-09-29 08:49:31.101] [CoACD] [info] Processing [75.0%]
[2026-09-29 08:49:31.101] [CoACD] [info] Processing [50.0%]
[2026-09-29 08:49:31.101] [CoACD] [info] Processing [87.5%]
[2026-09-29 08:49:31.101] [CoACD] [info] Processing [62.5%]
[2026-09-29 08:49:31.874] [CoACD] [info] Processing [100.0%]
[2026-09-29 08:49:31.874] [CoACD] [info] iter 4 ---- waiting pool: 8
[2026-09-29 08:49:31.875] [CoACD] [info] Processing [0.0%]
[2026-09-29 08:49:31.875] [CoACD] [info] Processing [12.5%]
[2026-09-29 08:49:31.875] [CoACD] [info] Processing [25.0%]
[2026-09-29 08:49:31.875] [CoACD] [info] Processing [75.0%]
[2026-09-29 08:49:31.875] [CoACD] [info] Processing [50.0%]
[2026-09-29 08:49:31.875] [CoACD] [info] Processing [37.5%]
[2026-09-29 08:49:31.875] [CoACD] [info] Processing [87.5%]
[2026-09-29 08:49:31.875] [CoACD] [info] Processing [62.5%]
[2026-09-29 08:49:31.904] [CoACD] [info] Processing [100.0%]
[2026-09-29 08:49:31.904] [CoACD] [info]  - Merge Convex Hulls
[2026-09-29 08:49:32.679] [CoACD] [info] Compute Time: 7.8986896350979805s
[2026-09-29 08:49:32.679] [CoACD] [info] # Convex Hulls: 10
[38;5;159m[Genesis] [08:49:32] [INFO] Preprocessing geom idx [38;5;121m[4m63[0m[38;5;159m.[0m
[38;5;159m[Genesis] [08:49:33] [INFO] Preprocessing geom idx [38;5;121m[4m64[0m[38;5;159m.[0m
[38;5;159m[Genesis] [08:49:33] [INFO] Preprocessing geom idx [38;5;121m[4m65[0m[38;5;159m.[0m
[38;5;159m[Genesis] [08:49:34] [INFO] Preprocessing geom idx [38;5;121m[4m66[0m[38;5;159m.[0m
[38;5;159m[Genesis] [08:49:34] [INFO] Preprocessing geom idx [38;5;121m[4m67[0m[38;5;159m.[0m
[38;5;159m[Genesis] [08:49:34] [INFO] Preprocessing geom idx [38;5;121m[4m68[0m[38;5;159m.[0m
[38;5;159m[Genesis] [08:49:34] [INFO] Preprocessing geom idx [38;5;121m[4m69[0m[38;5;159m.[0m
[38;5;159m[Genesis] [08:49:34] [INFO] Preprocessing geom idx [38;5;121m[4m70[0m[38;5;159m.[0m
[38;5;159m[Genesis] [08:49:34] [INFO] Preprocessing geom idx [38;5;121m[4m71[0m[38;5;159m.[0m
[38;5;159m[Genesis] [08:49:35] [INFO] Preprocessing geom idx [38;5;121m[4m72[0m[38;5;159m.[0m
[38;5;159m[Genesis] [08:49:35] [INFO] Adding [38;5;121m<gs.RigidEntity>[0m[38;5;159m. idx: [38;5;121m24[0m[38;5;159m, uid: [38;5;121m[3m<12b07e9>[0m[38;5;159m, morph: [38;5;121m<gs.morphs.Mesh(file='/mnt4/gck/maniladder/maniladder/assets/meshes/deformable/sand_tray.obj')>[0m[38;5;159m, material: [38;5;121m<gs.materials.Rigid>[0m[38;5;159m.[0m
[38;5;159m[Genesis] [08:49:35] [INFO] Convex hull is not accurate enough for collision detection (3.770). Falling back to more expensive convex decomposition (see FileMorph options).[0m
[38;5;159m[Genesis] [08:49:35] [INFO] Adding [38;5;121m<gs.RigidEntity>[0m[38;5;159m. idx: [38;5;121m25[0m[38;5;159m, uid: [38;5;121m[3m<3f5cfa6>[0m[38;5;159m, morph: [38;5;121m<gs.morphs.Mesh(file='/mnt4/gck/maniladder/maniladder/assets/meshes/deformable/sand_tray.obj')>[0m[38;5;159m, material: [38;5;121m<gs.materials.Rigid>[0m[38;5;159m.[0m
[38;5;159m[Genesis] [08:49:35] [INFO] Convex hull is not accurate enough for collision detection (3.770). Falling back to more expensive convex decomposition (see FileMorph options).[0m
[38;5;159m[Genesis] [08:49:35] [INFO] Preprocessing geom idx [38;5;121m[4m83[0m[38;5;159m.[0m
[38;5;159m[Genesis] [08:49:36] [INFO] Preprocessing geom idx [38;5;121m[4m84[0m[38;5;159m.[0m
[38;5;159m[Genesis] [08:49:36] [INFO] Preprocessing geom idx [38;5;121m[4m85[0m[38;5;159m.[0m
[38;5;159m[Genesis] [08:49:36] [INFO] Preprocessing geom idx [38;5;121m[4m86[0m[38;5;159m.[0m
[38;5;159m[Genesis] [08:49:37] [INFO] Preprocessing geom idx [38;5;121m[4m87[0m[38;5;159m.[0m
[38;5;159m[Genesis] [08:49:37] [INFO] Preprocessing geom idx [38;5;121m[4m88[0m[38;5;159m.[0m
[38;5;159m[Genesis] [08:49:37] [INFO] Preprocessing geom idx [38;5;121m[4m89[0m[38;5;159m.[0m
[38;5;159m[Genesis] [08:49:37] [INFO] Preprocessing geom idx [38;5;121m[4m90[0m[38;5;159m.[0m
[38;5;159m[Genesis] [08:49:37] [INFO] Preprocessing geom idx [38;5;121m[4m91[0m[38;5;159m.[0m
[38;5;159m[Genesis] [08:49:37] [INFO] Preprocessing geom idx [38;5;121m[4m92[0m[38;5;159m.[0m
[38;5;159m[Genesis] [08:49:38] [INFO] Adding [38;5;121m<gs.RigidEntity>[0m[38;5;159m. idx: [38;5;121m26[0m[38;5;159m, uid: [38;5;121m[3m<c72f0cf>[0m[38;5;159m, morph: [38;5;121m<gs.morphs.Mesh(file='/mnt4/gck/maniladder/maniladder/assets/meshes/deformable/shovel.obj')>[0m[38;5;159m, material: [38;5;121m<gs.materials.Rigid>[0m[38;5;159m.[0m
[38;5;159m[Genesis] [08:49:38] [INFO] Adding [38;5;121m<gs.RigidEntity>[0m[38;5;159m. idx: [38;5;121m27[0m[38;5;159m, uid: [38;5;121m[3m<8f4e9f7>[0m[38;5;159m, morph: [38;5;121m<gs.morphs.Box>[0m[38;5;159m, material: [38;5;121m<gs.materials.Rigid>[0m[38;5;159m.[0m
[38;5;159m[Genesis] [08:49:38] [INFO] Preprocessing geom idx [38;5;121m[4m93[0m[38;5;159m.[0m
[38;5;159m[Genesis] [08:49:38] [INFO] Adding [38;5;121m<gs.RigidEntity>[0m[38;5;159m. idx: [38;5;121m28[0m[38;5;159m, uid: [38;5;121m[3m<74e827d>[0m[38;5;159m, morph: [38;5;121m<gs.morphs.Box>[0m[38;5;159m, material: [38;5;121m<gs.materials.Rigid>[0m[38;5;159m.[0m
[38;5;159m[Genesis] [08:49:38] [INFO] Preprocessing geom idx [38;5;121m[4m94[0m[38;5;159m.[0m
[38;5;159m[Genesis] [08:49:38] [INFO] Adding [38;5;121m<gs.RigidEntity>[0m[38;5;159m. idx: [38;5;121m29[0m[38;5;159m, uid: [38;5;121m[3m<2a22c7d>[0m[38;5;159m, morph: [38;5;121m<gs.morphs.Box>[0m[38;5;159m, material: [38;5;121m<gs.materials.Rigid>[0m[38;5;159m.[0m
[38;5;159m[Genesis] [08:49:38] [INFO] Adding [38;5;121m<gs.RigidEntity>[0m[38;5;159m. idx: [38;5;121m30[0m[38;5;159m, uid: [38;5;121m[3m<8584833>[0m[38;5;159m, morph: [38;5;121m<gs.morphs.Box>[0m[38;5;159m, material: [38;5;121m<gs.materials.Rigid>[0m[38;5;159m.[0m
[38;5;159m[Genesis] [08:49:38] [INFO] Preprocessing geom idx [38;5;121m[4m96[0m[38;5;159m.[0m
[38;5;159m[Genesis] [08:49:38] [INFO] Adding [38;5;121m<gs.RigidEntity>[0m[38;5;159m. idx: [38;5;121m31[0m[38;5;159m, uid: [38;5;121m[3m<81be689>[0m[38;5;159m, morph: [38;5;121m<gs.morphs.Box>[0m[38;5;159m, material: [38;5;121m<gs.materials.Rigid>[0m[38;5;159m.[0m
[38;5;159m[Genesis] [08:49:38] [INFO] Adding [38;5;121m<gs.RigidEntity>[0m[38;5;159m. idx: [38;5;121m32[0m[38;5;159m, uid: [38;5;121m[3m<5b55382>[0m[38;5;159m, morph: [38;5;121m<gs.morphs.Mesh(file='/mnt4/gck/maniladder/maniladder/assets/meshes/deformable/shovel.obj')>[0m[38;5;159m, material: [38;5;121m<gs.materials.Rigid>[0m[38;5;159m.[0m
[38;5;159m[Genesis] [08:49:38] [INFO] Adding [38;5;121m<gs.RigidEntity>[0m[38;5;159m. idx: [38;5;121m33[0m[38;5;159m, uid: [38;5;121m[3m<5b86224>[0m[38;5;159m, morph: [38;5;121m<gs.morphs.Box>[0m[38;5;159m, material: [38;5;121m<gs.materials.Rigid>[0m[38;5;159m.[0m
[38;5;159m[Genesis] [08:49:38] [INFO] Adding [38;5;121m<gs.RigidEntity>[0m[38;5;159m. idx: [38;5;121m34[0m[38;5;159m, uid: [38;5;121m[3m<20a3cef>[0m[38;5;159m, morph: [38;5;121m<gs.morphs.Box>[0m[38;5;159m, material: [38;5;121m<gs.materials.Rigid>[0m[38;5;159m.[0m
[38;5;159m[Genesis] [08:49:38] [INFO] Adding [38;5;121m<gs.RigidEntity>[0m[38;5;159m. idx: [38;5;121m35[0m[38;5;159m, uid: [38;5;121m[3m<ec557a9>[0m[38;5;159m, morph: [38;5;121m<gs.morphs.Box>[0m[38;5;159m, material: [38;5;121m<gs.materials.Rigid>[0m[38;5;159m.[0m
[38;5;159m[Genesis] [08:49:38] [INFO] Adding [38;5;121m<gs.RigidEntity>[0m[38;5;159m. idx: [38;5;121m36[0m[38;5;159m, uid: [38;5;121m[3m<a132a93>[0m[38;5;159m, morph: [38;5;121m<gs.morphs.Box>[0m[38;5;159m, material: [38;5;121m<gs.materials.Rigid>[0m[38;5;159m.[0m
[38;5;159m[Genesis] [08:49:38] [INFO] Adding [38;5;121m<gs.RigidEntity>[0m[38;5;159m. idx: [38;5;121m37[0m[38;5;159m, uid: [38;5;121m[3m<aee631d>[0m[38;5;159m, morph: [38;5;121m<gs.morphs.Box>[0m[38;5;159m, material: [38;5;121m<gs.materials.Rigid>[0m[38;5;159m.[0m
[38;5;159m[Genesis] [08:49:38] [INFO] Adding [38;5;121m<gs.MPMEntity>[0m[38;5;159m. idx: [38;5;121m38[0m[38;5;159m, uid: [38;5;121m[3m<01ca111>[0m[38;5;159m, morph: [38;5;121m<gs.morphs.Box>[0m[38;5;159m, material: [38;5;121m<gs.materials.MPM.Sand>[0m[38;5;159m.[0m
[38;5;159m[Genesis] [08:49:38] [INFO] Sampling particles with [38;5;121mrandom[0m[38;5;159m sampler and generating `.ptc` file:[0m
[38;5;159m[Genesis] [08:49:38] [INFO] Sampled [38;5;121m[4m33,524[0m[38;5;159m particles.[0m
[38;5;159m[Genesis] [08:49:38] [INFO] Adding [38;5;121m<gs.MPMEntity>[0m[38;5;159m. idx: [38;5;121m39[0m[38;5;159m, uid: [38;5;121m[3m<46a4a90>[0m[38;5;159m, morph: [38;5;121m<gs.morphs.Box>[0m[38;5;159m, material: [38;5;121m<gs.materials.MPM.Sand>[0m[38;5;159m.[0m
[38;5;159m[Genesis] [08:49:38] [INFO] Sampled [38;5;121m[4m33,524[0m[38;5;159m particles.[0m
[38;5;159m[Genesis] [08:49:38] [INFO] Building scene [38;5;121m[3m<0135b3c>[0m[38;5;159m...[0m
[W 09/29/26 08:49:38.931 4000013] [kernel_compilation_manager.cpp:KernelCompilationManager@69] Lock /home/gck/.cache/gstaichi/ticache/kernel_compilation_manager/ticache.lock failed. Please run 'ti cache clean -p /home/gck/.cache/gstaichi/ticache/kernel_compilation_manager' and try again.
[38;5;226m[Genesis] [08:49:42] [WARNING] Reference robot position exceeds joint limits.[0m
[38;5;226m[Genesis] [08:49:44] [WARNING] max_collision_pairs 300 is smaller than the theoretical maximal possible pairs 3963, it uses less memory but might lead to missing some collision pairs if there are too many collision pairs[0m
[38;5;226m[Genesis] [08:49:51] [WARNING] Current `substep_dt` (0.00025) is greater than suggested_dt (0.00015625, calculated based on `grid_density`). Simulation might be unstable.[0m
[38;5;159m[Genesis] [08:49:52] [INFO] Compiling simulation kernels...[0m
[38;5;159m[Genesis] [08:50:35] [INFO] Building visualizer...[0m
/data/gck/miniconda3/envs/maniladder/lib/python3.10/site-packages/torch/utils/_device.py:109: UserWarning: The given NumPy array is not writable, and PyTorch does not support non-writable tensors. This means writing to this tensor will result in undefined behavior. You may want to copy the array to protect its data or make it writable before converting it to a tensor. This type of warning will be suppressed for the rest of this program. (Triggered internally at /pytorch/torch/csrc/utils/tensor_numpy.cpp:213.)
  return func(*args, **kwargs)
Action space: Dict('panda-0': Box(-1.0, 1.0, (7,), float32), 'panda-1': Box(-1.0, 1.0, (7,), float32))
Generating 1 orbit video-only demos → /mnt/gck_website/maniladder.github.io/generated_demos/DualArmSandShovel-v1
  [ep 0/1, attempt 1] step 1/900  terminated=False  truncated=False
  [ep 0/1, attempt 1] step 101/900  terminated=False  truncated=False
  [ep 0/1, attempt 1] step 201/900  terminated=False  truncated=False
  [ep 0/1, attempt 1] step 301/900  terminated=False  truncated=False
  [ep 0/1, attempt 1] step 401/900  terminated=False  truncated=False
  [ep 0/1, attempt 1] step 417/900  terminated=True  truncated=False
  [ep 0, attempt 1] Success at step 417, collected 30 extra steps.
  [Success Rate] overall: 100.0% (1/1) | moving avg (last 1): 100.0%
[ManiLadder Camera] stop_recording target=/mnt/gck_website/maniladder.github.io/generated_demos/DualArmSandShovel-v1/videos/orbit_camera_ep0.mp4
[38;5;159m[Genesis] [08:59:46] [INFO] Saving video to [38;5;121m"/mnt/gck_website/maniladder.github.io/generated_demos/DualArmSandShovel-v1/videos/orbit_camera_ep0.mp4"[0m[38;5;159m...[0m
[38;5;159m[Genesis] [08:59:49] [INFO] Video saved.[0m
  Saved video: /mnt/gck_website/maniladder.github.io/generated_demos/DualArmSandShovel-v1/videos/orbit_camera_ep0.mp4 exists=True
  Videos for episode 0 saved to /mnt/gck_website/maniladder.github.io/generated_demos/DualArmSandShovel-v1/videos

============================================================
Done. 1 demo trajectories (traj_0..traj_0) saved to /mnt/gck_website/maniladder.github.io/generated_demos
Final   [Success Rate] overall: 100.0% (1/1) | moving avg (last 1): 100.0%
============================================================
[38;5;159m[Genesis] [08:59:49] [INFO] 💤 Exiting Genesis and caching compiled kernels...[0m
[W 09/29/26 08:59:49.833 4000013] [offline_cache.h:run@186] Lock /home/gck/.cache/gstaichi/ticache/kernel_compilation_manager/ticache.lock failed. You can run 'ti cache clean -p /home/gck/.cache/gstaichi/ticache/kernel_compilation_manager' and try again.
[W 09/29/26 08:59:50.034 4000013] [kernel_compilation_manager.cpp:dump@104] Lock /home/gck/.cache/gstaichi/ticache/kernel_compilation_manager/ticache.lock failed. Please run 'ti cache clean -p /home/gck/.cache/gstaichi/ticache/kernel_compilation_manager' and try again.
[W 09/29/26 08:59:50.296 4000013] [ptx_cache.cpp:dump@92] Lock /home/gck/.cache/gstaichi/ticache/ptx_cache/ptxcache.lock failed. Please run 'ti cache clean -p /home/gck/.cache/gstaichi/ticache/ptx_cache' and try again.
