[38;5;159m[Genesis] [08:59:56] [INFO] [38;5;121m╭───────────────────────────────────────────────╮[0m[38;5;159m[0m
[38;5;159m[Genesis] [08:59:56] [INFO] [38;5;121m│┈┉┈┉┈┉┈┉┈┉┈┉┈┉┈┉┈┉┈[0m[38;5;159m [38;5;121m[1m[3mGenesis[0m[38;5;159m [38;5;121m┈┉┈┉┈┉┈┉┈┉┈┉┈┉┈┉┈┉┈│[0m[38;5;159m[0m
[38;5;159m[Genesis] [08:59:56] [INFO] [38;5;121m╰───────────────────────────────────────────────╯[0m[38;5;159m[0m
[W 09/29/26 08:59:56.891 4072461] [ptx_cache.cpp:PtxCache@73] Lock /home/gck/.cache/gstaichi/ticache/ptx_cache/ptxcache.lock failed. Please run 'ti cache clean -p /home/gck/.cache/gstaichi/ticache/ptx_cache' and try again.
[38;5;159m[Genesis] [08:59:57] [INFO] Running on [38;5;121m[4m[NVIDIA A100-SXM4-80GB][0m[38;5;159m with backend [38;5;121m[4mgs.cuda[0m[38;5;159m. Device memory: [38;5;121m[4m79.25[0m[38;5;159m GB.[0m
[38;5;159m[Genesis] [08:59:57] [INFO] 🚀 Genesis initialized. 🔖 version: [38;5;121m[4m0.3.6[0m[38;5;159m, 🎨 theme: [38;5;121m[4mdark[0m[38;5;159m, 🌱 seed: [38;5;121m[4mNone[0m[38;5;159m, 🐛 debug: [38;5;121m[4mFalse[0m[38;5;159m, 📏 precision: [38;5;121m[4m32[0m[38;5;159m, 🏎️ performance: [38;5;121m[4mFalse[0m[38;5;159m, 💬 verbose: [38;5;121m[4mINFO[0m[38;5;159m[0m
[38;5;159m[Genesis] [08:59:59] [INFO] Scene [38;5;121m[3m<55da409>[0m[38;5;159m created.[0m
[38;5;159m[Genesis] [08:59:59] [INFO] Adding [38;5;121m<gs.RigidEntity>[0m[38;5;159m. idx: [38;5;121m0[0m[38;5;159m, uid: [38;5;121m[3m<54daa23>[0m[38;5;159m, morph: [38;5;121m<gs.morphs.URDF(file='/mnt4/gck/maniladder/maniladder/assets/urdf/panda_leaphand/panda_leaphand_left.urdf')>[0m[38;5;159m, material: [38;5;121m<gs.materials.Rigid>[0m[38;5;159m.[0m
[38;5;159m[Genesis] [09:00:02] [INFO] Applying offset to base link's pose with user provided value in morph.[0m
[32m2026-09-29 09:00:04,398 - maniladder  - INFO - only loading the first pose of the given initial pose Pose(raw_pose=tensor([[-0.4000, -0.6000,  0.0000,  0.0000,  0.0000, 90.0000]],
       device='cuda:0')), parallel loading has not been implemented yet.[0m
[38;5;159m[Genesis] [09:00:04] [INFO] Adding [38;5;121m<gs.RigidEntity>[0m[38;5;159m. idx: [38;5;121m1[0m[38;5;159m, uid: [38;5;121m[3m<0986b1e>[0m[38;5;159m, morph: [38;5;121m<gs.morphs.URDF(file='/mnt4/gck/maniladder/maniladder/assets/urdf/panda_leaphand/panda_leaphand.urdf')>[0m[38;5;159m, material: [38;5;121m<gs.materials.Rigid>[0m[38;5;159m.[0m
[38;5;159m[Genesis] [09:00:07] [INFO] Applying offset to base link's pose with user provided value in morph.[0m
[32m2026-09-29 09:00:08,921 - maniladder  - INFO - only loading the first pose of the given initial pose Pose(raw_pose=tensor([[ -0.4000,   0.6000,   0.0000,   0.0000,   0.0000, -90.0000]],
       device='cuda:0')), parallel loading has not been implemented yet.[0m
[38;5;159m[Genesis] [09:00:08] [INFO] Adding [38;5;121m<gs.RigidEntity>[0m[38;5;159m. idx: [38;5;121m2[0m[38;5;159m, uid: [38;5;121m[3m<808833a>[0m[38;5;159m, morph: [38;5;121m<gs.morphs.Mesh(file='/mnt4/gck/maniladder/maniladder/assets/models/table.glb')>[0m[38;5;159m, material: [38;5;121m<gs.materials.Rigid>[0m[38;5;159m.[0m
[38;5;226m[Genesis] [09:00:08] [WARNING] GLTF is using y-up while Genesis uses z-up. Please set parse_glb_with_zup=True in morph options if you find the mesh is 90-degree rotated. We will set parse_glb_with_zup=True and rotate glb mesh by default later and gradually enforce this option.[0m
/data/gck/miniconda3/envs/maniladder/lib/python3.10/site-packages/pygltflib/__init__.py:830: UserWarning: pygltflib currently does not remove image data from the buffer when converting to data uri.Please open an issue at https://gitlab.com/dodgyville/pygltflib/issues
  warnings.warn("pygltflib currently does not remove image data "
[38;5;159m[Genesis] [09:00:09] [INFO] Adding [38;5;121m<gs.RigidEntity>[0m[38;5;159m. idx: [38;5;121m3[0m[38;5;159m, uid: [38;5;121m[3m<54f7424>[0m[38;5;159m, morph: [38;5;121m<gs.morphs.Box>[0m[38;5;159m, material: [38;5;121m<gs.materials.Rigid>[0m[38;5;159m.[0m
[38;5;159m[Genesis] [09:00:09] [INFO] Adding [38;5;121m<gs.RigidEntity>[0m[38;5;159m. idx: [38;5;121m4[0m[38;5;159m, uid: [38;5;121m[3m<59b5fca>[0m[38;5;159m, morph: [38;5;121m<gs.morphs.Plane>[0m[38;5;159m, material: [38;5;121m<gs.materials.Rigid>[0m[38;5;159m.[0m
[38;5;159m[Genesis] [09:00:09] [INFO] Adding [38;5;121m<gs.RigidEntity>[0m[38;5;159m. idx: [38;5;121m5[0m[38;5;159m, uid: [38;5;121m[3m<7dd6ac8>[0m[38;5;159m, morph: [38;5;121m<gs.morphs.Box>[0m[38;5;159m, material: [38;5;121m<gs.materials.Rigid>[0m[38;5;159m.[0m
[38;5;159m[Genesis] [09:00:09] [INFO] Adding [38;5;121m<gs.RigidEntity>[0m[38;5;159m. idx: [38;5;121m6[0m[38;5;159m, uid: [38;5;121m[3m<ed11d46>[0m[38;5;159m, morph: [38;5;121m<gs.morphs.Box>[0m[38;5;159m, material: [38;5;121m<gs.materials.Rigid>[0m[38;5;159m.[0m
[38;5;159m[Genesis] [09:00:09] [INFO] Adding [38;5;121m<gs.RigidEntity>[0m[38;5;159m. idx: [38;5;121m7[0m[38;5;159m, uid: [38;5;121m[3m<76ed376>[0m[38;5;159m, morph: [38;5;121m<gs.morphs.Box>[0m[38;5;159m, material: [38;5;121m<gs.materials.Rigid>[0m[38;5;159m.[0m
[38;5;159m[Genesis] [09:00:09] [INFO] Adding [38;5;121m<gs.RigidEntity>[0m[38;5;159m. idx: [38;5;121m8[0m[38;5;159m, uid: [38;5;121m[3m<283d99b>[0m[38;5;159m, morph: [38;5;121m<gs.morphs.URDF(file='/mnt4/gck/maniladder/maniladder/assets/models/folding_table/folding_table.urdf')>[0m[38;5;159m, material: [38;5;121m<gs.materials.Rigid>[0m[38;5;159m.[0m
[38;5;159m[Genesis] [09:00:09] [INFO] Falling back to legacy URDF parser. Default values of physics properties may be off.[0m
[38;5;159m[Genesis] [09:00:09] [INFO] Applying offset to base link's pose with user provided value in morph.[0m
Warning: Could not get table base link: Link not found for name: folding_table.
[38;5;159m[Genesis] [09:00:09] [INFO] Building scene [38;5;121m[3m<55da409>[0m[38;5;159m...[0m
[W 09/29/26 09:00:09.818 4072461] [kernel_compilation_manager.cpp:KernelCompilationManager@69] Lock /home/gck/.cache/gstaichi/ticache/kernel_compilation_manager/ticache.lock failed. Please run 'ti cache clean -p /home/gck/.cache/gstaichi/ticache/kernel_compilation_manager' and try again.
[38;5;226m[Genesis] [09:00:14] [WARNING] Reference robot position exceeds joint limits.[0m
[38;5;226m[Genesis] [09:00:16] [WARNING] max_collision_pairs 500 is smaller than the theoretical maximal possible pairs 13124, it uses less memory but might lead to missing some collision pairs if there are too many collision pairs[0m
[38;5;159m[Genesis] [09:00:25] [INFO] Compiling simulation kernels...[0m
[38;5;159m[Genesis] [09:01:01] [INFO] Building visualizer...[0m
/data/gck/miniconda3/envs/maniladder/lib/python3.10/site-packages/torch/utils/_device.py:109: UserWarning: The given NumPy array is not writable, and PyTorch does not support non-writable tensors. This means writing to this tensor will result in undefined behavior. You may want to copy the array to protect its data or make it writable before converting it to a tensor. This type of warning will be suppressed for the rest of this program. (Triggered internally at /pytorch/torch/csrc/utils/tensor_numpy.cpp:213.)
  return func(*args, **kwargs)
Action space: Dict('panda_leaphand-1': Box(-1.0, 1.0, (22,), float32), 'panda_leaphand_left-0': Box(-1.0, 1.0, (22,), float32))
Generating 1 orbit video-only demos → /mnt/gck_website/maniladder.github.io/generated_demos/DualArmFlipTable-v1
  [ep 0/1, attempt 1] step 1/2400  terminated=False  truncated=False
  [ep 0/1, attempt 1] step 101/2400  terminated=False  truncated=False
  [ep 0/1, attempt 1] step 201/2400  terminated=False  truncated=False
transition to phase 3
  [ep 0/1, attempt 1] step 301/2400  terminated=False  truncated=False
  [ep 0/1, attempt 1] step 401/2400  terminated=False  truncated=False
  [ep 0/1, attempt 1] step 501/2400  terminated=False  truncated=False
transition to phase 8：ready to insert
  [ep 0/1, attempt 1] step 601/2400  terminated=False  truncated=False
transition to phase 9：lift up ,stage 2
  [ep 0/1, attempt 1] step 701/2400  terminated=False  truncated=False
  [ep 0/1, attempt 1] step 801/2400  terminated=False  truncated=False
  [ep 0/1, attempt 1] step 901/2400  terminated=False  truncated=False
  [ep 0/1, attempt 1] step 1001/2400  terminated=False  truncated=False
  [ep 0/1, attempt 1] step 1101/2400  terminated=False  truncated=False
  [ep 0/1, attempt 1] step 1201/2400  terminated=False  truncated=False
  [ep 0/1, attempt 1] step 1301/2400  terminated=False  truncated=False
  [ep 0/1, attempt 1] step 1401/2400  terminated=False  truncated=False
  [ep 0/1, attempt 1] step 1501/2400  terminated=False  truncated=False
  [ep 0/1, attempt 1] step 1601/2400  terminated=False  truncated=False
  [ep 0/1, attempt 1] step 1701/2400  terminated=False  truncated=False
  [ep 0/1, attempt 1] step 1801/2400  terminated=False  truncated=False
  [ep 0/1, attempt 1] step 1901/2400  terminated=False  truncated=False
  [ep 0/1, attempt 1] step 2001/2400  terminated=False  truncated=False
  [ep 0/1, attempt 1] step 2101/2400  terminated=False  truncated=False
  [ep 0/1, attempt 1] step 2201/2400  terminated=False  truncated=False
  [ep 0/1, attempt 1] step 2301/2400  terminated=False  truncated=False
  [ep 0/1, attempt 1] step 2400/2400  terminated=False  truncated=True
  [WARNING] Episode 0 attempt 1 truncated without success. Discarding and retrying...
  [Success Rate] overall: 0.0% (0/1) | moving avg (last 1): 0.0%
  [ep 0/1, attempt 2] step 1/2400  terminated=False  truncated=False
  [ep 0/1, attempt 2] step 101/2400  terminated=False  truncated=False
  [ep 0/1, attempt 2] step 201/2400  terminated=False  truncated=False
transition to phase 3
  [ep 0/1, attempt 2] step 301/2400  terminated=False  truncated=False
  [ep 0/1, attempt 2] step 401/2400  terminated=False  truncated=False
  [ep 0/1, attempt 2] step 501/2400  terminated=False  truncated=False
transition to phase 8：ready to insert
  [ep 0/1, attempt 2] step 601/2400  terminated=False  truncated=False
transition to phase 9：lift up ,stage 2
  [ep 0/1, attempt 2] step 701/2400  terminated=False  truncated=False
  [ep 0/1, attempt 2] step 801/2400  terminated=False  truncated=False
  [ep 0/1, attempt 2] step 901/2400  terminated=False  truncated=False
  [ep 0/1, attempt 2] step 1001/2400  terminated=False  truncated=False
  [ep 0/1, attempt 2] step 1101/2400  terminated=False  truncated=False
  [ep 0/1, attempt 2] step 1201/2400  terminated=False  truncated=False
  [ep 0/1, attempt 2] step 1301/2400  terminated=False  truncated=False
  [ep 0/1, attempt 2] step 1401/2400  terminated=False  truncated=False
  [ep 0/1, attempt 2] step 1501/2400  terminated=False  truncated=False
  [ep 0/1, attempt 2] step 1601/2400  terminated=False  truncated=False
  [ep 0/1, attempt 2] step 1701/2400  terminated=False  truncated=False
  [ep 0/1, attempt 2] step 1801/2400  terminated=False  truncated=False
  [ep 0/1, attempt 2] step 1901/2400  terminated=False  truncated=False
  [ep 0/1, attempt 2] step 2001/2400  terminated=False  truncated=False
  [ep 0/1, attempt 2] step 2101/2400  terminated=False  truncated=False
  [ep 0/1, attempt 2] step 2201/2400  terminated=False  truncated=False
  [ep 0/1, attempt 2] step 2301/2400  terminated=False  truncated=False
  [ep 0/1, attempt 2] step 2400/2400  terminated=False  truncated=True
  [WARNING] Episode 0 attempt 2 truncated without success. Discarding and retrying...
  [Success Rate] overall: 0.0% (0/2) | moving avg (last 2): 0.0%
  [ep 0/1, attempt 3] step 1/2400  terminated=False  truncated=False
  [ep 0/1, attempt 3] step 101/2400  terminated=False  truncated=False
  [ep 0/1, attempt 3] step 201/2400  terminated=False  truncated=False
transition to phase 3
  [ep 0/1, attempt 3] step 301/2400  terminated=False  truncated=False
  [ep 0/1, attempt 3] step 401/2400  terminated=False  truncated=False
  [ep 0/1, attempt 3] step 501/2400  terminated=False  truncated=False
transition to phase 8：ready to insert
  [ep 0/1, attempt 3] step 601/2400  terminated=False  truncated=False
transition to phase 9：lift up ,stage 2
  [ep 0/1, attempt 3] step 701/2400  terminated=False  truncated=False
  [ep 0/1, attempt 3] step 801/2400  terminated=False  truncated=False
  [ep 0/1, attempt 3] step 901/2400  terminated=False  truncated=False
  [ep 0/1, attempt 3] step 1001/2400  terminated=False  truncated=False
  [ep 0/1, attempt 3] step 1101/2400  terminated=False  truncated=False
  [ep 0/1, attempt 3] step 1201/2400  terminated=False  truncated=False
  [ep 0/1, attempt 3] step 1301/2400  terminated=False  truncated=False
  [ep 0/1, attempt 3] step 1401/2400  terminated=False  truncated=False
  [ep 0/1, attempt 3] step 1501/2400  terminated=False  truncated=False
  [ep 0/1, attempt 3] step 1601/2400  terminated=False  truncated=False
  [ep 0/1, attempt 3] step 1701/2400  terminated=False  truncated=False
  [ep 0/1, attempt 3] step 1801/2400  terminated=False  truncated=False
  [ep 0/1, attempt 3] step 1901/2400  terminated=False  truncated=False
  [ep 0/1, attempt 3] step 2001/2400  terminated=False  truncated=False
  [ep 0/1, attempt 3] step 2101/2400  terminated=False  truncated=False
  [ep 0/1, attempt 3] step 2201/2400  terminated=False  truncated=False
  [ep 0/1, attempt 3] step 2301/2400  terminated=False  truncated=False
  [ep 0/1, attempt 3] step 2400/2400  terminated=False  truncated=True
  [WARNING] Episode 0 attempt 3 truncated without success. Discarding and retrying...
  [Success Rate] overall: 0.0% (0/3) | moving avg (last 3): 0.0%
  [ep 0/1, attempt 4] step 1/2400  terminated=False  truncated=False
  [ep 0/1, attempt 4] step 101/2400  terminated=False  truncated=False
  [ep 0/1, attempt 4] step 201/2400  terminated=False  truncated=False
transition to phase 3
  [ep 0/1, attempt 4] step 301/2400  terminated=False  truncated=False
  [ep 0/1, attempt 4] step 401/2400  terminated=False  truncated=False
  [ep 0/1, attempt 4] step 501/2400  terminated=False  truncated=False
transition to phase 8：ready to insert
  [ep 0/1, attempt 4] step 601/2400  terminated=False  truncated=False
transition to phase 9：lift up ,stage 2
  [ep 0/1, attempt 4] step 701/2400  terminated=False  truncated=False
  [ep 0/1, attempt 4] step 801/2400  terminated=False  truncated=False
  [ep 0/1, attempt 4] step 901/2400  terminated=False  truncated=False
  [ep 0/1, attempt 4] step 1001/2400  terminated=False  truncated=False
  [ep 0/1, attempt 4] step 1101/2400  terminated=False  truncated=False
  [ep 0/1, attempt 4] step 1201/2400  terminated=False  truncated=False
  [ep 0/1, attempt 4] step 1301/2400  terminated=False  truncated=False
  [ep 0/1, attempt 4] step 1401/2400  terminated=False  truncated=False
  [ep 0/1, attempt 4] step 1501/2400  terminated=False  truncated=False
  [ep 0/1, attempt 4] step 1601/2400  terminated=False  truncated=False
  [ep 0/1, attempt 4] step 1701/2400  terminated=False  truncated=False
  [ep 0/1, attempt 4] step 1801/2400  terminated=False  truncated=False
  [ep 0/1, attempt 4] step 1901/2400  terminated=False  truncated=False
  [ep 0/1, attempt 4] step 2001/2400  terminated=False  truncated=False
  [ep 0/1, attempt 4] step 2101/2400  terminated=False  truncated=False
  [ep 0/1, attempt 4] step 2201/2400  terminated=False  truncated=False
  [ep 0/1, attempt 4] step 2301/2400  terminated=False  truncated=False
  [ep 0/1, attempt 4] step 2400/2400  terminated=False  truncated=True
  [WARNING] Episode 0 attempt 4 truncated without success. Discarding and retrying...
  [Success Rate] overall: 0.0% (0/4) | moving avg (last 4): 0.0%
  [ep 0/1, attempt 5] step 1/2400  terminated=False  truncated=False
  [ep 0/1, attempt 5] step 101/2400  terminated=False  truncated=False
  [ep 0/1, attempt 5] step 201/2400  terminated=False  truncated=False
transition to phase 3
  [ep 0/1, attempt 5] step 301/2400  terminated=False  truncated=False
  [ep 0/1, attempt 5] step 401/2400  terminated=False  truncated=False
  [ep 0/1, attempt 5] step 501/2400  terminated=False  truncated=False
transition to phase 8：ready to insert
  [ep 0/1, attempt 5] step 601/2400  terminated=False  truncated=False
transition to phase 9：lift up ,stage 2
  [ep 0/1, attempt 5] step 701/2400  terminated=False  truncated=False
  [ep 0/1, attempt 5] step 801/2400  terminated=False  truncated=False
  [ep 0/1, attempt 5] step 901/2400  terminated=False  truncated=False
  [ep 0/1, attempt 5] step 1001/2400  terminated=False  truncated=False
  [ep 0/1, attempt 5] step 1101/2400  terminated=False  truncated=False
  [ep 0/1, attempt 5] step 1201/2400  terminated=False  truncated=False
  [ep 0/1, attempt 5] step 1301/2400  terminated=False  truncated=False
  [ep 0/1, attempt 5] step 1401/2400  terminated=False  truncated=False
  [ep 0/1, attempt 5] step 1501/2400  terminated=False  truncated=False
  [ep 0/1, attempt 5] step 1601/2400  terminated=False  truncated=False
  [ep 0/1, attempt 5] step 1701/2400  terminated=False  truncated=False
  [ep 0/1, attempt 5] step 1801/2400  terminated=False  truncated=False
  [ep 0/1, attempt 5] step 1901/2400  terminated=False  truncated=False
  [ep 0/1, attempt 5] step 2001/2400  terminated=False  truncated=False
  [ep 0/1, attempt 5] step 2101/2400  terminated=False  truncated=False
  [ep 0/1, attempt 5] step 2201/2400  terminated=False  truncated=False
  [ep 0/1, attempt 5] step 2301/2400  terminated=False  truncated=False
  [ep 0/1, attempt 5] step 2400/2400  terminated=False  truncated=True
  [WARNING] Episode 0 attempt 5 truncated without success. Discarding and retrying...
  [Success Rate] overall: 0.0% (0/5) | moving avg (last 5): 0.0%
  [ep 0/1, attempt 6] step 1/2400  terminated=False  truncated=False
  [ep 0/1, attempt 6] step 101/2400  terminated=False  truncated=False
  [ep 0/1, attempt 6] step 201/2400  terminated=False  truncated=False
transition to phase 3
  [ep 0/1, attempt 6] step 301/2400  terminated=False  truncated=False
  [ep 0/1, attempt 6] step 401/2400  terminated=False  truncated=False
  [ep 0/1, attempt 6] step 501/2400  terminated=False  truncated=False
transition to phase 8：ready to insert
  [ep 0/1, attempt 6] step 601/2400  terminated=False  truncated=False
transition to phase 9：lift up ,stage 2
  [ep 0/1, attempt 6] step 701/2400  terminated=False  truncated=False
  [ep 0/1, attempt 6] step 801/2400  terminated=False  truncated=False
  [ep 0/1, attempt 6] step 901/2400  terminated=False  truncated=False
  [ep 0/1, attempt 6] step 1001/2400  terminated=False  truncated=False
  [ep 0/1, attempt 6] step 1101/2400  terminated=False  truncated=False
  [ep 0/1, attempt 6] step 1201/2400  terminated=False  truncated=False
  [ep 0/1, attempt 6] step 1301/2400  terminated=False  truncated=False
  [ep 0/1, attempt 6] step 1401/2400  terminated=False  truncated=False
  [ep 0/1, attempt 6] step 1501/2400  terminated=False  truncated=False
  [ep 0/1, attempt 6] step 1601/2400  terminated=False  truncated=False
  [ep 0/1, attempt 6] step 1701/2400  terminated=False  truncated=False
  [ep 0/1, attempt 6] step 1801/2400  terminated=False  truncated=False
  [ep 0/1, attempt 6] step 1901/2400  terminated=False  truncated=False
  [ep 0/1, attempt 6] step 2001/2400  terminated=False  truncated=False
  [ep 0/1, attempt 6] step 2101/2400  terminated=False  truncated=False
  [ep 0/1, attempt 6] step 2201/2400  terminated=False  truncated=False
  [ep 0/1, attempt 6] step 2301/2400  terminated=False  truncated=False
  [ep 0/1, attempt 6] step 2400/2400  terminated=False  truncated=True
  [WARNING] Episode 0 attempt 6 truncated without success. Discarding and retrying...
  [Success Rate] overall: 0.0% (0/6) | moving avg (last 6): 0.0%
  [ep 0/1, attempt 7] step 1/2400  terminated=False  truncated=False
  [ep 0/1, attempt 7] step 101/2400  terminated=False  truncated=False
  [ep 0/1, attempt 7] step 201/2400  terminated=False  truncated=False
transition to phase 3
  [ep 0/1, attempt 7] step 301/2400  terminated=False  truncated=False
  [ep 0/1, attempt 7] step 401/2400  terminated=False  truncated=False
  [ep 0/1, attempt 7] step 501/2400  terminated=False  truncated=False
transition to phase 8：ready to insert
  [ep 0/1, attempt 7] step 601/2400  terminated=False  truncated=False
transition to phase 9：lift up ,stage 2
  [ep 0/1, attempt 7] step 701/2400  terminated=False  truncated=False
  [ep 0/1, attempt 7] step 801/2400  terminated=False  truncated=False
  [ep 0/1, attempt 7] step 901/2400  terminated=False  truncated=False
  [ep 0/1, attempt 7] step 1001/2400  terminated=False  truncated=False
  [ep 0/1, attempt 7] step 1101/2400  terminated=False  truncated=False
  [ep 0/1, attempt 7] step 1201/2400  terminated=False  truncated=False
  [ep 0/1, attempt 7] step 1301/2400  terminated=False  truncated=False
  [ep 0/1, attempt 7] step 1401/2400  terminated=False  truncated=False
  [ep 0/1, attempt 7] step 1501/2400  terminated=False  truncated=False
  [ep 0/1, attempt 7] step 1601/2400  terminated=False  truncated=False
  [ep 0/1, attempt 7] step 1701/2400  terminated=False  truncated=False
  [ep 0/1, attempt 7] step 1801/2400  terminated=False  truncated=False
  [ep 0/1, attempt 7] step 1901/2400  terminated=False  truncated=False
  [ep 0/1, attempt 7] step 2001/2400  terminated=False  truncated=False
  [ep 0/1, attempt 7] step 2101/2400  terminated=False  truncated=False
  [ep 0/1, attempt 7] step 2201/2400  terminated=False  truncated=False
  [ep 0/1, attempt 7] step 2301/2400  terminated=False  truncated=False
  [ep 0/1, attempt 7] step 2400/2400  terminated=False  truncated=True
  [WARNING] Episode 0 attempt 7 truncated without success. Discarding and retrying...
  [Success Rate] overall: 0.0% (0/7) | moving avg (last 7): 0.0%
  [ep 0/1, attempt 8] step 1/2400  terminated=False  truncated=False
  [ep 0/1, attempt 8] step 101/2400  terminated=False  truncated=False
  [ep 0/1, attempt 8] step 201/2400  terminated=False  truncated=False
transition to phase 3
  [ep 0/1, attempt 8] step 301/2400  terminated=False  truncated=False
  [ep 0/1, attempt 8] step 401/2400  terminated=False  truncated=False
  [ep 0/1, attempt 8] step 501/2400  terminated=False  truncated=False
transition to phase 8：ready to insert
  [ep 0/1, attempt 8] step 601/2400  terminated=False  truncated=False
transition to phase 9：lift up ,stage 2
  [ep 0/1, attempt 8] step 701/2400  terminated=False  truncated=False
  [ep 0/1, attempt 8] step 801/2400  terminated=False  truncated=False
  [ep 0/1, attempt 8] step 901/2400  terminated=False  truncated=False
  [ep 0/1, attempt 8] step 1001/2400  terminated=False  truncated=False
  [ep 0/1, attempt 8] step 1101/2400  terminated=False  truncated=False
  [ep 0/1, attempt 8] step 1201/2400  terminated=False  truncated=False
  [ep 0/1, attempt 8] step 1301/2400  terminated=False  truncated=False
  [ep 0/1, attempt 8] step 1401/2400  terminated=False  truncated=False
  [ep 0/1, attempt 8] step 1501/2400  terminated=False  truncated=False
  [ep 0/1, attempt 8] step 1601/2400  terminated=False  truncated=False
  [ep 0/1, attempt 8] step 1701/2400  terminated=False  truncated=False
  [ep 0/1, attempt 8] step 1801/2400  terminated=False  truncated=False
  [ep 0/1, attempt 8] step 1901/2400  terminated=False  truncated=False
  [ep 0/1, attempt 8] step 2001/2400  terminated=False  truncated=False
  [ep 0/1, attempt 8] step 2101/2400  terminated=False  truncated=False
  [ep 0/1, attempt 8] step 2201/2400  terminated=False  truncated=False
  [ep 0/1, attempt 8] step 2301/2400  terminated=False  truncated=False
  [ep 0/1, attempt 8] step 2400/2400  terminated=False  truncated=True
  [WARNING] Episode 0 attempt 8 truncated without success. Discarding and retrying...
  [Success Rate] overall: 0.0% (0/8) | moving avg (last 8): 0.0%
  [ep 0/1, attempt 9] step 1/2400  terminated=False  truncated=False
  [ep 0/1, attempt 9] step 101/2400  terminated=False  truncated=False
  [ep 0/1, attempt 9] step 201/2400  terminated=False  truncated=False
transition to phase 3
  [ep 0/1, attempt 9] step 301/2400  terminated=False  truncated=False
  [ep 0/1, attempt 9] step 401/2400  terminated=False  truncated=False
  [ep 0/1, attempt 9] step 501/2400  terminated=False  truncated=False
transition to phase 8：ready to insert
  [ep 0/1, attempt 9] step 601/2400  terminated=False  truncated=False
transition to phase 9：lift up ,stage 2
  [ep 0/1, attempt 9] step 701/2400  terminated=False  truncated=False
  [ep 0/1, attempt 9] step 801/2400  terminated=False  truncated=False
  [ep 0/1, attempt 9] step 901/2400  terminated=False  truncated=False
  [ep 0/1, attempt 9] step 1001/2400  terminated=False  truncated=False
  [ep 0/1, attempt 9] step 1101/2400  terminated=False  truncated=False
  [ep 0/1, attempt 9] step 1201/2400  terminated=False  truncated=False
  [ep 0/1, attempt 9] step 1301/2400  terminated=False  truncated=False
  [ep 0/1, attempt 9] step 1401/2400  terminated=False  truncated=False
  [ep 0/1, attempt 9] step 1501/2400  terminated=False  truncated=False
  [ep 0/1, attempt 9] step 1601/2400  terminated=False  truncated=False
  [ep 0/1, attempt 9] step 1701/2400  terminated=False  truncated=False
  [ep 0/1, attempt 9] step 1801/2400  terminated=False  truncated=False
  [ep 0/1, attempt 9] step 1901/2400  terminated=False  truncated=False
  [ep 0/1, attempt 9] step 2001/2400  terminated=False  truncated=False
  [ep 0/1, attempt 9] step 2101/2400  terminated=False  truncated=False
  [ep 0/1, attempt 9] step 2201/2400  terminated=False  truncated=False
  [ep 0/1, attempt 9] step 2301/2400  terminated=False  truncated=False
  [ep 0/1, attempt 9] step 2400/2400  terminated=False  truncated=True
  [WARNING] Episode 0 attempt 9 truncated without success. Discarding and retrying...
  [Success Rate] overall: 0.0% (0/9) | moving avg (last 9): 0.0%
  [ep 0/1, attempt 10] step 1/2400  terminated=False  truncated=False
  [ep 0/1, attempt 10] step 101/2400  terminated=False  truncated=False
  [ep 0/1, attempt 10] step 201/2400  terminated=False  truncated=False
transition to phase 3
  [ep 0/1, attempt 10] step 301/2400  terminated=False  truncated=False
  [ep 0/1, attempt 10] step 401/2400  terminated=False  truncated=False
  [ep 0/1, attempt 10] step 501/2400  terminated=False  truncated=False
transition to phase 8：ready to insert
  [ep 0/1, attempt 10] step 601/2400  terminated=False  truncated=False
transition to phase 9：lift up ,stage 2
  [ep 0/1, attempt 10] step 701/2400  terminated=False  truncated=False
  [ep 0/1, attempt 10] step 801/2400  terminated=False  truncated=False
  [ep 0/1, attempt 10] step 901/2400  terminated=False  truncated=False
  [ep 0/1, attempt 10] step 1001/2400  terminated=False  truncated=False
  [ep 0/1, attempt 10] step 1101/2400  terminated=False  truncated=False
  [ep 0/1, attempt 10] step 1201/2400  terminated=False  truncated=False
  [ep 0/1, attempt 10] step 1301/2400  terminated=False  truncated=False
  [ep 0/1, attempt 10] step 1401/2400  terminated=False  truncated=False
  [ep 0/1, attempt 10] step 1501/2400  terminated=False  truncated=False
  [ep 0/1, attempt 10] step 1601/2400  terminated=False  truncated=False
  [ep 0/1, attempt 10] step 1701/2400  terminated=False  truncated=False
  [ep 0/1, attempt 10] step 1801/2400  terminated=False  truncated=False
  [ep 0/1, attempt 10] step 1901/2400  terminated=False  truncated=False
  [ep 0/1, attempt 10] step 2001/2400  terminated=False  truncated=False
  [ep 0/1, attempt 10] step 2101/2400  terminated=False  truncated=False
  [ep 0/1, attempt 10] step 2201/2400  terminated=False  truncated=False
  [ep 0/1, attempt 10] step 2301/2400  terminated=False  truncated=False
  [ep 0/1, attempt 10] step 2400/2400  terminated=False  truncated=True
  [WARNING] Episode 0 attempt 10 truncated without success. Discarding and retrying...
  [Success Rate] overall: 0.0% (0/10) | moving avg (last 10): 0.0%
  [ep 0/1, attempt 11] step 1/2400  terminated=False  truncated=False
  [ep 0/1, attempt 11] step 101/2400  terminated=False  truncated=False
  [ep 0/1, attempt 11] step 201/2400  terminated=False  truncated=False
transition to phase 3
  [ep 0/1, attempt 11] step 301/2400  terminated=False  truncated=False
  [ep 0/1, attempt 11] step 401/2400  terminated=False  truncated=False
  [ep 0/1, attempt 11] step 501/2400  terminated=False  truncated=False
transition to phase 8：ready to insert
  [ep 0/1, attempt 11] step 601/2400  terminated=False  truncated=False
transition to phase 9：lift up ,stage 2
  [ep 0/1, attempt 11] step 701/2400  terminated=False  truncated=False
  [ep 0/1, attempt 11] step 801/2400  terminated=False  truncated=False
  [ep 0/1, attempt 11] step 901/2400  terminated=False  truncated=False
  [ep 0/1, attempt 11] step 1001/2400  terminated=False  truncated=False
  [ep 0/1, attempt 11] step 1101/2400  terminated=False  truncated=False
  [ep 0/1, attempt 11] step 1201/2400  terminated=False  truncated=False
  [ep 0/1, attempt 11] step 1301/2400  terminated=False  truncated=False
  [ep 0/1, attempt 11] step 1401/2400  terminated=False  truncated=False
  [ep 0/1, attempt 11] step 1501/2400  terminated=False  truncated=False
  [ep 0/1, attempt 11] step 1601/2400  terminated=False  truncated=False
  [ep 0/1, attempt 11] step 1701/2400  terminated=False  truncated=False
  [ep 0/1, attempt 11] step 1801/2400  terminated=False  truncated=False
  [ep 0/1, attempt 11] step 1901/2400  terminated=False  truncated=False
  [ep 0/1, attempt 11] step 2001/2400  terminated=False  truncated=False
  [ep 0/1, attempt 11] step 2101/2400  terminated=False  truncated=False
  [ep 0/1, attempt 11] step 2201/2400  terminated=False  truncated=False
  [ep 0/1, attempt 11] step 2301/2400  terminated=False  truncated=False
  [ep 0/1, attempt 11] step 2400/2400  terminated=False  truncated=True
  [WARNING] Episode 0 attempt 11 truncated without success. Discarding and retrying...
  [Success Rate] overall: 0.0% (0/11) | moving avg (last 11): 0.0%
  [ep 0/1, attempt 12] step 1/2400  terminated=False  truncated=False
  [ep 0/1, attempt 12] step 101/2400  terminated=False  truncated=False
  [ep 0/1, attempt 12] step 201/2400  terminated=False  truncated=False
transition to phase 3
  [ep 0/1, attempt 12] step 301/2400  terminated=False  truncated=False
  [ep 0/1, attempt 12] step 401/2400  terminated=False  truncated=False
  [ep 0/1, attempt 12] step 501/2400  terminated=False  truncated=False
transition to phase 8：ready to insert
  [ep 0/1, attempt 12] step 601/2400  terminated=False  truncated=False
transition to phase 9：lift up ,stage 2
  [ep 0/1, attempt 12] step 701/2400  terminated=False  truncated=False
  [ep 0/1, attempt 12] step 801/2400  terminated=False  truncated=False
  [ep 0/1, attempt 12] step 901/2400  terminated=False  truncated=False
  [ep 0/1, attempt 12] step 1001/2400  terminated=False  truncated=False
  [ep 0/1, attempt 12] step 1101/2400  terminated=False  truncated=False
  [ep 0/1, attempt 12] step 1201/2400  terminated=False  truncated=False
  [ep 0/1, attempt 12] step 1301/2400  terminated=False  truncated=False
  [ep 0/1, attempt 12] step 1401/2400  terminated=False  truncated=False
  [ep 0/1, attempt 12] step 1501/2400  terminated=False  truncated=False
  [ep 0/1, attempt 12] step 1601/2400  terminated=False  truncated=False
  [ep 0/1, attempt 12] step 1701/2400  terminated=False  truncated=False
  [ep 0/1, attempt 12] step 1801/2400  terminated=False  truncated=False
  [ep 0/1, attempt 12] step 1901/2400  terminated=False  truncated=False
  [ep 0/1, attempt 12] step 2001/2400  terminated=False  truncated=False
  [ep 0/1, attempt 12] step 2101/2400  terminated=False  truncated=False
  [ep 0/1, attempt 12] step 2201/2400  terminated=False  truncated=False
  [ep 0/1, attempt 12] step 2301/2400  terminated=False  truncated=False
  [ep 0/1, attempt 12] step 2400/2400  terminated=False  truncated=True
  [WARNING] Episode 0 attempt 12 truncated without success. Discarding and retrying...
  [Success Rate] overall: 0.0% (0/12) | moving avg (last 12): 0.0%
  [ep 0/1, attempt 13] step 1/2400  terminated=False  truncated=False
  [ep 0/1, attempt 13] step 101/2400  terminated=False  truncated=False
  [ep 0/1, attempt 13] step 201/2400  terminated=False  truncated=False
transition to phase 3
  [ep 0/1, attempt 13] step 301/2400  terminated=False  truncated=False
  [ep 0/1, attempt 13] step 401/2400  terminated=False  truncated=False
  [ep 0/1, attempt 13] step 501/2400  terminated=False  truncated=False
transition to phase 8：ready to insert
  [ep 0/1, attempt 13] step 601/2400  terminated=False  truncated=False
transition to phase 9：lift up ,stage 2
  [ep 0/1, attempt 13] step 701/2400  terminated=False  truncated=False
  [ep 0/1, attempt 13] step 801/2400  terminated=False  truncated=False
  [ep 0/1, attempt 13] step 901/2400  terminated=False  truncated=False
  [ep 0/1, attempt 13] step 1001/2400  terminated=False  truncated=False
  [ep 0/1, attempt 13] step 1101/2400  terminated=False  truncated=False
  [ep 0/1, attempt 13] step 1201/2400  terminated=False  truncated=False
  [ep 0/1, attempt 13] step 1301/2400  terminated=False  truncated=False
  [ep 0/1, attempt 13] step 1401/2400  terminated=False  truncated=False
  [ep 0/1, attempt 13] step 1501/2400  terminated=False  truncated=False
  [ep 0/1, attempt 13] step 1601/2400  terminated=False  truncated=False
  [ep 0/1, attempt 13] step 1701/2400  terminated=False  truncated=False
  [ep 0/1, attempt 13] step 1801/2400  terminated=False  truncated=False
  [ep 0/1, attempt 13] step 1901/2400  terminated=False  truncated=False
  [ep 0/1, attempt 13] step 2001/2400  terminated=False  truncated=False
  [ep 0/1, attempt 13] step 2101/2400  terminated=False  truncated=False
  [ep 0/1, attempt 13] step 2201/2400  terminated=False  truncated=False
  [ep 0/1, attempt 13] step 2301/2400  terminated=False  truncated=False
  [ep 0/1, attempt 13] step 2400/2400  terminated=False  truncated=True
  [WARNING] Episode 0 attempt 13 truncated without success. Discarding and retrying...
  [Success Rate] overall: 0.0% (0/13) | moving avg (last 13): 0.0%
  [ep 0/1, attempt 14] step 1/2400  terminated=False  truncated=False
  [ep 0/1, attempt 14] step 101/2400  terminated=False  truncated=False
  [ep 0/1, attempt 14] step 201/2400  terminated=False  truncated=False
transition to phase 3
  [ep 0/1, attempt 14] step 301/2400  terminated=False  truncated=False
  [ep 0/1, attempt 14] step 401/2400  terminated=False  truncated=False
  [ep 0/1, attempt 14] step 501/2400  terminated=False  truncated=False
transition to phase 8：ready to insert
  [ep 0/1, attempt 14] step 601/2400  terminated=False  truncated=False
transition to phase 9：lift up ,stage 2
  [ep 0/1, attempt 14] step 701/2400  terminated=False  truncated=False
  [ep 0/1, attempt 14] step 801/2400  terminated=False  truncated=False
  [ep 0/1, attempt 14] step 901/2400  terminated=False  truncated=False
  [ep 0/1, attempt 14] step 1001/2400  terminated=False  truncated=False
  [ep 0/1, attempt 14] step 1101/2400  terminated=False  truncated=False
  [ep 0/1, attempt 14] step 1201/2400  terminated=False  truncated=False
  [ep 0/1, attempt 14] step 1301/2400  terminated=False  truncated=False
  [ep 0/1, attempt 14] step 1401/2400  terminated=False  truncated=False
  [ep 0/1, attempt 14] step 1501/2400  terminated=False  truncated=False
  [ep 0/1, attempt 14] step 1601/2400  terminated=False  truncated=False
  [ep 0/1, attempt 14] step 1701/2400  terminated=False  truncated=False
  [ep 0/1, attempt 14] step 1801/2400  terminated=False  truncated=False
  [ep 0/1, attempt 14] step 1901/2400  terminated=False  truncated=False
  [ep 0/1, attempt 14] step 2001/2400  terminated=False  truncated=False
  [ep 0/1, attempt 14] step 2101/2400  terminated=False  truncated=False
  [ep 0/1, attempt 14] step 2201/2400  terminated=False  truncated=False
  [ep 0/1, attempt 14] step 2301/2400  terminated=False  truncated=False
  [ep 0/1, attempt 14] step 2400/2400  terminated=False  truncated=True
  [WARNING] Episode 0 attempt 14 truncated without success. Discarding and retrying...
  [Success Rate] overall: 0.0% (0/14) | moving avg (last 14): 0.0%
  [ep 0/1, attempt 15] step 1/2400  terminated=False  truncated=False
  [ep 0/1, attempt 15] step 101/2400  terminated=False  truncated=False
  [ep 0/1, attempt 15] step 201/2400  terminated=False  truncated=False
transition to phase 3
  [ep 0/1, attempt 15] step 301/2400  terminated=False  truncated=False
  [ep 0/1, attempt 15] step 401/2400  terminated=False  truncated=False
  [ep 0/1, attempt 15] step 501/2400  terminated=False  truncated=False
transition to phase 8：ready to insert
  [ep 0/1, attempt 15] step 601/2400  terminated=False  truncated=False
transition to phase 9：lift up ,stage 2
  [ep 0/1, attempt 15] step 701/2400  terminated=False  truncated=False
  [ep 0/1, attempt 15] step 801/2400  terminated=False  truncated=False
  [ep 0/1, attempt 15] step 901/2400  terminated=False  truncated=False
  [ep 0/1, attempt 15] step 1001/2400  terminated=False  truncated=False
  [ep 0/1, attempt 15] step 1101/2400  terminated=False  truncated=False
  [ep 0/1, attempt 15] step 1201/2400  terminated=False  truncated=False
  [ep 0/1, attempt 15] step 1301/2400  terminated=False  truncated=False
  [ep 0/1, attempt 15] step 1401/2400  terminated=False  truncated=False
  [ep 0/1, attempt 15] step 1501/2400  terminated=False  truncated=False
  [ep 0/1, attempt 15] step 1601/2400  terminated=False  truncated=False
  [ep 0/1, attempt 15] step 1701/2400  terminated=False  truncated=False
  [ep 0/1, attempt 15] step 1801/2400  terminated=False  truncated=False
  [ep 0/1, attempt 15] step 1901/2400  terminated=False  truncated=False
  [ep 0/1, attempt 15] step 1912/2400  terminated=True  truncated=False
  [ep 0, attempt 15] Success at step 1912, collected 30 extra steps.
  [Success Rate] overall: 6.7% (1/15) | moving avg (last 15): 6.7%
[ManiLadder Camera] stop_recording target=/mnt/gck_website/maniladder.github.io/generated_demos/DualArmFlipTable-v1/videos/orbit_camera_ep0.mp4
[38;5;159m[Genesis] [10:32:44] [INFO] Saving video to [38;5;121m"/mnt/gck_website/maniladder.github.io/generated_demos/DualArmFlipTable-v1/videos/orbit_camera_ep0.mp4"[0m[38;5;159m...[0m
[38;5;159m[Genesis] [10:32:54] [INFO] Video saved.[0m
  Saved video: /mnt/gck_website/maniladder.github.io/generated_demos/DualArmFlipTable-v1/videos/orbit_camera_ep0.mp4 exists=True
  Videos for episode 0 saved to /mnt/gck_website/maniladder.github.io/generated_demos/DualArmFlipTable-v1/videos

============================================================
Done. 1 demo trajectories (traj_0..traj_0) saved to /mnt/gck_website/maniladder.github.io/generated_demos
Final   [Success Rate] overall: 6.7% (1/15) | moving avg (last 15): 6.7%
============================================================
[38;5;159m[Genesis] [10:32:54] [INFO] 💤 Exiting Genesis and caching compiled kernels...[0m
[W 09/29/26 10:32:54.885 4072461] [offline_cache.h:run@186] Lock /home/gck/.cache/gstaichi/ticache/kernel_compilation_manager/ticache.lock failed. You can run 'ti cache clean -p /home/gck/.cache/gstaichi/ticache/kernel_compilation_manager' and try again.
[W 09/29/26 10:32:55.086 4072461] [kernel_compilation_manager.cpp:dump@104] Lock /home/gck/.cache/gstaichi/ticache/kernel_compilation_manager/ticache.lock failed. Please run 'ti cache clean -p /home/gck/.cache/gstaichi/ticache/kernel_compilation_manager' and try again.
[W 09/29/26 10:32:55.389 4072461] [ptx_cache.cpp:dump@92] Lock /home/gck/.cache/gstaichi/ticache/ptx_cache/ptxcache.lock failed. Please run 'ti cache clean -p /home/gck/.cache/gstaichi/ticache/ptx_cache' and try again.
