[38;5;159m[Genesis] [08:42:29] [INFO] [38;5;121m╭───────────────────────────────────────────────╮[0m[38;5;159m[0m
[38;5;159m[Genesis] [08:42:29] [INFO] [38;5;121m│┈┉┈┉┈┉┈┉┈┉┈┉┈┉┈┉┈┉┈[0m[38;5;159m [38;5;121m[1m[3mGenesis[0m[38;5;159m [38;5;121m┈┉┈┉┈┉┈┉┈┉┈┉┈┉┈┉┈┉┈│[0m[38;5;159m[0m
[38;5;159m[Genesis] [08:42:29] [INFO] [38;5;121m╰───────────────────────────────────────────────╯[0m[38;5;159m[0m
[W 09/29/26 08:42:30.046 3928861] [ptx_cache.cpp:PtxCache@73] Lock /home/gck/.cache/gstaichi/ticache/ptx_cache/ptxcache.lock failed. Please run 'ti cache clean -p /home/gck/.cache/gstaichi/ticache/ptx_cache' and try again.
[38;5;159m[Genesis] [08:42:30] [INFO] Running on [38;5;121m[4m[NVIDIA A100-SXM4-80GB][0m[38;5;159m with backend [38;5;121m[4mgs.cuda[0m[38;5;159m. Device memory: [38;5;121m[4m79.25[0m[38;5;159m GB.[0m
[38;5;159m[Genesis] [08:42:30] [INFO] 🚀 Genesis initialized. 🔖 version: [38;5;121m[4m0.3.6[0m[38;5;159m, 🎨 theme: [38;5;121m[4mdark[0m[38;5;159m, 🌱 seed: [38;5;121m[4mNone[0m[38;5;159m, 🐛 debug: [38;5;121m[4mFalse[0m[38;5;159m, 📏 precision: [38;5;121m[4m32[0m[38;5;159m, 🏎️ performance: [38;5;121m[4mFalse[0m[38;5;159m, 💬 verbose: [38;5;121m[4mINFO[0m[38;5;159m[0m
[38;5;159m[Genesis] [08:42:32] [INFO] Scene [38;5;121m[3m<1a9ba84>[0m[38;5;159m created.[0m
[38;5;159m[Genesis] [08:42:32] [INFO] Adding [38;5;121m<gs.RigidEntity>[0m[38;5;159m. idx: [38;5;121m0[0m[38;5;159m, uid: [38;5;121m[3m<34ce197>[0m[38;5;159m, morph: [38;5;121m<gs.morphs.MJCF(file='/mnt4/gck/maniladder/maniladder/assets/xml/mobile/tidybot_panda.xml')>[0m[38;5;159m, material: [38;5;121m<gs.materials.Rigid>[0m[38;5;159m.[0m
[38;5;226m[Genesis] [08:42:32] [WARNING] (MJCF) Approximating tendon by joint actuator for `finger_joint1`[0m
[38;5;226m[Genesis] [08:42:32] [WARNING] (MJCF) Actuator control gain and bias parameters cannot be reduced to a unique PD control position gain. Using max between gain and bias for joint `finger_joint1`.[0m
[38;5;226m[Genesis] [08:42:32] [WARNING] (MJCF) Approximating tendon by joint actuator for `finger_joint2`[0m
[38;5;226m[Genesis] [08:42:32] [WARNING] (MJCF) Actuator control gain and bias parameters cannot be reduced to a unique PD control position gain. Using max between gain and bias for joint `finger_joint2`.[0m
[38;5;159m[Genesis] [08:42:32] [INFO] Applying offset to base link's pose with user provided value in morph.[0m
[32m2026-09-29 08:42:33,202 - maniladder  - INFO - only loading the first pose of the given initial pose Pose(raw_pose=tensor([[0., 0., 0., 0., 0., 0.]], device='cuda:0')), parallel loading has not been implemented yet.[0m
[38;5;159m[Genesis] [08:42:33] [INFO] Adding [38;5;121m<gs.RigidEntity>[0m[38;5;159m. idx: [38;5;121m1[0m[38;5;159m, uid: [38;5;121m[3m<69d03ad>[0m[38;5;159m, morph: [38;5;121m<gs.morphs.MJCF(file='/mnt4/gck/maniladder/maniladder/assets/xml/mobile/tidybot_panda.xml')>[0m[38;5;159m, material: [38;5;121m<gs.materials.Rigid>[0m[38;5;159m.[0m
[38;5;226m[Genesis] [08:42:33] [WARNING] (MJCF) Approximating tendon by joint actuator for `finger_joint1`[0m
[38;5;226m[Genesis] [08:42:33] [WARNING] (MJCF) Actuator control gain and bias parameters cannot be reduced to a unique PD control position gain. Using max between gain and bias for joint `finger_joint1`.[0m
[38;5;226m[Genesis] [08:42:33] [WARNING] (MJCF) Approximating tendon by joint actuator for `finger_joint2`[0m
[38;5;226m[Genesis] [08:42:33] [WARNING] (MJCF) Actuator control gain and bias parameters cannot be reduced to a unique PD control position gain. Using max between gain and bias for joint `finger_joint2`.[0m
[38;5;159m[Genesis] [08:42:33] [INFO] Applying offset to base link's pose with user provided value in morph.[0m
[32m2026-09-29 08:42:33,764 - maniladder  - INFO - only loading the first pose of the given initial pose Pose(raw_pose=tensor([[0., 0., 0., 0., 0., 0.]], device='cuda:0')), parallel loading has not been implemented yet.[0m
[38;5;159m[Genesis] [08:42:33] [INFO] Adding [38;5;121m<gs.RigidEntity>[0m[38;5;159m. idx: [38;5;121m2[0m[38;5;159m, uid: [38;5;121m[3m<358bc65>[0m[38;5;159m, morph: [38;5;121m<gs.morphs.Plane>[0m[38;5;159m, material: [38;5;121m<gs.materials.Rigid>[0m[38;5;159m.[0m
[38;5;159m[Genesis] [08:42:33] [INFO] Adding [38;5;121m<gs.RigidEntity>[0m[38;5;159m. idx: [38;5;121m3[0m[38;5;159m, uid: [38;5;121m[3m<0fc9295>[0m[38;5;159m, morph: [38;5;121m<gs.morphs.Box>[0m[38;5;159m, material: [38;5;121m<gs.materials.Rigid>[0m[38;5;159m.[0m
[38;5;159m[Genesis] [08:42:33] [INFO] Adding [38;5;121m<gs.RigidEntity>[0m[38;5;159m. idx: [38;5;121m4[0m[38;5;159m, uid: [38;5;121m[3m<e9ff1c8>[0m[38;5;159m, morph: [38;5;121m<gs.morphs.Box>[0m[38;5;159m, material: [38;5;121m<gs.materials.Rigid>[0m[38;5;159m.[0m
[38;5;159m[Genesis] [08:42:33] [INFO] Adding [38;5;121m<gs.RigidEntity>[0m[38;5;159m. idx: [38;5;121m5[0m[38;5;159m, uid: [38;5;121m[3m<2db76bf>[0m[38;5;159m, morph: [38;5;121m<gs.morphs.Box>[0m[38;5;159m, material: [38;5;121m<gs.materials.Rigid>[0m[38;5;159m.[0m
[38;5;159m[Genesis] [08:42:33] [INFO] Adding [38;5;121m<gs.RigidEntity>[0m[38;5;159m. idx: [38;5;121m6[0m[38;5;159m, uid: [38;5;121m[3m<dcbcf3e>[0m[38;5;159m, morph: [38;5;121m<gs.morphs.Box>[0m[38;5;159m, material: [38;5;121m<gs.materials.Rigid>[0m[38;5;159m.[0m
[38;5;159m[Genesis] [08:42:33] [INFO] Adding [38;5;121m<gs.RigidEntity>[0m[38;5;159m. idx: [38;5;121m7[0m[38;5;159m, uid: [38;5;121m[3m<b601505>[0m[38;5;159m, morph: [38;5;121m<gs.morphs.URDF(file='/mnt4/gck/maniladder/maniladder/assets/models/fridge/new_fridge_two_level.urdf')>[0m[38;5;159m, material: [38;5;121m<gs.materials.Rigid>[0m[38;5;159m.[0m
[38;5;159m[Genesis] [08:42:33] [INFO] Applying offset to base link's pose with user provided value in morph.[0m
[38;5;159m[Genesis] [08:42:34] [INFO] Adding [38;5;121m<gs.RigidEntity>[0m[38;5;159m. idx: [38;5;121m8[0m[38;5;159m, uid: [38;5;121m[3m<18eb77b>[0m[38;5;159m, morph: [38;5;121m<gs.morphs.URDF(file='/mnt4/gck/maniladder/maniladder/assets/models/small_table/20411/mobility.urdf')>[0m[38;5;159m, material: [38;5;121m<gs.materials.Rigid>[0m[38;5;159m.[0m
[38;5;226m[Genesis] [08:42:35] [WARNING] Texture given but asset missing uv info (or failed to load): /mnt4/gck/maniladder/maniladder/assets/models/small_table/20411/textured_objs/original-11.obj[0m
[38;5;226m[Genesis] [08:42:35] [WARNING] Texture given but asset missing uv info (or failed to load): /mnt4/gck/maniladder/maniladder/assets/models/small_table/20411/textured_objs/original-12.obj[0m
[38;5;226m[Genesis] [08:42:35] [WARNING] Texture given but asset missing uv info (or failed to load): /mnt4/gck/maniladder/maniladder/assets/models/small_table/20411/textured_objs/original-13.obj[0m
[38;5;226m[Genesis] [08:42:35] [WARNING] Texture given but asset missing uv info (or failed to load): /mnt4/gck/maniladder/maniladder/assets/models/small_table/20411/textured_objs/original-16.obj[0m
[38;5;226m[Genesis] [08:42:35] [WARNING] Texture given but asset missing uv info (or failed to load): /mnt4/gck/maniladder/maniladder/assets/models/small_table/20411/textured_objs/original-15.obj[0m
[38;5;226m[Genesis] [08:42:35] [WARNING] Texture given but asset missing uv info (or failed to load): /mnt4/gck/maniladder/maniladder/assets/models/small_table/20411/textured_objs/original-17.obj[0m
[38;5;226m[Genesis] [08:42:35] [WARNING] Texture given but asset missing uv info (or failed to load): /mnt4/gck/maniladder/maniladder/assets/models/small_table/20411/textured_objs/original-14.obj[0m
[38;5;226m[Genesis] [08:42:36] [WARNING] Texture given but asset missing uv info (or failed to load): /mnt4/gck/maniladder/maniladder/assets/models/small_table/20411/textured_objs/original-4.obj[0m
[38;5;226m[Genesis] [08:42:36] [WARNING] Texture given but asset missing uv info (or failed to load): /mnt4/gck/maniladder/maniladder/assets/models/small_table/20411/textured_objs/original-3.obj[0m
[38;5;226m[Genesis] [08:42:36] [WARNING] Texture given but asset missing uv info (or failed to load): /mnt4/gck/maniladder/maniladder/assets/models/small_table/20411/textured_objs/original-18.obj[0m
[38;5;226m[Genesis] [08:42:36] [WARNING] Texture given but asset missing uv info (or failed to load): /mnt4/gck/maniladder/maniladder/assets/models/small_table/20411/textured_objs/original-23.obj[0m
[38;5;226m[Genesis] [08:42:36] [WARNING] Texture given but asset missing uv info (or failed to load): /mnt4/gck/maniladder/maniladder/assets/models/small_table/20411/textured_objs/original-21.obj[0m
[38;5;226m[Genesis] [08:42:36] [WARNING] Texture given but asset missing uv info (or failed to load): /mnt4/gck/maniladder/maniladder/assets/models/small_table/20411/textured_objs/original-24.obj[0m
[38;5;226m[Genesis] [08:42:36] [WARNING] Texture given but asset missing uv info (or failed to load): /mnt4/gck/maniladder/maniladder/assets/models/small_table/20411/textured_objs/original-22.obj[0m
[38;5;226m[Genesis] [08:42:37] [WARNING] Texture given but asset missing uv info (or failed to load): /mnt4/gck/maniladder/maniladder/assets/models/small_table/20411/textured_objs/original-19.obj[0m
[38;5;226m[Genesis] [08:42:37] [WARNING] Texture given but asset missing uv info (or failed to load): /mnt4/gck/maniladder/maniladder/assets/models/small_table/20411/textured_objs/original-10.obj[0m
[38;5;226m[Genesis] [08:42:37] [WARNING] Texture given but asset missing uv info (or failed to load): /mnt4/gck/maniladder/maniladder/assets/models/small_table/20411/textured_objs/original-31.obj[0m
[38;5;226m[Genesis] [08:42:37] [WARNING] Texture given but asset missing uv info (or failed to load): /mnt4/gck/maniladder/maniladder/assets/models/small_table/20411/textured_objs/original-31.obj[0m
[38;5;226m[Genesis] [08:42:37] [WARNING] Texture given but asset missing uv info (or failed to load): /mnt4/gck/maniladder/maniladder/assets/models/small_table/20411/textured_objs/original-7.obj[0m
[38;5;226m[Genesis] [08:42:37] [WARNING] Texture given but asset missing uv info (or failed to load): /mnt4/gck/maniladder/maniladder/assets/models/small_table/20411/textured_objs/original-20.obj[0m
[38;5;226m[Genesis] [08:42:37] [WARNING] Texture given but asset missing uv info (or failed to load): /mnt4/gck/maniladder/maniladder/assets/models/small_table/20411/textured_objs/original-5.obj[0m
[38;5;226m[Genesis] [08:42:37] [WARNING] Texture given but asset missing uv info (or failed to load): /mnt4/gck/maniladder/maniladder/assets/models/small_table/20411/textured_objs/original-6.obj[0m
[38;5;226m[Genesis] [08:42:37] [WARNING] Texture given but asset missing uv info (or failed to load): /mnt4/gck/maniladder/maniladder/assets/models/small_table/20411/textured_objs/original-9.obj[0m
[38;5;226m[Genesis] [08:42:37] [WARNING] Texture given but asset missing uv info (or failed to load): /mnt4/gck/maniladder/maniladder/assets/models/small_table/20411/textured_objs/original-8.obj[0m
[38;5;226m[Genesis] [08:42:37] [WARNING] Texture given but asset missing uv info (or failed to load): /mnt4/gck/maniladder/maniladder/assets/models/small_table/20411/textured_objs/original-25.obj[0m
[38;5;159m[Genesis] [08:42:39] [INFO] Falling back to legacy URDF parser. Default values of physics properties may be off.[0m
[38;5;159m[Genesis] [08:42:39] [INFO] Applying offset to base link's pose with user provided value in morph.[0m
/data/gck/miniconda3/envs/maniladder/lib/python3.10/site-packages/trimesh/triangles.py:302: RuntimeWarning: divide by zero encountered in divide
  center_mass = integrated[1:4] / volume
/data/gck/miniconda3/envs/maniladder/lib/python3.10/site-packages/trimesh/triangles.py:302: RuntimeWarning: invalid value encountered in divide
  center_mass = integrated[1:4] / volume
/data/gck/miniconda3/envs/maniladder/lib/python3.10/site-packages/trimesh/triangles.py:319: RuntimeWarning: invalid value encountered in scalar multiply
  integrated[4] + integrated[6] - (volume * (center_mass[[0, 2]] ** 2).sum())
/data/gck/miniconda3/envs/maniladder/lib/python3.10/site-packages/trimesh/triangles.py:326: RuntimeWarning: invalid value encountered in scalar multiply
  inertia[0, 2] = -(integrated[9] - (volume * np.prod(center_mass[[0, 2]])))
/data/gck/miniconda3/envs/maniladder/lib/python3.10/site-packages/trimesh/triangles.py:316: RuntimeWarning: invalid value encountered in scalar multiply
  integrated[5] + integrated[6] - (volume * (center_mass[[1, 2]] ** 2).sum())
/data/gck/miniconda3/envs/maniladder/lib/python3.10/site-packages/trimesh/triangles.py:322: RuntimeWarning: invalid value encountered in scalar multiply
  integrated[4] + integrated[5] - (volume * (center_mass[[0, 1]] ** 2).sum())
/data/gck/miniconda3/envs/maniladder/lib/python3.10/site-packages/trimesh/triangles.py:324: RuntimeWarning: invalid value encountered in scalar multiply
  inertia[0, 1] = -(integrated[7] - (volume * np.prod(center_mass[[0, 1]])))
/data/gck/miniconda3/envs/maniladder/lib/python3.10/site-packages/trimesh/triangles.py:325: RuntimeWarning: invalid value encountered in scalar multiply
  inertia[1, 2] = -(integrated[8] - (volume * np.prod(center_mass[[1, 2]])))
[38;5;159m[Genesis] [08:42:39] [INFO] Adding [38;5;121m<gs.RigidEntity>[0m[38;5;159m. idx: [38;5;121m9[0m[38;5;159m, uid: [38;5;121m[3m<4f721d8>[0m[38;5;159m, morph: [38;5;121m<gs.morphs.Mesh(file='/mnt4/gck/maniladder/maniladder/assets/models/ycb/010_potted_meat_can/poisson/textured.obj')>[0m[38;5;159m, material: [38;5;121m<gs.materials.Rigid>[0m[38;5;159m.[0m
[38;5;159m[Genesis] [08:42:40] [INFO] Building scene [38;5;121m[3m<1a9ba84>[0m[38;5;159m...[0m
[W 09/29/26 08:42:40.832 3928861] [kernel_compilation_manager.cpp:KernelCompilationManager@69] Lock /home/gck/.cache/gstaichi/ticache/kernel_compilation_manager/ticache.lock failed. Please run 'ti cache clean -p /home/gck/.cache/gstaichi/ticache/kernel_compilation_manager' and try again.
[38;5;226m[Genesis] [08:42:44] [WARNING] Reference robot position exceeds joint limits.[0m
[38;5;226m[Genesis] [08:42:44] [WARNING] Constraint solver time constant should be greater than 2*substep_dt. timeconst is changed from `0.005` to `0.02`). Decrease simulation timestep or increase timeconst to avoid altering the original value.[0m
[38;5;226m[Genesis] [08:42:46] [WARNING] max_collision_pairs 500 is smaller than the theoretical maximal possible pairs 4082, it uses less memory but might lead to missing some collision pairs if there are too many collision pairs[0m
[38;5;159m[Genesis] [08:42:55] [INFO] Compiling simulation kernels...[0m
[38;5;159m[Genesis] [08:43:29] [INFO] Building visualizer...[0m
/data/gck/miniconda3/envs/maniladder/lib/python3.10/site-packages/torch/utils/_device.py:109: UserWarning: The given NumPy array is not writable, and PyTorch does not support non-writable tensors. This means writing to this tensor will result in undefined behavior. You may want to copy the array to protect its data or make it writable before converting it to a tensor. This type of warning will be suppressed for the rest of this program. (Triggered internally at /pytorch/torch/csrc/utils/tensor_numpy.cpp:213.)
  return func(*args, **kwargs)
Action space: Dict('mobile_panda-0': Box([-inf -inf -inf  -1.  -1.  -1.  -1.  -1.  -1.  -1.], [inf inf inf  1.  1.  1.  1.  1.  1.  1.], (10,), float32), 'mobile_panda-1': Box([-inf -inf -inf  -1.  -1.  -1.  -1.  -1.  -1.  -1.], [inf inf inf  1.  1.  1.  1.  1.  1.  1.], (10,), float32))
Generating 1 orbit video-only demos → /mnt/gck_website/maniladder.github.io/generated_demos/DualArmOpenFridge-v1
  [ep 0/1, attempt 1] step 1/650  terminated=False  truncated=False
  [ep 0/1, attempt 1] step 101/650  terminated=False  truncated=False
  [ep 0/1, attempt 1] step 201/650  terminated=False  truncated=False
  [ep 0/1, attempt 1] step 301/650  terminated=False  truncated=False
  [ep 0/1, attempt 1] step 401/650  terminated=False  truncated=False
  [ep 0/1, attempt 1] step 480/650  terminated=True  truncated=False
  [ep 0, attempt 1] Success at step 480, collected 30 extra steps.
  [Success Rate] overall: 100.0% (1/1) | moving avg (last 1): 100.0%
[ManiLadder Camera] stop_recording target=/mnt/gck_website/maniladder.github.io/generated_demos/DualArmOpenFridge-v1/videos/orbit_camera_ep0.mp4
[38;5;159m[Genesis] [08:45:59] [INFO] Saving video to [38;5;121m"/mnt/gck_website/maniladder.github.io/generated_demos/DualArmOpenFridge-v1/videos/orbit_camera_ep0.mp4"[0m[38;5;159m...[0m
[38;5;159m[Genesis] [08:46:02] [INFO] Video saved.[0m
  Saved video: /mnt/gck_website/maniladder.github.io/generated_demos/DualArmOpenFridge-v1/videos/orbit_camera_ep0.mp4 exists=True
  Videos for episode 0 saved to /mnt/gck_website/maniladder.github.io/generated_demos/DualArmOpenFridge-v1/videos

============================================================
Done. 1 demo trajectories (traj_0..traj_0) saved to /mnt/gck_website/maniladder.github.io/generated_demos
Final   [Success Rate] overall: 100.0% (1/1) | moving avg (last 1): 100.0%
============================================================
[38;5;159m[Genesis] [08:46:02] [INFO] 💤 Exiting Genesis and caching compiled kernels...[0m
[W 09/29/26 08:46:02.566 3928861] [offline_cache.h:run@186] Lock /home/gck/.cache/gstaichi/ticache/kernel_compilation_manager/ticache.lock failed. You can run 'ti cache clean -p /home/gck/.cache/gstaichi/ticache/kernel_compilation_manager' and try again.
[W 09/29/26 08:46:02.767 3928861] [kernel_compilation_manager.cpp:dump@104] Lock /home/gck/.cache/gstaichi/ticache/kernel_compilation_manager/ticache.lock failed. Please run 'ti cache clean -p /home/gck/.cache/gstaichi/ticache/kernel_compilation_manager' and try again.
[W 09/29/26 08:46:03.026 3928861] [ptx_cache.cpp:dump@92] Lock /home/gck/.cache/gstaichi/ticache/ptx_cache/ptxcache.lock failed. Please run 'ti cache clean -p /home/gck/.cache/gstaichi/ticache/ptx_cache' and try again.
