[38;5;159m[Genesis] [09:04:02] [INFO] [38;5;121m╭───────────────────────────────────────────────╮[0m[38;5;159m[0m
[38;5;159m[Genesis] [09:04:02] [INFO] [38;5;121m│┈┉┈┉┈┉┈┉┈┉┈┉┈┉┈┉┈┉┈[0m[38;5;159m [38;5;121m[1m[3mGenesis[0m[38;5;159m [38;5;121m┈┉┈┉┈┉┈┉┈┉┈┉┈┉┈┉┈┉┈│[0m[38;5;159m[0m
[38;5;159m[Genesis] [09:04:02] [INFO] [38;5;121m╰───────────────────────────────────────────────╯[0m[38;5;159m[0m
[W 09/29/26 09:04:02.913 4079963] [ptx_cache.cpp:PtxCache@73] Lock /home/gck/.cache/gstaichi/ticache/ptx_cache/ptxcache.lock failed. Please run 'ti cache clean -p /home/gck/.cache/gstaichi/ticache/ptx_cache' and try again.
[38;5;159m[Genesis] [09:04:03] [INFO] Running on [38;5;121m[4m[NVIDIA A100-SXM4-80GB][0m[38;5;159m with backend [38;5;121m[4mgs.cuda[0m[38;5;159m. Device memory: [38;5;121m[4m79.25[0m[38;5;159m GB.[0m
[38;5;159m[Genesis] [09:04:03] [INFO] 🚀 Genesis initialized. 🔖 version: [38;5;121m[4m0.3.6[0m[38;5;159m, 🎨 theme: [38;5;121m[4mdark[0m[38;5;159m, 🌱 seed: [38;5;121m[4mNone[0m[38;5;159m, 🐛 debug: [38;5;121m[4mFalse[0m[38;5;159m, 📏 precision: [38;5;121m[4m32[0m[38;5;159m, 🏎️ performance: [38;5;121m[4mFalse[0m[38;5;159m, 💬 verbose: [38;5;121m[4mINFO[0m[38;5;159m[0m
[38;5;159m[Genesis] [09:04:05] [INFO] Scene [38;5;121m[3m<4a87979>[0m[38;5;159m created.[0m
[38;5;159m[Genesis] [09:04:05] [INFO] Adding [38;5;121m<gs.RigidEntity>[0m[38;5;159m. idx: [38;5;121m0[0m[38;5;159m, uid: [38;5;121m[3m<f3d63b0>[0m[38;5;159m, morph: [38;5;121m<gs.morphs.MJCF(file='/mnt4/gck/maniladder/maniladder/assets/xml/franka_emika_panda/panda.xml')>[0m[38;5;159m, material: [38;5;121m<gs.materials.Rigid>[0m[38;5;159m.[0m
[38;5;226m[Genesis] [09:04:05] [WARNING] (MJCF) Approximating tendon by joint actuator for `finger_joint1`[0m
[38;5;226m[Genesis] [09:04:05] [WARNING] (MJCF) Actuator control gain and bias parameters cannot be reduced to a unique PD control position gain. Using max between gain and bias for joint `finger_joint1`.[0m
[38;5;226m[Genesis] [09:04:05] [WARNING] (MJCF) Approximating tendon by joint actuator for `finger_joint2`[0m
[38;5;226m[Genesis] [09:04:05] [WARNING] (MJCF) Actuator control gain and bias parameters cannot be reduced to a unique PD control position gain. Using max between gain and bias for joint `finger_joint2`.[0m
[38;5;159m[Genesis] [09:04:05] [INFO] Applying offset to base link's pose with user provided value in morph.[0m
[32m2026-09-29 09:04:05,970 - maniladder  - INFO - only loading the first pose of the given initial pose Pose(raw_pose=tensor([[  0.0000,   0.5500,   0.0000,   0.0000,   0.0000, -90.0000]],
       device='cuda:0')), parallel loading has not been implemented yet.[0m
[38;5;159m[Genesis] [09:04:05] [INFO] Adding [38;5;121m<gs.RigidEntity>[0m[38;5;159m. idx: [38;5;121m1[0m[38;5;159m, uid: [38;5;121m[3m<5db0972>[0m[38;5;159m, morph: [38;5;121m<gs.morphs.MJCF(file='/mnt4/gck/maniladder/maniladder/assets/xml/franka_emika_panda/panda.xml')>[0m[38;5;159m, material: [38;5;121m<gs.materials.Rigid>[0m[38;5;159m.[0m
[38;5;226m[Genesis] [09:04:06] [WARNING] (MJCF) Approximating tendon by joint actuator for `finger_joint1`[0m
[38;5;226m[Genesis] [09:04:06] [WARNING] (MJCF) Actuator control gain and bias parameters cannot be reduced to a unique PD control position gain. Using max between gain and bias for joint `finger_joint1`.[0m
[38;5;226m[Genesis] [09:04:06] [WARNING] (MJCF) Approximating tendon by joint actuator for `finger_joint2`[0m
[38;5;226m[Genesis] [09:04:06] [WARNING] (MJCF) Actuator control gain and bias parameters cannot be reduced to a unique PD control position gain. Using max between gain and bias for joint `finger_joint2`.[0m
[38;5;159m[Genesis] [09:04:06] [INFO] Applying offset to base link's pose with user provided value in morph.[0m
[32m2026-09-29 09:04:06,390 - maniladder  - INFO - only loading the first pose of the given initial pose Pose(raw_pose=tensor([[ 0.0000, -0.5500,  0.0000,  0.0000,  0.0000, 90.0000]],
       device='cuda:0')), parallel loading has not been implemented yet.[0m
[38;5;159m[Genesis] [09:04:06] [INFO] Adding [38;5;121m<gs.RigidEntity>[0m[38;5;159m. idx: [38;5;121m2[0m[38;5;159m, uid: [38;5;121m[3m<430837e>[0m[38;5;159m, morph: [38;5;121m<gs.morphs.Mesh(file='/mnt4/gck/maniladder/maniladder/assets/models/table.glb')>[0m[38;5;159m, material: [38;5;121m<gs.materials.Rigid>[0m[38;5;159m.[0m
[38;5;226m[Genesis] [09:04:06] [WARNING] GLTF is using y-up while Genesis uses z-up. Please set parse_glb_with_zup=True in morph options if you find the mesh is 90-degree rotated. We will set parse_glb_with_zup=True and rotate glb mesh by default later and gradually enforce this option.[0m
/data/gck/miniconda3/envs/maniladder/lib/python3.10/site-packages/pygltflib/__init__.py:830: UserWarning: pygltflib currently does not remove image data from the buffer when converting to data uri.Please open an issue at https://gitlab.com/dodgyville/pygltflib/issues
  warnings.warn("pygltflib currently does not remove image data "
[38;5;159m[Genesis] [09:04:06] [INFO] Adding [38;5;121m<gs.RigidEntity>[0m[38;5;159m. idx: [38;5;121m3[0m[38;5;159m, uid: [38;5;121m[3m<c160370>[0m[38;5;159m, morph: [38;5;121m<gs.morphs.Box>[0m[38;5;159m, material: [38;5;121m<gs.materials.Rigid>[0m[38;5;159m.[0m
[38;5;159m[Genesis] [09:04:06] [INFO] Adding [38;5;121m<gs.RigidEntity>[0m[38;5;159m. idx: [38;5;121m4[0m[38;5;159m, uid: [38;5;121m[3m<acd6e1c>[0m[38;5;159m, morph: [38;5;121m<gs.morphs.Plane>[0m[38;5;159m, material: [38;5;121m<gs.materials.Rigid>[0m[38;5;159m.[0m
[38;5;159m[Genesis] [09:04:06] [INFO] Adding [38;5;121m<gs.RigidEntity>[0m[38;5;159m. idx: [38;5;121m5[0m[38;5;159m, uid: [38;5;121m[3m<eb8eea0>[0m[38;5;159m, morph: [38;5;121m<gs.morphs.Box>[0m[38;5;159m, material: [38;5;121m<gs.materials.Rigid>[0m[38;5;159m.[0m
[38;5;159m[Genesis] [09:04:06] [INFO] Adding [38;5;121m<gs.RigidEntity>[0m[38;5;159m. idx: [38;5;121m6[0m[38;5;159m, uid: [38;5;121m[3m<6b0cb8a>[0m[38;5;159m, morph: [38;5;121m<gs.morphs.Box>[0m[38;5;159m, material: [38;5;121m<gs.materials.Rigid>[0m[38;5;159m.[0m
[38;5;159m[Genesis] [09:04:06] [INFO] Adding [38;5;121m<gs.RigidEntity>[0m[38;5;159m. idx: [38;5;121m7[0m[38;5;159m, uid: [38;5;121m[3m<b4598fb>[0m[38;5;159m, morph: [38;5;121m<gs.morphs.Box>[0m[38;5;159m, material: [38;5;121m<gs.materials.Rigid>[0m[38;5;159m.[0m
[38;5;159m[Genesis] [09:04:06] [INFO] Adding [38;5;121m<gs.RigidEntity>[0m[38;5;159m. idx: [38;5;121m8[0m[38;5;159m, uid: [38;5;121m[3m<7e7a134>[0m[38;5;159m, morph: [38;5;121m<gs.morphs.Mesh(file='/mnt4/gck/maniladder/maniladder/assets/models/basic-bowl/source/Basic Bowl/Bowl.obj')>[0m[38;5;159m, material: [38;5;121m<gs.materials.Rigid>[0m[38;5;159m.[0m
[38;5;159m[Genesis] [09:04:06] [INFO] Convex hull is not accurate enough for collision detection (7.457). Falling back to more expensive convex decomposition (see FileMorph options).[0m
[38;5;159m[Genesis] [09:04:07] [INFO] Adding [38;5;121m<gs.RigidEntity>[0m[38;5;159m. idx: [38;5;121m9[0m[38;5;159m, uid: [38;5;121m[3m<b709cfe>[0m[38;5;159m, morph: [38;5;121m<gs.morphs.Mesh(file='/mnt4/gck/maniladder/maniladder/assets/models/basic-bowl/source/Basic Bowl/Bowl.obj')>[0m[38;5;159m, material: [38;5;121m<gs.materials.Rigid>[0m[38;5;159m.[0m
[38;5;159m[Genesis] [09:04:07] [INFO] Convex hull is not accurate enough for collision detection (7.457). Falling back to more expensive convex decomposition (see FileMorph options).[0m
[38;5;159m[Genesis] [09:04:08] [INFO] Adding [38;5;121m<gs.RigidEntity>[0m[38;5;159m. idx: [38;5;121m10[0m[38;5;159m, uid: [38;5;121m[3m<e1d4b6f>[0m[38;5;159m, morph: [38;5;121m<gs.morphs.Mesh(file='/mnt4/gck/maniladder/maniladder/assets/models/basic-bowl/source/Basic Bowl/Bowl.obj')>[0m[38;5;159m, material: [38;5;121m<gs.materials.Rigid>[0m[38;5;159m.[0m
[38;5;159m[Genesis] [09:04:08] [INFO] Convex hull is not accurate enough for collision detection (7.457). Falling back to more expensive convex decomposition (see FileMorph options).[0m
[38;5;159m[Genesis] [09:04:08] [INFO] Adding [38;5;121m<gs.RigidEntity>[0m[38;5;159m. idx: [38;5;121m11[0m[38;5;159m, uid: [38;5;121m[3m<8c88e72>[0m[38;5;159m, morph: [38;5;121m<gs.morphs.Box>[0m[38;5;159m, material: [38;5;121m<gs.materials.Rigid>[0m[38;5;159m.[0m
[38;5;159m[Genesis] [09:04:08] [INFO] Preprocessing geom idx [38;5;121m[4m129[0m[38;5;159m.[0m
[38;5;159m[Genesis] [09:04:08] [INFO] Adding [38;5;121m<gs.RigidEntity>[0m[38;5;159m. idx: [38;5;121m12[0m[38;5;159m, uid: [38;5;121m[3m<1f6450e>[0m[38;5;159m, morph: [38;5;121m<gs.morphs.Box>[0m[38;5;159m, material: [38;5;121m<gs.materials.Rigid>[0m[38;5;159m.[0m
[38;5;159m[Genesis] [09:04:08] [INFO] Preprocessing geom idx [38;5;121m[4m130[0m[38;5;159m.[0m
[38;5;159m[Genesis] [09:04:08] [INFO] Adding [38;5;121m<gs.RigidEntity>[0m[38;5;159m. idx: [38;5;121m13[0m[38;5;159m, uid: [38;5;121m[3m<826980a>[0m[38;5;159m, morph: [38;5;121m<gs.morphs.Box>[0m[38;5;159m, material: [38;5;121m<gs.materials.Rigid>[0m[38;5;159m.[0m
[38;5;159m[Genesis] [09:04:08] [INFO] Preprocessing geom idx [38;5;121m[4m131[0m[38;5;159m.[0m
[38;5;159m[Genesis] [09:04:08] [INFO] Adding [38;5;121m<gs.RigidEntity>[0m[38;5;159m. idx: [38;5;121m14[0m[38;5;159m, uid: [38;5;121m[3m<7626182>[0m[38;5;159m, morph: [38;5;121m<gs.morphs.Box>[0m[38;5;159m, material: [38;5;121m<gs.materials.Rigid>[0m[38;5;159m.[0m
[38;5;159m[Genesis] [09:04:08] [INFO] Preprocessing geom idx [38;5;121m[4m132[0m[38;5;159m.[0m
[38;5;159m[Genesis] [09:04:08] [INFO] Adding [38;5;121m<gs.RigidEntity>[0m[38;5;159m. idx: [38;5;121m15[0m[38;5;159m, uid: [38;5;121m[3m<908ff22>[0m[38;5;159m, morph: [38;5;121m<gs.morphs.Box>[0m[38;5;159m, material: [38;5;121m<gs.materials.Rigid>[0m[38;5;159m.[0m
[38;5;159m[Genesis] [09:04:08] [INFO] Preprocessing geom idx [38;5;121m[4m133[0m[38;5;159m.[0m
[38;5;159m[Genesis] [09:04:08] [INFO] Adding [38;5;121m<gs.RigidEntity>[0m[38;5;159m. idx: [38;5;121m16[0m[38;5;159m, uid: [38;5;121m[3m<544388c>[0m[38;5;159m, morph: [38;5;121m<gs.morphs.Box>[0m[38;5;159m, material: [38;5;121m<gs.materials.Rigid>[0m[38;5;159m.[0m
[38;5;159m[Genesis] [09:04:08] [INFO] Preprocessing geom idx [38;5;121m[4m134[0m[38;5;159m.[0m
[38;5;159m[Genesis] [09:04:08] [INFO] Adding [38;5;121m<gs.RigidEntity>[0m[38;5;159m. idx: [38;5;121m17[0m[38;5;159m, uid: [38;5;121m[3m<ad95635>[0m[38;5;159m, morph: [38;5;121m<gs.morphs.Box>[0m[38;5;159m, material: [38;5;121m<gs.materials.Rigid>[0m[38;5;159m.[0m
[38;5;159m[Genesis] [09:04:08] [INFO] Preprocessing geom idx [38;5;121m[4m135[0m[38;5;159m.[0m
[38;5;159m[Genesis] [09:04:09] [INFO] Adding [38;5;121m<gs.RigidEntity>[0m[38;5;159m. idx: [38;5;121m18[0m[38;5;159m, uid: [38;5;121m[3m<c1242bd>[0m[38;5;159m, morph: [38;5;121m<gs.morphs.Box>[0m[38;5;159m, material: [38;5;121m<gs.materials.Rigid>[0m[38;5;159m.[0m
[38;5;159m[Genesis] [09:04:09] [INFO] Preprocessing geom idx [38;5;121m[4m136[0m[38;5;159m.[0m
[38;5;159m[Genesis] [09:04:09] [INFO] Building scene [38;5;121m[3m<4a87979>[0m[38;5;159m...[0m
[W 09/29/26 09:04:09.422 4079963] [kernel_compilation_manager.cpp:KernelCompilationManager@69] Lock /home/gck/.cache/gstaichi/ticache/kernel_compilation_manager/ticache.lock failed. Please run 'ti cache clean -p /home/gck/.cache/gstaichi/ticache/kernel_compilation_manager' and try again.
[38;5;226m[Genesis] [09:04:13] [WARNING] Reference robot position exceeds joint limits.[0m
[38;5;226m[Genesis] [09:04:13] [WARNING] Constraint solver time constant should be greater than 2*substep_dt. timeconst is changed from `0.005` to `0.02`). Decrease simulation timestep or increase timeconst to avoid altering the original value.[0m
[38;5;226m[Genesis] [09:04:15] [WARNING] max_collision_pairs 500 is smaller than the theoretical maximal possible pairs 5632, it uses less memory but might lead to missing some collision pairs if there are too many collision pairs[0m
[38;5;159m[Genesis] [09:04:24] [INFO] Compiling simulation kernels...[0m
[38;5;159m[Genesis] [09:04:59] [INFO] Building visualizer...[0m
/data/gck/miniconda3/envs/maniladder/lib/python3.10/site-packages/torch/utils/_device.py:109: UserWarning: The given NumPy array is not writable, and PyTorch does not support non-writable tensors. This means writing to this tensor will result in undefined behavior. You may want to copy the array to protect its data or make it writable before converting it to a tensor. This type of warning will be suppressed for the rest of this program. (Triggered internally at /pytorch/torch/csrc/utils/tensor_numpy.cpp:213.)
  return func(*args, **kwargs)
Action space: Dict('panda-0': Box(-1.0, 1.0, (7,), float32), 'panda-1': Box(-1.0, 1.0, (7,), float32))
Generating 1 orbit video-only demos → /mnt/gck_website/maniladder.github.io/generated_demos/DualArmBallClassify-v1
  [ep 0/1, attempt 1] step 1/2200  terminated=False  truncated=False
[ball_classify] step 62 phase -> HOVER (active_arm=left, color=blue, target=blue3, placed=0/8, ref_rot_err=11.5deg)
  [ep 0/1, attempt 1] step 101/2200  terminated=False  truncated=False
[ball_classify] step 117 phase -> DESCEND (active_arm=left, color=blue, target=blue3, placed=0/8, ref_rot_err=0.0deg)
[ball_classify] step 132 phase -> GRASP (active_arm=left, color=blue, target=blue3, placed=0/8, ref_rot_err=0.0deg)
[ball_classify] step 147 phase -> LIFT (active_arm=left, color=blue, target=blue3, placed=0/8, ref_rot_err=0.1deg)
[ball_classify] step 188 phase -> CARRY (active_arm=left, color=blue, target=blue3, placed=0/8, ref_rot_err=9.8deg)
  [ep 0/1, attempt 1] step 201/2200  terminated=False  truncated=False
[ball_classify] step 242 phase -> DROP (active_arm=left, color=blue, target=blue3, placed=0/8, ref_rot_err=0.0deg)
[ball_classify] step 250 phase -> RELEASE (active_arm=left, color=blue, target=blue3, placed=0/8, ref_rot_err=0.0deg)
[ball_classify] step 262 phase -> RETREAT (active_arm=left, color=blue, target=blue3, placed=1/8, ref_rot_err=0.0deg)
[ball_classify] step 273 phase -> HOVER (active_arm=left, color=blue, target=blue0, placed=1/8, ref_rot_err=23.0deg)
  [ep 0/1, attempt 1] step 301/2200  terminated=False  truncated=False
[ball_classify] step 374 phase -> DESCEND (active_arm=left, color=blue, target=blue0, placed=1/8, ref_rot_err=0.0deg)
[ball_classify] step 390 phase -> GRASP (active_arm=left, color=blue, target=blue0, placed=1/8, ref_rot_err=0.1deg)
  [ep 0/1, attempt 1] step 401/2200  terminated=False  truncated=False
[ball_classify] step 405 phase -> LIFT (active_arm=left, color=blue, target=blue0, placed=1/8, ref_rot_err=0.0deg)
[ball_classify] step 453 phase -> CARRY (active_arm=left, color=blue, target=blue0, placed=1/8, ref_rot_err=21.1deg)
  [ep 0/1, attempt 1] step 501/2200  terminated=False  truncated=False
[ball_classify] step 522 phase -> DROP (active_arm=left, color=blue, target=blue0, placed=1/8, ref_rot_err=0.0deg)
[ball_classify] step 530 phase -> RELEASE (active_arm=left, color=blue, target=blue0, placed=1/8, ref_rot_err=0.0deg)
[ball_classify] step 542 phase -> RETREAT (active_arm=left, color=blue, target=blue0, placed=2/8, ref_rot_err=0.0deg)
[ball_classify] step 553 phase -> HOVER (active_arm=right, color=red, target=red2, placed=2/8, ref_rot_err=16.2deg)
  [ep 0/1, attempt 1] step 601/2200  terminated=False  truncated=False
[ball_classify] step 639 phase -> DESCEND (active_arm=right, color=red, target=red2, placed=2/8, ref_rot_err=0.0deg)
[ball_classify] step 654 phase -> GRASP (active_arm=right, color=red, target=red2, placed=2/8, ref_rot_err=0.0deg)
[ball_classify] step 669 phase -> LIFT (active_arm=right, color=red, target=red2, placed=2/8, ref_rot_err=0.4deg)
  [ep 0/1, attempt 1] step 701/2200  terminated=False  truncated=False
[ball_classify] step 716 phase -> CARRY (active_arm=right, color=red, target=red2, placed=2/8, ref_rot_err=14.4deg)
[ball_classify] step 784 phase -> DROP (active_arm=right, color=red, target=red2, placed=2/8, ref_rot_err=0.0deg)
[ball_classify] step 792 phase -> RELEASE (active_arm=right, color=red, target=red2, placed=2/8, ref_rot_err=0.0deg)
  [ep 0/1, attempt 1] step 801/2200  terminated=False  truncated=False
[ball_classify] step 804 phase -> RETREAT (active_arm=right, color=red, target=red2, placed=3/8, ref_rot_err=0.0deg)
[ball_classify] step 815 phase -> HOVER (active_arm=right, color=red, target=red1, placed=3/8, ref_rot_err=32.1deg)
  [ep 0/1, attempt 1] step 901/2200  terminated=False  truncated=False
[ball_classify] step 902 phase -> DESCEND (active_arm=right, color=red, target=red1, placed=3/8, ref_rot_err=0.0deg)
[ball_classify] step 918 phase -> GRASP (active_arm=right, color=red, target=red1, placed=3/8, ref_rot_err=0.2deg)
[ball_classify] step 933 phase -> LIFT (active_arm=right, color=red, target=red1, placed=3/8, ref_rot_err=0.1deg)
[ball_classify] step 982 phase -> CARRY (active_arm=right, color=red, target=red1, placed=3/8, ref_rot_err=30.4deg)
  [ep 0/1, attempt 1] step 1001/2200  terminated=False  truncated=False
[ball_classify] step 1035 phase -> DROP (active_arm=right, color=red, target=red1, placed=3/8, ref_rot_err=0.0deg)
[ball_classify] step 1043 phase -> RELEASE (active_arm=right, color=red, target=red1, placed=3/8, ref_rot_err=0.0deg)
[ball_classify] step 1055 phase -> RETREAT (active_arm=right, color=red, target=red1, placed=4/8, ref_rot_err=0.0deg)
[ball_classify] step 1066 phase -> HOVER (active_arm=right, color=red, target=red0, placed=4/8, ref_rot_err=39.8deg)
  [ep 0/1, attempt 1] step 1101/2200  terminated=False  truncated=False
[ball_classify] step 1169 phase -> DESCEND (active_arm=right, color=red, target=red0, placed=4/8, ref_rot_err=0.0deg)
[ball_classify] step 1191 phase -> GRASP (active_arm=right, color=red, target=red0, placed=4/8, ref_rot_err=1.1deg)
  [ep 0/1, attempt 1] step 1201/2200  terminated=False  truncated=False
[ball_classify] step 1206 phase -> LIFT (active_arm=right, color=red, target=red0, placed=4/8, ref_rot_err=0.1deg)
[ball_classify] step 1255 phase -> CARRY (active_arm=right, color=red, target=red0, placed=4/8, ref_rot_err=38.1deg)
  [ep 0/1, attempt 1] step 1301/2200  terminated=False  truncated=False
[ball_classify] step 1323 phase -> DROP (active_arm=right, color=red, target=red0, placed=4/8, ref_rot_err=0.0deg)
[ball_classify] step 1331 phase -> RELEASE (active_arm=right, color=red, target=red0, placed=4/8, ref_rot_err=0.0deg)
[ball_classify] step 1343 phase -> RETREAT (active_arm=right, color=red, target=red0, placed=5/8, ref_rot_err=0.0deg)
[ball_classify] step 1354 phase -> HOVER (active_arm=left, color=blue, target=blue1, placed=5/8, ref_rot_err=44.7deg)
  [ep 0/1, attempt 1] step 1401/2200  terminated=False  truncated=False
[ball_classify] step 1454 phase -> DESCEND (active_arm=left, color=blue, target=blue1, placed=5/8, ref_rot_err=0.0deg)
[ball_classify] step 1469 phase -> GRASP (active_arm=left, color=blue, target=blue1, placed=5/8, ref_rot_err=0.0deg)
[ball_classify] step 1484 phase -> LIFT (active_arm=left, color=blue, target=blue1, placed=5/8, ref_rot_err=0.1deg)
  [ep 0/1, attempt 1] step 1501/2200  terminated=False  truncated=False
[ball_classify] step 1534 phase -> CARRY (active_arm=left, color=blue, target=blue1, placed=5/8, ref_rot_err=42.9deg)
[ball_classify] step 1600 phase -> DROP (active_arm=left, color=blue, target=blue1, placed=5/8, ref_rot_err=0.0deg)
  [ep 0/1, attempt 1] step 1601/2200  terminated=False  truncated=False
[ball_classify] step 1609 phase -> RELEASE (active_arm=left, color=blue, target=blue1, placed=5/8, ref_rot_err=0.0deg)
[ball_classify] step 1621 phase -> RETREAT (active_arm=left, color=blue, target=blue1, placed=6/8, ref_rot_err=0.0deg)
[ball_classify] step 1632 phase -> HOVER (active_arm=right, color=red, target=red3, placed=6/8, ref_rot_err=43.3deg)
  [ep 0/1, attempt 1] step 1701/2200  terminated=False  truncated=False
[ball_classify] step 1739 phase -> DESCEND (active_arm=right, color=red, target=red3, placed=6/8, ref_rot_err=0.0deg)
[ball_classify] step 1755 phase -> GRASP (active_arm=right, color=red, target=red3, placed=6/8, ref_rot_err=0.4deg)
[ball_classify] step 1770 phase -> LIFT (active_arm=right, color=red, target=red3, placed=6/8, ref_rot_err=0.1deg)
  [ep 0/1, attempt 1] step 1801/2200  terminated=False  truncated=False
[ball_classify] step 1819 phase -> CARRY (active_arm=right, color=red, target=red3, placed=6/8, ref_rot_err=41.5deg)
[ball_classify] step 1892 phase -> DROP (active_arm=right, color=red, target=red3, placed=6/8, ref_rot_err=0.0deg)
[ball_classify] step 1900 phase -> RELEASE (active_arm=right, color=red, target=red3, placed=6/8, ref_rot_err=0.0deg)
  [ep 0/1, attempt 1] step 1901/2200  terminated=False  truncated=False
[ball_classify] step 1912 phase -> RETREAT (active_arm=right, color=red, target=red3, placed=7/8, ref_rot_err=0.0deg)
[ball_classify] step 1923 phase -> HOVER (active_arm=left, color=blue, target=blue2, placed=7/8, ref_rot_err=31.6deg)
  [ep 0/1, attempt 1] step 2001/2200  terminated=False  truncated=False
[ball_classify] step 2021 phase -> DESCEND (active_arm=left, color=blue, target=blue2, placed=7/8, ref_rot_err=0.0deg)
[ball_classify] step 2036 phase -> GRASP (active_arm=left, color=blue, target=blue2, placed=7/8, ref_rot_err=0.0deg)
[ball_classify] step 2051 phase -> LIFT (active_arm=left, color=blue, target=blue2, placed=7/8, ref_rot_err=0.1deg)
[ball_classify] step 2100 phase -> CARRY (active_arm=left, color=blue, target=blue2, placed=7/8, ref_rot_err=29.7deg)
  [ep 0/1, attempt 1] step 2101/2200  terminated=False  truncated=False
  [ep 0/1, attempt 1] step 2143/2200  terminated=True  truncated=False
[ball_classify] step 2164 phase -> DROP (active_arm=left, color=blue, target=blue2, placed=7/8, ref_rot_err=0.0deg)
[ball_classify] step 2172 phase -> RELEASE (active_arm=left, color=blue, target=blue2, placed=7/8, ref_rot_err=0.0deg)
  [ep 0, attempt 1] Success at step 2143, collected 30 extra steps.
  [Success Rate] overall: 100.0% (1/1) | moving avg (last 1): 100.0%
[ManiLadder Camera] stop_recording target=/mnt/gck_website/maniladder.github.io/generated_demos/DualArmBallClassify-v1/videos/orbit_camera_ep0.mp4
[38;5;159m[Genesis] [09:12:12] [INFO] Saving video to [38;5;121m"/mnt/gck_website/maniladder.github.io/generated_demos/DualArmBallClassify-v1/videos/orbit_camera_ep0.mp4"[0m[38;5;159m...[0m
[38;5;159m[Genesis] [09:12:23] [INFO] Video saved.[0m
  Saved video: /mnt/gck_website/maniladder.github.io/generated_demos/DualArmBallClassify-v1/videos/orbit_camera_ep0.mp4 exists=True
  Videos for episode 0 saved to /mnt/gck_website/maniladder.github.io/generated_demos/DualArmBallClassify-v1/videos

============================================================
Done. 1 demo trajectories (traj_0..traj_0) saved to /mnt/gck_website/maniladder.github.io/generated_demos
Final   [Success Rate] overall: 100.0% (1/1) | moving avg (last 1): 100.0%
============================================================
[38;5;159m[Genesis] [09:12:24] [INFO] 💤 Exiting Genesis and caching compiled kernels...[0m
[W 09/29/26 09:12:24.316 4079963] [offline_cache.h:run@186] Lock /home/gck/.cache/gstaichi/ticache/kernel_compilation_manager/ticache.lock failed. You can run 'ti cache clean -p /home/gck/.cache/gstaichi/ticache/kernel_compilation_manager' and try again.
[W 09/29/26 09:12:24.517 4079963] [kernel_compilation_manager.cpp:dump@104] Lock /home/gck/.cache/gstaichi/ticache/kernel_compilation_manager/ticache.lock failed. Please run 'ti cache clean -p /home/gck/.cache/gstaichi/ticache/kernel_compilation_manager' and try again.
[W 09/29/26 09:12:24.770 4079963] [ptx_cache.cpp:dump@92] Lock /home/gck/.cache/gstaichi/ticache/ptx_cache/ptxcache.lock failed. Please run 'ti cache clean -p /home/gck/.cache/gstaichi/ticache/ptx_cache' and try again.
