[38;5;159m[Genesis] [08:23:54] [INFO] [38;5;121m╭───────────────────────────────────────────────╮[0m[38;5;159m[0m
[38;5;159m[Genesis] [08:23:54] [INFO] [38;5;121m│┈┉┈┉┈┉┈┉┈┉┈┉┈┉┈┉┈┉┈[0m[38;5;159m [38;5;121m[1m[3mGenesis[0m[38;5;159m [38;5;121m┈┉┈┉┈┉┈┉┈┉┈┉┈┉┈┉┈┉┈│[0m[38;5;159m[0m
[38;5;159m[Genesis] [08:23:54] [INFO] [38;5;121m╰───────────────────────────────────────────────╯[0m[38;5;159m[0m
[W 09/29/26 08:24:00.878 3565733] [ptx_cache.cpp:PtxCache@73] Lock /home/gck/.cache/gstaichi/ticache/ptx_cache/ptxcache.lock failed. Please run 'ti cache clean -p /home/gck/.cache/gstaichi/ticache/ptx_cache' and try again.
[38;5;159m[Genesis] [08:24:01] [INFO] Running on [38;5;121m[4m[NVIDIA A100-SXM4-80GB][0m[38;5;159m with backend [38;5;121m[4mgs.cuda[0m[38;5;159m. Device memory: [38;5;121m[4m79.25[0m[38;5;159m GB.[0m
[38;5;159m[Genesis] [08:24:01] [INFO] 🚀 Genesis initialized. 🔖 version: [38;5;121m[4m0.3.6[0m[38;5;159m, 🎨 theme: [38;5;121m[4mdark[0m[38;5;159m, 🌱 seed: [38;5;121m[4mNone[0m[38;5;159m, 🐛 debug: [38;5;121m[4mFalse[0m[38;5;159m, 📏 precision: [38;5;121m[4m32[0m[38;5;159m, 🏎️ performance: [38;5;121m[4mFalse[0m[38;5;159m, 💬 verbose: [38;5;121m[4mINFO[0m[38;5;159m[0m
[38;5;159m[Genesis] [08:24:03] [INFO] Scene [38;5;121m[3m<299cf62>[0m[38;5;159m created.[0m
[38;5;159m[Genesis] [08:24:03] [INFO] Adding [38;5;121m<gs.RigidEntity>[0m[38;5;159m. idx: [38;5;121m0[0m[38;5;159m, uid: [38;5;121m[3m<fc9354e>[0m[38;5;159m, morph: [38;5;121m<gs.morphs.URDF(file='/mnt4/gck/maniladder/maniladder/assets/urdf/panda_leaphand/panda_leaphand_left.urdf')>[0m[38;5;159m, material: [38;5;121m<gs.materials.Rigid>[0m[38;5;159m.[0m
[38;5;159m[Genesis] [08:24:06] [INFO] Applying offset to base link's pose with user provided value in morph.[0m
[32m2026-09-29 08:24:08,755 - maniladder  - INFO - only loading the first pose of the given initial pose Pose(raw_pose=tensor([[-0.4500, -0.3500,  0.0000,  0.0000,  0.0000,  0.0000]],
       device='cuda:0')), parallel loading has not been implemented yet.[0m
[38;5;159m[Genesis] [08:24:08] [INFO] Adding [38;5;121m<gs.RigidEntity>[0m[38;5;159m. idx: [38;5;121m1[0m[38;5;159m, uid: [38;5;121m[3m<4c11c61>[0m[38;5;159m, morph: [38;5;121m<gs.morphs.URDF(file='/mnt4/gck/maniladder/maniladder/assets/urdf/panda_leaphand/panda_leaphand.urdf')>[0m[38;5;159m, material: [38;5;121m<gs.materials.Rigid>[0m[38;5;159m.[0m
[38;5;159m[Genesis] [08:24:11] [INFO] Applying offset to base link's pose with user provided value in morph.[0m
[32m2026-09-29 08:24:13,352 - maniladder  - INFO - only loading the first pose of the given initial pose Pose(raw_pose=tensor([[-0.4500,  0.3000,  0.0000,  0.0000,  0.0000,  0.0000]],
       device='cuda:0')), parallel loading has not been implemented yet.[0m
[38;5;159m[Genesis] [08:24:13] [INFO] Adding [38;5;121m<gs.RigidEntity>[0m[38;5;159m. idx: [38;5;121m2[0m[38;5;159m, uid: [38;5;121m[3m<8c138f2>[0m[38;5;159m, morph: [38;5;121m<gs.morphs.Mesh(file='/mnt4/gck/maniladder/maniladder/assets/models/table.glb')>[0m[38;5;159m, material: [38;5;121m<gs.materials.Rigid>[0m[38;5;159m.[0m
[38;5;226m[Genesis] [08:24:13] [WARNING] GLTF is using y-up while Genesis uses z-up. Please set parse_glb_with_zup=True in morph options if you find the mesh is 90-degree rotated. We will set parse_glb_with_zup=True and rotate glb mesh by default later and gradually enforce this option.[0m
/data/gck/miniconda3/envs/maniladder/lib/python3.10/site-packages/pygltflib/__init__.py:830: UserWarning: pygltflib currently does not remove image data from the buffer when converting to data uri.Please open an issue at https://gitlab.com/dodgyville/pygltflib/issues
  warnings.warn("pygltflib currently does not remove image data "
[38;5;159m[Genesis] [08:24:13] [INFO] Adding [38;5;121m<gs.RigidEntity>[0m[38;5;159m. idx: [38;5;121m3[0m[38;5;159m, uid: [38;5;121m[3m<2b77b45>[0m[38;5;159m, morph: [38;5;121m<gs.morphs.Box>[0m[38;5;159m, material: [38;5;121m<gs.materials.Rigid>[0m[38;5;159m.[0m
[38;5;159m[Genesis] [08:24:13] [INFO] Adding [38;5;121m<gs.RigidEntity>[0m[38;5;159m. idx: [38;5;121m4[0m[38;5;159m, uid: [38;5;121m[3m<4bc1810>[0m[38;5;159m, morph: [38;5;121m<gs.morphs.Plane>[0m[38;5;159m, material: [38;5;121m<gs.materials.Rigid>[0m[38;5;159m.[0m
[38;5;159m[Genesis] [08:24:13] [INFO] Adding [38;5;121m<gs.RigidEntity>[0m[38;5;159m. idx: [38;5;121m5[0m[38;5;159m, uid: [38;5;121m[3m<e3a8e17>[0m[38;5;159m, morph: [38;5;121m<gs.morphs.Box>[0m[38;5;159m, material: [38;5;121m<gs.materials.Rigid>[0m[38;5;159m.[0m
[38;5;159m[Genesis] [08:24:13] [INFO] Adding [38;5;121m<gs.RigidEntity>[0m[38;5;159m. idx: [38;5;121m6[0m[38;5;159m, uid: [38;5;121m[3m<ae6fbc6>[0m[38;5;159m, morph: [38;5;121m<gs.morphs.Box>[0m[38;5;159m, material: [38;5;121m<gs.materials.Rigid>[0m[38;5;159m.[0m
[38;5;159m[Genesis] [08:24:13] [INFO] Adding [38;5;121m<gs.RigidEntity>[0m[38;5;159m. idx: [38;5;121m7[0m[38;5;159m, uid: [38;5;121m[3m<fa5464a>[0m[38;5;159m, morph: [38;5;121m<gs.morphs.Box>[0m[38;5;159m, material: [38;5;121m<gs.materials.Rigid>[0m[38;5;159m.[0m
[38;5;159m[Genesis] [08:24:13] [INFO] Adding [38;5;121m<gs.RigidEntity>[0m[38;5;159m. idx: [38;5;121m8[0m[38;5;159m, uid: [38;5;121m[3m<ecff748>[0m[38;5;159m, morph: [38;5;121m<gs.morphs.URDF(file='/mnt4/gck/maniladder/maniladder/assets/models/pen_2/mobility.urdf')>[0m[38;5;159m, material: [38;5;121m<gs.materials.Rigid>[0m[38;5;159m.[0m
[38;5;159m[Genesis] [08:24:13] [INFO] Falling back to legacy URDF parser. Default values of physics properties may be off.[0m
[38;5;159m[Genesis] [08:24:13] [INFO] Applying offset to base link's pose with user provided value in morph.[0m
/data/gck/miniconda3/envs/maniladder/lib/python3.10/site-packages/trimesh/triangles.py:302: RuntimeWarning: invalid value encountered in divide
  center_mass = integrated[1:4] / volume
/data/gck/miniconda3/envs/maniladder/lib/python3.10/site-packages/trimesh/triangles.py:302: RuntimeWarning: divide by zero encountered in divide
  center_mass = integrated[1:4] / volume
/data/gck/miniconda3/envs/maniladder/lib/python3.10/site-packages/trimesh/triangles.py:319: RuntimeWarning: invalid value encountered in scalar multiply
  integrated[4] + integrated[6] - (volume * (center_mass[[0, 2]] ** 2).sum())
/data/gck/miniconda3/envs/maniladder/lib/python3.10/site-packages/trimesh/triangles.py:326: RuntimeWarning: invalid value encountered in scalar multiply
  inertia[0, 2] = -(integrated[9] - (volume * np.prod(center_mass[[0, 2]])))
[38;5;159m[Genesis] [08:24:14] [INFO] Adding [38;5;121m<gs.RigidEntity>[0m[38;5;159m. idx: [38;5;121m9[0m[38;5;159m, uid: [38;5;121m[3m<688488d>[0m[38;5;159m, morph: [38;5;121m<gs.morphs.Box>[0m[38;5;159m, material: [38;5;121m<gs.materials.Rigid>[0m[38;5;159m.[0m
[38;5;159m[Genesis] [08:24:14] [INFO] Building scene [38;5;121m[3m<299cf62>[0m[38;5;159m...[0m
[W 09/29/26 08:24:15.121 3565733] [kernel_compilation_manager.cpp:KernelCompilationManager@69] Lock /home/gck/.cache/gstaichi/ticache/kernel_compilation_manager/ticache.lock failed. Please run 'ti cache clean -p /home/gck/.cache/gstaichi/ticache/kernel_compilation_manager' and try again.
[38;5;226m[Genesis] [08:24:19] [WARNING] Reference robot position exceeds joint limits.[0m
[38;5;226m[Genesis] [08:24:21] [WARNING] max_collision_pairs 500 is smaller than the theoretical maximal possible pairs 15593, it uses less memory but might lead to missing some collision pairs if there are too many collision pairs[0m
[38;5;159m[Genesis] [08:24:30] [INFO] Compiling simulation kernels...[0m
[38;5;159m[Genesis] [08:25:21] [INFO] Building visualizer...[0m
/data/gck/miniconda3/envs/maniladder/lib/python3.10/site-packages/torch/utils/_device.py:109: UserWarning: The given NumPy array is not writable, and PyTorch does not support non-writable tensors. This means writing to this tensor will result in undefined behavior. You may want to copy the array to protect its data or make it writable before converting it to a tensor. This type of warning will be suppressed for the rest of this program. (Triggered internally at /pytorch/torch/csrc/utils/tensor_numpy.cpp:213.)
  return func(*args, **kwargs)
Action space: Dict('panda_leaphand-1': Box(-1.0, 1.0, (22,), float32), 'panda_leaphand_left-0': Box(-1.0, 1.0, (22,), float32))
Generating 1 orbit video-only demos → /mnt/gck_website/maniladder.github.io/generated_demos/DualArmOpenPen-v1
  [ep 0/1, attempt 1] step 1/400  terminated=False  truncated=False
[OpenPen-success] step=20 success=False open=False disp=0.0215/0.2200 ends_above=True cap_z=0.2112 body_z=0.2112 min_z=0.1200 both_grasping=False left_close=False left_palm_dist=0.2669/0.1400 right_close=False right_palm_dist=0.2488/0.1400 hands_closed=False left_hand_dist=4.4260/1.2000 right_hand_dist=4.4260/1.2000
[OpenPen-success] step=40 success=False open=False disp=0.0203/0.2200 ends_above=True cap_z=0.2112 body_z=0.2112 min_z=0.1200 both_grasping=False left_close=False left_palm_dist=0.2208/0.1400 right_close=False right_palm_dist=0.1945/0.1400 hands_closed=False left_hand_dist=4.4260/1.2000 right_hand_dist=4.4259/1.2000
[OpenPen-success] step=60 success=False open=False disp=0.0000/0.2200 ends_above=True cap_z=0.2112 body_z=0.2112 min_z=0.1200 both_grasping=False left_close=False left_palm_dist=0.1822/0.1400 right_close=False right_palm_dist=0.1518/0.1400 hands_closed=False left_hand_dist=4.4259/1.2000 right_hand_dist=4.4258/1.2000
[OpenPen-success] step=80 success=False open=False disp=-0.0000/0.2200 ends_above=True cap_z=0.2112 body_z=0.2112 min_z=0.1200 both_grasping=False left_close=False left_palm_dist=0.1445/0.1400 right_close=True right_palm_dist=0.1139/0.1400 hands_closed=False left_hand_dist=4.4259/1.2000 right_hand_dist=4.4258/1.2000
[OpenPen-success] step=100 success=False open=False disp=-0.0000/0.2200 ends_above=True cap_z=0.2112 body_z=0.2112 min_z=0.1200 both_grasping=False left_close=True left_palm_dist=0.1102/0.1400 right_close=True right_palm_dist=0.0738/0.1400 hands_closed=False left_hand_dist=4.4259/1.2000 right_hand_dist=4.4257/1.2000
  [ep 0/1, attempt 1] step 101/400  terminated=False  truncated=False
[OpenPen-success] step=120 success=False open=False disp=-0.0000/0.2200 ends_above=True cap_z=0.2112 body_z=0.2112 min_z=0.1200 both_grasping=False left_close=True left_palm_dist=0.0806/0.1400 right_close=True right_palm_dist=0.0356/0.1400 hands_closed=False left_hand_dist=4.4258/1.2000 right_hand_dist=4.4257/1.2000
[OpenPen-success] step=140 success=False open=False disp=0.0005/0.2200 ends_above=True cap_z=0.2111 body_z=0.2111 min_z=0.1200 both_grasping=False left_close=True left_palm_dist=0.0479/0.1400 right_close=True right_palm_dist=0.0407/0.1400 hands_closed=False left_hand_dist=3.4538/1.2000 right_hand_dist=3.4547/1.2000
[OpenPen-success] step=160 success=False open=False disp=0.0780/0.2200 ends_above=True cap_z=0.2112 body_z=0.2117 min_z=0.1200 both_grasping=False left_close=True left_palm_dist=0.0605/0.1400 right_close=True right_palm_dist=0.0806/0.1400 hands_closed=False left_hand_dist=2.0027/1.2000 right_hand_dist=1.8683/1.2000
[OpenPen-success] step=180 success=False open=False disp=0.1231/0.2200 ends_above=True cap_z=0.2138 body_z=0.2126 min_z=0.1200 both_grasping=False left_close=True left_palm_dist=0.0156/0.1400 right_close=True right_palm_dist=0.0919/0.1400 hands_closed=False left_hand_dist=1.2069/1.2000 right_hand_dist=1.1445/1.2000
[OpenPen-success] step=200 success=False open=False disp=0.1675/0.2200 ends_above=True cap_z=0.2242 body_z=0.2178 min_z=0.1200 both_grasping=True left_close=True left_palm_dist=0.0092/0.1400 right_close=True right_palm_dist=0.1000/0.1400 hands_closed=True left_hand_dist=0.9324/1.2000 right_hand_dist=0.8955/1.2000
  [ep 0/1, attempt 1] step 201/400  terminated=False  truncated=False
[OpenPen-success] step=218 success=True open=True disp=0.2207/0.2200 ends_above=True cap_z=0.2245 body_z=0.2165 min_z=0.1200 both_grasping=True left_close=True left_palm_dist=0.0095/0.1400 right_close=True right_palm_dist=0.1073/0.1400 hands_closed=True left_hand_dist=0.8731/1.2000 right_hand_dist=0.8235/1.2000
  [ep 0/1, attempt 1] step 217/400  terminated=True  truncated=False
[OpenPen-success] step=219 success=True open=True disp=0.2237/0.2200 ends_above=True cap_z=0.2246 body_z=0.2164 min_z=0.1200 both_grasping=True left_close=True left_palm_dist=0.0097/0.1400 right_close=True right_palm_dist=0.1076/0.1400 hands_closed=True left_hand_dist=0.8712/1.2000 right_hand_dist=0.8203/1.2000
[OpenPen-success] step=220 success=True open=True disp=0.2238/0.2200 ends_above=True cap_z=0.2240 body_z=0.2160 min_z=0.1200 both_grasping=True left_close=True left_palm_dist=0.0097/0.1400 right_close=True right_palm_dist=0.1079/0.1400 hands_closed=True left_hand_dist=0.8690/1.2000 right_hand_dist=0.8174/1.2000
[OpenPen-success] step=221 success=True open=True disp=0.2232/0.2200 ends_above=True cap_z=0.2234 body_z=0.2158 min_z=0.1200 both_grasping=True left_close=True left_palm_dist=0.0097/0.1400 right_close=True right_palm_dist=0.1082/0.1400 hands_closed=True left_hand_dist=0.8668/1.2000 right_hand_dist=0.8147/1.2000
[OpenPen-success] step=222 success=True open=True disp=0.2226/0.2200 ends_above=True cap_z=0.2230 body_z=0.2156 min_z=0.1200 both_grasping=True left_close=True left_palm_dist=0.0097/0.1400 right_close=True right_palm_dist=0.1086/0.1400 hands_closed=True left_hand_dist=0.8647/1.2000 right_hand_dist=0.8121/1.2000
[OpenPen-success] step=223 success=True open=True disp=0.2219/0.2200 ends_above=True cap_z=0.2226 body_z=0.2154 min_z=0.1200 both_grasping=True left_close=True left_palm_dist=0.0098/0.1400 right_close=True right_palm_dist=0.1089/0.1400 hands_closed=True left_hand_dist=0.8629/1.2000 right_hand_dist=0.8102/1.2000
[OpenPen-success] step=224 success=True open=True disp=0.2212/0.2200 ends_above=True cap_z=0.2222 body_z=0.2152 min_z=0.1200 both_grasping=True left_close=True left_palm_dist=0.0100/0.1400 right_close=True right_palm_dist=0.1092/0.1400 hands_closed=True left_hand_dist=0.8611/1.2000 right_hand_dist=0.8082/1.2000
[OpenPen-success] step=225 success=True open=True disp=0.2206/0.2200 ends_above=True cap_z=0.2218 body_z=0.2151 min_z=0.1200 both_grasping=True left_close=True left_palm_dist=0.0101/0.1400 right_close=True right_palm_dist=0.1095/0.1400 hands_closed=True left_hand_dist=0.8595/1.2000 right_hand_dist=0.8058/1.2000
[OpenPen-success] step=240 success=False open=False disp=0.2118/0.2200 ends_above=True cap_z=0.2165 body_z=0.2130 min_z=0.1200 both_grasping=True left_close=True left_palm_dist=0.0155/0.1400 right_close=True right_palm_dist=0.1135/0.1400 hands_closed=True left_hand_dist=0.8372/1.2000 right_hand_dist=0.7732/1.2000
  [ep 0, attempt 1] Success at step 217, collected 30 extra steps.
  [Success Rate] overall: 100.0% (1/1) | moving avg (last 1): 100.0%
[ManiLadder Camera] stop_recording target=/mnt/gck_website/maniladder.github.io/generated_demos/DualArmOpenPen-v1/videos/orbit_camera_ep0.mp4
[38;5;159m[Genesis] [08:27:37] [INFO] Saving video to [38;5;121m"/mnt/gck_website/maniladder.github.io/generated_demos/DualArmOpenPen-v1/videos/orbit_camera_ep0.mp4"[0m[38;5;159m...[0m
[38;5;159m[Genesis] [08:27:38] [INFO] Video saved.[0m
  Saved video: /mnt/gck_website/maniladder.github.io/generated_demos/DualArmOpenPen-v1/videos/orbit_camera_ep0.mp4 exists=True
  Videos for episode 0 saved to /mnt/gck_website/maniladder.github.io/generated_demos/DualArmOpenPen-v1/videos

============================================================
Done. 1 demo trajectories (traj_0..traj_0) saved to /mnt/gck_website/maniladder.github.io/generated_demos
Final   [Success Rate] overall: 100.0% (1/1) | moving avg (last 1): 100.0%
============================================================
[38;5;159m[Genesis] [08:27:39] [INFO] 💤 Exiting Genesis and caching compiled kernels...[0m
[W 09/29/26 08:27:39.358 3565733] [offline_cache.h:run@186] Lock /home/gck/.cache/gstaichi/ticache/kernel_compilation_manager/ticache.lock failed. You can run 'ti cache clean -p /home/gck/.cache/gstaichi/ticache/kernel_compilation_manager' and try again.
[W 09/29/26 08:27:39.560 3565733] [kernel_compilation_manager.cpp:dump@104] Lock /home/gck/.cache/gstaichi/ticache/kernel_compilation_manager/ticache.lock failed. Please run 'ti cache clean -p /home/gck/.cache/gstaichi/ticache/kernel_compilation_manager' and try again.
[W 09/29/26 08:27:39.815 3565733] [ptx_cache.cpp:dump@92] Lock /home/gck/.cache/gstaichi/ticache/ptx_cache/ptxcache.lock failed. Please run 'ti cache clean -p /home/gck/.cache/gstaichi/ticache/ptx_cache' and try again.
