[38;5;159m[Genesis] [08:31:24] [INFO] [38;5;121m╭───────────────────────────────────────────────╮[0m[38;5;159m[0m
[38;5;159m[Genesis] [08:31:24] [INFO] [38;5;121m│┈┉┈┉┈┉┈┉┈┉┈┉┈┉┈┉┈┉┈[0m[38;5;159m [38;5;121m[1m[3mGenesis[0m[38;5;159m [38;5;121m┈┉┈┉┈┉┈┉┈┉┈┉┈┉┈┉┈┉┈│[0m[38;5;159m[0m
[38;5;159m[Genesis] [08:31:24] [INFO] [38;5;121m╰───────────────────────────────────────────────╯[0m[38;5;159m[0m
[W 09/29/26 08:31:25.607 3872281] [ptx_cache.cpp:PtxCache@73] Lock /home/gck/.cache/gstaichi/ticache/ptx_cache/ptxcache.lock failed. Please run 'ti cache clean -p /home/gck/.cache/gstaichi/ticache/ptx_cache' and try again.
[38;5;159m[Genesis] [08:31:25] [INFO] Running on [38;5;121m[4m[NVIDIA A100-SXM4-80GB][0m[38;5;159m with backend [38;5;121m[4mgs.cuda[0m[38;5;159m. Device memory: [38;5;121m[4m79.25[0m[38;5;159m GB.[0m
[38;5;159m[Genesis] [08:31:25] [INFO] 🚀 Genesis initialized. 🔖 version: [38;5;121m[4m0.3.6[0m[38;5;159m, 🎨 theme: [38;5;121m[4mdark[0m[38;5;159m, 🌱 seed: [38;5;121m[4mNone[0m[38;5;159m, 🐛 debug: [38;5;121m[4mFalse[0m[38;5;159m, 📏 precision: [38;5;121m[4m32[0m[38;5;159m, 🏎️ performance: [38;5;121m[4mFalse[0m[38;5;159m, 💬 verbose: [38;5;121m[4mINFO[0m[38;5;159m[0m
[38;5;159m[Genesis] [08:31:27] [INFO] Scene [38;5;121m[3m<9215a35>[0m[38;5;159m created.[0m
[38;5;159m[Genesis] [08:31:27] [INFO] Adding [38;5;121m<gs.RigidEntity>[0m[38;5;159m. idx: [38;5;121m0[0m[38;5;159m, uid: [38;5;121m[3m<f23d0f2>[0m[38;5;159m, morph: [38;5;121m<gs.morphs.URDF(file='/mnt4/gck/maniladder/maniladder/assets/urdf/panda_leaphand/panda_leaphand_left.urdf')>[0m[38;5;159m, material: [38;5;121m<gs.materials.Rigid>[0m[38;5;159m.[0m
[38;5;159m[Genesis] [08:31:31] [INFO] Applying offset to base link's pose with user provided value in morph.[0m
[32m2026-09-29 08:31:32,925 - maniladder  - INFO - only loading the first pose of the given initial pose Pose(raw_pose=tensor([[-0.1500, -0.7000,  0.0000,  0.0000,  0.0000, 90.0000]],
       device='cuda:0')), parallel loading has not been implemented yet.[0m
[38;5;159m[Genesis] [08:31:32] [INFO] Adding [38;5;121m<gs.RigidEntity>[0m[38;5;159m. idx: [38;5;121m1[0m[38;5;159m, uid: [38;5;121m[3m<7f45b9c>[0m[38;5;159m, morph: [38;5;121m<gs.morphs.URDF(file='/mnt4/gck/maniladder/maniladder/assets/urdf/panda_leaphand/panda_leaphand.urdf')>[0m[38;5;159m, material: [38;5;121m<gs.materials.Rigid>[0m[38;5;159m.[0m
[38;5;159m[Genesis] [08:31:35] [INFO] Applying offset to base link's pose with user provided value in morph.[0m
[32m2026-09-29 08:31:37,319 - maniladder  - INFO - only loading the first pose of the given initial pose Pose(raw_pose=tensor([[ -0.1500,   0.7000,   0.0000,   0.0000,   0.0000, -90.0000]],
       device='cuda:0')), parallel loading has not been implemented yet.[0m
[38;5;159m[Genesis] [08:31:37] [INFO] Adding [38;5;121m<gs.RigidEntity>[0m[38;5;159m. idx: [38;5;121m2[0m[38;5;159m, uid: [38;5;121m[3m<690c561>[0m[38;5;159m, morph: [38;5;121m<gs.morphs.Mesh(file='/mnt4/gck/maniladder/maniladder/assets/models/table.glb')>[0m[38;5;159m, material: [38;5;121m<gs.materials.Rigid>[0m[38;5;159m.[0m
[38;5;226m[Genesis] [08:31:37] [WARNING] GLTF is using y-up while Genesis uses z-up. Please set parse_glb_with_zup=True in morph options if you find the mesh is 90-degree rotated. We will set parse_glb_with_zup=True and rotate glb mesh by default later and gradually enforce this option.[0m
/data/gck/miniconda3/envs/maniladder/lib/python3.10/site-packages/pygltflib/__init__.py:830: UserWarning: pygltflib currently does not remove image data from the buffer when converting to data uri.Please open an issue at https://gitlab.com/dodgyville/pygltflib/issues
  warnings.warn("pygltflib currently does not remove image data "
[38;5;159m[Genesis] [08:31:37] [INFO] Adding [38;5;121m<gs.RigidEntity>[0m[38;5;159m. idx: [38;5;121m3[0m[38;5;159m, uid: [38;5;121m[3m<c4a8020>[0m[38;5;159m, morph: [38;5;121m<gs.morphs.Box>[0m[38;5;159m, material: [38;5;121m<gs.materials.Rigid>[0m[38;5;159m.[0m
[38;5;159m[Genesis] [08:31:37] [INFO] Adding [38;5;121m<gs.RigidEntity>[0m[38;5;159m. idx: [38;5;121m4[0m[38;5;159m, uid: [38;5;121m[3m<3fd287f>[0m[38;5;159m, morph: [38;5;121m<gs.morphs.Plane>[0m[38;5;159m, material: [38;5;121m<gs.materials.Rigid>[0m[38;5;159m.[0m
[38;5;159m[Genesis] [08:31:37] [INFO] Adding [38;5;121m<gs.RigidEntity>[0m[38;5;159m. idx: [38;5;121m5[0m[38;5;159m, uid: [38;5;121m[3m<15c33c1>[0m[38;5;159m, morph: [38;5;121m<gs.morphs.Box>[0m[38;5;159m, material: [38;5;121m<gs.materials.Rigid>[0m[38;5;159m.[0m
[38;5;159m[Genesis] [08:31:37] [INFO] Adding [38;5;121m<gs.RigidEntity>[0m[38;5;159m. idx: [38;5;121m6[0m[38;5;159m, uid: [38;5;121m[3m<ffa802e>[0m[38;5;159m, morph: [38;5;121m<gs.morphs.Box>[0m[38;5;159m, material: [38;5;121m<gs.materials.Rigid>[0m[38;5;159m.[0m
[38;5;159m[Genesis] [08:31:37] [INFO] Adding [38;5;121m<gs.RigidEntity>[0m[38;5;159m. idx: [38;5;121m7[0m[38;5;159m, uid: [38;5;121m[3m<5b928fe>[0m[38;5;159m, morph: [38;5;121m<gs.morphs.Box>[0m[38;5;159m, material: [38;5;121m<gs.materials.Rigid>[0m[38;5;159m.[0m
[38;5;159m[Genesis] [08:31:37] [INFO] Adding [38;5;121m<gs.RigidEntity>[0m[38;5;159m. idx: [38;5;121m8[0m[38;5;159m, uid: [38;5;121m[3m<e254e7e>[0m[38;5;159m, morph: [38;5;121m<gs.morphs.Box>[0m[38;5;159m, material: [38;5;121m<gs.materials.Rigid>[0m[38;5;159m.[0m
[38;5;159m[Genesis] [08:31:37] [INFO] Preprocessing geom idx [38;5;121m[4m164[0m[38;5;159m.[0m
[38;5;159m[Genesis] [08:31:37] [INFO] Building scene [38;5;121m[3m<9215a35>[0m[38;5;159m...[0m
[W 09/29/26 08:31:38.093 3872281] [kernel_compilation_manager.cpp:KernelCompilationManager@69] Lock /home/gck/.cache/gstaichi/ticache/kernel_compilation_manager/ticache.lock failed. Please run 'ti cache clean -p /home/gck/.cache/gstaichi/ticache/kernel_compilation_manager' and try again.
[38;5;226m[Genesis] [08:31:42] [WARNING] Reference robot position exceeds joint limits.[0m
[38;5;226m[Genesis] [08:31:43] [WARNING] max_collision_pairs 500 is smaller than the theoretical maximal possible pairs 12462, it uses less memory but might lead to missing some collision pairs if there are too many collision pairs[0m
[38;5;159m[Genesis] [08:31:51] [INFO] Compiling simulation kernels...[0m
[38;5;159m[Genesis] [08:32:26] [INFO] Building visualizer...[0m
/data/gck/miniconda3/envs/maniladder/lib/python3.10/site-packages/torch/utils/_device.py:109: UserWarning: The given NumPy array is not writable, and PyTorch does not support non-writable tensors. This means writing to this tensor will result in undefined behavior. You may want to copy the array to protect its data or make it writable before converting it to a tensor. This type of warning will be suppressed for the rest of this program. (Triggered internally at /pytorch/torch/csrc/utils/tensor_numpy.cpp:213.)
  return func(*args, **kwargs)
Action space: Dict('panda_leaphand-1': Box(-1.0, 1.0, (22,), float32), 'panda_leaphand_left-0': Box(-1.0, 1.0, (22,), float32))
Generating 1 orbit video-only demos → /mnt/gck_website/maniladder.github.io/generated_demos/DualArmThrowBlock-v1
  [ep 0/1, attempt 1] step 1/500  terminated=False  truncated=False
  [ep 0/1, attempt 1] step 101/500  terminated=False  truncated=False
  [ep 0/1, attempt 1] step 201/500  terminated=False  truncated=False
  [ep 0/1, attempt 1] step 301/500  terminated=False  truncated=False
  [ep 0/1, attempt 1] step 401/500  terminated=False  truncated=False
  [ep 0/1, attempt 1] step 500/500  terminated=False  truncated=True
  [WARNING] Episode 0 attempt 1 truncated without success. Discarding and retrying...
  [Success Rate] overall: 0.0% (0/1) | moving avg (last 1): 0.0%
  [ep 0/1, attempt 2] step 1/500  terminated=False  truncated=False
  [ep 0/1, attempt 2] step 101/500  terminated=False  truncated=False
  [ep 0/1, attempt 2] step 201/500  terminated=False  truncated=False
  [ep 0/1, attempt 2] step 301/500  terminated=False  truncated=False
  [ep 0/1, attempt 2] step 401/500  terminated=False  truncated=False
  [ep 0/1, attempt 2] step 500/500  terminated=False  truncated=True
  [WARNING] Episode 0 attempt 2 truncated without success. Discarding and retrying...
  [Success Rate] overall: 0.0% (0/2) | moving avg (last 2): 0.0%
  [ep 0/1, attempt 3] step 1/500  terminated=False  truncated=False
  [ep 0/1, attempt 3] step 101/500  terminated=False  truncated=False
  [ep 0/1, attempt 3] step 201/500  terminated=False  truncated=False
  [ep 0/1, attempt 3] step 301/500  terminated=False  truncated=False
  [ep 0/1, attempt 3] step 401/500  terminated=False  truncated=False
  [ep 0/1, attempt 3] step 500/500  terminated=False  truncated=True
  [WARNING] Episode 0 attempt 3 truncated without success. Discarding and retrying...
  [Success Rate] overall: 0.0% (0/3) | moving avg (last 3): 0.0%
  [ep 0/1, attempt 4] step 1/500  terminated=False  truncated=False
  [ep 0/1, attempt 4] step 101/500  terminated=False  truncated=False
  [ep 0/1, attempt 4] step 201/500  terminated=False  truncated=False
  [ep 0/1, attempt 4] step 301/500  terminated=False  truncated=False
  [ep 0/1, attempt 4] step 401/500  terminated=False  truncated=False
  [ep 0/1, attempt 4] step 500/500  terminated=False  truncated=True
  [WARNING] Episode 0 attempt 4 truncated without success. Discarding and retrying...
  [Success Rate] overall: 0.0% (0/4) | moving avg (last 4): 0.0%
  [ep 0/1, attempt 5] step 1/500  terminated=False  truncated=False
  [ep 0/1, attempt 5] step 101/500  terminated=False  truncated=False
  [ep 0/1, attempt 5] step 201/500  terminated=False  truncated=False
  [ep 0/1, attempt 5] step 301/500  terminated=False  truncated=False
  [ep 0/1, attempt 5] step 401/500  terminated=False  truncated=False
  [ep 0/1, attempt 5] step 500/500  terminated=False  truncated=True
  [WARNING] Episode 0 attempt 5 truncated without success. Discarding and retrying...
  [Success Rate] overall: 0.0% (0/5) | moving avg (last 5): 0.0%
  [ep 0/1, attempt 6] step 1/500  terminated=False  truncated=False
  [ep 0/1, attempt 6] step 101/500  terminated=False  truncated=False
  [ep 0/1, attempt 6] step 201/500  terminated=False  truncated=False
  [ep 0/1, attempt 6] step 301/500  terminated=False  truncated=False
  [ep 0/1, attempt 6] step 401/500  terminated=False  truncated=False
  [ep 0/1, attempt 6] step 405/500  terminated=True  truncated=False
  [ep 0, attempt 6] Success at step 405, collected 30 extra steps.
  [Success Rate] overall: 16.7% (1/6) | moving avg (last 6): 16.7%
[ManiLadder Camera] stop_recording target=/mnt/gck_website/maniladder.github.io/generated_demos/DualArmThrowBlock-v1/videos/orbit_camera_ep0.mp4
[38;5;159m[Genesis] [08:37:35] [INFO] Saving video to [38;5;121m"/mnt/gck_website/maniladder.github.io/generated_demos/DualArmThrowBlock-v1/videos/orbit_camera_ep0.mp4"[0m[38;5;159m...[0m
[38;5;159m[Genesis] [08:37:37] [INFO] Video saved.[0m
  Saved video: /mnt/gck_website/maniladder.github.io/generated_demos/DualArmThrowBlock-v1/videos/orbit_camera_ep0.mp4 exists=True
  Videos for episode 0 saved to /mnt/gck_website/maniladder.github.io/generated_demos/DualArmThrowBlock-v1/videos

============================================================
Done. 1 demo trajectories (traj_0..traj_0) saved to /mnt/gck_website/maniladder.github.io/generated_demos
Final   [Success Rate] overall: 16.7% (1/6) | moving avg (last 6): 16.7%
============================================================
[38;5;159m[Genesis] [08:37:37] [INFO] 💤 Exiting Genesis and caching compiled kernels...[0m
[W 09/29/26 08:37:38.050 3872281] [offline_cache.h:run@186] Lock /home/gck/.cache/gstaichi/ticache/kernel_compilation_manager/ticache.lock failed. You can run 'ti cache clean -p /home/gck/.cache/gstaichi/ticache/kernel_compilation_manager' and try again.
[W 09/29/26 08:37:38.252 3872281] [kernel_compilation_manager.cpp:dump@104] Lock /home/gck/.cache/gstaichi/ticache/kernel_compilation_manager/ticache.lock failed. Please run 'ti cache clean -p /home/gck/.cache/gstaichi/ticache/kernel_compilation_manager' and try again.
[W 09/29/26 08:37:38.575 3872281] [ptx_cache.cpp:dump@92] Lock /home/gck/.cache/gstaichi/ticache/ptx_cache/ptxcache.lock failed. Please run 'ti cache clean -p /home/gck/.cache/gstaichi/ticache/ptx_cache' and try again.
