[38;5;159m[Genesis] [08:41:17] [INFO] [38;5;121m╭───────────────────────────────────────────────╮[0m[38;5;159m[0m
[38;5;159m[Genesis] [08:41:17] [INFO] [38;5;121m│┈┉┈┉┈┉┈┉┈┉┈┉┈┉┈┉┈┉┈[0m[38;5;159m [38;5;121m[1m[3mGenesis[0m[38;5;159m [38;5;121m┈┉┈┉┈┉┈┉┈┉┈┉┈┉┈┉┈┉┈│[0m[38;5;159m[0m
[38;5;159m[Genesis] [08:41:17] [INFO] [38;5;121m╰───────────────────────────────────────────────╯[0m[38;5;159m[0m
[W 09/29/26 08:41:17.890 3927718] [ptx_cache.cpp:PtxCache@73] Lock /home/gck/.cache/gstaichi/ticache/ptx_cache/ptxcache.lock failed. Please run 'ti cache clean -p /home/gck/.cache/gstaichi/ticache/ptx_cache' and try again.
[38;5;159m[Genesis] [08:41:18] [INFO] Running on [38;5;121m[4m[NVIDIA A100-SXM4-80GB][0m[38;5;159m with backend [38;5;121m[4mgs.cuda[0m[38;5;159m. Device memory: [38;5;121m[4m79.25[0m[38;5;159m GB.[0m
[38;5;159m[Genesis] [08:41:18] [INFO] 🚀 Genesis initialized. 🔖 version: [38;5;121m[4m0.3.6[0m[38;5;159m, 🎨 theme: [38;5;121m[4mdark[0m[38;5;159m, 🌱 seed: [38;5;121m[4mNone[0m[38;5;159m, 🐛 debug: [38;5;121m[4mFalse[0m[38;5;159m, 📏 precision: [38;5;121m[4m32[0m[38;5;159m, 🏎️ performance: [38;5;121m[4mFalse[0m[38;5;159m, 💬 verbose: [38;5;121m[4mINFO[0m[38;5;159m[0m
[38;5;159m[Genesis] [08:41:20] [INFO] Scene [38;5;121m[3m<d1b8275>[0m[38;5;159m created.[0m
[38;5;159m[Genesis] [08:41:20] [INFO] Adding [38;5;121m<gs.RigidEntity>[0m[38;5;159m. idx: [38;5;121m0[0m[38;5;159m, uid: [38;5;121m[3m<d62e434>[0m[38;5;159m, morph: [38;5;121m<gs.morphs.URDF(file='/mnt4/gck/maniladder/maniladder/assets/urdf/panda_leaphand/mobile_panda_leaphand_left.urdf')>[0m[38;5;159m, material: [38;5;121m<gs.materials.Rigid>[0m[38;5;159m.[0m
[38;5;159m[Genesis] [08:41:23] [INFO] Applying offset to base link's pose with user provided value in morph.[0m
[32m2026-09-29 08:41:25,668 - maniladder  - INFO - only loading the first pose of the given initial pose Pose(raw_pose=tensor([[0.5000, 0.0000, 0.0000, 0.0000, 0.0000, 0.0000]], device='cuda:0')), parallel loading has not been implemented yet.[0m
[38;5;159m[Genesis] [08:41:25] [INFO] Adding [38;5;121m<gs.RigidEntity>[0m[38;5;159m. idx: [38;5;121m1[0m[38;5;159m, uid: [38;5;121m[3m<f46af8c>[0m[38;5;159m, morph: [38;5;121m<gs.morphs.URDF(file='/mnt4/gck/maniladder/maniladder/assets/urdf/panda_leaphand/mobile_panda_leaphand.urdf')>[0m[38;5;159m, material: [38;5;121m<gs.materials.Rigid>[0m[38;5;159m.[0m
[38;5;159m[Genesis] [08:41:28] [INFO] Applying offset to base link's pose with user provided value in morph.[0m
[32m2026-09-29 08:41:30,265 - maniladder  - INFO - only loading the first pose of the given initial pose Pose(raw_pose=tensor([[-0.5000,  0.0000,  0.0000,  0.0000,  0.0000,  0.0000]],
       device='cuda:0')), parallel loading has not been implemented yet.[0m
[38;5;159m[Genesis] [08:41:30] [INFO] Adding [38;5;121m<gs.RigidEntity>[0m[38;5;159m. idx: [38;5;121m2[0m[38;5;159m, uid: [38;5;121m[3m<09f636b>[0m[38;5;159m, morph: [38;5;121m<gs.morphs.Plane>[0m[38;5;159m, material: [38;5;121m<gs.materials.Rigid>[0m[38;5;159m.[0m
[38;5;159m[Genesis] [08:41:30] [INFO] Adding [38;5;121m<gs.RigidEntity>[0m[38;5;159m. idx: [38;5;121m3[0m[38;5;159m, uid: [38;5;121m[3m<51ca383>[0m[38;5;159m, morph: [38;5;121m<gs.morphs.Box>[0m[38;5;159m, material: [38;5;121m<gs.materials.Rigid>[0m[38;5;159m.[0m
[38;5;159m[Genesis] [08:41:30] [INFO] Adding [38;5;121m<gs.RigidEntity>[0m[38;5;159m. idx: [38;5;121m4[0m[38;5;159m, uid: [38;5;121m[3m<824f998>[0m[38;5;159m, morph: [38;5;121m<gs.morphs.Box>[0m[38;5;159m, material: [38;5;121m<gs.materials.Rigid>[0m[38;5;159m.[0m
[38;5;159m[Genesis] [08:41:30] [INFO] Adding [38;5;121m<gs.RigidEntity>[0m[38;5;159m. idx: [38;5;121m5[0m[38;5;159m, uid: [38;5;121m[3m<f4d0a20>[0m[38;5;159m, morph: [38;5;121m<gs.morphs.Box>[0m[38;5;159m, material: [38;5;121m<gs.materials.Rigid>[0m[38;5;159m.[0m
[38;5;159m[Genesis] [08:41:30] [INFO] Adding [38;5;121m<gs.RigidEntity>[0m[38;5;159m. idx: [38;5;121m6[0m[38;5;159m, uid: [38;5;121m[3m<a50cc12>[0m[38;5;159m, morph: [38;5;121m<gs.morphs.Box>[0m[38;5;159m, material: [38;5;121m<gs.materials.Rigid>[0m[38;5;159m.[0m
[38;5;159m[Genesis] [08:41:30] [INFO] Adding [38;5;121m<gs.RigidEntity>[0m[38;5;159m. idx: [38;5;121m7[0m[38;5;159m, uid: [38;5;121m[3m<4a18b8c>[0m[38;5;159m, morph: [38;5;121m<gs.morphs.URDF(file='/mnt4/gck/maniladder/maniladder/assets/models/small_table/20411/mobility.urdf')>[0m[38;5;159m, material: [38;5;121m<gs.materials.Rigid>[0m[38;5;159m.[0m
[38;5;226m[Genesis] [08:41:31] [WARNING] Texture given but asset missing uv info (or failed to load): /mnt4/gck/maniladder/maniladder/assets/models/small_table/20411/textured_objs/original-11.obj[0m
[38;5;226m[Genesis] [08:41:31] [WARNING] Texture given but asset missing uv info (or failed to load): /mnt4/gck/maniladder/maniladder/assets/models/small_table/20411/textured_objs/original-12.obj[0m
[38;5;226m[Genesis] [08:41:31] [WARNING] Texture given but asset missing uv info (or failed to load): /mnt4/gck/maniladder/maniladder/assets/models/small_table/20411/textured_objs/original-13.obj[0m
[38;5;226m[Genesis] [08:41:31] [WARNING] Texture given but asset missing uv info (or failed to load): /mnt4/gck/maniladder/maniladder/assets/models/small_table/20411/textured_objs/original-16.obj[0m
[38;5;226m[Genesis] [08:41:32] [WARNING] Texture given but asset missing uv info (or failed to load): /mnt4/gck/maniladder/maniladder/assets/models/small_table/20411/textured_objs/original-15.obj[0m
[38;5;226m[Genesis] [08:41:32] [WARNING] Texture given but asset missing uv info (or failed to load): /mnt4/gck/maniladder/maniladder/assets/models/small_table/20411/textured_objs/original-17.obj[0m
[38;5;226m[Genesis] [08:41:32] [WARNING] Texture given but asset missing uv info (or failed to load): /mnt4/gck/maniladder/maniladder/assets/models/small_table/20411/textured_objs/original-14.obj[0m
[38;5;226m[Genesis] [08:41:32] [WARNING] Texture given but asset missing uv info (or failed to load): /mnt4/gck/maniladder/maniladder/assets/models/small_table/20411/textured_objs/original-4.obj[0m
[38;5;226m[Genesis] [08:41:32] [WARNING] Texture given but asset missing uv info (or failed to load): /mnt4/gck/maniladder/maniladder/assets/models/small_table/20411/textured_objs/original-3.obj[0m
[38;5;226m[Genesis] [08:41:32] [WARNING] Texture given but asset missing uv info (or failed to load): /mnt4/gck/maniladder/maniladder/assets/models/small_table/20411/textured_objs/original-18.obj[0m
[38;5;226m[Genesis] [08:41:32] [WARNING] Texture given but asset missing uv info (or failed to load): /mnt4/gck/maniladder/maniladder/assets/models/small_table/20411/textured_objs/original-23.obj[0m
[38;5;226m[Genesis] [08:41:33] [WARNING] Texture given but asset missing uv info (or failed to load): /mnt4/gck/maniladder/maniladder/assets/models/small_table/20411/textured_objs/original-21.obj[0m
[38;5;226m[Genesis] [08:41:33] [WARNING] Texture given but asset missing uv info (or failed to load): /mnt4/gck/maniladder/maniladder/assets/models/small_table/20411/textured_objs/original-24.obj[0m
[38;5;226m[Genesis] [08:41:33] [WARNING] Texture given but asset missing uv info (or failed to load): /mnt4/gck/maniladder/maniladder/assets/models/small_table/20411/textured_objs/original-22.obj[0m
[38;5;226m[Genesis] [08:41:33] [WARNING] Texture given but asset missing uv info (or failed to load): /mnt4/gck/maniladder/maniladder/assets/models/small_table/20411/textured_objs/original-19.obj[0m
[38;5;226m[Genesis] [08:41:33] [WARNING] Texture given but asset missing uv info (or failed to load): /mnt4/gck/maniladder/maniladder/assets/models/small_table/20411/textured_objs/original-10.obj[0m
[38;5;226m[Genesis] [08:41:33] [WARNING] Texture given but asset missing uv info (or failed to load): /mnt4/gck/maniladder/maniladder/assets/models/small_table/20411/textured_objs/original-31.obj[0m
[38;5;226m[Genesis] [08:41:33] [WARNING] Texture given but asset missing uv info (or failed to load): /mnt4/gck/maniladder/maniladder/assets/models/small_table/20411/textured_objs/original-31.obj[0m
[38;5;226m[Genesis] [08:41:33] [WARNING] Texture given but asset missing uv info (or failed to load): /mnt4/gck/maniladder/maniladder/assets/models/small_table/20411/textured_objs/original-7.obj[0m
[38;5;226m[Genesis] [08:41:33] [WARNING] Texture given but asset missing uv info (or failed to load): /mnt4/gck/maniladder/maniladder/assets/models/small_table/20411/textured_objs/original-20.obj[0m
[38;5;226m[Genesis] [08:41:34] [WARNING] Texture given but asset missing uv info (or failed to load): /mnt4/gck/maniladder/maniladder/assets/models/small_table/20411/textured_objs/original-5.obj[0m
[38;5;226m[Genesis] [08:41:34] [WARNING] Texture given but asset missing uv info (or failed to load): /mnt4/gck/maniladder/maniladder/assets/models/small_table/20411/textured_objs/original-6.obj[0m
[38;5;226m[Genesis] [08:41:34] [WARNING] Texture given but asset missing uv info (or failed to load): /mnt4/gck/maniladder/maniladder/assets/models/small_table/20411/textured_objs/original-9.obj[0m
[38;5;226m[Genesis] [08:41:34] [WARNING] Texture given but asset missing uv info (or failed to load): /mnt4/gck/maniladder/maniladder/assets/models/small_table/20411/textured_objs/original-8.obj[0m
[38;5;226m[Genesis] [08:41:34] [WARNING] Texture given but asset missing uv info (or failed to load): /mnt4/gck/maniladder/maniladder/assets/models/small_table/20411/textured_objs/original-25.obj[0m
[38;5;159m[Genesis] [08:41:35] [INFO] Falling back to legacy URDF parser. Default values of physics properties may be off.[0m
[38;5;159m[Genesis] [08:41:35] [INFO] Applying offset to base link's pose with user provided value in morph.[0m
/data/gck/miniconda3/envs/maniladder/lib/python3.10/site-packages/trimesh/triangles.py:302: RuntimeWarning: invalid value encountered in divide
  center_mass = integrated[1:4] / volume
/data/gck/miniconda3/envs/maniladder/lib/python3.10/site-packages/trimesh/triangles.py:302: RuntimeWarning: divide by zero encountered in divide
  center_mass = integrated[1:4] / volume
/data/gck/miniconda3/envs/maniladder/lib/python3.10/site-packages/trimesh/triangles.py:322: RuntimeWarning: invalid value encountered in scalar multiply
  integrated[4] + integrated[5] - (volume * (center_mass[[0, 1]] ** 2).sum())
/data/gck/miniconda3/envs/maniladder/lib/python3.10/site-packages/trimesh/triangles.py:324: RuntimeWarning: invalid value encountered in scalar multiply
  inertia[0, 1] = -(integrated[7] - (volume * np.prod(center_mass[[0, 1]])))
/data/gck/miniconda3/envs/maniladder/lib/python3.10/site-packages/trimesh/triangles.py:316: RuntimeWarning: invalid value encountered in scalar multiply
  integrated[5] + integrated[6] - (volume * (center_mass[[1, 2]] ** 2).sum())
/data/gck/miniconda3/envs/maniladder/lib/python3.10/site-packages/trimesh/triangles.py:325: RuntimeWarning: invalid value encountered in scalar multiply
  inertia[1, 2] = -(integrated[8] - (volume * np.prod(center_mass[[1, 2]])))
/data/gck/miniconda3/envs/maniladder/lib/python3.10/site-packages/trimesh/triangles.py:319: RuntimeWarning: invalid value encountered in scalar multiply
  integrated[4] + integrated[6] - (volume * (center_mass[[0, 2]] ** 2).sum())
/data/gck/miniconda3/envs/maniladder/lib/python3.10/site-packages/trimesh/triangles.py:326: RuntimeWarning: invalid value encountered in scalar multiply
  inertia[0, 2] = -(integrated[9] - (volume * np.prod(center_mass[[0, 2]])))
[38;5;159m[Genesis] [08:41:36] [INFO] Adding [38;5;121m<gs.RigidEntity>[0m[38;5;159m. idx: [38;5;121m8[0m[38;5;159m, uid: [38;5;121m[3m<62312e7>[0m[38;5;159m, morph: [38;5;121m<gs.morphs.URDF(file='/mnt4/gck/maniladder/maniladder/assets/models/small_table/20411/mobility.urdf')>[0m[38;5;159m, material: [38;5;121m<gs.materials.Rigid>[0m[38;5;159m.[0m
[38;5;226m[Genesis] [08:41:37] [WARNING] Texture given but asset missing uv info (or failed to load): /mnt4/gck/maniladder/maniladder/assets/models/small_table/20411/textured_objs/original-11.obj[0m
[38;5;226m[Genesis] [08:41:37] [WARNING] Texture given but asset missing uv info (or failed to load): /mnt4/gck/maniladder/maniladder/assets/models/small_table/20411/textured_objs/original-12.obj[0m
[38;5;226m[Genesis] [08:41:37] [WARNING] Texture given but asset missing uv info (or failed to load): /mnt4/gck/maniladder/maniladder/assets/models/small_table/20411/textured_objs/original-13.obj[0m
[38;5;226m[Genesis] [08:41:37] [WARNING] Texture given but asset missing uv info (or failed to load): /mnt4/gck/maniladder/maniladder/assets/models/small_table/20411/textured_objs/original-16.obj[0m
[38;5;226m[Genesis] [08:41:37] [WARNING] Texture given but asset missing uv info (or failed to load): /mnt4/gck/maniladder/maniladder/assets/models/small_table/20411/textured_objs/original-15.obj[0m
[38;5;226m[Genesis] [08:41:37] [WARNING] Texture given but asset missing uv info (or failed to load): /mnt4/gck/maniladder/maniladder/assets/models/small_table/20411/textured_objs/original-17.obj[0m
[38;5;226m[Genesis] [08:41:37] [WARNING] Texture given but asset missing uv info (or failed to load): /mnt4/gck/maniladder/maniladder/assets/models/small_table/20411/textured_objs/original-14.obj[0m
[38;5;226m[Genesis] [08:41:38] [WARNING] Texture given but asset missing uv info (or failed to load): /mnt4/gck/maniladder/maniladder/assets/models/small_table/20411/textured_objs/original-4.obj[0m
[38;5;226m[Genesis] [08:41:38] [WARNING] Texture given but asset missing uv info (or failed to load): /mnt4/gck/maniladder/maniladder/assets/models/small_table/20411/textured_objs/original-3.obj[0m
[38;5;226m[Genesis] [08:41:38] [WARNING] Texture given but asset missing uv info (or failed to load): /mnt4/gck/maniladder/maniladder/assets/models/small_table/20411/textured_objs/original-18.obj[0m
[38;5;226m[Genesis] [08:41:38] [WARNING] Texture given but asset missing uv info (or failed to load): /mnt4/gck/maniladder/maniladder/assets/models/small_table/20411/textured_objs/original-23.obj[0m
[38;5;226m[Genesis] [08:41:38] [WARNING] Texture given but asset missing uv info (or failed to load): /mnt4/gck/maniladder/maniladder/assets/models/small_table/20411/textured_objs/original-21.obj[0m
[38;5;226m[Genesis] [08:41:38] [WARNING] Texture given but asset missing uv info (or failed to load): /mnt4/gck/maniladder/maniladder/assets/models/small_table/20411/textured_objs/original-24.obj[0m
[38;5;226m[Genesis] [08:41:38] [WARNING] Texture given but asset missing uv info (or failed to load): /mnt4/gck/maniladder/maniladder/assets/models/small_table/20411/textured_objs/original-22.obj[0m
[38;5;226m[Genesis] [08:41:39] [WARNING] Texture given but asset missing uv info (or failed to load): /mnt4/gck/maniladder/maniladder/assets/models/small_table/20411/textured_objs/original-19.obj[0m
[38;5;226m[Genesis] [08:41:39] [WARNING] Texture given but asset missing uv info (or failed to load): /mnt4/gck/maniladder/maniladder/assets/models/small_table/20411/textured_objs/original-10.obj[0m
[38;5;226m[Genesis] [08:41:39] [WARNING] Texture given but asset missing uv info (or failed to load): /mnt4/gck/maniladder/maniladder/assets/models/small_table/20411/textured_objs/original-31.obj[0m
[38;5;226m[Genesis] [08:41:39] [WARNING] Texture given but asset missing uv info (or failed to load): /mnt4/gck/maniladder/maniladder/assets/models/small_table/20411/textured_objs/original-31.obj[0m
[38;5;226m[Genesis] [08:41:39] [WARNING] Texture given but asset missing uv info (or failed to load): /mnt4/gck/maniladder/maniladder/assets/models/small_table/20411/textured_objs/original-7.obj[0m
[38;5;226m[Genesis] [08:41:39] [WARNING] Texture given but asset missing uv info (or failed to load): /mnt4/gck/maniladder/maniladder/assets/models/small_table/20411/textured_objs/original-20.obj[0m
[38;5;226m[Genesis] [08:41:39] [WARNING] Texture given but asset missing uv info (or failed to load): /mnt4/gck/maniladder/maniladder/assets/models/small_table/20411/textured_objs/original-5.obj[0m
[38;5;226m[Genesis] [08:41:39] [WARNING] Texture given but asset missing uv info (or failed to load): /mnt4/gck/maniladder/maniladder/assets/models/small_table/20411/textured_objs/original-6.obj[0m
[38;5;226m[Genesis] [08:41:39] [WARNING] Texture given but asset missing uv info (or failed to load): /mnt4/gck/maniladder/maniladder/assets/models/small_table/20411/textured_objs/original-9.obj[0m
[38;5;226m[Genesis] [08:41:39] [WARNING] Texture given but asset missing uv info (or failed to load): /mnt4/gck/maniladder/maniladder/assets/models/small_table/20411/textured_objs/original-8.obj[0m
[38;5;226m[Genesis] [08:41:39] [WARNING] Texture given but asset missing uv info (or failed to load): /mnt4/gck/maniladder/maniladder/assets/models/small_table/20411/textured_objs/original-25.obj[0m
[38;5;159m[Genesis] [08:41:40] [INFO] Falling back to legacy URDF parser. Default values of physics properties may be off.[0m
[38;5;159m[Genesis] [08:41:40] [INFO] Applying offset to base link's pose with user provided value in morph.[0m
[38;5;159m[Genesis] [08:41:42] [INFO] Adding [38;5;121m<gs.RigidEntity>[0m[38;5;159m. idx: [38;5;121m9[0m[38;5;159m, uid: [38;5;121m[3m<492534e>[0m[38;5;159m, morph: [38;5;121m<gs.morphs.Mesh(file='/mnt4/gck/maniladder/maniladder/assets/models/ycb/025_mug_google_512k/025_mug/google_512k/textured.obj')>[0m[38;5;159m, material: [38;5;121m<gs.materials.Rigid>[0m[38;5;159m.[0m
[38;5;159m[Genesis] [08:41:46] [INFO] Convex hull is not accurate enough for collision detection (2.799). Falling back to more expensive convex decomposition (see FileMorph options).[0m
[38;5;159m[Genesis] [08:41:47] [INFO] Adding [38;5;121m<gs.RigidEntity>[0m[38;5;159m. idx: [38;5;121m10[0m[38;5;159m, uid: [38;5;121m[3m<9deda14>[0m[38;5;159m, morph: [38;5;121m<gs.morphs.URDF(file='/mnt4/gck/maniladder/maniladder/assets/models/serving_tray/two_handle_tray.urdf')>[0m[38;5;159m, material: [38;5;121m<gs.materials.Rigid>[0m[38;5;159m.[0m
[38;5;159m[Genesis] [08:41:47] [INFO] Applying offset to base link's pose with user provided value in morph.[0m
[38;5;159m[Genesis] [08:41:47] [INFO] Building scene [38;5;121m[3m<d1b8275>[0m[38;5;159m...[0m
[W 09/29/26 08:41:48.089 3927718] [kernel_compilation_manager.cpp:KernelCompilationManager@69] Lock /home/gck/.cache/gstaichi/ticache/kernel_compilation_manager/ticache.lock failed. Please run 'ti cache clean -p /home/gck/.cache/gstaichi/ticache/kernel_compilation_manager' and try again.
[38;5;226m[Genesis] [08:41:54] [WARNING] Reference robot position exceeds joint limits.[0m
[38;5;226m[Genesis] [08:41:56] [WARNING] max_collision_pairs 500 is smaller than the theoretical maximal possible pairs 35878, it uses less memory but might lead to missing some collision pairs if there are too many collision pairs[0m
[38;5;159m[Genesis] [08:42:06] [INFO] Compiling simulation kernels...[0m
[38;5;159m[Genesis] [08:42:41] [INFO] Building visualizer...[0m
/data/gck/miniconda3/envs/maniladder/lib/python3.10/site-packages/torch/utils/_device.py:109: UserWarning: The given NumPy array is not writable, and PyTorch does not support non-writable tensors. This means writing to this tensor will result in undefined behavior. You may want to copy the array to protect its data or make it writable before converting it to a tensor. This type of warning will be suppressed for the rest of this program. (Triggered internally at /pytorch/torch/csrc/utils/tensor_numpy.cpp:213.)
  return func(*args, **kwargs)
Action space: Dict('mobile_panda_leaphand_left_urdf-0': Box([ -5.        -5.       -12.566371  -1.        -1.        -1.
  -1.        -1.        -1.        -1.        -1.        -1.
  -1.        -1.        -1.        -1.        -1.        -1.
  -1.        -1.        -1.        -1.        -1.        -1.
  -1.      ], [ 5.        5.       12.566371  1.        1.        1.        1.
  1.        1.        1.        1.        1.        1.        1.
  1.        1.        1.        1.        1.        1.        1.
  1.        1.        1.        1.      ], (25,), float32), 'mobile_panda_leaphand_urdf-1': Box([ -5.        -5.       -12.566371  -1.        -1.        -1.
  -1.        -1.        -1.        -1.        -1.        -1.
  -1.        -1.        -1.        -1.        -1.        -1.
  -1.        -1.        -1.        -1.        -1.        -1.
  -1.      ], [ 5.        5.       12.566371  1.        1.        1.        1.
  1.        1.        1.        1.        1.        1.        1.
  1.        1.        1.        1.        1.        1.        1.
  1.        1.        1.        1.      ], (25,), float32))
Generating 1 orbit video-only demos → /mnt/gck_website/maniladder.github.io/generated_demos/DualArmSetupTable-v1
  [ep 0/1, attempt 1] step 1/750  terminated=False  truncated=False
  [ep 0/1, attempt 1] step 101/750  terminated=False  truncated=False
  [ep 0/1, attempt 1] step 201/750  terminated=False  truncated=False
  [ep 0/1, attempt 1] step 301/750  terminated=False  truncated=False
  [ep 0/1, attempt 1] step 401/750  terminated=False  truncated=False
  [ep 0/1, attempt 1] step 451/750  terminated=True  truncated=False
  [ep 0, attempt 1] Success at step 451, collected 30 extra steps.
  [Success Rate] overall: 100.0% (1/1) | moving avg (last 1): 100.0%
[ManiLadder Camera] stop_recording target=/mnt/gck_website/maniladder.github.io/generated_demos/DualArmSetupTable-v1/videos/orbit_camera_ep0.mp4
[38;5;159m[Genesis] [08:47:05] [INFO] Saving video to [38;5;121m"/mnt/gck_website/maniladder.github.io/generated_demos/DualArmSetupTable-v1/videos/orbit_camera_ep0.mp4"[0m[38;5;159m...[0m
[38;5;159m[Genesis] [08:47:08] [INFO] Video saved.[0m
  Saved video: /mnt/gck_website/maniladder.github.io/generated_demos/DualArmSetupTable-v1/videos/orbit_camera_ep0.mp4 exists=True
  Videos for episode 0 saved to /mnt/gck_website/maniladder.github.io/generated_demos/DualArmSetupTable-v1/videos

============================================================
Done. 1 demo trajectories (traj_0..traj_0) saved to /mnt/gck_website/maniladder.github.io/generated_demos
Final   [Success Rate] overall: 100.0% (1/1) | moving avg (last 1): 100.0%
============================================================
[38;5;159m[Genesis] [08:47:08] [INFO] 💤 Exiting Genesis and caching compiled kernels...[0m
[W 09/29/26 08:47:08.671 3927718] [offline_cache.h:run@186] Lock /home/gck/.cache/gstaichi/ticache/kernel_compilation_manager/ticache.lock failed. You can run 'ti cache clean -p /home/gck/.cache/gstaichi/ticache/kernel_compilation_manager' and try again.
[W 09/29/26 08:47:08.872 3927718] [kernel_compilation_manager.cpp:dump@104] Lock /home/gck/.cache/gstaichi/ticache/kernel_compilation_manager/ticache.lock failed. Please run 'ti cache clean -p /home/gck/.cache/gstaichi/ticache/kernel_compilation_manager' and try again.
[W 09/29/26 08:47:09.127 3927718] [ptx_cache.cpp:dump@92] Lock /home/gck/.cache/gstaichi/ticache/ptx_cache/ptxcache.lock failed. Please run 'ti cache clean -p /home/gck/.cache/gstaichi/ticache/ptx_cache' and try again.
