[38;5;159m[Genesis] [08:28:56] [INFO] [38;5;121m╭───────────────────────────────────────────────╮[0m[38;5;159m[0m
[38;5;159m[Genesis] [08:28:56] [INFO] [38;5;121m│┈┉┈┉┈┉┈┉┈┉┈┉┈┉┈┉┈┉┈[0m[38;5;159m [38;5;121m[1m[3mGenesis[0m[38;5;159m [38;5;121m┈┉┈┉┈┉┈┉┈┉┈┉┈┉┈┉┈┉┈│[0m[38;5;159m[0m
[38;5;159m[Genesis] [08:28:56] [INFO] [38;5;121m╰───────────────────────────────────────────────╯[0m[38;5;159m[0m
[W 09/29/26 08:28:57.195 3853552] [ptx_cache.cpp:PtxCache@73] Lock /home/gck/.cache/gstaichi/ticache/ptx_cache/ptxcache.lock failed. Please run 'ti cache clean -p /home/gck/.cache/gstaichi/ticache/ptx_cache' and try again.
[38;5;159m[Genesis] [08:28:57] [INFO] Running on [38;5;121m[4m[NVIDIA A100-SXM4-80GB][0m[38;5;159m with backend [38;5;121m[4mgs.cuda[0m[38;5;159m. Device memory: [38;5;121m[4m79.25[0m[38;5;159m GB.[0m
[38;5;159m[Genesis] [08:28:57] [INFO] 🚀 Genesis initialized. 🔖 version: [38;5;121m[4m0.3.6[0m[38;5;159m, 🎨 theme: [38;5;121m[4mdark[0m[38;5;159m, 🌱 seed: [38;5;121m[4mNone[0m[38;5;159m, 🐛 debug: [38;5;121m[4mFalse[0m[38;5;159m, 📏 precision: [38;5;121m[4m32[0m[38;5;159m, 🏎️ performance: [38;5;121m[4mFalse[0m[38;5;159m, 💬 verbose: [38;5;121m[4mINFO[0m[38;5;159m[0m
[38;5;159m[Genesis] [08:28:59] [INFO] Scene [38;5;121m[3m<fe88afb>[0m[38;5;159m created.[0m
[38;5;159m[Genesis] [08:28:59] [INFO] Adding [38;5;121m<gs.RigidEntity>[0m[38;5;159m. idx: [38;5;121m0[0m[38;5;159m, uid: [38;5;121m[3m<34313d4>[0m[38;5;159m, morph: [38;5;121m<gs.morphs.MJCF(file='/mnt4/gck/maniladder/maniladder/assets/xml/franka_emika_panda/panda.xml')>[0m[38;5;159m, material: [38;5;121m<gs.materials.Rigid>[0m[38;5;159m.[0m
[38;5;226m[Genesis] [08:28:59] [WARNING] (MJCF) Approximating tendon by joint actuator for `finger_joint1`[0m
[38;5;226m[Genesis] [08:28:59] [WARNING] (MJCF) Actuator control gain and bias parameters cannot be reduced to a unique PD control position gain. Using max between gain and bias for joint `finger_joint1`.[0m
[38;5;226m[Genesis] [08:28:59] [WARNING] (MJCF) Approximating tendon by joint actuator for `finger_joint2`[0m
[38;5;226m[Genesis] [08:28:59] [WARNING] (MJCF) Actuator control gain and bias parameters cannot be reduced to a unique PD control position gain. Using max between gain and bias for joint `finger_joint2`.[0m
[38;5;159m[Genesis] [08:28:59] [INFO] Applying offset to base link's pose with user provided value in morph.[0m
[38;5;159m[Genesis] [08:29:00] [INFO] Adding [38;5;121m<gs.RigidEntity>[0m[38;5;159m. idx: [38;5;121m1[0m[38;5;159m, uid: [38;5;121m[3m<6990bb6>[0m[38;5;159m, morph: [38;5;121m<gs.morphs.Mesh(file='/mnt4/gck/maniladder/maniladder/assets/models/table.glb')>[0m[38;5;159m, material: [38;5;121m<gs.materials.Rigid>[0m[38;5;159m.[0m
[38;5;226m[Genesis] [08:29:00] [WARNING] GLTF is using y-up while Genesis uses z-up. Please set parse_glb_with_zup=True in morph options if you find the mesh is 90-degree rotated. We will set parse_glb_with_zup=True and rotate glb mesh by default later and gradually enforce this option.[0m
/data/gck/miniconda3/envs/maniladder/lib/python3.10/site-packages/pygltflib/__init__.py:830: UserWarning: pygltflib currently does not remove image data from the buffer when converting to data uri.Please open an issue at https://gitlab.com/dodgyville/pygltflib/issues
  warnings.warn("pygltflib currently does not remove image data "
[38;5;159m[Genesis] [08:29:00] [INFO] Adding [38;5;121m<gs.RigidEntity>[0m[38;5;159m. idx: [38;5;121m2[0m[38;5;159m, uid: [38;5;121m[3m<0dfb9a4>[0m[38;5;159m, morph: [38;5;121m<gs.morphs.Box>[0m[38;5;159m, material: [38;5;121m<gs.materials.Rigid>[0m[38;5;159m.[0m
[38;5;159m[Genesis] [08:29:00] [INFO] Adding [38;5;121m<gs.RigidEntity>[0m[38;5;159m. idx: [38;5;121m3[0m[38;5;159m, uid: [38;5;121m[3m<ce0f416>[0m[38;5;159m, morph: [38;5;121m<gs.morphs.Plane>[0m[38;5;159m, material: [38;5;121m<gs.materials.Rigid>[0m[38;5;159m.[0m
[38;5;159m[Genesis] [08:29:00] [INFO] Adding [38;5;121m<gs.RigidEntity>[0m[38;5;159m. idx: [38;5;121m4[0m[38;5;159m, uid: [38;5;121m[3m<54db413>[0m[38;5;159m, morph: [38;5;121m<gs.morphs.Box>[0m[38;5;159m, material: [38;5;121m<gs.materials.Rigid>[0m[38;5;159m.[0m
[38;5;159m[Genesis] [08:29:00] [INFO] Adding [38;5;121m<gs.RigidEntity>[0m[38;5;159m. idx: [38;5;121m5[0m[38;5;159m, uid: [38;5;121m[3m<481d0e5>[0m[38;5;159m, morph: [38;5;121m<gs.morphs.Box>[0m[38;5;159m, material: [38;5;121m<gs.materials.Rigid>[0m[38;5;159m.[0m
[38;5;159m[Genesis] [08:29:00] [INFO] Adding [38;5;121m<gs.RigidEntity>[0m[38;5;159m. idx: [38;5;121m6[0m[38;5;159m, uid: [38;5;121m[3m<73e1ef4>[0m[38;5;159m, morph: [38;5;121m<gs.morphs.Box>[0m[38;5;159m, material: [38;5;121m<gs.materials.Rigid>[0m[38;5;159m.[0m
[38;5;159m[Genesis] [08:29:00] [INFO] Adding [38;5;121m<gs.PBD2DEntity>[0m[38;5;159m. idx: [38;5;121m7[0m[38;5;159m, uid: [38;5;121m[3m<92a5cc3>[0m[38;5;159m, morph: [38;5;121m<gs.morphs.Mesh(file='/mnt4/gck/maniladder/maniladder/assets/meshes/deformable/shirt_obj.obj')>[0m[38;5;159m, material: [38;5;121m<gs.PBD.Cloth>[0m[38;5;159m.[0m
[38;5;159m[Genesis] [08:29:00] [INFO] Remeshing for tetrahedralization...[0m
[38;5;159m[Genesis] [08:29:01] [INFO] Building scene [38;5;121m[3m<fe88afb>[0m[38;5;159m...[0m
[W 09/29/26 08:29:01.416 3853552] [kernel_compilation_manager.cpp:KernelCompilationManager@69] Lock /home/gck/.cache/gstaichi/ticache/kernel_compilation_manager/ticache.lock failed. Please run 'ti cache clean -p /home/gck/.cache/gstaichi/ticache/kernel_compilation_manager' and try again.
[38;5;226m[Genesis] [08:29:04] [WARNING] Reference robot position exceeds joint limits.[0m
[38;5;159m[Genesis] [08:29:17] [INFO] Compiling simulation kernels...[0m
[38;5;159m[Genesis] [08:30:00] [INFO] Building visualizer...[0m
/data/gck/miniconda3/envs/maniladder/lib/python3.10/site-packages/torch/utils/_device.py:109: UserWarning: The given NumPy array is not writable, and PyTorch does not support non-writable tensors. This means writing to this tensor will result in undefined behavior. You may want to copy the array to protect its data or make it writable before converting it to a tensor. This type of warning will be suppressed for the rest of this program. (Triggered internally at /pytorch/torch/csrc/utils/tensor_numpy.cpp:213.)
  return func(*args, **kwargs)
[FoldShirt] cur_area=0.185578 init_area=0.185578 threshold_area=0.129905 area_ratio=1.0000 z_max=0.0581 flat=1 success=False
Action space: Box(-1.0, 1.0, (7,), float32)
Generating 1 orbit video-only demos → /mnt/gck_website/maniladder.github.io/generated_demos/FoldShirt-v1
[38;5;159m[Genesis] [08:30:05] [INFO] Scene [38;5;121m[3m<2a0db9c>[0m[38;5;159m created.[0m
[38;5;159m[Genesis] [08:30:05] [INFO] Adding [38;5;121m<gs.RigidEntity>[0m[38;5;159m. idx: [38;5;121m0[0m[38;5;159m, uid: [38;5;121m[3m<131998e>[0m[38;5;159m, morph: [38;5;121m<gs.morphs.MJCF(file='/mnt4/gck/maniladder/maniladder/assets/xml/franka_emika_panda/panda.xml')>[0m[38;5;159m, material: [38;5;121m<gs.materials.Rigid>[0m[38;5;159m.[0m
[38;5;226m[Genesis] [08:30:05] [WARNING] (MJCF) Approximating tendon by joint actuator for `finger_joint1`[0m
[38;5;226m[Genesis] [08:30:05] [WARNING] (MJCF) Actuator control gain and bias parameters cannot be reduced to a unique PD control position gain. Using max between gain and bias for joint `finger_joint1`.[0m
[38;5;226m[Genesis] [08:30:05] [WARNING] (MJCF) Approximating tendon by joint actuator for `finger_joint2`[0m
[38;5;226m[Genesis] [08:30:05] [WARNING] (MJCF) Actuator control gain and bias parameters cannot be reduced to a unique PD control position gain. Using max between gain and bias for joint `finger_joint2`.[0m
[38;5;159m[Genesis] [08:30:05] [INFO] Applying offset to base link's pose with user provided value in morph.[0m
[38;5;159m[Genesis] [08:30:05] [INFO] Adding [38;5;121m<gs.RigidEntity>[0m[38;5;159m. idx: [38;5;121m1[0m[38;5;159m, uid: [38;5;121m[3m<3b484c5>[0m[38;5;159m, morph: [38;5;121m<gs.morphs.Mesh(file='/mnt4/gck/maniladder/maniladder/assets/models/table.glb')>[0m[38;5;159m, material: [38;5;121m<gs.materials.Rigid>[0m[38;5;159m.[0m
[38;5;226m[Genesis] [08:30:05] [WARNING] GLTF is using y-up while Genesis uses z-up. Please set parse_glb_with_zup=True in morph options if you find the mesh is 90-degree rotated. We will set parse_glb_with_zup=True and rotate glb mesh by default later and gradually enforce this option.[0m
/data/gck/miniconda3/envs/maniladder/lib/python3.10/site-packages/pygltflib/__init__.py:830: UserWarning: pygltflib currently does not remove image data from the buffer when converting to data uri.Please open an issue at https://gitlab.com/dodgyville/pygltflib/issues
  warnings.warn("pygltflib currently does not remove image data "
[38;5;159m[Genesis] [08:30:05] [INFO] Adding [38;5;121m<gs.RigidEntity>[0m[38;5;159m. idx: [38;5;121m2[0m[38;5;159m, uid: [38;5;121m[3m<394e33b>[0m[38;5;159m, morph: [38;5;121m<gs.morphs.Box>[0m[38;5;159m, material: [38;5;121m<gs.materials.Rigid>[0m[38;5;159m.[0m
[38;5;159m[Genesis] [08:30:05] [INFO] Adding [38;5;121m<gs.RigidEntity>[0m[38;5;159m. idx: [38;5;121m3[0m[38;5;159m, uid: [38;5;121m[3m<d184aca>[0m[38;5;159m, morph: [38;5;121m<gs.morphs.Plane>[0m[38;5;159m, material: [38;5;121m<gs.materials.Rigid>[0m[38;5;159m.[0m
[38;5;159m[Genesis] [08:30:05] [INFO] Adding [38;5;121m<gs.RigidEntity>[0m[38;5;159m. idx: [38;5;121m4[0m[38;5;159m, uid: [38;5;121m[3m<bb6383f>[0m[38;5;159m, morph: [38;5;121m<gs.morphs.Box>[0m[38;5;159m, material: [38;5;121m<gs.materials.Rigid>[0m[38;5;159m.[0m
[38;5;159m[Genesis] [08:30:05] [INFO] Adding [38;5;121m<gs.RigidEntity>[0m[38;5;159m. idx: [38;5;121m5[0m[38;5;159m, uid: [38;5;121m[3m<bc9a3a7>[0m[38;5;159m, morph: [38;5;121m<gs.morphs.Box>[0m[38;5;159m, material: [38;5;121m<gs.materials.Rigid>[0m[38;5;159m.[0m
[38;5;159m[Genesis] [08:30:05] [INFO] Adding [38;5;121m<gs.RigidEntity>[0m[38;5;159m. idx: [38;5;121m6[0m[38;5;159m, uid: [38;5;121m[3m<bb2db61>[0m[38;5;159m, morph: [38;5;121m<gs.morphs.Box>[0m[38;5;159m, material: [38;5;121m<gs.materials.Rigid>[0m[38;5;159m.[0m
[38;5;159m[Genesis] [08:30:05] [INFO] Adding [38;5;121m<gs.PBD2DEntity>[0m[38;5;159m. idx: [38;5;121m7[0m[38;5;159m, uid: [38;5;121m[3m<e9da36b>[0m[38;5;159m, morph: [38;5;121m<gs.morphs.Mesh(file='/mnt4/gck/maniladder/maniladder/assets/meshes/deformable/shirt_obj.obj')>[0m[38;5;159m, material: [38;5;121m<gs.PBD.Cloth>[0m[38;5;159m.[0m
[38;5;159m[Genesis] [08:30:05] [INFO] Remeshing for tetrahedralization...[0m
[38;5;159m[Genesis] [08:30:06] [INFO] Building scene [38;5;121m[3m<2a0db9c>[0m[38;5;159m...[0m
[38;5;226m[Genesis] [08:30:08] [WARNING] Reference robot position exceeds joint limits.[0m
[38;5;159m[Genesis] [08:30:19] [INFO] Compiling simulation kernels...[0m
[38;5;159m[Genesis] [08:30:58] [INFO] Building visualizer...[0m
[FoldShirt] cur_area=0.185573 init_area=0.185573 threshold_area=0.129901 area_ratio=1.0000 z_max=0.0582 flat=1 success=False
[FoldShirt] cur_area=0.185605 init_area=0.185573 threshold_area=0.129901 area_ratio=1.0002 z_max=0.0581 flat=1 success=False
  [ep 0/1, attempt 1] step 1/500  terminated=False  truncated=False
[FoldShirt] cur_area=0.185637 init_area=0.185573 threshold_area=0.129901 area_ratio=1.0003 z_max=0.0580 flat=1 success=False
[FoldShirt] cur_area=0.185619 init_area=0.185573 threshold_area=0.129901 area_ratio=1.0002 z_max=0.0582 flat=1 success=False
[FoldShirt] cur_area=0.185601 init_area=0.185573 threshold_area=0.129901 area_ratio=1.0002 z_max=0.0580 flat=1 success=False
[FoldShirt] cur_area=0.185620 init_area=0.185573 threshold_area=0.129901 area_ratio=1.0002 z_max=0.0581 flat=1 success=False
[FoldShirt] cur_area=0.185611 init_area=0.185573 threshold_area=0.129901 area_ratio=1.0002 z_max=0.0581 flat=1 success=False
[FoldShirt] cur_area=0.185626 init_area=0.185573 threshold_area=0.129901 area_ratio=1.0003 z_max=0.0580 flat=1 success=False
[FoldShirt] cur_area=0.185624 init_area=0.185573 threshold_area=0.129901 area_ratio=1.0003 z_max=0.0580 flat=1 success=False
[FoldShirt] cur_area=0.185596 init_area=0.185573 threshold_area=0.129901 area_ratio=1.0001 z_max=0.0581 flat=1 success=False
[FoldShirt] cur_area=0.185616 init_area=0.185573 threshold_area=0.129901 area_ratio=1.0002 z_max=0.0581 flat=1 success=False
[FoldShirt][grasp-select] fold_step=0 retry=0 grasp=(0.1048,0.1326,0.0337) fold_target=(0.0718,-0.1900,0.0337)
[FoldShirt] cur_area=0.185637 init_area=0.185573 threshold_area=0.129901 area_ratio=1.0003 z_max=0.0581 flat=1 success=False
[FoldShirt] cur_area=0.185609 init_area=0.185573 threshold_area=0.129901 area_ratio=1.0002 z_max=0.0581 flat=1 success=False
[FoldShirt] cur_area=0.185602 init_area=0.185573 threshold_area=0.129901 area_ratio=1.0002 z_max=0.0581 flat=1 success=False
[FoldShirt] cur_area=0.185628 init_area=0.185573 threshold_area=0.129901 area_ratio=1.0003 z_max=0.0581 flat=1 success=False
[FoldShirt] cur_area=0.185627 init_area=0.185573 threshold_area=0.129901 area_ratio=1.0003 z_max=0.0580 flat=1 success=False
[FoldShirt] cur_area=0.185607 init_area=0.185573 threshold_area=0.129901 area_ratio=1.0002 z_max=0.0581 flat=1 success=False
[FoldShirt] cur_area=0.185615 init_area=0.185573 threshold_area=0.129901 area_ratio=1.0002 z_max=0.0581 flat=1 success=False
[FoldShirt] cur_area=0.185621 init_area=0.185573 threshold_area=0.129901 area_ratio=1.0003 z_max=0.0581 flat=1 success=False
[FoldShirt] cur_area=0.185614 init_area=0.185573 threshold_area=0.129901 area_ratio=1.0002 z_max=0.0581 flat=1 success=False
[FoldShirt] cur_area=0.185619 init_area=0.185573 threshold_area=0.129901 area_ratio=1.0002 z_max=0.0581 flat=1 success=False
[FoldShirt] cur_area=0.185619 init_area=0.185573 threshold_area=0.129901 area_ratio=1.0002 z_max=0.0581 flat=1 success=False
[FoldShirt] cur_area=0.185612 init_area=0.185573 threshold_area=0.129901 area_ratio=1.0002 z_max=0.0581 flat=1 success=False
[FoldShirt] cur_area=0.185615 init_area=0.185573 threshold_area=0.129901 area_ratio=1.0002 z_max=0.0581 flat=1 success=False
[FoldShirt] cur_area=0.185620 init_area=0.185573 threshold_area=0.129901 area_ratio=1.0003 z_max=0.0581 flat=1 success=False
[FoldShirt] cur_area=0.185619 init_area=0.185573 threshold_area=0.129901 area_ratio=1.0002 z_max=0.0581 flat=1 success=False
[FoldShirt] cur_area=0.185614 init_area=0.185573 threshold_area=0.129901 area_ratio=1.0002 z_max=0.0581 flat=1 success=False
[FoldShirt] cur_area=0.185616 init_area=0.185573 threshold_area=0.129901 area_ratio=1.0002 z_max=0.0581 flat=1 success=False
[FoldShirt] cur_area=0.185618 init_area=0.185573 threshold_area=0.129901 area_ratio=1.0002 z_max=0.0581 flat=1 success=False
[FoldShirt] cur_area=0.185617 init_area=0.185573 threshold_area=0.129901 area_ratio=1.0002 z_max=0.0581 flat=1 success=False
[FoldShirt] cur_area=0.185618 init_area=0.185573 threshold_area=0.129901 area_ratio=1.0002 z_max=0.0581 flat=1 success=False
[FoldShirt] cur_area=0.185615 init_area=0.185573 threshold_area=0.129901 area_ratio=1.0002 z_max=0.0581 flat=1 success=False
[FoldShirt] cur_area=0.185613 init_area=0.185573 threshold_area=0.129901 area_ratio=1.0002 z_max=0.0581 flat=1 success=False
[FoldShirt] cur_area=0.185620 init_area=0.185573 threshold_area=0.129901 area_ratio=1.0003 z_max=0.0581 flat=1 success=False
[FoldShirt] cur_area=0.185620 init_area=0.185573 threshold_area=0.129901 area_ratio=1.0003 z_max=0.0581 flat=1 success=False
[FoldShirt] cur_area=0.185612 init_area=0.185573 threshold_area=0.129901 area_ratio=1.0002 z_max=0.0581 flat=1 success=False
[FoldShirt] cur_area=0.185613 init_area=0.185573 threshold_area=0.129901 area_ratio=1.0002 z_max=0.0581 flat=1 success=False
[FoldShirt] cur_area=0.185621 init_area=0.185573 threshold_area=0.129901 area_ratio=1.0003 z_max=0.0581 flat=1 success=False
[FoldShirt] cur_area=0.185619 init_area=0.185573 threshold_area=0.129901 area_ratio=1.0002 z_max=0.0581 flat=1 success=False
[FoldShirt] cur_area=0.185613 init_area=0.185573 threshold_area=0.129901 area_ratio=1.0002 z_max=0.0581 flat=1 success=False
[FoldShirt] cur_area=0.185616 init_area=0.185573 threshold_area=0.129901 area_ratio=1.0002 z_max=0.0581 flat=1 success=False
[FoldShirt] cur_area=0.185619 init_area=0.185573 threshold_area=0.129901 area_ratio=1.0002 z_max=0.0581 flat=1 success=False
[FoldShirt] cur_area=0.185619 init_area=0.185573 threshold_area=0.129901 area_ratio=1.0002 z_max=0.0581 flat=1 success=False
[FoldShirt] cur_area=0.185615 init_area=0.185573 threshold_area=0.129901 area_ratio=1.0002 z_max=0.0581 flat=1 success=False
[FoldShirt] cur_area=0.185615 init_area=0.185573 threshold_area=0.129901 area_ratio=1.0002 z_max=0.0581 flat=1 success=False
[FoldShirt] cur_area=0.185617 init_area=0.185573 threshold_area=0.129901 area_ratio=1.0002 z_max=0.0581 flat=1 success=False
[FoldShirt] cur_area=0.185618 init_area=0.185573 threshold_area=0.129901 area_ratio=1.0002 z_max=0.0581 flat=1 success=False
[FoldShirt] cur_area=0.185617 init_area=0.185573 threshold_area=0.129901 area_ratio=1.0002 z_max=0.0581 flat=1 success=False
[FoldShirt] cur_area=0.185615 init_area=0.185573 threshold_area=0.129901 area_ratio=1.0002 z_max=0.0581 flat=1 success=False
[FoldShirt] cur_area=0.185616 init_area=0.185573 threshold_area=0.129901 area_ratio=1.0002 z_max=0.0581 flat=1 success=False
[FoldShirt] cur_area=0.185616 init_area=0.185573 threshold_area=0.129901 area_ratio=1.0002 z_max=0.0581 flat=1 success=False
[FoldShirt] cur_area=0.185617 init_area=0.185573 threshold_area=0.129901 area_ratio=1.0002 z_max=0.0581 flat=1 success=False
[FoldShirt] cur_area=0.185618 init_area=0.185573 threshold_area=0.129901 area_ratio=1.0002 z_max=0.0581 flat=1 success=False
[FoldShirt] cur_area=0.185617 init_area=0.185573 threshold_area=0.129901 area_ratio=1.0002 z_max=0.0581 flat=1 success=False
[FoldShirt] cur_area=0.185617 init_area=0.185573 threshold_area=0.129901 area_ratio=1.0002 z_max=0.0581 flat=1 success=False
[FoldShirt] cur_area=0.185618 init_area=0.185573 threshold_area=0.129901 area_ratio=1.0002 z_max=0.0581 flat=1 success=False
[FoldShirt] cur_area=0.185617 init_area=0.185573 threshold_area=0.129901 area_ratio=1.0002 z_max=0.0581 flat=1 success=False
[FoldShirt] cur_area=0.185616 init_area=0.185573 threshold_area=0.129901 area_ratio=1.0002 z_max=0.0581 flat=1 success=False
[FoldShirt] cur_area=0.185616 init_area=0.185573 threshold_area=0.129901 area_ratio=1.0002 z_max=0.0581 flat=1 success=False
[FoldShirt] cur_area=0.185618 init_area=0.185573 threshold_area=0.129901 area_ratio=1.0002 z_max=0.0581 flat=1 success=False
[FoldShirt] cur_area=0.185617 init_area=0.185573 threshold_area=0.129901 area_ratio=1.0002 z_max=0.0581 flat=1 success=False
[FoldShirt] cur_area=0.185617 init_area=0.185573 threshold_area=0.129901 area_ratio=1.0002 z_max=0.0581 flat=1 success=False
[FoldShirt] cur_area=0.185618 init_area=0.185573 threshold_area=0.129901 area_ratio=1.0002 z_max=0.0581 flat=1 success=False
[FoldShirt] cur_area=0.185616 init_area=0.185573 threshold_area=0.129901 area_ratio=1.0002 z_max=0.0581 flat=1 success=False
[FoldShirt] cur_area=0.185618 init_area=0.185573 threshold_area=0.129901 area_ratio=1.0002 z_max=0.0581 flat=1 success=False
[FoldShirt] cur_area=0.185617 init_area=0.185573 threshold_area=0.129901 area_ratio=1.0002 z_max=0.0581 flat=1 success=False
[FoldShirt] cur_area=0.185615 init_area=0.185573 threshold_area=0.129901 area_ratio=1.0002 z_max=0.0581 flat=1 success=False
[FoldShirt] cur_area=0.185616 init_area=0.185573 threshold_area=0.129901 area_ratio=1.0002 z_max=0.0581 flat=1 success=False
[FoldShirt] cur_area=0.185618 init_area=0.185573 threshold_area=0.129901 area_ratio=1.0002 z_max=0.0581 flat=1 success=False
[FoldShirt] cur_area=0.185618 init_area=0.185573 threshold_area=0.129901 area_ratio=1.0002 z_max=0.0581 flat=1 success=False
[FoldShirt] cur_area=0.185617 init_area=0.185573 threshold_area=0.129901 area_ratio=1.0002 z_max=0.0581 flat=1 success=False
[FoldShirt] cur_area=0.185616 init_area=0.185573 threshold_area=0.129901 area_ratio=1.0002 z_max=0.0581 flat=1 success=False
[FoldShirt] cur_area=0.185616 init_area=0.185573 threshold_area=0.129901 area_ratio=1.0002 z_max=0.0581 flat=1 success=False
[FoldShirt] cur_area=0.185618 init_area=0.185573 threshold_area=0.129901 area_ratio=1.0002 z_max=0.0581 flat=1 success=False
[FoldShirt] cur_area=0.185617 init_area=0.185573 threshold_area=0.129901 area_ratio=1.0002 z_max=0.0581 flat=1 success=False
[FoldShirt] cur_area=0.185617 init_area=0.185573 threshold_area=0.129901 area_ratio=1.0002 z_max=0.0581 flat=1 success=False
[FoldShirt] cur_area=0.185617 init_area=0.185573 threshold_area=0.129901 area_ratio=1.0002 z_max=0.0581 flat=1 success=False
[FoldShirt] cur_area=0.185617 init_area=0.185573 threshold_area=0.129901 area_ratio=1.0002 z_max=0.0581 flat=1 success=False
[FoldShirt] cur_area=0.185616 init_area=0.185573 threshold_area=0.129901 area_ratio=1.0002 z_max=0.0581 flat=1 success=False
[FoldShirt] cur_area=0.185617 init_area=0.185573 threshold_area=0.129901 area_ratio=1.0002 z_max=0.0581 flat=1 success=False
[FoldShirt] cur_area=0.185617 init_area=0.185573 threshold_area=0.129901 area_ratio=1.0002 z_max=0.0581 flat=1 success=False
[FoldShirt] cur_area=0.185617 init_area=0.185573 threshold_area=0.129901 area_ratio=1.0002 z_max=0.0581 flat=1 success=False
[FoldShirt] cur_area=0.185617 init_area=0.185573 threshold_area=0.129901 area_ratio=1.0002 z_max=0.0581 flat=1 success=False
[FoldShirt] cur_area=0.185618 init_area=0.185573 threshold_area=0.129901 area_ratio=1.0002 z_max=0.0581 flat=1 success=False
[FoldShirt] cur_area=0.185617 init_area=0.185573 threshold_area=0.129901 area_ratio=1.0002 z_max=0.0581 flat=1 success=False
[FoldShirt] cur_area=0.185617 init_area=0.185573 threshold_area=0.129901 area_ratio=1.0002 z_max=0.0581 flat=1 success=False
[FoldShirt] cur_area=0.185616 init_area=0.185573 threshold_area=0.129901 area_ratio=1.0002 z_max=0.0581 flat=1 success=False
[FoldShirt] cur_area=0.185618 init_area=0.185573 threshold_area=0.129901 area_ratio=1.0002 z_max=0.0581 flat=1 success=False
[FoldShirt] cur_area=0.185616 init_area=0.185573 threshold_area=0.129901 area_ratio=1.0002 z_max=0.0581 flat=1 success=False
[FoldShirt] cur_area=0.185617 init_area=0.185573 threshold_area=0.129901 area_ratio=1.0002 z_max=0.0581 flat=1 success=False
[FoldShirt] cur_area=0.185752 init_area=0.185573 threshold_area=0.129901 area_ratio=1.0010 z_max=0.0587 flat=1 success=False
[FoldShirt] cur_area=0.185869 init_area=0.185573 threshold_area=0.129901 area_ratio=1.0016 z_max=0.0591 flat=1 success=False
[FoldShirt] cur_area=0.185909 init_area=0.185573 threshold_area=0.129901 area_ratio=1.0018 z_max=0.0591 flat=1 success=False
[FoldShirt] cur_area=0.185856 init_area=0.185573 threshold_area=0.129901 area_ratio=1.0015 z_max=0.0604 flat=1 success=False
[FoldShirt] cur_area=0.185943 init_area=0.185573 threshold_area=0.129901 area_ratio=1.0020 z_max=0.0604 flat=1 success=False
[FoldShirt] cur_area=0.185939 init_area=0.185573 threshold_area=0.129901 area_ratio=1.0020 z_max=0.0595 flat=1 success=False
[FoldShirt] cur_area=0.185919 init_area=0.185573 threshold_area=0.129901 area_ratio=1.0019 z_max=0.0619 flat=1 success=False
[FoldShirt][grasp-ready] fold_step=0 retry=0 tcp=(0.1050,0.1327,0.1117) target_z=0.0997 particle_z=0.0337 gripper_width=0.08008
[FoldShirt] cur_area=0.185841 init_area=0.185573 threshold_area=0.129901 area_ratio=1.0014 z_max=0.0598 flat=1 success=False
[FoldShirt][binding-wait] fold_step=0 retry=0 wait=1 width=0.08016 close_width=0.03500 L=0 R=0 d_part=0.00815 is_bound=False
[ClothAttachBinder] NO-ATTACH (not closed) width=0.05737 (need < 0.035)
[FoldShirt] cur_area=0.185366 init_area=0.185573 threshold_area=0.129901 area_ratio=0.9989 z_max=0.0603 flat=1 success=False
[ClothAttachBinder] CAND width=0.02877 hold=1/3 L=30(min=0.0142) R=17(min=0.0276)
[FoldShirt] cur_area=0.184031 init_area=0.185573 threshold_area=0.129901 area_ratio=0.9917 z_max=0.0572 flat=1 success=False
[ClothAttachBinder] CAND width=0.01174 hold=2/3 L=24(min=0.0157) R=17(min=0.0234)
[FoldShirt] cur_area=0.182446 init_area=0.185573 threshold_area=0.129901 area_ratio=0.9831 z_max=0.0591 flat=1 success=False
[ClothAttachBinder] CAND width=0.00153 hold=3/3 L=19(min=0.0220) R=20(min=0.0232)
[ClothAttachBinder] ATTACH width=0.00153 -> L=19 R=20
[FoldShirt] cur_area=0.182862 init_area=0.185573 threshold_area=0.129901 area_ratio=0.9854 z_max=0.0558 flat=1 success=False
  [ep 0/1, attempt 1] step 101/500  terminated=False  truncated=False
[FoldShirt][binding-wait] fold_step=0 retry=0 wait=5 width=0.00153 close_width=0.03500 L=19 R=20 d_part=0.00355 is_bound=True
[FoldShirt][binding-success] fold_step=0 retry=0 wait=5 width=0.00153 L=19 R=20
[ClothAttachBinder] HOLD width=0.00000 L=19 R=20
[FoldShirt] cur_area=0.183913 init_area=0.185573 threshold_area=0.129901 area_ratio=0.9911 z_max=0.0569 flat=1 success=False
[ClothAttachBinder] HOLD width=0.00000 L=19 R=20
[FoldShirt] cur_area=0.183542 init_area=0.185573 threshold_area=0.129901 area_ratio=0.9891 z_max=0.0554 flat=1 success=False
[ClothAttachBinder] HOLD width=0.00000 L=19 R=20
[FoldShirt] cur_area=0.182986 init_area=0.185573 threshold_area=0.129901 area_ratio=0.9861 z_max=0.0559 flat=1 success=False
[ClothAttachBinder] HOLD width=0.00000 L=19 R=20
[FoldShirt] cur_area=0.182979 init_area=0.185573 threshold_area=0.129901 area_ratio=0.9860 z_max=0.0579 flat=1 success=False
[ClothAttachBinder] HOLD width=0.00000 L=19 R=20
[FoldShirt] cur_area=0.182291 init_area=0.185573 threshold_area=0.129901 area_ratio=0.9823 z_max=0.0640 flat=1 success=False
[ClothAttachBinder] HOLD width=0.00000 L=19 R=20
[FoldShirt] cur_area=0.181619 init_area=0.185573 threshold_area=0.129901 area_ratio=0.9787 z_max=0.0702 flat=1 success=False
[FoldShirt] cur_area=0.181416 init_area=0.185573 threshold_area=0.129901 area_ratio=0.9776 z_max=0.0764 flat=1 success=False
[FoldShirt] cur_area=0.181213 init_area=0.185573 threshold_area=0.129901 area_ratio=0.9765 z_max=0.0813 flat=1 success=False
[FoldShirt] cur_area=0.180562 init_area=0.185573 threshold_area=0.129901 area_ratio=0.9730 z_max=0.0871 flat=1 success=False
[FoldShirt] cur_area=0.179572 init_area=0.185573 threshold_area=0.129901 area_ratio=0.9677 z_max=0.0938 flat=1 success=False
[FoldShirt] cur_area=0.179574 init_area=0.185573 threshold_area=0.129901 area_ratio=0.9677 z_max=0.1005 flat=0 success=False
[FoldShirt] cur_area=0.179130 init_area=0.185573 threshold_area=0.129901 area_ratio=0.9653 z_max=0.1073 flat=0 success=False
[FoldShirt] cur_area=0.178255 init_area=0.185573 threshold_area=0.129901 area_ratio=0.9606 z_max=0.1140 flat=0 success=False
[FoldShirt] cur_area=0.177625 init_area=0.185573 threshold_area=0.129901 area_ratio=0.9572 z_max=0.1207 flat=0 success=False
[FoldShirt] cur_area=0.176906 init_area=0.185573 threshold_area=0.129901 area_ratio=0.9533 z_max=0.1275 flat=0 success=False
[FoldShirt] cur_area=0.176057 init_area=0.185573 threshold_area=0.129901 area_ratio=0.9487 z_max=0.1342 flat=0 success=False
[FoldShirt] cur_area=0.175213 init_area=0.185573 threshold_area=0.129901 area_ratio=0.9442 z_max=0.1409 flat=0 success=False
[FoldShirt] cur_area=0.174261 init_area=0.185573 threshold_area=0.129901 area_ratio=0.9390 z_max=0.1477 flat=0 success=False
[FoldShirt] cur_area=0.173402 init_area=0.185573 threshold_area=0.129901 area_ratio=0.9344 z_max=0.1525 flat=0 success=False
[FoldShirt] cur_area=0.172338 init_area=0.185573 threshold_area=0.129901 area_ratio=0.9287 z_max=0.1557 flat=0 success=False
[FoldShirt] cur_area=0.172665 init_area=0.185573 threshold_area=0.129901 area_ratio=0.9304 z_max=0.1577 flat=0 success=False
[FoldShirt] cur_area=0.171962 init_area=0.185573 threshold_area=0.129901 area_ratio=0.9267 z_max=0.1590 flat=0 success=False
[FoldShirt] cur_area=0.170849 init_area=0.185573 threshold_area=0.129901 area_ratio=0.9207 z_max=0.1599 flat=0 success=False
[FoldShirt] cur_area=0.169085 init_area=0.185573 threshold_area=0.129901 area_ratio=0.9111 z_max=0.1605 flat=0 success=False
[FoldShirt] cur_area=0.167389 init_area=0.185573 threshold_area=0.129901 area_ratio=0.9020 z_max=0.1609 flat=0 success=False
[FoldShirt] cur_area=0.165611 init_area=0.185573 threshold_area=0.129901 area_ratio=0.8924 z_max=0.1612 flat=0 success=False
[FoldShirt] cur_area=0.163743 init_area=0.185573 threshold_area=0.129901 area_ratio=0.8824 z_max=0.1613 flat=0 success=False
[FoldShirt] cur_area=0.161793 init_area=0.185573 threshold_area=0.129901 area_ratio=0.8719 z_max=0.1614 flat=0 success=False
[FoldShirt] cur_area=0.159941 init_area=0.185573 threshold_area=0.129901 area_ratio=0.8619 z_max=0.1615 flat=0 success=False
[FoldShirt] cur_area=0.158120 init_area=0.185573 threshold_area=0.129901 area_ratio=0.8521 z_max=0.1616 flat=0 success=False
[FoldShirt] cur_area=0.156369 init_area=0.185573 threshold_area=0.129901 area_ratio=0.8426 z_max=0.1616 flat=0 success=False
[FoldShirt] cur_area=0.154805 init_area=0.185573 threshold_area=0.129901 area_ratio=0.8342 z_max=0.1616 flat=0 success=False
[FoldShirt] cur_area=0.153348 init_area=0.185573 threshold_area=0.129901 area_ratio=0.8263 z_max=0.1617 flat=0 success=False
[FoldShirt] cur_area=0.151943 init_area=0.185573 threshold_area=0.129901 area_ratio=0.8188 z_max=0.1617 flat=0 success=False
[FoldShirt] cur_area=0.150499 init_area=0.185573 threshold_area=0.129901 area_ratio=0.8110 z_max=0.1617 flat=0 success=False
[FoldShirt] cur_area=0.149180 init_area=0.185573 threshold_area=0.129901 area_ratio=0.8039 z_max=0.1617 flat=0 success=False
[FoldShirt] cur_area=0.147932 init_area=0.185573 threshold_area=0.129901 area_ratio=0.7972 z_max=0.1617 flat=0 success=False
[FoldShirt] cur_area=0.146589 init_area=0.185573 threshold_area=0.129901 area_ratio=0.7899 z_max=0.1617 flat=0 success=False
[FoldShirt] cur_area=0.145339 init_area=0.185573 threshold_area=0.129901 area_ratio=0.7832 z_max=0.1617 flat=0 success=False
[FoldShirt] cur_area=0.144123 init_area=0.185573 threshold_area=0.129901 area_ratio=0.7766 z_max=0.1617 flat=0 success=False
[FoldShirt] cur_area=0.142845 init_area=0.185573 threshold_area=0.129901 area_ratio=0.7698 z_max=0.1617 flat=0 success=False
[FoldShirt] cur_area=0.141637 init_area=0.185573 threshold_area=0.129901 area_ratio=0.7632 z_max=0.1617 flat=0 success=False
[FoldShirt] cur_area=0.140554 init_area=0.185573 threshold_area=0.129901 area_ratio=0.7574 z_max=0.1617 flat=0 success=False
[FoldShirt] cur_area=0.139501 init_area=0.185573 threshold_area=0.129901 area_ratio=0.7517 z_max=0.1617 flat=0 success=False
[FoldShirt] cur_area=0.138363 init_area=0.185573 threshold_area=0.129901 area_ratio=0.7456 z_max=0.1618 flat=0 success=False
[FoldShirt] cur_area=0.137222 init_area=0.185573 threshold_area=0.129901 area_ratio=0.7395 z_max=0.1619 flat=0 success=False
[FoldShirt] cur_area=0.136028 init_area=0.185573 threshold_area=0.129901 area_ratio=0.7330 z_max=0.1619 flat=0 success=False
[FoldShirt] cur_area=0.134372 init_area=0.185573 threshold_area=0.129901 area_ratio=0.7241 z_max=0.1624 flat=0 success=False
[FoldShirt] cur_area=0.132884 init_area=0.185573 threshold_area=0.129901 area_ratio=0.7161 z_max=0.1656 flat=0 success=False
[FoldShirt] cur_area=0.131291 init_area=0.185573 threshold_area=0.129901 area_ratio=0.7075 z_max=0.1696 flat=0 success=False
[FoldShirt] cur_area=0.129773 init_area=0.185573 threshold_area=0.129901 area_ratio=0.6993 z_max=0.1729 flat=0 success=False
[FoldShirt] cur_area=0.128380 init_area=0.185573 threshold_area=0.129901 area_ratio=0.6918 z_max=0.1766 flat=0 success=False
[FoldShirt] cur_area=0.126870 init_area=0.185573 threshold_area=0.129901 area_ratio=0.6837 z_max=0.1805 flat=0 success=False
[FoldShirt] cur_area=0.125177 init_area=0.185573 threshold_area=0.129901 area_ratio=0.6745 z_max=0.1831 flat=0 success=False
[FoldShirt] cur_area=0.124229 init_area=0.185573 threshold_area=0.129901 area_ratio=0.6694 z_max=0.1829 flat=0 success=False
[FoldShirt] cur_area=0.122901 init_area=0.185573 threshold_area=0.129901 area_ratio=0.6623 z_max=0.1851 flat=0 success=False
[FoldShirt] cur_area=0.121468 init_area=0.185573 threshold_area=0.129901 area_ratio=0.6546 z_max=0.1859 flat=0 success=False
[FoldShirt] cur_area=0.120186 init_area=0.185573 threshold_area=0.129901 area_ratio=0.6476 z_max=0.1846 flat=0 success=False
[FoldShirt] cur_area=0.118403 init_area=0.185573 threshold_area=0.129901 area_ratio=0.6380 z_max=0.1825 flat=0 success=False
[FoldShirt] cur_area=0.116391 init_area=0.185573 threshold_area=0.129901 area_ratio=0.6272 z_max=0.1817 flat=0 success=False
[FoldShirt] cur_area=0.114334 init_area=0.185573 threshold_area=0.129901 area_ratio=0.6161 z_max=0.1814 flat=0 success=False
[FoldShirt] cur_area=0.112252 init_area=0.185573 threshold_area=0.129901 area_ratio=0.6049 z_max=0.1809 flat=0 success=False
[FoldShirt] cur_area=0.110485 init_area=0.185573 threshold_area=0.129901 area_ratio=0.5954 z_max=0.1801 flat=0 success=False
[FoldShirt] cur_area=0.109053 init_area=0.185573 threshold_area=0.129901 area_ratio=0.5877 z_max=0.1789 flat=0 success=False
[FoldShirt] cur_area=0.107504 init_area=0.185573 threshold_area=0.129901 area_ratio=0.5793 z_max=0.1774 flat=0 success=False
[FoldShirt] cur_area=0.106228 init_area=0.185573 threshold_area=0.129901 area_ratio=0.5724 z_max=0.1760 flat=0 success=False
[FoldShirt] cur_area=0.105308 init_area=0.185573 threshold_area=0.129901 area_ratio=0.5675 z_max=0.1748 flat=0 success=False
[FoldShirt] cur_area=0.104996 init_area=0.185573 threshold_area=0.129901 area_ratio=0.5658 z_max=0.1702 flat=0 success=False
[FoldShirt] cur_area=0.105693 init_area=0.185573 threshold_area=0.129901 area_ratio=0.5696 z_max=0.1650 flat=0 success=False
[FoldShirt] cur_area=0.106512 init_area=0.185573 threshold_area=0.129901 area_ratio=0.5740 z_max=0.1591 flat=0 success=False
[FoldShirt] cur_area=0.107095 init_area=0.185573 threshold_area=0.129901 area_ratio=0.5771 z_max=0.1539 flat=0 success=False
[FoldShirt] cur_area=0.107669 init_area=0.185573 threshold_area=0.129901 area_ratio=0.5802 z_max=0.1490 flat=0 success=False
[FoldShirt] cur_area=0.108117 init_area=0.185573 threshold_area=0.129901 area_ratio=0.5826 z_max=0.1442 flat=0 success=False
[FoldShirt] cur_area=0.108613 init_area=0.185573 threshold_area=0.129901 area_ratio=0.5853 z_max=0.1396 flat=0 success=False
[FoldShirt] cur_area=0.109354 init_area=0.185573 threshold_area=0.129901 area_ratio=0.5893 z_max=0.1350 flat=0 success=False
[FoldShirt] cur_area=0.109832 init_area=0.185573 threshold_area=0.129901 area_ratio=0.5919 z_max=0.1298 flat=0 success=False
[FoldShirt] cur_area=0.110271 init_area=0.185573 threshold_area=0.129901 area_ratio=0.5942 z_max=0.1245 flat=0 success=False
[FoldShirt] cur_area=0.110734 init_area=0.185573 threshold_area=0.129901 area_ratio=0.5967 z_max=0.1194 flat=0 success=False
[FoldShirt] cur_area=0.111051 init_area=0.185573 threshold_area=0.129901 area_ratio=0.5984 z_max=0.1153 flat=0 success=False
[FoldShirt] cur_area=0.111379 init_area=0.185573 threshold_area=0.129901 area_ratio=0.6002 z_max=0.1109 flat=0 success=False
[FoldShirt] cur_area=0.111782 init_area=0.185573 threshold_area=0.129901 area_ratio=0.6024 z_max=0.1080 flat=0 success=False
[FoldShirt] cur_area=0.111863 init_area=0.185573 threshold_area=0.129901 area_ratio=0.6028 z_max=0.1087 flat=0 success=False
[FoldShirt] cur_area=0.111538 init_area=0.185573 threshold_area=0.129901 area_ratio=0.6010 z_max=0.1111 flat=0 success=False
[FoldShirt] cur_area=0.110400 init_area=0.185573 threshold_area=0.129901 area_ratio=0.5949 z_max=0.1158 flat=0 success=False
[FoldShirt] cur_area=0.111719 init_area=0.185573 threshold_area=0.129901 area_ratio=0.6020 z_max=0.1084 flat=0 success=False
[FoldShirt] cur_area=0.113600 init_area=0.185573 threshold_area=0.129901 area_ratio=0.6122 z_max=0.1017 flat=0 success=False
[FoldShirt] cur_area=0.115392 init_area=0.185573 threshold_area=0.129901 area_ratio=0.6218 z_max=0.0932 flat=1 success=True
  [ep 0/1, attempt 1] step 188/500  terminated=True  truncated=False
[FoldShirt] cur_area=0.116164 init_area=0.185573 threshold_area=0.129901 area_ratio=0.6260 z_max=0.0883 flat=1 success=True
[FoldShirt] cur_area=0.117149 init_area=0.185573 threshold_area=0.129901 area_ratio=0.6313 z_max=0.0862 flat=1 success=True
[FoldShirt] cur_area=0.117220 init_area=0.185573 threshold_area=0.129901 area_ratio=0.6317 z_max=0.0865 flat=1 success=True
[FoldShirt] cur_area=0.116811 init_area=0.185573 threshold_area=0.129901 area_ratio=0.6295 z_max=0.0867 flat=1 success=True
[FoldShirt] cur_area=0.116840 init_area=0.185573 threshold_area=0.129901 area_ratio=0.6296 z_max=0.0859 flat=1 success=True
[FoldShirt] cur_area=0.117148 init_area=0.185573 threshold_area=0.129901 area_ratio=0.6313 z_max=0.0844 flat=1 success=True
[FoldShirt] cur_area=0.117018 init_area=0.185573 threshold_area=0.129901 area_ratio=0.6306 z_max=0.0845 flat=1 success=True
[FoldShirt] cur_area=0.117024 init_area=0.185573 threshold_area=0.129901 area_ratio=0.6306 z_max=0.0852 flat=1 success=True
[FoldShirt] cur_area=0.117021 init_area=0.185573 threshold_area=0.129901 area_ratio=0.6306 z_max=0.0846 flat=1 success=True
[FoldShirt] cur_area=0.116827 init_area=0.185573 threshold_area=0.129901 area_ratio=0.6295 z_max=0.0839 flat=1 success=True
[FoldShirt] cur_area=0.117004 init_area=0.185573 threshold_area=0.129901 area_ratio=0.6305 z_max=0.0832 flat=1 success=True
[FoldShirt] cur_area=0.116965 init_area=0.185573 threshold_area=0.129901 area_ratio=0.6303 z_max=0.0833 flat=1 success=True
[FoldShirt] cur_area=0.117013 init_area=0.185573 threshold_area=0.129901 area_ratio=0.6305 z_max=0.0829 flat=1 success=True
[FoldShirt] cur_area=0.116916 init_area=0.185573 threshold_area=0.129901 area_ratio=0.6300 z_max=0.0833 flat=1 success=True
[FoldShirt] cur_area=0.116911 init_area=0.185573 threshold_area=0.129901 area_ratio=0.6300 z_max=0.0826 flat=1 success=True
[FoldShirt] cur_area=0.117006 init_area=0.185573 threshold_area=0.129901 area_ratio=0.6305 z_max=0.0826 flat=1 success=True
[FoldShirt] cur_area=0.116881 init_area=0.185573 threshold_area=0.129901 area_ratio=0.6298 z_max=0.0822 flat=1 success=True
[FoldShirt] cur_area=0.116866 init_area=0.185573 threshold_area=0.129901 area_ratio=0.6298 z_max=0.0825 flat=1 success=True
[FoldShirt] cur_area=0.116878 init_area=0.185573 threshold_area=0.129901 area_ratio=0.6298 z_max=0.0826 flat=1 success=True
[FoldShirt] cur_area=0.116913 init_area=0.185573 threshold_area=0.129901 area_ratio=0.6300 z_max=0.0824 flat=1 success=True
[FoldShirt] cur_area=0.116934 init_area=0.185573 threshold_area=0.129901 area_ratio=0.6301 z_max=0.0824 flat=1 success=True
[FoldShirt] cur_area=0.116960 init_area=0.185573 threshold_area=0.129901 area_ratio=0.6303 z_max=0.0823 flat=1 success=True
[FoldShirt] cur_area=0.116969 init_area=0.185573 threshold_area=0.129901 area_ratio=0.6303 z_max=0.0825 flat=1 success=True
[FoldShirt] cur_area=0.116963 init_area=0.185573 threshold_area=0.129901 area_ratio=0.6303 z_max=0.0824 flat=1 success=True
[FoldShirt] cur_area=0.116932 init_area=0.185573 threshold_area=0.129901 area_ratio=0.6301 z_max=0.0824 flat=1 success=True
[FoldShirt] cur_area=0.116911 init_area=0.185573 threshold_area=0.129901 area_ratio=0.6300 z_max=0.0824 flat=1 success=True
[FoldShirt] cur_area=0.116916 init_area=0.185573 threshold_area=0.129901 area_ratio=0.6300 z_max=0.0824 flat=1 success=True
[FoldShirt] cur_area=0.116894 init_area=0.185573 threshold_area=0.129901 area_ratio=0.6299 z_max=0.0824 flat=1 success=True
[FoldShirt] cur_area=0.116920 init_area=0.185573 threshold_area=0.129901 area_ratio=0.6300 z_max=0.0823 flat=1 success=True
[FoldShirt] cur_area=0.116954 init_area=0.185573 threshold_area=0.129901 area_ratio=0.6302 z_max=0.0822 flat=1 success=True
  [ep 0, attempt 1] Success at step 188, collected 30 extra steps.
  [Success Rate] overall: 100.0% (1/1) | moving avg (last 1): 100.0%
[ManiLadder Camera] stop_recording target=/mnt/gck_website/maniladder.github.io/generated_demos/FoldShirt-v1/videos/orbit_camera_ep0.mp4
[38;5;159m[Genesis] [08:33:14] [INFO] Saving video to [38;5;121m"/mnt/gck_website/maniladder.github.io/generated_demos/FoldShirt-v1/videos/orbit_camera_ep0.mp4"[0m[38;5;159m...[0m
[38;5;159m[Genesis] [08:33:15] [INFO] Video saved.[0m
  Saved video: /mnt/gck_website/maniladder.github.io/generated_demos/FoldShirt-v1/videos/orbit_camera_ep0.mp4 exists=True
  Videos for episode 0 saved to /mnt/gck_website/maniladder.github.io/generated_demos/FoldShirt-v1/videos

============================================================
Done. 1 demo trajectories (traj_0..traj_0) saved to /mnt/gck_website/maniladder.github.io/generated_demos
Final   [Success Rate] overall: 100.0% (1/1) | moving avg (last 1): 100.0%
============================================================
[38;5;159m[Genesis] [08:33:15] [INFO] 💤 Exiting Genesis and caching compiled kernels...[0m
[W 09/29/26 08:33:15.979 3853552] [offline_cache.h:run@186] Lock /home/gck/.cache/gstaichi/ticache/kernel_compilation_manager/ticache.lock failed. You can run 'ti cache clean -p /home/gck/.cache/gstaichi/ticache/kernel_compilation_manager' and try again.
[W 09/29/26 08:33:16.180 3853552] [kernel_compilation_manager.cpp:dump@104] Lock /home/gck/.cache/gstaichi/ticache/kernel_compilation_manager/ticache.lock failed. Please run 'ti cache clean -p /home/gck/.cache/gstaichi/ticache/kernel_compilation_manager' and try again.
[W 09/29/26 08:33:16.494 3853552] [ptx_cache.cpp:dump@92] Lock /home/gck/.cache/gstaichi/ticache/ptx_cache/ptxcache.lock failed. Please run 'ti cache clean -p /home/gck/.cache/gstaichi/ticache/ptx_cache' and try again.
