[38;5;159m[Genesis] [08:34:31] [INFO] [38;5;121m╭───────────────────────────────────────────────╮[0m[38;5;159m[0m
[38;5;159m[Genesis] [08:34:31] [INFO] [38;5;121m│┈┉┈┉┈┉┈┉┈┉┈┉┈┉┈┉┈┉┈[0m[38;5;159m [38;5;121m[1m[3mGenesis[0m[38;5;159m [38;5;121m┈┉┈┉┈┉┈┉┈┉┈┉┈┉┈┉┈┉┈│[0m[38;5;159m[0m
[38;5;159m[Genesis] [08:34:31] [INFO] [38;5;121m╰───────────────────────────────────────────────╯[0m[38;5;159m[0m
[W 09/29/26 08:34:32.059 3878311] [ptx_cache.cpp:PtxCache@73] Lock /home/gck/.cache/gstaichi/ticache/ptx_cache/ptxcache.lock failed. Please run 'ti cache clean -p /home/gck/.cache/gstaichi/ticache/ptx_cache' and try again.
[38;5;159m[Genesis] [08:34:32] [INFO] Running on [38;5;121m[4m[NVIDIA A100-SXM4-80GB][0m[38;5;159m with backend [38;5;121m[4mgs.cuda[0m[38;5;159m. Device memory: [38;5;121m[4m79.25[0m[38;5;159m GB.[0m
[38;5;159m[Genesis] [08:34:32] [INFO] 🚀 Genesis initialized. 🔖 version: [38;5;121m[4m0.3.6[0m[38;5;159m, 🎨 theme: [38;5;121m[4mdark[0m[38;5;159m, 🌱 seed: [38;5;121m[4mNone[0m[38;5;159m, 🐛 debug: [38;5;121m[4mFalse[0m[38;5;159m, 📏 precision: [38;5;121m[4m32[0m[38;5;159m, 🏎️ performance: [38;5;121m[4mFalse[0m[38;5;159m, 💬 verbose: [38;5;121m[4mINFO[0m[38;5;159m[0m
[38;5;159m[Genesis] [08:34:34] [INFO] Scene [38;5;121m[3m<6adab29>[0m[38;5;159m created.[0m
[38;5;159m[Genesis] [08:34:34] [INFO] Adding [38;5;121m<gs.RigidEntity>[0m[38;5;159m. idx: [38;5;121m0[0m[38;5;159m, uid: [38;5;121m[3m<4b1261f>[0m[38;5;159m, morph: [38;5;121m<gs.morphs.MJCF(file='/mnt4/gck/maniladder/maniladder/assets/xml/franka_emika_panda/panda.xml')>[0m[38;5;159m, material: [38;5;121m<gs.materials.Rigid>[0m[38;5;159m.[0m
[38;5;226m[Genesis] [08:34:34] [WARNING] (MJCF) Approximating tendon by joint actuator for `finger_joint1`[0m
[38;5;226m[Genesis] [08:34:34] [WARNING] (MJCF) Actuator control gain and bias parameters cannot be reduced to a unique PD control position gain. Using max between gain and bias for joint `finger_joint1`.[0m
[38;5;226m[Genesis] [08:34:34] [WARNING] (MJCF) Approximating tendon by joint actuator for `finger_joint2`[0m
[38;5;226m[Genesis] [08:34:34] [WARNING] (MJCF) Actuator control gain and bias parameters cannot be reduced to a unique PD control position gain. Using max between gain and bias for joint `finger_joint2`.[0m
[38;5;159m[Genesis] [08:34:34] [INFO] Applying offset to base link's pose with user provided value in morph.[0m
[38;5;159m[Genesis] [08:34:35] [INFO] Adding [38;5;121m<gs.RigidEntity>[0m[38;5;159m. idx: [38;5;121m1[0m[38;5;159m, uid: [38;5;121m[3m<8959d87>[0m[38;5;159m, morph: [38;5;121m<gs.morphs.Mesh(file='/mnt4/gck/maniladder/maniladder/assets/models/table.glb')>[0m[38;5;159m, material: [38;5;121m<gs.materials.Rigid>[0m[38;5;159m.[0m
[38;5;226m[Genesis] [08:34:35] [WARNING] GLTF is using y-up while Genesis uses z-up. Please set parse_glb_with_zup=True in morph options if you find the mesh is 90-degree rotated. We will set parse_glb_with_zup=True and rotate glb mesh by default later and gradually enforce this option.[0m
/data/gck/miniconda3/envs/maniladder/lib/python3.10/site-packages/pygltflib/__init__.py:830: UserWarning: pygltflib currently does not remove image data from the buffer when converting to data uri.Please open an issue at https://gitlab.com/dodgyville/pygltflib/issues
  warnings.warn("pygltflib currently does not remove image data "
[38;5;159m[Genesis] [08:34:35] [INFO] Adding [38;5;121m<gs.RigidEntity>[0m[38;5;159m. idx: [38;5;121m2[0m[38;5;159m, uid: [38;5;121m[3m<edc21ca>[0m[38;5;159m, morph: [38;5;121m<gs.morphs.Box>[0m[38;5;159m, material: [38;5;121m<gs.materials.Rigid>[0m[38;5;159m.[0m
[38;5;159m[Genesis] [08:34:35] [INFO] Adding [38;5;121m<gs.RigidEntity>[0m[38;5;159m. idx: [38;5;121m3[0m[38;5;159m, uid: [38;5;121m[3m<90f5c34>[0m[38;5;159m, morph: [38;5;121m<gs.morphs.Plane>[0m[38;5;159m, material: [38;5;121m<gs.materials.Rigid>[0m[38;5;159m.[0m
[38;5;159m[Genesis] [08:34:35] [INFO] Adding [38;5;121m<gs.RigidEntity>[0m[38;5;159m. idx: [38;5;121m4[0m[38;5;159m, uid: [38;5;121m[3m<ebba26b>[0m[38;5;159m, morph: [38;5;121m<gs.morphs.Box>[0m[38;5;159m, material: [38;5;121m<gs.materials.Rigid>[0m[38;5;159m.[0m
[38;5;159m[Genesis] [08:34:35] [INFO] Adding [38;5;121m<gs.RigidEntity>[0m[38;5;159m. idx: [38;5;121m5[0m[38;5;159m, uid: [38;5;121m[3m<208a950>[0m[38;5;159m, morph: [38;5;121m<gs.morphs.Box>[0m[38;5;159m, material: [38;5;121m<gs.materials.Rigid>[0m[38;5;159m.[0m
[38;5;159m[Genesis] [08:34:35] [INFO] Adding [38;5;121m<gs.RigidEntity>[0m[38;5;159m. idx: [38;5;121m6[0m[38;5;159m, uid: [38;5;121m[3m<2465c07>[0m[38;5;159m, morph: [38;5;121m<gs.morphs.Box>[0m[38;5;159m, material: [38;5;121m<gs.materials.Rigid>[0m[38;5;159m.[0m
[38;5;159m[Genesis] [08:34:35] [INFO] Adding [38;5;121m<gs.RigidEntity>[0m[38;5;159m. idx: [38;5;121m7[0m[38;5;159m, uid: [38;5;121m[3m<e3ee050>[0m[38;5;159m, morph: [38;5;121m<gs.morphs.Mesh(file='/mnt4/gck/maniladder/maniladder/assets/models/mug/mug.obj')>[0m[38;5;159m, material: [38;5;121m<gs.materials.Rigid>[0m[38;5;159m.[0m
[38;5;159m[Genesis] [08:34:35] [INFO] Convex hull is not accurate enough for collision detection (2.923). Falling back to more expensive convex decomposition (see FileMorph options).[0m
[38;5;159m[Genesis] [08:34:35] [INFO] Preprocessing geom idx [38;5;121m[4m25[0m[38;5;159m.[0m
[38;5;159m[Genesis] [08:34:35] [INFO] Preprocessing geom idx [38;5;121m[4m26[0m[38;5;159m.[0m
[38;5;159m[Genesis] [08:34:36] [INFO] Preprocessing geom idx [38;5;121m[4m27[0m[38;5;159m.[0m
[38;5;159m[Genesis] [08:34:36] [INFO] Preprocessing geom idx [38;5;121m[4m28[0m[38;5;159m.[0m
[38;5;159m[Genesis] [08:34:36] [INFO] Preprocessing geom idx [38;5;121m[4m29[0m[38;5;159m.[0m
[38;5;159m[Genesis] [08:34:36] [INFO] Preprocessing geom idx [38;5;121m[4m30[0m[38;5;159m.[0m
[38;5;159m[Genesis] [08:34:36] [INFO] Preprocessing geom idx [38;5;121m[4m31[0m[38;5;159m.[0m
[38;5;159m[Genesis] [08:34:36] [INFO] Preprocessing geom idx [38;5;121m[4m32[0m[38;5;159m.[0m
[38;5;159m[Genesis] [08:34:36] [INFO] Preprocessing geom idx [38;5;121m[4m33[0m[38;5;159m.[0m
[38;5;159m[Genesis] [08:34:36] [INFO] Preprocessing geom idx [38;5;121m[4m34[0m[38;5;159m.[0m
[38;5;159m[Genesis] [08:34:37] [INFO] Preprocessing geom idx [38;5;121m[4m35[0m[38;5;159m.[0m
[38;5;159m[Genesis] [08:34:37] [INFO] Preprocessing geom idx [38;5;121m[4m36[0m[38;5;159m.[0m
[38;5;159m[Genesis] [08:34:37] [INFO] Preprocessing geom idx [38;5;121m[4m37[0m[38;5;159m.[0m
[38;5;159m[Genesis] [08:34:37] [INFO] Adding [38;5;121m<gs.RigidEntity>[0m[38;5;159m. idx: [38;5;121m8[0m[38;5;159m, uid: [38;5;121m[3m<3675872>[0m[38;5;159m, morph: [38;5;121m<gs.morphs.Mesh(file='/mnt4/gck/maniladder/maniladder/assets/models/rack/rack.obj')>[0m[38;5;159m, material: [38;5;121m<gs.materials.Rigid>[0m[38;5;159m.[0m
[38;5;159m[Genesis] [08:34:37] [INFO] Convex hull is not accurate enough for collision detection (11.762). Falling back to more expensive convex decomposition (see FileMorph options).[0m
[38;5;159m[Genesis] [08:34:37] [INFO] Running convex decomposition.[0m
[2026-09-29 08:34:37.628] [CoACD] [info] threshold               0.1
[2026-09-29 08:34:37.628] [CoACD] [info] max # convex hull       -1
[2026-09-29 08:34:37.628] [CoACD] [info] preprocess mode         auto
[2026-09-29 08:34:37.628] [CoACD] [info] preprocess resolution   30
[2026-09-29 08:34:37.628] [CoACD] [info] pca                     false
[2026-09-29 08:34:37.628] [CoACD] [info] mcts max depth          3
[2026-09-29 08:34:37.628] [CoACD] [info] mcts nodes              20
[2026-09-29 08:34:37.628] [CoACD] [info] mcts iterations         100
[2026-09-29 08:34:37.628] [CoACD] [info] merge                   true
[2026-09-29 08:34:37.628] [CoACD] [info] decimate                false
[2026-09-29 08:34:37.628] [CoACD] [info] max_ch_vertex           256
[2026-09-29 08:34:37.628] [CoACD] [info] extrude                 false
[2026-09-29 08:34:37.628] [CoACD] [info] extrude margin          0.1
[2026-09-29 08:34:37.628] [CoACD] [info] approximate mode        ch
[2026-09-29 08:34:37.628] [CoACD] [info] seed                    0
[2026-09-29 08:34:37.628] [CoACD] [info]  - Manifold Check
[2026-09-29 08:34:37.629] [CoACD] [info] 	Unclosed mesh
[2026-09-29 08:34:37.629] [CoACD] [info] Manifold Check Time: 0.000324s
[2026-09-29 08:34:37.629] [CoACD] [info] Mesh Manifoldness: false
[2026-09-29 08:34:37.629] [CoACD] [info]  - Preprocess
[2026-09-29 08:34:37.629] [CoACD] [info] Preprocess resolution: 30
[2026-09-29 08:34:37.856] [CoACD] [info] Preprocess Time: 11.018875s
[2026-09-29 08:34:37.857] [CoACD] [info] # Points: 4004
[2026-09-29 08:34:37.857] [CoACD] [info] # Triangles: 8004
[2026-09-29 08:34:37.857] [CoACD] [info]  - Decomposition (MCTS)
[2026-09-29 08:34:37.857] [CoACD] [info] iter 0 ---- waiting pool: 1
[2026-09-29 08:34:37.859] [CoACD] [info] Processing [0.0%]
[2026-09-29 08:34:39.194] [CoACD] [info] Processing [100.0%]
[2026-09-29 08:34:39.194] [CoACD] [info] iter 1 ---- waiting pool: 2
[2026-09-29 08:34:39.195] [CoACD] [info] Processing [0.0%]
[2026-09-29 08:34:39.196] [CoACD] [info] Processing [50.0%]
[2026-09-29 08:34:39.633] [CoACD] [info] Processing [100.0%]
[2026-09-29 08:34:39.633] [CoACD] [info] iter 2 ---- waiting pool: 2
[2026-09-29 08:34:39.633] [CoACD] [info] Processing [0.0%]
[2026-09-29 08:34:39.633] [CoACD] [info] Processing [50.0%]
[2026-09-29 08:34:40.032] [CoACD] [info] Processing [100.0%]
[2026-09-29 08:34:40.032] [CoACD] [info] iter 3 ---- waiting pool: 4
[2026-09-29 08:34:40.032] [CoACD] [info] Processing [0.0%]
[2026-09-29 08:34:40.032] [CoACD] [info] Processing [25.0%]
[2026-09-29 08:34:40.032] [CoACD] [info] Processing [75.0%]
[2026-09-29 08:34:40.032] [CoACD] [info] Processing [50.0%]
[2026-09-29 08:34:40.461] [CoACD] [info] Processing [100.0%]
[2026-09-29 08:34:40.461] [CoACD] [info] iter 4 ---- waiting pool: 6
[2026-09-29 08:34:40.461] [CoACD] [info] Processing [0.0%]
[2026-09-29 08:34:40.461] [CoACD] [info] Processing [50.0%]
[2026-09-29 08:34:40.461] [CoACD] [info] Processing [33.3%]
[2026-09-29 08:34:40.461] [CoACD] [info] Processing [16.7%]
[2026-09-29 08:34:40.461] [CoACD] [info] Processing [83.3%]
[2026-09-29 08:34:40.461] [CoACD] [info] Processing [66.7%]
[2026-09-29 08:34:40.480] [CoACD] [info] Processing [100.0%]
[2026-09-29 08:34:40.480] [CoACD] [info]  - Merge Convex Hulls
[2026-09-29 08:34:40.609] [CoACD] [info] Compute Time: 2.75200442224741s
[2026-09-29 08:34:40.609] [CoACD] [info] # Convex Hulls: 8
[38;5;159m[Genesis] [08:34:40] [INFO] Building scene [38;5;121m[3m<6adab29>[0m[38;5;159m...[0m
[W 09/29/26 08:34:41.129 3878311] [kernel_compilation_manager.cpp:KernelCompilationManager@69] Lock /home/gck/.cache/gstaichi/ticache/kernel_compilation_manager/ticache.lock failed. Please run 'ti cache clean -p /home/gck/.cache/gstaichi/ticache/kernel_compilation_manager' and try again.
[38;5;226m[Genesis] [08:34:43] [WARNING] Reference robot position exceeds joint limits.[0m
[38;5;226m[Genesis] [08:34:43] [WARNING] Constraint solver time constant should be greater than 2*substep_dt. timeconst is changed from `0.005` to `0.02`). Decrease simulation timestep or increase timeconst to avoid altering the original value.[0m
[38;5;226m[Genesis] [08:34:45] [WARNING] max_collision_pairs 500 is smaller than the theoretical maximal possible pairs 845, it uses less memory but might lead to missing some collision pairs if there are too many collision pairs[0m
[38;5;159m[Genesis] [08:34:53] [INFO] Compiling simulation kernels...[0m
[38;5;159m[Genesis] [08:35:28] [INFO] Building visualizer...[0m
/data/gck/miniconda3/envs/maniladder/lib/python3.10/site-packages/torch/utils/_device.py:109: UserWarning: The given NumPy array is not writable, and PyTorch does not support non-writable tensors. This means writing to this tensor will result in undefined behavior. You may want to copy the array to protect its data or make it writable before converting it to a tensor. This type of warning will be suppressed for the rest of this program. (Triggered internally at /pytorch/torch/csrc/utils/tensor_numpy.cpp:213.)
  return func(*args, **kwargs)
Action space: Box(-1.0, 1.0, (7,), float32)
Generating 1 orbit video-only demos → /mnt/gck_website/maniladder.github.io/generated_demos/HangMug-v1
  [ep 0/1, attempt 1] step 1/600  terminated=False  truncated=False
  [ep 0/1, attempt 1] step 101/600  terminated=False  truncated=False
  [ep 0/1, attempt 1] step 201/600  terminated=False  truncated=False
  [ep 0/1, attempt 1] step 267/600  terminated=True  truncated=False
  [ep 0, attempt 1] Success at step 267, collected 30 extra steps.
  [Success Rate] overall: 100.0% (1/1) | moving avg (last 1): 100.0%
[ManiLadder Camera] stop_recording target=/mnt/gck_website/maniladder.github.io/generated_demos/HangMug-v1/videos/orbit_camera_ep0.mp4
[38;5;159m[Genesis] [08:35:47] [INFO] Saving video to [38;5;121m"/mnt/gck_website/maniladder.github.io/generated_demos/HangMug-v1/videos/orbit_camera_ep0.mp4"[0m[38;5;159m...[0m
[38;5;159m[Genesis] [08:35:49] [INFO] Video saved.[0m
  Saved video: /mnt/gck_website/maniladder.github.io/generated_demos/HangMug-v1/videos/orbit_camera_ep0.mp4 exists=True
  Videos for episode 0 saved to /mnt/gck_website/maniladder.github.io/generated_demos/HangMug-v1/videos

============================================================
Done. 1 demo trajectories (traj_0..traj_0) saved to /mnt/gck_website/maniladder.github.io/generated_demos
Final   [Success Rate] overall: 100.0% (1/1) | moving avg (last 1): 100.0%
============================================================
[38;5;159m[Genesis] [08:35:49] [INFO] 💤 Exiting Genesis and caching compiled kernels...[0m
[W 09/29/26 08:35:49.440 3878311] [offline_cache.h:run@186] Lock /home/gck/.cache/gstaichi/ticache/kernel_compilation_manager/ticache.lock failed. You can run 'ti cache clean -p /home/gck/.cache/gstaichi/ticache/kernel_compilation_manager' and try again.
[W 09/29/26 08:35:49.641 3878311] [kernel_compilation_manager.cpp:dump@104] Lock /home/gck/.cache/gstaichi/ticache/kernel_compilation_manager/ticache.lock failed. Please run 'ti cache clean -p /home/gck/.cache/gstaichi/ticache/kernel_compilation_manager' and try again.
[W 09/29/26 08:35:49.906 3878311] [ptx_cache.cpp:dump@92] Lock /home/gck/.cache/gstaichi/ticache/ptx_cache/ptxcache.lock failed. Please run 'ti cache clean -p /home/gck/.cache/gstaichi/ticache/ptx_cache' and try again.
