[38;5;159m[Genesis] [09:12:31] [INFO] [38;5;121m╭───────────────────────────────────────────────╮[0m[38;5;159m[0m
[38;5;159m[Genesis] [09:12:31] [INFO] [38;5;121m│┈┉┈┉┈┉┈┉┈┉┈┉┈┉┈┉┈┉┈[0m[38;5;159m [38;5;121m[1m[3mGenesis[0m[38;5;159m [38;5;121m┈┉┈┉┈┉┈┉┈┉┈┉┈┉┈┉┈┉┈│[0m[38;5;159m[0m
[38;5;159m[Genesis] [09:12:31] [INFO] [38;5;121m╰───────────────────────────────────────────────╯[0m[38;5;159m[0m
[W 09/29/26 09:12:32.275 4120535] [ptx_cache.cpp:PtxCache@73] Lock /home/gck/.cache/gstaichi/ticache/ptx_cache/ptxcache.lock failed. Please run 'ti cache clean -p /home/gck/.cache/gstaichi/ticache/ptx_cache' and try again.
[38;5;159m[Genesis] [09:12:32] [INFO] Running on [38;5;121m[4m[NVIDIA A100-SXM4-80GB][0m[38;5;159m with backend [38;5;121m[4mgs.cuda[0m[38;5;159m. Device memory: [38;5;121m[4m79.25[0m[38;5;159m GB.[0m
[38;5;159m[Genesis] [09:12:32] [INFO] 🚀 Genesis initialized. 🔖 version: [38;5;121m[4m0.3.6[0m[38;5;159m, 🎨 theme: [38;5;121m[4mdark[0m[38;5;159m, 🌱 seed: [38;5;121m[4mNone[0m[38;5;159m, 🐛 debug: [38;5;121m[4mFalse[0m[38;5;159m, 📏 precision: [38;5;121m[4m32[0m[38;5;159m, 🏎️ performance: [38;5;121m[4mFalse[0m[38;5;159m, 💬 verbose: [38;5;121m[4mINFO[0m[38;5;159m[0m
[38;5;159m[Genesis] [09:12:34] [INFO] Scene [38;5;121m[3m<a04b95b>[0m[38;5;159m created.[0m
[38;5;159m[Genesis] [09:12:34] [INFO] Adding [38;5;121m<gs.RigidEntity>[0m[38;5;159m. idx: [38;5;121m0[0m[38;5;159m, uid: [38;5;121m[3m<786da48>[0m[38;5;159m, morph: [38;5;121m<gs.morphs.MJCF(file='/mnt4/gck/maniladder/maniladder/assets/xml/mobile/tidybot_panda.xml')>[0m[38;5;159m, material: [38;5;121m<gs.materials.Rigid>[0m[38;5;159m.[0m
[38;5;226m[Genesis] [09:12:34] [WARNING] (MJCF) Approximating tendon by joint actuator for `finger_joint1`[0m
[38;5;226m[Genesis] [09:12:34] [WARNING] (MJCF) Actuator control gain and bias parameters cannot be reduced to a unique PD control position gain. Using max between gain and bias for joint `finger_joint1`.[0m
[38;5;226m[Genesis] [09:12:34] [WARNING] (MJCF) Approximating tendon by joint actuator for `finger_joint2`[0m
[38;5;226m[Genesis] [09:12:34] [WARNING] (MJCF) Actuator control gain and bias parameters cannot be reduced to a unique PD control position gain. Using max between gain and bias for joint `finger_joint2`.[0m
[38;5;159m[Genesis] [09:12:34] [INFO] Applying offset to base link's pose with user provided value in morph.[0m
[38;5;159m[Genesis] [09:12:35] [INFO] Adding [38;5;121m<gs.RigidEntity>[0m[38;5;159m. idx: [38;5;121m1[0m[38;5;159m, uid: [38;5;121m[3m<d936688>[0m[38;5;159m, morph: [38;5;121m<gs.morphs.Plane>[0m[38;5;159m, material: [38;5;121m<gs.materials.Rigid>[0m[38;5;159m.[0m
[38;5;159m[Genesis] [09:12:35] [INFO] Adding [38;5;121m<gs.RigidEntity>[0m[38;5;159m. idx: [38;5;121m2[0m[38;5;159m, uid: [38;5;121m[3m<a22dd6b>[0m[38;5;159m, morph: [38;5;121m<gs.morphs.Box>[0m[38;5;159m, material: [38;5;121m<gs.materials.Rigid>[0m[38;5;159m.[0m
[38;5;159m[Genesis] [09:12:35] [INFO] Adding [38;5;121m<gs.RigidEntity>[0m[38;5;159m. idx: [38;5;121m3[0m[38;5;159m, uid: [38;5;121m[3m<89f1586>[0m[38;5;159m, morph: [38;5;121m<gs.morphs.Box>[0m[38;5;159m, material: [38;5;121m<gs.materials.Rigid>[0m[38;5;159m.[0m
[38;5;159m[Genesis] [09:12:35] [INFO] Adding [38;5;121m<gs.RigidEntity>[0m[38;5;159m. idx: [38;5;121m4[0m[38;5;159m, uid: [38;5;121m[3m<53df3a0>[0m[38;5;159m, morph: [38;5;121m<gs.morphs.Box>[0m[38;5;159m, material: [38;5;121m<gs.materials.Rigid>[0m[38;5;159m.[0m
[38;5;159m[Genesis] [09:12:35] [INFO] Adding [38;5;121m<gs.RigidEntity>[0m[38;5;159m. idx: [38;5;121m5[0m[38;5;159m, uid: [38;5;121m[3m<26d3576>[0m[38;5;159m, morph: [38;5;121m<gs.morphs.Box>[0m[38;5;159m, material: [38;5;121m<gs.materials.Rigid>[0m[38;5;159m.[0m
[38;5;159m[Genesis] [09:12:35] [INFO] Adding [38;5;121m<gs.RigidEntity>[0m[38;5;159m. idx: [38;5;121m6[0m[38;5;159m, uid: [38;5;121m[3m<01f4165>[0m[38;5;159m, morph: [38;5;121m<gs.morphs.Mesh(file='/mnt4/gck/maniladder/maniladder/assets/models/billiard/billiard_table/Biljardipoyta_19.glb')>[0m[38;5;159m, material: [38;5;121m<gs.materials.Rigid>[0m[38;5;159m.[0m
[38;5;226m[Genesis] [09:12:35] [WARNING] GLTF is using y-up while Genesis uses z-up. Please set parse_glb_with_zup=True in morph options if you find the mesh is 90-degree rotated. We will set parse_glb_with_zup=True and rotate glb mesh by default later and gradually enforce this option.[0m
[38;5;159m[Genesis] [09:12:35] [INFO] Adding [38;5;121m<gs.RigidEntity>[0m[38;5;159m. idx: [38;5;121m7[0m[38;5;159m, uid: [38;5;121m[3m<820e7a8>[0m[38;5;159m, morph: [38;5;121m<gs.morphs.Sphere>[0m[38;5;159m, material: [38;5;121m<gs.materials.Rigid>[0m[38;5;159m.[0m
[38;5;159m[Genesis] [09:12:35] [INFO] Adding [38;5;121m<gs.RigidEntity>[0m[38;5;159m. idx: [38;5;121m8[0m[38;5;159m, uid: [38;5;121m[3m<e470e26>[0m[38;5;159m, morph: [38;5;121m<gs.morphs.Sphere>[0m[38;5;159m, material: [38;5;121m<gs.materials.Rigid>[0m[38;5;159m.[0m
[38;5;159m[Genesis] [09:12:35] [INFO] Adding [38;5;121m<gs.RigidEntity>[0m[38;5;159m. idx: [38;5;121m9[0m[38;5;159m, uid: [38;5;121m[3m<5e2e760>[0m[38;5;159m, morph: [38;5;121m<gs.morphs.Mesh(file='/mnt4/gck/maniladder/maniladder/assets/models/billiard/billiard_cue/billiard_cue.glb')>[0m[38;5;159m, material: [38;5;121m<gs.materials.Rigid>[0m[38;5;159m.[0m
[38;5;226m[Genesis] [09:12:35] [WARNING] GLTF is using y-up while Genesis uses z-up. Please set parse_glb_with_zup=True in morph options if you find the mesh is 90-degree rotated. We will set parse_glb_with_zup=True and rotate glb mesh by default later and gradually enforce this option.[0m
/data/gck/miniconda3/envs/maniladder/lib/python3.10/site-packages/pygltflib/__init__.py:830: UserWarning: pygltflib currently does not remove image data from the buffer when converting to data uri.Please open an issue at https://gitlab.com/dodgyville/pygltflib/issues
  warnings.warn("pygltflib currently does not remove image data "
[38;5;159m[Genesis] [09:12:35] [INFO] Adding [38;5;121m<gs.RigidEntity>[0m[38;5;159m. idx: [38;5;121m10[0m[38;5;159m, uid: [38;5;121m[3m<4d8c2f4>[0m[38;5;159m, morph: [38;5;121m<gs.morphs.MJCF(file='/mnt4/gck/maniladder/maniladder/assets/models/billiard/billiard_cue_bridge/cue_bridge_fixed.xml')>[0m[38;5;159m, material: [38;5;121m<gs.materials.Rigid>[0m[38;5;159m.[0m
[38;5;159m[Genesis] [09:12:35] [INFO] Applying offset to base link's pose with user provided value in morph.[0m
[38;5;159m[Genesis] [09:12:35] [INFO] Building scene [38;5;121m[3m<a04b95b>[0m[38;5;159m...[0m
[W 09/29/26 09:12:35.894 4120535] [kernel_compilation_manager.cpp:KernelCompilationManager@69] Lock /home/gck/.cache/gstaichi/ticache/kernel_compilation_manager/ticache.lock failed. Please run 'ti cache clean -p /home/gck/.cache/gstaichi/ticache/kernel_compilation_manager' and try again.
/data/gck/miniconda3/envs/maniladder/lib/python3.10/site-packages/trimesh/triangles.py:302: RuntimeWarning: divide by zero encountered in divide
  center_mass = integrated[1:4] / volume
/data/gck/miniconda3/envs/maniladder/lib/python3.10/site-packages/trimesh/triangles.py:302: RuntimeWarning: invalid value encountered in divide
  center_mass = integrated[1:4] / volume
[38;5;226m[Genesis] [09:12:38] [WARNING] Reference robot position exceeds joint limits.[0m
[38;5;226m[Genesis] [09:12:38] [WARNING] Constraint solver time constant should be greater than 2*substep_dt. timeconst is changed from `0.005` to `0.02`). Decrease simulation timestep or increase timeconst to avoid altering the original value.[0m
[38;5;159m[Genesis] [09:12:49] [INFO] Compiling simulation kernels...[0m
[38;5;159m[Genesis] [09:13:30] [INFO] Building visualizer...[0m
/data/gck/miniconda3/envs/maniladder/lib/python3.10/site-packages/torch/utils/_device.py:109: UserWarning: The given NumPy array is not writable, and PyTorch does not support non-writable tensors. This means writing to this tensor will result in undefined behavior. You may want to copy the array to protect its data or make it writable before converting it to a tensor. This type of warning will be suppressed for the rest of this program. (Triggered internally at /pytorch/torch/csrc/utils/tensor_numpy.cpp:213.)
  return func(*args, **kwargs)
Action space: Box([-inf -inf -inf  -1.  -1.  -1.  -1.  -1.  -1.  -1.], [inf inf inf  1.  1.  1.  1.  1.  1.  1.], (10,), float32)
Generating 1 orbit video-only demos → /mnt/gck_website/maniladder.github.io/generated_demos/HitBilliard-v1
  [ep 0/1, attempt 1] step 1/400  terminated=False  truncated=False

>>> [HitBilliard] Phase transition 0 -> 1 <<<


>>> [HitBilliard] Phase transition 1 -> 2 <<<


>>> [HitBilliard] Phase transition 2 -> 3 <<<


>>> [HitBilliard] Phase transition 3 -> 4 <<<


>>> [HitBilliard] Phase transition 4 -> 5 <<<


>>> [HitBilliard] Phase transition 5 -> 6 <<<


>>> [HitBilliard] Phase transition 6 -> 7 <<<

  [ep 0/1, attempt 1] step 101/400  terminated=False  truncated=False

>>> [HitBilliard] Phase transition 7 -> 8 <<<


>>> [HitBilliard] Phase transition 8 -> 9 <<<


>>> [HitBilliard] Phase transition 9 -> 10 <<<


>>> [HitBilliard] Phase transition 10 -> 11 <<<

  [ep 0/1, attempt 1] step 201/400  terminated=False  truncated=False

>>> [HitBilliard] Phase transition 11 -> 12 <<<


>>> [HitBilliard] Phase transition 12 -> 13 <<<


>>> [HitBilliard] Phase transition 13 -> 14 <<<


>>> [HitBilliard] Phase transition 14 -> 15 <<<


>>> [HitBilliard] Phase transition 15 -> 16 <<<


>>> [HitBilliard] Phase transition 16 -> 18 <<<

  [ep 0/1, attempt 1] step 301/400  terminated=False  truncated=False

>>> [HitBilliard] Phase transition 18 -> 19 <<<


>>> [HitBilliard] Phase transition 19 -> 20 <<<

  [ep 0/1, attempt 1] step 400/400  terminated=False  truncated=True
  [WARNING] Episode 0 attempt 1 truncated without success. Discarding and retrying...
  [Success Rate] overall: 0.0% (0/1) | moving avg (last 1): 0.0%

>>> [HitBilliard] Phase transition 20 -> 0 <<<

  [ep 0/1, attempt 2] step 1/400  terminated=False  truncated=False

>>> [HitBilliard] Phase transition 0 -> 1 <<<


>>> [HitBilliard] Phase transition 1 -> 2 <<<


>>> [HitBilliard] Phase transition 2 -> 3 <<<


>>> [HitBilliard] Phase transition 3 -> 4 <<<


>>> [HitBilliard] Phase transition 4 -> 5 <<<


>>> [HitBilliard] Phase transition 5 -> 6 <<<

  [ep 0/1, attempt 2] step 101/400  terminated=False  truncated=False

>>> [HitBilliard] Phase transition 6 -> 7 <<<


>>> [HitBilliard] Phase transition 7 -> 8 <<<


>>> [HitBilliard] Phase transition 8 -> 9 <<<


>>> [HitBilliard] Phase transition 9 -> 10 <<<


>>> [HitBilliard] Phase transition 10 -> 11 <<<

  [ep 0/1, attempt 2] step 201/400  terminated=False  truncated=False

>>> [HitBilliard] Phase transition 11 -> 12 <<<


>>> [HitBilliard] Phase transition 12 -> 13 <<<


>>> [HitBilliard] Phase transition 13 -> 14 <<<


>>> [HitBilliard] Phase transition 14 -> 15 <<<


>>> [HitBilliard] Phase transition 15 -> 16 <<<

  [ep 0/1, attempt 2] step 301/400  terminated=False  truncated=False

>>> [HitBilliard] Phase transition 16 -> 18 <<<


>>> [HitBilliard] Phase transition 18 -> 19 <<<

  [ep 0/1, attempt 2] step 400/400  terminated=False  truncated=True
  [WARNING] Episode 0 attempt 2 truncated without success. Discarding and retrying...
  [Success Rate] overall: 0.0% (0/2) | moving avg (last 2): 0.0%

>>> [HitBilliard] Phase transition 19 -> 0 <<<

  [ep 0/1, attempt 3] step 1/400  terminated=False  truncated=False

>>> [HitBilliard] Phase transition 0 -> 1 <<<


>>> [HitBilliard] Phase transition 1 -> 2 <<<


>>> [HitBilliard] Phase transition 2 -> 3 <<<


>>> [HitBilliard] Phase transition 3 -> 4 <<<


>>> [HitBilliard] Phase transition 4 -> 5 <<<


>>> [HitBilliard] Phase transition 5 -> 6 <<<


>>> [HitBilliard] Phase transition 6 -> 7 <<<

  [ep 0/1, attempt 3] step 101/400  terminated=False  truncated=False

>>> [HitBilliard] Phase transition 7 -> 8 <<<


>>> [HitBilliard] Phase transition 8 -> 9 <<<


>>> [HitBilliard] Phase transition 9 -> 10 <<<


>>> [HitBilliard] Phase transition 10 -> 11 <<<

  [ep 0/1, attempt 3] step 201/400  terminated=False  truncated=False

>>> [HitBilliard] Phase transition 11 -> 12 <<<


>>> [HitBilliard] Phase transition 12 -> 13 <<<


>>> [HitBilliard] Phase transition 13 -> 14 <<<


>>> [HitBilliard] Phase transition 14 -> 15 <<<


>>> [HitBilliard] Phase transition 15 -> 16 <<<


>>> [HitBilliard] Phase transition 16 -> 18 <<<

  [ep 0/1, attempt 3] step 301/400  terminated=False  truncated=False

>>> [HitBilliard] Phase transition 18 -> 19 <<<


>>> [HitBilliard] Phase transition 19 -> 20 <<<

  [ep 0/1, attempt 3] step 352/400  terminated=True  truncated=False
  [ep 0, attempt 3] Success at step 352, collected 30 extra steps.
  [Success Rate] overall: 33.3% (1/3) | moving avg (last 3): 33.3%
[ManiLadder Camera] stop_recording target=/mnt/gck_website/maniladder.github.io/generated_demos/HitBilliard-v1/videos/orbit_camera_ep0.mp4
[38;5;159m[Genesis] [09:21:42] [INFO] Saving video to [38;5;121m"/mnt/gck_website/maniladder.github.io/generated_demos/HitBilliard-v1/videos/orbit_camera_ep0.mp4"[0m[38;5;159m...[0m
[38;5;159m[Genesis] [09:21:44] [INFO] Video saved.[0m
  Saved video: /mnt/gck_website/maniladder.github.io/generated_demos/HitBilliard-v1/videos/orbit_camera_ep0.mp4 exists=True
  Videos for episode 0 saved to /mnt/gck_website/maniladder.github.io/generated_demos/HitBilliard-v1/videos

============================================================
Done. 1 demo trajectories (traj_0..traj_0) saved to /mnt/gck_website/maniladder.github.io/generated_demos
Final   [Success Rate] overall: 33.3% (1/3) | moving avg (last 3): 33.3%
============================================================
[38;5;159m[Genesis] [09:21:44] [INFO] 💤 Exiting Genesis and caching compiled kernels...[0m
[W 09/29/26 09:21:44.664 4120535] [offline_cache.h:run@186] Lock /home/gck/.cache/gstaichi/ticache/kernel_compilation_manager/ticache.lock failed. You can run 'ti cache clean -p /home/gck/.cache/gstaichi/ticache/kernel_compilation_manager' and try again.
[W 09/29/26 09:21:44.865 4120535] [kernel_compilation_manager.cpp:dump@104] Lock /home/gck/.cache/gstaichi/ticache/kernel_compilation_manager/ticache.lock failed. Please run 'ti cache clean -p /home/gck/.cache/gstaichi/ticache/kernel_compilation_manager' and try again.
[W 09/29/26 09:21:45.117 4120535] [ptx_cache.cpp:dump@92] Lock /home/gck/.cache/gstaichi/ticache/ptx_cache/ptxcache.lock failed. Please run 'ti cache clean -p /home/gck/.cache/gstaichi/ticache/ptx_cache' and try again.
