[38;5;159m[Genesis] [08:34:37] [INFO] [38;5;121m╭───────────────────────────────────────────────╮[0m[38;5;159m[0m
[38;5;159m[Genesis] [08:34:37] [INFO] [38;5;121m│┈┉┈┉┈┉┈┉┈┉┈┉┈┉┈┉┈┉┈[0m[38;5;159m [38;5;121m[1m[3mGenesis[0m[38;5;159m [38;5;121m┈┉┈┉┈┉┈┉┈┉┈┉┈┉┈┉┈┉┈│[0m[38;5;159m[0m
[38;5;159m[Genesis] [08:34:37] [INFO] [38;5;121m╰───────────────────────────────────────────────╯[0m[38;5;159m[0m
[W 09/29/26 08:34:38.491 3878543] [ptx_cache.cpp:PtxCache@73] Lock /home/gck/.cache/gstaichi/ticache/ptx_cache/ptxcache.lock failed. Please run 'ti cache clean -p /home/gck/.cache/gstaichi/ticache/ptx_cache' and try again.
[38;5;159m[Genesis] [08:34:38] [INFO] Running on [38;5;121m[4m[NVIDIA A100-SXM4-80GB][0m[38;5;159m with backend [38;5;121m[4mgs.cuda[0m[38;5;159m. Device memory: [38;5;121m[4m79.25[0m[38;5;159m GB.[0m
[38;5;159m[Genesis] [08:34:38] [INFO] 🚀 Genesis initialized. 🔖 version: [38;5;121m[4m0.3.6[0m[38;5;159m, 🎨 theme: [38;5;121m[4mdark[0m[38;5;159m, 🌱 seed: [38;5;121m[4mNone[0m[38;5;159m, 🐛 debug: [38;5;121m[4mFalse[0m[38;5;159m, 📏 precision: [38;5;121m[4m32[0m[38;5;159m, 🏎️ performance: [38;5;121m[4mFalse[0m[38;5;159m, 💬 verbose: [38;5;121m[4mINFO[0m[38;5;159m[0m
[38;5;159m[Genesis] [08:34:40] [INFO] Scene [38;5;121m[3m<cb6f088>[0m[38;5;159m created.[0m
[38;5;159m[Genesis] [08:34:40] [INFO] Adding [38;5;121m<gs.RigidEntity>[0m[38;5;159m. idx: [38;5;121m0[0m[38;5;159m, uid: [38;5;121m[3m<73fa99a>[0m[38;5;159m, morph: [38;5;121m<gs.morphs.MJCF(file='/mnt4/gck/maniladder/maniladder/assets/xml/franka_emika_panda/panda.xml')>[0m[38;5;159m, material: [38;5;121m<gs.materials.Rigid>[0m[38;5;159m.[0m
[38;5;226m[Genesis] [08:34:41] [WARNING] (MJCF) Approximating tendon by joint actuator for `finger_joint1`[0m
[38;5;226m[Genesis] [08:34:41] [WARNING] (MJCF) Actuator control gain and bias parameters cannot be reduced to a unique PD control position gain. Using max between gain and bias for joint `finger_joint1`.[0m
[38;5;226m[Genesis] [08:34:41] [WARNING] (MJCF) Approximating tendon by joint actuator for `finger_joint2`[0m
[38;5;226m[Genesis] [08:34:41] [WARNING] (MJCF) Actuator control gain and bias parameters cannot be reduced to a unique PD control position gain. Using max between gain and bias for joint `finger_joint2`.[0m
[38;5;159m[Genesis] [08:34:41] [INFO] Applying offset to base link's pose with user provided value in morph.[0m
[38;5;159m[Genesis] [08:34:41] [INFO] Adding [38;5;121m<gs.RigidEntity>[0m[38;5;159m. idx: [38;5;121m1[0m[38;5;159m, uid: [38;5;121m[3m<2acb7d5>[0m[38;5;159m, morph: [38;5;121m<gs.morphs.Mesh(file='/mnt4/gck/maniladder/maniladder/assets/models/table.glb')>[0m[38;5;159m, material: [38;5;121m<gs.materials.Rigid>[0m[38;5;159m.[0m
[38;5;226m[Genesis] [08:34:41] [WARNING] GLTF is using y-up while Genesis uses z-up. Please set parse_glb_with_zup=True in morph options if you find the mesh is 90-degree rotated. We will set parse_glb_with_zup=True and rotate glb mesh by default later and gradually enforce this option.[0m
/data/gck/miniconda3/envs/maniladder/lib/python3.10/site-packages/pygltflib/__init__.py:830: UserWarning: pygltflib currently does not remove image data from the buffer when converting to data uri.Please open an issue at https://gitlab.com/dodgyville/pygltflib/issues
  warnings.warn("pygltflib currently does not remove image data "
[38;5;159m[Genesis] [08:34:41] [INFO] Adding [38;5;121m<gs.RigidEntity>[0m[38;5;159m. idx: [38;5;121m2[0m[38;5;159m, uid: [38;5;121m[3m<29d2022>[0m[38;5;159m, morph: [38;5;121m<gs.morphs.Box>[0m[38;5;159m, material: [38;5;121m<gs.materials.Rigid>[0m[38;5;159m.[0m
[38;5;159m[Genesis] [08:34:41] [INFO] Adding [38;5;121m<gs.RigidEntity>[0m[38;5;159m. idx: [38;5;121m3[0m[38;5;159m, uid: [38;5;121m[3m<eb2ae08>[0m[38;5;159m, morph: [38;5;121m<gs.morphs.Plane>[0m[38;5;159m, material: [38;5;121m<gs.materials.Rigid>[0m[38;5;159m.[0m
[38;5;159m[Genesis] [08:34:41] [INFO] Adding [38;5;121m<gs.RigidEntity>[0m[38;5;159m. idx: [38;5;121m4[0m[38;5;159m, uid: [38;5;121m[3m<2a4a748>[0m[38;5;159m, morph: [38;5;121m<gs.morphs.Box>[0m[38;5;159m, material: [38;5;121m<gs.materials.Rigid>[0m[38;5;159m.[0m
[38;5;159m[Genesis] [08:34:41] [INFO] Adding [38;5;121m<gs.RigidEntity>[0m[38;5;159m. idx: [38;5;121m5[0m[38;5;159m, uid: [38;5;121m[3m<1012cbe>[0m[38;5;159m, morph: [38;5;121m<gs.morphs.Box>[0m[38;5;159m, material: [38;5;121m<gs.materials.Rigid>[0m[38;5;159m.[0m
[38;5;159m[Genesis] [08:34:41] [INFO] Adding [38;5;121m<gs.RigidEntity>[0m[38;5;159m. idx: [38;5;121m6[0m[38;5;159m, uid: [38;5;121m[3m<2e4b336>[0m[38;5;159m, morph: [38;5;121m<gs.morphs.Box>[0m[38;5;159m, material: [38;5;121m<gs.materials.Rigid>[0m[38;5;159m.[0m
[38;5;159m[Genesis] [08:34:41] [INFO] Adding [38;5;121m<gs.RigidEntity>[0m[38;5;159m. idx: [38;5;121m7[0m[38;5;159m, uid: [38;5;121m[3m<69c322c>[0m[38;5;159m, morph: [38;5;121m<gs.morphs.Mesh(file='/mnt4/gck/maniladder/maniladder/assets/models/kit_tray/kit_tray2_front.obj')>[0m[38;5;159m, material: [38;5;121m<gs.materials.Rigid>[0m[38;5;159m.[0m
[38;5;159m[Genesis] [08:34:41] [INFO] Convex hull is not accurate enough for collision detection (0.219). Falling back to more expensive convex decomposition (see FileMorph options).[0m
[38;5;159m[Genesis] [08:34:41] [INFO] Adding [38;5;121m<gs.RigidEntity>[0m[38;5;159m. idx: [38;5;121m8[0m[38;5;159m, uid: [38;5;121m[3m<29e4af0>[0m[38;5;159m, morph: [38;5;121m<gs.morphs.Box>[0m[38;5;159m, material: [38;5;121m<gs.materials.Rigid>[0m[38;5;159m.[0m
[38;5;159m[Genesis] [08:34:41] [INFO] Adding [38;5;121m<gs.RigidEntity>[0m[38;5;159m. idx: [38;5;121m9[0m[38;5;159m, uid: [38;5;121m[3m<7661179>[0m[38;5;159m, morph: [38;5;121m<gs.morphs.Mesh(file='/mnt4/gck/maniladder/maniladder/assets/models/kits/00_front.obj')>[0m[38;5;159m, material: [38;5;121m<gs.materials.Rigid>[0m[38;5;159m.[0m
[38;5;159m[Genesis] [08:34:41] [INFO] Adding [38;5;121m<gs.RigidEntity>[0m[38;5;159m. idx: [38;5;121m10[0m[38;5;159m, uid: [38;5;121m[3m<7f6a258>[0m[38;5;159m, morph: [38;5;121m<gs.morphs.Mesh(file='/mnt4/gck/maniladder/maniladder/assets/models/kits/02_front.obj')>[0m[38;5;159m, material: [38;5;121m<gs.materials.Rigid>[0m[38;5;159m.[0m
[38;5;159m[Genesis] [08:34:41] [INFO] Convex hull is not accurate enough for collision detection (0.183). Falling back to more expensive convex decomposition (see FileMorph options).[0m
[38;5;159m[Genesis] [08:34:41] [INFO] Adding [38;5;121m<gs.RigidEntity>[0m[38;5;159m. idx: [38;5;121m11[0m[38;5;159m, uid: [38;5;121m[3m<cf31cad>[0m[38;5;159m, morph: [38;5;121m<gs.morphs.Mesh(file='/mnt4/gck/maniladder/maniladder/assets/models/kits/05_front.obj')>[0m[38;5;159m, material: [38;5;121m<gs.materials.Rigid>[0m[38;5;159m.[0m
[38;5;159m[Genesis] [08:34:41] [INFO] Adding [38;5;121m<gs.RigidEntity>[0m[38;5;159m. idx: [38;5;121m12[0m[38;5;159m, uid: [38;5;121m[3m<1ea7868>[0m[38;5;159m, morph: [38;5;121m<gs.morphs.Mesh(file='/mnt4/gck/maniladder/maniladder/assets/models/kits/06_front.obj')>[0m[38;5;159m, material: [38;5;121m<gs.materials.Rigid>[0m[38;5;159m.[0m
[38;5;159m[Genesis] [08:34:42] [INFO] Building scene [38;5;121m[3m<cb6f088>[0m[38;5;159m...[0m
[W 09/29/26 08:34:42.370 3878543] [kernel_compilation_manager.cpp:KernelCompilationManager@69] Lock /home/gck/.cache/gstaichi/ticache/kernel_compilation_manager/ticache.lock failed. Please run 'ti cache clean -p /home/gck/.cache/gstaichi/ticache/kernel_compilation_manager' and try again.
[38;5;226m[Genesis] [08:34:45] [WARNING] Reference robot position exceeds joint limits.[0m
[38;5;226m[Genesis] [08:34:45] [WARNING] Constraint solver time constant should be greater than 2*substep_dt. timeconst is changed from `0.005` to `0.02`). Decrease simulation timestep or increase timeconst to avoid altering the original value.[0m
[38;5;159m[Genesis] [08:34:54] [INFO] Compiling simulation kernels...[0m
[38;5;159m[Genesis] [08:35:29] [INFO] Building visualizer...[0m
/data/gck/miniconda3/envs/maniladder/lib/python3.10/site-packages/torch/utils/_device.py:109: UserWarning: The given NumPy array is not writable, and PyTorch does not support non-writable tensors. This means writing to this tensor will result in undefined behavior. You may want to copy the array to protect its data or make it writable before converting it to a tensor. This type of warning will be suppressed for the rest of this program. (Triggered internally at /pytorch/torch/csrc/utils/tensor_numpy.cpp:213.)
  return func(*args, **kwargs)
Action space: Box(-1.0, 1.0, (7,), float32)
Generating 1 orbit video-only demos → /mnt/gck_website/maniladder.github.io/generated_demos/KitAssembly-v1
object_positions: [-0.04  0.19  0.06], target_positions: [0.003 0.05  0.04 ]
  [ep 0/1, attempt 1] step 1/1600  terminated=False  truncated=False
object_positions: [-0.04        0.19        0.04528499], target_positions: [0.003 0.05  0.04 ]
object_positions: [-0.04        0.19        0.00604498], target_positions: [0.003 0.05  0.04 ]
object_positions: [-0.03999998  0.18999964 -0.00135145], target_positions: [0.003 0.05  0.04 ]
object_positions: [-0.03999997  0.18999965 -0.00038096], target_positions: [0.003 0.05  0.04 ]
object_positions: [-3.9999954e-02  1.8999964e-01 -1.7316794e-04], target_positions: [0.003 0.05  0.04 ]
object_positions: [-3.9999869e-02  1.8999960e-01 -1.2214185e-04], target_positions: [0.003 0.05  0.04 ]
object_positions: [-3.9999820e-02  1.8999961e-01 -1.1133092e-04], target_positions: [0.003 0.05  0.04 ]
object_positions: [-3.9999813e-02  1.8999961e-01 -1.0863730e-04], target_positions: [0.003 0.05  0.04 ]
object_positions: [-3.99998128e-02  1.89999610e-01 -1.07963984e-04], target_positions: [0.003 0.05  0.04 ]
object_positions: [-3.99998128e-02  1.89999610e-01 -1.07795546e-04], target_positions: [0.003 0.05  0.04 ]
object_positions: [-3.9999813e-02  1.8999961e-01 -1.0775358e-04], target_positions: [0.003 0.05  0.04 ]
object_positions: [-3.9999813e-02  1.8999961e-01 -1.0774338e-04], target_positions: [0.003 0.05  0.04 ]
object_positions: [-3.9999813e-02  1.8999961e-01 -1.0774058e-04], target_positions: [0.003 0.05  0.04 ]
object_positions: [-3.9999813e-02  1.8999961e-01 -1.0774003e-04], target_positions: [0.003 0.05  0.04 ]
object_positions: [-3.9999813e-02  1.8999961e-01 -1.0773947e-04], target_positions: [0.003 0.05  0.04 ]
object_positions: [-3.99998128e-02  1.89999610e-01 -1.07739615e-04], target_positions: [0.003 0.05  0.04 ]
object_positions: [-3.99998128e-02  1.89999610e-01 -1.07739754e-04], target_positions: [0.003 0.05  0.04 ]
object_positions: [-3.99998128e-02  1.89999610e-01 -1.07739485e-04], target_positions: [0.003 0.05  0.04 ]
object_positions: [-3.9999813e-02  1.8999961e-01 -1.0773961e-04], target_positions: [0.003 0.05  0.04 ]
object_positions: [-3.9999813e-02  1.8999961e-01 -1.0773978e-04], target_positions: [0.003 0.05  0.04 ]
object_positions: [-3.9999813e-02  1.8999961e-01 -1.0773953e-04], target_positions: [0.003 0.05  0.04 ]
object_positions: [-3.99998128e-02  1.89999610e-01 -1.07739885e-04], target_positions: [0.003 0.05  0.04 ]
object_positions: [-3.9999813e-02  1.8999961e-01 -1.0773956e-04], target_positions: [0.003 0.05  0.04 ]
object_positions: [-3.9999813e-02  1.8999961e-01 -1.0773978e-04], target_positions: [0.003 0.05  0.04 ]
object_positions: [-3.9999813e-02  1.8999961e-01 -1.0773947e-04], target_positions: [0.003 0.05  0.04 ]
object_positions: [-3.9999813e-02  1.8999961e-01 -1.0773949e-04], target_positions: [0.003 0.05  0.04 ]
object_positions: [-3.99998128e-02  1.89999610e-01 -1.07739535e-04], target_positions: [0.003 0.05  0.04 ]
object_positions: [-3.9999813e-02  1.8999961e-01 -1.0773958e-04], target_positions: [0.003 0.05  0.04 ]
object_positions: [-3.9999813e-02  1.8999961e-01 -1.0773941e-04], target_positions: [0.003 0.05  0.04 ]
object_positions: [-3.9999813e-02  1.8999961e-01 -1.0773977e-04], target_positions: [0.003 0.05  0.04 ]
object_positions: [-3.99998128e-02  1.89999610e-01 -1.07739776e-04], target_positions: [0.003 0.05  0.04 ]
object_positions: [-3.9999813e-02  1.8999961e-01 -1.0773972e-04], target_positions: [0.003 0.05  0.04 ]
object_positions: [-3.9999813e-02  1.8999961e-01 -1.0773955e-04], target_positions: [0.003 0.05  0.04 ]
object_positions: [-3.9999813e-02  1.8999961e-01 -1.0773947e-04], target_positions: [0.003 0.05  0.04 ]
object_positions: [-3.9999813e-02  1.8999961e-01 -1.0773970e-04], target_positions: [0.003 0.05  0.04 ]
object_positions: [-3.99998128e-02  1.89999610e-01 -1.07739885e-04], target_positions: [0.003 0.05  0.04 ]
object_positions: [-3.9999813e-02  1.8999961e-01 -1.0773956e-04], target_positions: [0.003 0.05  0.04 ]
object_positions: [-3.99998128e-02  1.89999610e-01 -1.07739725e-04], target_positions: [0.003 0.05  0.04 ]
object_positions: [-3.9999813e-02  1.8999961e-01 -1.0773941e-04], target_positions: [0.003 0.05  0.04 ]
object_positions: [-3.9999813e-02  1.8999961e-01 -1.0773946e-04], target_positions: [0.003 0.05  0.04 ]
grasp target: [-0.00999981  0.2099996   0.10989226]
grasp target: [-0.00999981  0.2099996   0.10989226]
grasp target: [-0.00999981  0.2099996   0.10989226]
grasp target: [-0.00999981  0.2099996   0.10989226]
grasp target: [-0.00999981  0.2099996   0.10989226]
grasp target: [-0.00999981  0.2099996   0.10989226]
grasp target: [-0.00999981  0.2099996   0.10989226]
grasp target: [-0.00999981  0.2099996   0.10989226]
grasp target: [-0.00999981  0.2099996   0.10989226]
grasp target: [-0.00999981  0.2099996   0.10989226]
grasp target: [-0.00999981  0.2099996   0.10989226]
grasp target: [-0.00999981  0.2099996   0.10989226]
grasp target: [-0.00999981  0.2099996   0.10989226]
grasp target: [-0.00999981  0.2099996   0.10989226]
grasp target: [-0.00999981  0.2099996   0.10989226]
grasp target: [-0.00999981  0.2099996   0.10989226]
grasp target: [-0.00999981  0.2099996   0.10989226]
grasp target: [-0.00999981  0.2099996   0.10989226]
grasp target: [-0.00999981  0.2099996   0.10989226]
grasp target: [-0.00999981  0.2099996   0.10989226]
grasp target: [-0.00999981  0.2099996   0.10989226]
grasp target: [-0.00999981  0.2099996   0.10989226]
grasp target: [-0.00999981  0.2099996   0.10989226]
grasp target: [-0.00999981  0.2099996   0.10989226]
grasp target: [-0.00999981  0.2099996   0.10989226]
grasp target: [-0.00999981  0.2099996   0.10989226]
grasp target: [-0.00999981  0.2099996   0.10989226]
grasp target: [-0.00999981  0.2099996   0.10989226]
grasp target: [-0.00999981  0.2099996   0.10989226]
grasp target: [-0.00999981  0.2099996   0.10989226]
grasp target: [-0.00999981  0.2099996   0.10989226]
grasp target: [-0.00999981  0.2099996   0.10989226]
grasp target: [-0.00999981  0.2099996   0.10989226]
grasp target: [-0.00999981  0.2099996   0.10989226]
grasp target: [-0.00999981  0.2099996   0.10989226]
grasp target: [-0.00999981  0.2099996   0.10989226]
grasp target: [-0.00999981  0.2099996   0.10989226]
grasp target: [-0.00999981  0.2099996   0.10989226]
grasp target: [-0.00999981  0.2099996   0.10989226]
grasp target: [-0.00999981  0.2099996   0.10989226]
grasp target: [-0.00999981  0.2099996   0.10989226]
grasp target: [-0.00999981  0.2099996   0.10989226]
grasp target: [-0.00999981  0.2099996   0.10989226]
grasp target: [-0.00999981  0.2099996   0.10989226]
grasp target: [-0.00999981  0.2099996   0.10989226]
  [ep 0/1, attempt 1] step 101/1600  terminated=False  truncated=False
place target: [0.003      0.05       0.16000001], object_position: [-0.02582179  0.0278166   0.25502256], distance: 0.2000109851360321
place target: [0.003      0.05       0.16000001], object_position: [-0.02611118  0.02677128  0.24940363], distance: 0.19436444342136383
place target: [0.003      0.05       0.16000001], object_position: [-0.02614417  0.02603879  0.24351649], distance: 0.18847115337848663
place target: [0.003      0.05       0.16000001], object_position: [-0.02618962  0.02547987  0.2376318 ], distance: 0.18257848918437958
place target: [0.003      0.05       0.16000001], object_position: [-0.02624876  0.02513985  0.23175526], distance: 0.1766885668039322
place target: [0.003      0.05       0.16000001], object_position: [-0.02630301  0.02489289  0.22587769], distance: 0.17079873383045197
place target: [0.003      0.05       0.16000001], object_position: [-0.02637327  0.02469593  0.22000563], distance: 0.16490933299064636
place target: [0.003      0.05       0.16000001], object_position: [-0.0264133   0.02459317  0.21412896], distance: 0.15901948511600494
place target: [0.003      0.05       0.16000001], object_position: [-0.02643952  0.02446935  0.20824893], distance: 0.15312929451465607
place target: [0.003      0.05       0.16000001], object_position: [-0.0264861   0.02443174  0.20237173], distance: 0.1472390741109848
place target: [0.003      0.05       0.16000001], object_position: [-0.02655294  0.02438183  0.19649814], distance: 0.14134842157363892
place target: [0.003      0.05       0.16000001], object_position: [-0.02659216  0.02436262  0.19061975], distance: 0.13545730710029602
place target: [0.003      0.05       0.16000001], object_position: [-0.02660128  0.02427299  0.18478292], distance: 0.1295660436153412
place target: [0.003      0.05       0.16000001], object_position: [-0.02664763  0.02431316  0.17888546], distance: 0.12368030101060867
place target: [0.003      0.05       0.16000001], object_position: [-0.02668577  0.02432224  0.17300817], distance: 0.11780361831188202
place target: [0.003      0.05       0.16000001], object_position: [-0.02671876  0.02432414  0.16714415], distance: 0.11193574965000153
place target: [0.003      0.05       0.16000001], object_position: [-0.0267639   0.02434559  0.16129865], distance: 0.1060762032866478
place target: [0.003      0.05       0.16000001], object_position: [-0.02678209  0.02433955  0.15545484], distance: 0.10022460669279099
place target: [0.003      0.05       0.16000001], object_position: [-0.02680281  0.02432635  0.14961913], distance: 0.09438066929578781
place target: [0.003      0.05       0.16000001], object_position: [-0.0268199   0.02432509  0.14379096], distance: 0.08854454010725021
place target: [0.003      0.05       0.16000001], object_position: [-0.02683347  0.02432809  0.13796921], distance: 0.08271545171737671
  [ep 0/1, attempt 1] step 201/1600  terminated=False  truncated=False
place target: [0.003      0.05       0.16000001], object_position: [-0.02684345  0.0243364   0.13215394], distance: 0.07689325511455536
place target: [0.003      0.05       0.16000001], object_position: [-0.02685021  0.02434267  0.12634416], distance: 0.07107798755168915
place target: [0.003      0.05       0.16000001], object_position: [-0.02685381  0.02434594  0.12053754], distance: 0.06526889652013779
place target: [0.003      0.05       0.16000001], object_position: [-0.0268553   0.02433095  0.11473689], distance: 0.05946578457951546
place target: [0.003      0.05       0.16000001], object_position: [-0.02685307  0.02434116  0.10894498], distance: 0.05366815999150276
place target: [0.003      0.05       0.16000001], object_position: [-0.02683181  0.02430783  0.1031579 ], distance: 0.047875598073005676
place target: [0.003      0.05       0.16000001], object_position: [-0.02682577  0.02435675  0.09737324], distance: 0.0420880988240242
place target: [0.003      0.05       0.16000001], object_position: [-0.02682208  0.02440291  0.09161051], distance: 0.036304689943790436
place target: [0.003      0.05       0.16000001], object_position: [-0.02680635  0.02438729  0.0858215 ], distance: 0.03052515909075737
place target: [0.003      0.05       0.16000001], object_position: [-0.0267888   0.02438227  0.08003917], distance: 0.02474929578602314
place target: [0.003      0.05       0.16000001], object_position: [-0.02675444  0.02434371  0.07426109], distance: 0.01897612400352955
place target: [0.003      0.05       0.16000001], object_position: [-0.02675803  0.02436321  0.06873493], distance: 0.013447284698486328
place target: [0.003      0.05       0.16000001], object_position: [-0.02681936  0.02435777  0.06473859], distance: 0.009441614151000977
place target: [0.003      0.05       0.16000001], object_position: [-0.02679833  0.02431329  0.06192758], distance: 0.006632277276366949
place target: [0.003      0.05       0.16000001], object_position: [-0.02677795  0.02435695  0.05995968], distance: 0.004658759105950594
object_positions: [-0.02766845  0.01602212  0.0494468 ], target_positions: [0.003 0.05  0.04 ]
object_positions: [-0.027669    0.01608126  0.04942329], target_positions: [0.003 0.05  0.04 ]
object_positions: [ 8.0000132e-02  1.8999979e-01 -3.6134108e-05], target_positions: [0.098 0.05  0.04 ]
object_positions: [-0.02766942  0.01614035  0.04939983], target_positions: [0.003 0.05  0.04 ]
object_positions: [ 8.0000140e-02  1.8999980e-01 -3.5441182e-05], target_positions: [0.098 0.05  0.04 ]
object_positions: [-0.02766973  0.0161994   0.04937642], target_positions: [0.003 0.05  0.04 ]
object_positions: [ 8.0000147e-02  1.8999977e-01 -3.6070003e-05], target_positions: [0.098 0.05  0.04 ]
object_positions: [-0.02766992  0.0162584   0.04935305], target_positions: [0.003 0.05  0.04 ]
object_positions: [ 8.0000155e-02  1.8999979e-01 -3.5069002e-05], target_positions: [0.098 0.05  0.04 ]
object_positions: [-0.02766998  0.01631736  0.04932972], target_positions: [0.003 0.05  0.04 ]
object_positions: [ 8.0000132e-02  1.8999979e-01 -3.4049302e-05], target_positions: [0.098 0.05  0.04 ]
object_positions: [-0.02766987  0.01637582  0.04930672], target_positions: [0.003 0.05  0.04 ]
object_positions: [ 8.0000140e-02  1.8999977e-01 -3.5428220e-05], target_positions: [0.098 0.05  0.04 ]
object_positions: [-0.02766944  0.01643129  0.04928526], target_positions: [0.003 0.05  0.04 ]
object_positions: [ 8.0000117e-02  1.8999979e-01 -3.1723306e-05], target_positions: [0.098 0.05  0.04 ]
object_positions: [-0.02766886  0.016484    0.04926499], target_positions: [0.003 0.05  0.04 ]
object_positions: [ 8.0000140e-02  1.8999979e-01 -3.5470406e-05], target_positions: [0.098 0.05  0.04 ]
object_positions: [-0.02766818  0.01653489  0.04924561], target_positions: [0.003 0.05  0.04 ]
object_positions: [ 8.0000140e-02  1.8999980e-01 -3.6130306e-05], target_positions: [0.098 0.05  0.04 ]
object_positions: [-0.0276675   0.01658419  0.04922694], target_positions: [0.003 0.05  0.04 ]
object_positions: [ 8.0000155e-02  1.8999980e-01 -3.4924298e-05], target_positions: [0.098 0.05  0.04 ]
object_positions: [-0.02766659  0.01663209  0.04920899], target_positions: [0.003 0.05  0.04 ]
object_positions: [ 8.0000132e-02  1.8999985e-01 -3.2224303e-05], target_positions: [0.098 0.05  0.04 ]
object_positions: [-0.02766537  0.01667865  0.04919158], target_positions: [0.003 0.05  0.04 ]
object_positions: [ 8.0000155e-02  1.8999986e-01 -3.4085300e-05], target_positions: [0.098 0.05  0.04 ]
object_positions: [-0.0276639   0.01672401  0.04917462], target_positions: [0.003 0.05  0.04 ]
object_positions: [ 8.0000155e-02  1.8999983e-01 -3.3770088e-05], target_positions: [0.098 0.05  0.04 ]
object_positions: [-0.02766253  0.01676892  0.04915796], target_positions: [0.003 0.05  0.04 ]
object_positions: [ 8.0000170e-02  1.8999983e-01 -3.5714405e-05], target_positions: [0.098 0.05  0.04 ]
object_positions: [-0.02766132  0.01681351  0.04914146], target_positions: [0.003 0.05  0.04 ]
object_positions: [ 8.0000184e-02  1.8999988e-01 -3.6519588e-05], target_positions: [0.098 0.05  0.04 ]
object_positions: [-0.0276603   0.01685781  0.0491251 ], target_positions: [0.003 0.05  0.04 ]
object_positions: [ 8.0000184e-02  1.8999989e-01 -3.6068046e-05], target_positions: [0.098 0.05  0.04 ]
object_positions: [-0.02765945  0.01690182  0.04910884], target_positions: [0.003 0.05  0.04 ]
object_positions: [ 8.0000184e-02  1.8999989e-01 -3.5425408e-05], target_positions: [0.098 0.05  0.04 ]
object_positions: [-0.02765877  0.01694557  0.0490927 ], target_positions: [0.003 0.05  0.04 ]
object_positions: [ 8.0000184e-02  1.8999988e-01 -3.6065332e-05], target_positions: [0.098 0.05  0.04 ]
object_positions: [-0.02765826  0.01698906  0.04907667], target_positions: [0.003 0.05  0.04 ]
object_positions: [ 8.0000192e-02  1.8999986e-01 -3.5071043e-05], target_positions: [0.098 0.05  0.04 ]
object_positions: [-0.02765791  0.01703229  0.04906074], target_positions: [0.003 0.05  0.04 ]
object_positions: [ 8.0000162e-02  1.8999992e-01 -3.5967463e-05], target_positions: [0.098 0.05  0.04 ]
object_positions: [-0.02765772  0.01707528  0.04904492], target_positions: [0.003 0.05  0.04 ]
object_positions: [ 8.0000162e-02  1.8999991e-01 -3.6260171e-05], target_positions: [0.098 0.05  0.04 ]
object_positions: [-0.02765768  0.01711804  0.04902919], target_positions: [0.003 0.05  0.04 ]
object_positions: [ 8.0000162e-02  1.8999992e-01 -3.5949201e-05], target_positions: [0.098 0.05  0.04 ]
object_positions: [-0.02765778  0.01716056  0.04901357], target_positions: [0.003 0.05  0.04 ]
object_positions: [ 8.0000177e-02  1.8999991e-01 -3.4437347e-05], target_positions: [0.098 0.05  0.04 ]
object_positions: [-0.02765802  0.01720287  0.04899803], target_positions: [0.003 0.05  0.04 ]
object_positions: [ 8.0000147e-02  1.8999988e-01 -3.5852045e-05], target_positions: [0.098 0.05  0.04 ]
object_positions: [-0.0276584   0.01724495  0.04898259], target_positions: [0.003 0.05  0.04 ]
object_positions: [ 8.0000132e-02  1.8999988e-01 -3.3911190e-05], target_positions: [0.098 0.05  0.04 ]
object_positions: [-0.02765891  0.01728684  0.04896723], target_positions: [0.003 0.05  0.04 ]
object_positions: [ 8.0000147e-02  1.8999985e-01 -3.6475038e-05], target_positions: [0.098 0.05  0.04 ]
object_positions: [-0.02765954  0.01732852  0.04895197], target_positions: [0.003 0.05  0.04 ]
object_positions: [ 8.0000147e-02  1.8999986e-01 -3.4177760e-05], target_positions: [0.098 0.05  0.04 ]
object_positions: [-0.0276603   0.01737001  0.04893679], target_positions: [0.003 0.05  0.04 ]
object_positions: [ 8.0000155e-02  1.8999982e-01 -3.3849574e-05], target_positions: [0.098 0.05  0.04 ]
object_positions: [-0.02766118  0.01741131  0.0489217 ], target_positions: [0.003 0.05  0.04 ]
object_positions: [ 8.0000140e-02  1.8999983e-01 -3.4343007e-05], target_positions: [0.098 0.05  0.04 ]
  [ep 0/1, attempt 1] step 301/1600  terminated=False  truncated=False
grasp target: [0.11000016 0.20999976 0.10996803]
grasp target: [0.11000016 0.20999977 0.10996732]
grasp target: [0.11000019 0.20999977 0.1099679 ]
grasp target: [0.11000016 0.20999978 0.10996537]
grasp target: [0.11000015 0.20999978 0.10996409]
grasp target: [0.11000015 0.20999978 0.10996375]
grasp target: [0.11000016 0.20999978 0.1099665 ]
grasp target: [0.11000014 0.20999983 0.10996883]
grasp target: [0.11000011 0.20999964 0.10996565]
grasp target: [0.11000013 0.20999967 0.10996607]
grasp target: [0.11000013 0.20999965 0.10996531]
grasp target: [0.11000013 0.20999964 0.10996906]
grasp target: [0.11000011 0.20999964 0.10996918]
grasp target: [0.11000013 0.20999962 0.1099696 ]
grasp target: [0.11000016 0.20999962 0.10996666]
grasp target: [0.11000017 0.20999959 0.10996748]
grasp target: [0.11000017 0.2099996  0.10996528]
grasp target: [0.11000016 0.2099996  0.10996471]
grasp target: [0.11000009 0.20999943 0.10996349]
grasp target: [0.11000007 0.20999946 0.10996404]
grasp target: [0.11000009 0.20999944 0.10996472]
grasp target: [0.11000007 0.20999949 0.1099639 ]
grasp target: [0.11000008 0.20999953 0.10996482]
grasp target: [0.11000006 0.20999953 0.10996597]
grasp target: [0.11000005 0.20999953 0.10996858]
grasp target: [0.11000018 0.20999971 0.1099654 ]
grasp target: [0.11000017 0.20999978 0.10996477]
grasp target: [0.11000014 0.2099998  0.10996833]
grasp target: [0.11000016 0.20999978 0.10996454]
grasp target: [0.11000015 0.20999978 0.10996387]
grasp target: [0.11000013 0.20999977 0.10996467]
grasp target: [0.1100001  0.20999968 0.10996626]
grasp target: [0.11000012 0.20999968 0.10996566]
grasp target: [0.11000012 0.20999965 0.10996453]
grasp target: [0.11000013 0.20999965 0.10996391]
grasp target: [0.11000014 0.20999962 0.10996437]
grasp target: [0.11000014 0.20999962 0.10996525]
grasp target: [0.11000013 0.20999958 0.10996306]
grasp target: [0.11000013 0.20999956 0.1099635 ]
grasp target: [0.11000012 0.20999955 0.10996523]
grasp target: [0.11000012 0.20999955 0.10996401]
grasp target: [0.11000007 0.2099994  0.10996466]
grasp target: [0.11000007 0.20999938 0.10996391]
grasp target: [0.11000006 0.20999938 0.1099641 ]
  [ep 0/1, attempt 1] step 401/1600  terminated=False  truncated=False
place target: [0.098      0.05       0.16000001], object_position: [0.06934135 0.02828602 0.2550148 ], distance: 0.20001724362373352
place target: [0.098      0.05       0.16000001], object_position: [0.06914543 0.02725613 0.24942449], distance: 0.19438399374485016
place target: [0.098      0.05       0.16000001], object_position: [0.06911577 0.02656698 0.24352281], distance: 0.18847478926181793
place target: [0.098      0.05       0.16000001], object_position: [0.06908546 0.02607383 0.23763376], distance: 0.18258096277713776
place target: [0.098      0.05       0.16000001], object_position: [0.06907377 0.02573018 0.231743  ], distance: 0.17668859660625458
place target: [0.098      0.05       0.16000001], object_position: [0.06904106 0.0254806  0.2258605 ], distance: 0.17079687118530273
place target: [0.098      0.05       0.16000001], object_position: [0.06898782 0.02529176 0.21998711], distance: 0.1649051159620285
place target: [0.098      0.05       0.16000001], object_position: [0.0689749  0.02519524 0.21409717], distance: 0.15901371836662292
place target: [0.098      0.05       0.16000001], object_position: [0.06895947 0.02511636 0.20820759], distance: 0.15312249958515167
place target: [0.098      0.05       0.16000001], object_position: [0.0689583  0.02506315 0.2023181 ], distance: 0.14723098278045654
place target: [0.098      0.05       0.16000001], object_position: [0.06893386 0.02501742 0.19643112], distance: 0.14133907854557037
place target: [0.098      0.05       0.16000001], object_position: [0.06889334 0.02498413 0.1905568 ], distance: 0.1354474425315857
place target: [0.098      0.05       0.16000001], object_position: [0.06888273 0.02497654 0.18466733], distance: 0.12955595552921295
place target: [0.098      0.05       0.16000001], object_position: [0.06889359 0.02498636 0.17877322], distance: 0.12366428226232529
place target: [0.098      0.05       0.16000001], object_position: [0.06886865 0.02495836 0.17288557], distance: 0.11777279525995255
place target: [0.098      0.05       0.16000001], object_position: [0.06884849 0.0249517  0.16700059], distance: 0.11188104003667831
place target: [0.098      0.05       0.16000001], object_position: [0.06881508 0.02494983 0.16112474], distance: 0.10598926246166229
place target: [0.098      0.05       0.16000001], object_position: [0.06880642 0.02495422 0.15523241], distance: 0.10009694844484329
place target: [0.098      0.05       0.16000001], object_position: [0.06882086 0.02490458 0.14933291], distance: 0.09420424699783325
place target: [0.098      0.05       0.16000001], object_position: [0.06879606 0.02493393 0.14345627], distance: 0.08831112831830978
place target: [0.098      0.05       0.16000001], object_position: [0.06877474 0.02494538 0.13757053], distance: 0.08241745084524155
place target: [0.098      0.05       0.16000001], object_position: [0.06873897 0.02495081 0.13169119], distance: 0.07652349770069122
place target: [0.098      0.05       0.16000001], object_position: [0.06872874 0.02495852 0.12579513], distance: 0.07062875479459763
place target: [0.098      0.05       0.16000001], object_position: [0.06873125 0.02496383 0.11990012], distance: 0.06473375111818314
place target: [0.098      0.05       0.16000001], object_position: [0.06871019 0.02495862 0.11400925], distance: 0.05883784592151642
place target: [0.098      0.05       0.16000001], object_position: [0.0686731  0.02495602 0.10812988], distance: 0.05294171720743179
place target: [0.098      0.05       0.16000001], object_position: [0.06866383 0.02496373 0.10223322], distance: 0.047044988721609116
place target: [0.098      0.05       0.16000001], object_position: [0.06867135 0.02497579 0.09633536], distance: 0.04114772006869316
place target: [0.098      0.05       0.16000001], object_position: [0.0686493  0.02496182 0.09044201], distance: 0.035249993205070496
place target: [0.098      0.05       0.16000001], object_position: [0.06860748 0.02494804 0.084563  ], distance: 0.02935175783932209
place target: [0.098      0.05       0.16000001], object_position: [0.06859933 0.02496087 0.07866392], distance: 0.0234534852206707
place target: [0.098      0.05       0.16000001], object_position: [0.06858896 0.02496124 0.07276472], distance: 0.01755472831428051
place target: [0.098      0.05       0.16000001], object_position: [0.06858159 0.02495787 0.06755909], distance: 0.012347370386123657
place target: [0.098      0.05       0.16000001], object_position: [0.06855841 0.02494854 0.06386119], distance: 0.008643279783427715
place target: [0.098      0.05       0.16000001], object_position: [0.0685528  0.02494754 0.06128469], distance: 0.006051663309335709
place target: [0.098      0.05       0.16000001], object_position: [0.06858474 0.02495422 0.05946717], distance: 0.004236726090312004
  [ep 0/1, attempt 1] step 501/1600  terminated=False  truncated=False
object_positions: [0.06891378 0.02617153 0.04633865], target_positions: [0.098 0.05  0.04 ]
object_positions: [-0.0284912   0.02521653  0.04648247], target_positions: [0.003 0.05  0.04 ]
object_positions: [0.06891377 0.02617148 0.04633865], target_positions: [0.098 0.05  0.04 ]
object_positions: [-4.0000636e-02 -2.3999858e-01 -1.1974148e-04], target_positions: [ 0.003 -0.045  0.04 ]
object_positions: [-0.02849472  0.02524676  0.04647455], target_positions: [0.003 0.05  0.04 ]
object_positions: [0.06891377 0.02617142 0.04633865], target_positions: [0.098 0.05  0.04 ]
object_positions: [-4.00006361e-02 -2.39998579e-01 -1.19741504e-04], target_positions: [ 0.003 -0.045  0.04 ]
object_positions: [-0.02849823  0.02527698  0.04646664], target_positions: [0.003 0.05  0.04 ]
object_positions: [0.06891377 0.02617136 0.04633865], target_positions: [0.098 0.05  0.04 ]
object_positions: [-4.0000636e-02 -2.3999858e-01 -1.1974151e-04], target_positions: [ 0.003 -0.045  0.04 ]
object_positions: [-0.02850173  0.02530717  0.04645875], target_positions: [0.003 0.05  0.04 ]
object_positions: [0.06891377 0.02617131 0.04633865], target_positions: [0.098 0.05  0.04 ]
object_positions: [-4.0000636e-02 -2.3999858e-01 -1.1974154e-04], target_positions: [ 0.003 -0.045  0.04 ]
object_positions: [-0.02850523  0.02533733  0.04645087], target_positions: [0.003 0.05  0.04 ]
object_positions: [0.06891377 0.02617125 0.04633865], target_positions: [0.098 0.05  0.04 ]
object_positions: [-4.0000636e-02 -2.3999858e-01 -1.1974153e-04], target_positions: [ 0.003 -0.045  0.04 ]
object_positions: [-0.02850873  0.02536747  0.04644301], target_positions: [0.003 0.05  0.04 ]
object_positions: [0.06891377 0.0261712  0.04633865], target_positions: [0.098 0.05  0.04 ]
object_positions: [-4.00006361e-02 -2.39998579e-01 -1.19741526e-04], target_positions: [ 0.003 -0.045  0.04 ]
object_positions: [-0.02851222  0.02539759  0.04643517], target_positions: [0.003 0.05  0.04 ]
object_positions: [0.06891377 0.02617114 0.04633865], target_positions: [0.098 0.05  0.04 ]
object_positions: [-4.0000636e-02 -2.3999858e-01 -1.1974153e-04], target_positions: [ 0.003 -0.045  0.04 ]
object_positions: [-0.0285157   0.02542769  0.04642734], target_positions: [0.003 0.05  0.04 ]
object_positions: [0.06891376 0.02617109 0.04633865], target_positions: [0.098 0.05  0.04 ]
object_positions: [-4.0000636e-02 -2.3999858e-01 -1.1974155e-04], target_positions: [ 0.003 -0.045  0.04 ]
object_positions: [-0.02851918  0.02545777  0.04641953], target_positions: [0.003 0.05  0.04 ]
object_positions: [0.06891376 0.02617103 0.04633865], target_positions: [0.098 0.05  0.04 ]
object_positions: [-4.0000636e-02 -2.3999858e-01 -1.1974153e-04], target_positions: [ 0.003 -0.045  0.04 ]
object_positions: [-0.02852265  0.02548782  0.04641173], target_positions: [0.003 0.05  0.04 ]
object_positions: [0.06891376 0.02617097 0.04633865], target_positions: [0.098 0.05  0.04 ]
object_positions: [-4.00006361e-02 -2.39998579e-01 -1.19741526e-04], target_positions: [ 0.003 -0.045  0.04 ]
object_positions: [-0.02852612  0.02551785  0.04640395], target_positions: [0.003 0.05  0.04 ]
object_positions: [0.06891376 0.02617092 0.04633865], target_positions: [0.098 0.05  0.04 ]
object_positions: [-4.00006361e-02 -2.39998579e-01 -1.19741504e-04], target_positions: [ 0.003 -0.045  0.04 ]
object_positions: [-0.02852958  0.02554785  0.04639618], target_positions: [0.003 0.05  0.04 ]
object_positions: [0.06891376 0.02617087 0.04633865], target_positions: [0.098 0.05  0.04 ]
object_positions: [-4.0000636e-02 -2.3999858e-01 -1.1974155e-04], target_positions: [ 0.003 -0.045  0.04 ]
object_positions: [-0.02853304  0.02557783  0.04638844], target_positions: [0.003 0.05  0.04 ]
object_positions: [0.06891376 0.02617081 0.04633865], target_positions: [0.098 0.05  0.04 ]
object_positions: [-4.0000636e-02 -2.3999858e-01 -1.1974154e-04], target_positions: [ 0.003 -0.045  0.04 ]
object_positions: [-0.02853649  0.02560779  0.0463807 ], target_positions: [0.003 0.05  0.04 ]
object_positions: [0.06891376 0.02617075 0.04633865], target_positions: [0.098 0.05  0.04 ]
object_positions: [-4.0000636e-02 -2.3999858e-01 -1.1974152e-04], target_positions: [ 0.003 -0.045  0.04 ]
object_positions: [-0.02853993  0.02563772  0.04637298], target_positions: [0.003 0.05  0.04 ]
object_positions: [0.06891374 0.0261707  0.04633865], target_positions: [0.098 0.05  0.04 ]
object_positions: [-4.0000636e-02 -2.3999858e-01 -1.1974157e-04], target_positions: [ 0.003 -0.045  0.04 ]
object_positions: [-0.02854337  0.02566764  0.04636528], target_positions: [0.003 0.05  0.04 ]
object_positions: [0.06891374 0.02617064 0.04633865], target_positions: [0.098 0.05  0.04 ]
object_positions: [-4.0000636e-02 -2.3999858e-01 -1.1974153e-04], target_positions: [ 0.003 -0.045  0.04 ]
object_positions: [-0.0285514   0.0257098   0.04632823], target_positions: [0.003 0.05  0.04 ]
object_positions: [0.06891374 0.02617059 0.04633865], target_positions: [0.098 0.05  0.04 ]
object_positions: [-4.00006361e-02 -2.39998579e-01 -1.19741504e-04], target_positions: [ 0.003 -0.045  0.04 ]
object_positions: [-0.02855398  0.02574992  0.04629627], target_positions: [0.003 0.05  0.04 ]
object_positions: [0.06891374 0.02617053 0.04633865], target_positions: [0.098 0.05  0.04 ]
object_positions: [-4.0000636e-02 -2.3999858e-01 -1.1974155e-04], target_positions: [ 0.003 -0.045  0.04 ]
object_positions: [-0.02855319  0.02584156  0.04600777], target_positions: [0.003 0.05  0.04 ]
object_positions: [0.06891374 0.02617048 0.04633865], target_positions: [0.098 0.05  0.04 ]
object_positions: [-4.0000636e-02 -2.3999858e-01 -1.1974152e-04], target_positions: [ 0.003 -0.045  0.04 ]
object_positions: [-0.0286295   0.02578066  0.04441704], target_positions: [0.003 0.05  0.04 ]
object_positions: [0.06891373 0.02617042 0.04633865], target_positions: [0.098 0.05  0.04 ]
object_positions: [-4.0000636e-02 -2.3999858e-01 -1.1974150e-04], target_positions: [ 0.003 -0.045  0.04 ]
object_positions: [-0.02866491  0.02592858  0.04401165], target_positions: [0.003 0.05  0.04 ]
object_positions: [0.06891373 0.02617037 0.04633865], target_positions: [0.098 0.05  0.04 ]
object_positions: [-4.0000636e-02 -2.3999858e-01 -1.1974152e-04], target_positions: [ 0.003 -0.045  0.04 ]
object_positions: [-0.02874046  0.02588567  0.04241788], target_positions: [0.003 0.05  0.04 ]
object_positions: [0.06891373 0.02617031 0.04633865], target_positions: [0.098 0.05  0.04 ]
object_positions: [-4.00006361e-02 -2.39998579e-01 -1.19741504e-04], target_positions: [ 0.003 -0.045  0.04 ]
object_positions: [-0.02879608  0.02605288  0.04196683], target_positions: [0.003 0.05  0.04 ]
object_positions: [0.06891373 0.02617025 0.04633865], target_positions: [0.098 0.05  0.04 ]
object_positions: [-4.00006361e-02 -2.39998579e-01 -1.19741504e-04], target_positions: [ 0.003 -0.045  0.04 ]
object_positions: [-0.02886742  0.02605995  0.0404916 ], target_positions: [0.003 0.05  0.04 ]
object_positions: [0.06891373 0.0261702  0.04633865], target_positions: [0.098 0.05  0.04 ]
object_positions: [-4.00006361e-02 -2.39998579e-01 -1.19741555e-04], target_positions: [ 0.003 -0.045  0.04 ]
object_positions: [-0.02901435  0.02620895  0.03861903], target_positions: [0.003 0.05  0.04 ]
object_positions: [0.06891373 0.02617014 0.04633865], target_positions: [0.098 0.05  0.04 ]
object_positions: [-4.00006361e-02 -2.39998579e-01 -1.19741504e-04], target_positions: [ 0.003 -0.045  0.04 ]
object_positions: [-0.02919965  0.02630824  0.03318103], target_positions: [0.003 0.05  0.04 ]
object_positions: [0.06891373 0.02617008 0.04633865], target_positions: [0.098 0.05  0.04 ]
object_positions: [-4.0000636e-02 -2.3999858e-01 -1.1974158e-04], target_positions: [ 0.003 -0.045  0.04 ]
object_positions: [-0.02924623  0.02632673  0.03151692], target_positions: [0.003 0.05  0.04 ]
object_positions: [0.06891373 0.02617003 0.04633865], target_positions: [0.098 0.05  0.04 ]
object_positions: [-4.00006361e-02 -2.39998579e-01 -1.19741526e-04], target_positions: [ 0.003 -0.045  0.04 ]
object_positions: [-0.02924587  0.02632638  0.03211936], target_positions: [0.003 0.05  0.04 ]
object_positions: [0.06891373 0.02616997 0.04633865], target_positions: [0.098 0.05  0.04 ]
object_positions: [-4.00006361e-02 -2.39998579e-01 -1.19741504e-04], target_positions: [ 0.003 -0.045  0.04 ]
object_positions: [-0.02924584  0.02632624  0.0322502 ], target_positions: [0.003 0.05  0.04 ]
object_positions: [0.06891373 0.02616992 0.04633865], target_positions: [0.098 0.05  0.04 ]
object_positions: [-4.0000636e-02 -2.3999858e-01 -1.1974150e-04], target_positions: [ 0.003 -0.045  0.04 ]
object_positions: [-0.02924579  0.02632613  0.03228184], target_positions: [0.003 0.05  0.04 ]
object_positions: [0.06891372 0.02616986 0.04633865], target_positions: [0.098 0.05  0.04 ]
object_positions: [-4.0000636e-02 -2.3999858e-01 -1.1974151e-04], target_positions: [ 0.003 -0.045  0.04 ]
object_positions: [-0.02924577  0.02632612  0.03229043], target_positions: [0.003 0.05  0.04 ]
object_positions: [0.06891371 0.0261698  0.04633865], target_positions: [0.098 0.05  0.04 ]
object_positions: [-4.0000636e-02 -2.3999858e-01 -1.1974151e-04], target_positions: [ 0.003 -0.045  0.04 ]
object_positions: [-0.02924572  0.02632611  0.03229183], target_positions: [0.003 0.05  0.04 ]
object_positions: [0.06891371 0.02616975 0.04633864], target_positions: [0.098 0.05  0.04 ]
object_positions: [-4.0000636e-02 -2.3999858e-01 -1.1974153e-04], target_positions: [ 0.003 -0.045  0.04 ]
object_positions: [-0.02924567  0.02632608  0.03229218], target_positions: [0.003 0.05  0.04 ]
object_positions: [0.06891371 0.02616969 0.04633864], target_positions: [0.098 0.05  0.04 ]
object_positions: [-4.00006361e-02 -2.39998579e-01 -1.19741504e-04], target_positions: [ 0.003 -0.045  0.04 ]
object_positions: [-0.02924564  0.026326    0.03229164], target_positions: [0.003 0.05  0.04 ]
object_positions: [0.06891371 0.02616964 0.04633864], target_positions: [0.098 0.05  0.04 ]
object_positions: [-4.00006361e-02 -2.39998579e-01 -1.19741504e-04], target_positions: [ 0.003 -0.045  0.04 ]
object_positions: [-0.02924562  0.02632601  0.03229615], target_positions: [0.003 0.05  0.04 ]
object_positions: [0.06891371 0.02616958 0.04633864], target_positions: [0.098 0.05  0.04 ]
object_positions: [-4.0000636e-02 -2.3999858e-01 -1.1974153e-04], target_positions: [ 0.003 -0.045  0.04 ]
object_positions: [-0.02924556  0.026326    0.03229327], target_positions: [0.003 0.05  0.04 ]
object_positions: [0.06891371 0.02616952 0.04633864], target_positions: [0.098 0.05  0.04 ]
object_positions: [-4.0000636e-02 -2.3999858e-01 -1.1974150e-04], target_positions: [ 0.003 -0.045  0.04 ]
object_positions: [-0.02924551  0.02632597  0.03229254], target_positions: [0.003 0.05  0.04 ]
object_positions: [0.06891371 0.02616947 0.04633864], target_positions: [0.098 0.05  0.04 ]
object_positions: [-4.00006361e-02 -2.39998579e-01 -1.19741504e-04], target_positions: [ 0.003 -0.045  0.04 ]
object_positions: [-0.02924549  0.02632589  0.032292  ], target_positions: [0.003 0.05  0.04 ]
object_positions: [0.06891371 0.02616941 0.04633864], target_positions: [0.098 0.05  0.04 ]
object_positions: [-4.0000636e-02 -2.3999858e-01 -1.1974150e-04], target_positions: [ 0.003 -0.045  0.04 ]
object_positions: [-0.02924546  0.02632583  0.03229223], target_positions: [0.003 0.05  0.04 ]
object_positions: [0.0689137  0.02616936 0.04633864], target_positions: [0.098 0.05  0.04 ]
object_positions: [-4.00006361e-02 -2.39998579e-01 -1.19741526e-04], target_positions: [ 0.003 -0.045  0.04 ]
object_positions: [-0.02924539  0.02632581  0.03229657], target_positions: [0.003 0.05  0.04 ]
object_positions: [0.0689137  0.0261693  0.04633864], target_positions: [0.098 0.05  0.04 ]
object_positions: [-4.0000636e-02 -2.3999858e-01 -1.1974151e-04], target_positions: [ 0.003 -0.045  0.04 ]
object_positions: [-0.02924529  0.02632575  0.03229337], target_positions: [0.003 0.05  0.04 ]
object_positions: [0.0689137  0.02616925 0.04633864], target_positions: [0.098 0.05  0.04 ]
object_positions: [-4.0000636e-02 -2.3999858e-01 -1.1974154e-04], target_positions: [ 0.003 -0.045  0.04 ]
object_positions: [-0.0292452   0.02632568  0.03229257], target_positions: [0.003 0.05  0.04 ]
object_positions: [0.06891369 0.02616919 0.04633864], target_positions: [0.098 0.05  0.04 ]
object_positions: [-4.00006361e-02 -2.39998579e-01 -1.19741526e-04], target_positions: [ 0.003 -0.045  0.04 ]
object_positions: [-0.02924518  0.0263256   0.03229132], target_positions: [0.003 0.05  0.04 ]
object_positions: [0.06891369 0.02616913 0.04633864], target_positions: [0.098 0.05  0.04 ]
object_positions: [-4.0000636e-02 -2.3999858e-01 -1.1974153e-04], target_positions: [ 0.003 -0.045  0.04 ]
object_positions: [-0.02924515  0.02632555  0.03229205], target_positions: [0.003 0.05  0.04 ]
object_positions: [0.06891369 0.02616908 0.04633864], target_positions: [0.098 0.05  0.04 ]
object_positions: [-4.0000636e-02 -2.3999858e-01 -1.1974150e-04], target_positions: [ 0.003 -0.045  0.04 ]
object_positions: [-0.02924513  0.02632549  0.03229224], target_positions: [0.003 0.05  0.04 ]
object_positions: [0.06891368 0.02616902 0.04633864], target_positions: [0.098 0.05  0.04 ]
object_positions: [-4.00006361e-02 -2.39998579e-01 -1.19741504e-04], target_positions: [ 0.003 -0.045  0.04 ]
object_positions: [-0.02924511  0.02632549  0.03229631], target_positions: [0.003 0.05  0.04 ]
object_positions: [0.06891368 0.02616897 0.04633864], target_positions: [0.098 0.05  0.04 ]
object_positions: [-4.00006361e-02 -2.39998579e-01 -1.19741504e-04], target_positions: [ 0.003 -0.045  0.04 ]
object_positions: [-0.02924506  0.02632546  0.03229331], target_positions: [0.003 0.05  0.04 ]
object_positions: [0.06891368 0.02616891 0.04633864], target_positions: [0.098 0.05  0.04 ]
object_positions: [-4.0000636e-02 -2.3999858e-01 -1.1974154e-04], target_positions: [ 0.003 -0.045  0.04 ]
object_positions: [-0.02924496  0.02632555  0.03229137], target_positions: [0.003 0.05  0.04 ]
object_positions: [0.06891368 0.02616885 0.04633864], target_positions: [0.098 0.05  0.04 ]
object_positions: [-4.0000636e-02 -2.3999858e-01 -1.1974150e-04], target_positions: [ 0.003 -0.045  0.04 ]
grasp target: [-0.01000064 -0.21999858  0.10988026]
grasp target: [-0.01000064 -0.21999858  0.10988026]
grasp target: [-0.01000064 -0.21999858  0.10988026]
grasp target: [-0.01000064 -0.21999858  0.10988026]
grasp target: [-0.01000064 -0.21999858  0.10988026]
grasp target: [-0.01000064 -0.21999858  0.10988026]
grasp target: [-0.01000064 -0.21999858  0.10988026]
grasp target: [-0.01000064 -0.21999858  0.10988026]
grasp target: [-0.01000064 -0.21999858  0.10988026]
grasp target: [-0.01000064 -0.21999858  0.10988026]
grasp target: [-0.01000064 -0.21999858  0.10988026]
grasp target: [-0.01000064 -0.21999858  0.10988026]
grasp target: [-0.01000064 -0.21999858  0.10988026]
grasp target: [-0.01000064 -0.21999858  0.10988026]
grasp target: [-0.01000064 -0.21999858  0.10988026]
grasp target: [-0.01000064 -0.21999858  0.10988026]
grasp target: [-0.01000064 -0.21999858  0.10988026]
grasp target: [-0.01000064 -0.21999858  0.10988026]
grasp target: [-0.01000064 -0.21999858  0.10988026]
grasp target: [-0.01000064 -0.21999858  0.10988026]
grasp target: [-0.01000064 -0.21999858  0.10988026]
grasp target: [-0.01000064 -0.21999858  0.10988026]
grasp target: [-0.01000064 -0.21999858  0.10988026]
  [ep 0/1, attempt 1] step 601/1600  terminated=False  truncated=False
grasp target: [-0.01000064 -0.21999858  0.10988026]
grasp target: [-0.01000064 -0.21999858  0.10988026]
grasp target: [-0.01000064 -0.21999858  0.10988026]
grasp target: [-0.01000064 -0.21999858  0.10988026]
grasp target: [-0.01000064 -0.21999858  0.10988026]
grasp target: [-0.01000064 -0.21999858  0.10988026]
grasp target: [-0.01000064 -0.21999858  0.10988026]
grasp target: [-0.01000064 -0.21999858  0.10988026]
grasp target: [-0.01000064 -0.21999858  0.10988026]
grasp target: [-0.01000064 -0.21999858  0.10988026]
grasp target: [-0.01000064 -0.21999858  0.10988026]
grasp target: [-0.01000064 -0.21999858  0.10988026]
grasp target: [-0.01000064 -0.21999858  0.10988026]
grasp target: [-0.01000064 -0.21999858  0.10988026]
grasp target: [-0.01000064 -0.21999858  0.10988026]
grasp target: [-0.01000064 -0.21999858  0.10988026]
grasp target: [-0.01000064 -0.21999858  0.10988026]
grasp target: [-0.01000064 -0.21999858  0.10988026]
grasp target: [-0.01000064 -0.21999858  0.10988026]
grasp target: [-0.01000064 -0.21999858  0.10988026]
grasp target: [-0.01000064 -0.21999858  0.10988026]
grasp target: [-0.01000064 -0.21999858  0.10988026]
  [ep 0/1, attempt 1] step 701/1600  terminated=False  truncated=False
place target: [ 0.003      -0.045       0.16000001], object_position: [-0.0263758  -0.07290019  0.25510028], distance: 0.20001763105392456
place target: [ 0.003      -0.045       0.16000001], object_position: [-0.02664316 -0.07197787  0.24948062], distance: 0.19437648355960846
place target: [ 0.003      -0.045       0.16000001], object_position: [-0.02665989 -0.07133481  0.24359548], distance: 0.1884876936674118
place target: [ 0.003      -0.045       0.16000001], object_position: [-0.02666024 -0.07096273  0.23775074], distance: 0.1825985461473465
place target: [ 0.003      -0.045       0.16000001], object_position: [-0.02673273 -0.07062247  0.23185356], distance: 0.17671138048171997
place target: [ 0.003      -0.045       0.16000001], object_position: [-0.02680085 -0.07033692  0.22596218], distance: 0.17082414031028748
place target: [ 0.003      -0.045       0.16000001], object_position: [-0.02685114 -0.07019361  0.22008404], distance: 0.16493669152259827
place target: [ 0.003      -0.045       0.16000001], object_position: [-0.02689775 -0.07008094  0.21420369], distance: 0.15904854238033295
place target: [ 0.003      -0.045       0.16000001], object_position: [-0.02694224 -0.06999704  0.20832479], distance: 0.15316005051136017
place target: [ 0.003      -0.045       0.16000001], object_position: [-0.02700191 -0.06993718  0.20245716], distance: 0.14727100729942322
place target: [ 0.003      -0.045       0.16000001], object_position: [-0.02703347 -0.06988833  0.19657198], distance: 0.14138171076774597
place target: [ 0.003      -0.045       0.16000001], object_position: [-0.02706509 -0.06983942  0.19069067], distance: 0.13549207150936127
place target: [ 0.003      -0.045       0.16000001], object_position: [-0.0271074  -0.06982438  0.1848121 ], distance: 0.12960195541381836
place target: [ 0.003      -0.045       0.16000001], object_position: [-0.02714836 -0.0698064   0.17893213], distance: 0.12371153384447098
place target: [ 0.003      -0.045       0.16000001], object_position: [-0.02720784 -0.06979842  0.1730755 ], distance: 0.11782954633235931
place target: [ 0.003      -0.045       0.16000001], object_position: [-0.02722774 -0.06977617  0.16720363], distance: 0.11195578426122665
place target: [ 0.003      -0.045       0.16000001], object_position: [-0.02725429 -0.06978703  0.16134708], distance: 0.10609018802642822
place target: [ 0.003      -0.045       0.16000001], object_position: [-0.02727062 -0.06975099  0.15550174], distance: 0.10023259371519089
place target: [ 0.003      -0.045       0.16000001], object_position: [-0.02729273 -0.06974798  0.14965871], distance: 0.09438246488571167
place target: [ 0.003      -0.045       0.16000001], object_position: [-0.02732551 -0.06971496  0.14383142], distance: 0.08853965997695923
place target: [ 0.003      -0.045       0.16000001], object_position: [-0.02733048 -0.06972104  0.13800474], distance: 0.08270435035228729
place target: [ 0.003      -0.045       0.16000001], object_position: [-0.02731673 -0.06972628  0.13219038], distance: 0.0768754854798317
place target: [ 0.003      -0.045       0.16000001], object_position: [-0.02733922 -0.06969871  0.12636073], distance: 0.07105336338281631
place target: [ 0.003      -0.045       0.16000001], object_position: [-0.02734685 -0.06971738  0.1205479 ], distance: 0.06523753702640533
place target: [ 0.003      -0.045       0.16000001], object_position: [-0.02735056 -0.06971991  0.1147401 ], distance: 0.059427421540021896
place target: [ 0.003      -0.045       0.16000001], object_position: [-0.0273654  -0.06969143  0.10895127], distance: 0.05362324044108391
place target: [ 0.003      -0.045       0.16000001], object_position: [-0.0273343  -0.06979398  0.10316601], distance: 0.04782465100288391
place target: [ 0.003      -0.045       0.16000001], object_position: [-0.02733317 -0.06974139  0.09736601], distance: 0.042031072080135345
place target: [ 0.003      -0.045       0.16000001], object_position: [-0.02732737 -0.06972522  0.0915729 ], distance: 0.03624238073825836
place target: [ 0.003      -0.045       0.16000001], object_position: [-0.02731989 -0.06969892  0.0857874 ], distance: 0.03045816533267498
place target: [ 0.003      -0.045       0.16000001], object_position: [-0.02728753 -0.06968055  0.08003625], distance: 0.0246783085167408
place target: [ 0.003      -0.045       0.16000001], object_position: [-0.02727754 -0.06971323  0.07424345], distance: 0.018902361392974854
place target: [ 0.003      -0.045       0.16000001], object_position: [-0.02728478 -0.06969193  0.06872407], distance: 0.01338881254196167
place target: [ 0.003      -0.045       0.16000001], object_position: [-0.02736088 -0.06965749  0.06477667], distance: 0.009401701390743256
place target: [ 0.003      -0.045       0.16000001], object_position: [-0.02733772 -0.06968941  0.06196269], distance: 0.006604759022593498
place target: [ 0.003      -0.045       0.16000001], object_position: [-0.02732564 -0.06960662  0.06001048], distance: 0.004640072118490934
  [ep 0/1, attempt 1] step 801/1600  terminated=False  truncated=False
object_positions: [-0.02929178 -0.0614996   0.03221638], target_positions: [ 0.003 -0.045  0.04 ]
object_positions: [-0.02923442  0.0263135   0.03229306], target_positions: [0.003 0.05  0.04 ]
object_positions: [0.06891324 0.02615568 0.04633863], target_positions: [0.098 0.05  0.04 ]
object_positions: [-0.02930419 -0.06154377  0.03221671], target_positions: [ 0.003 -0.045  0.04 ]
object_positions: [ 7.9999499e-02 -2.3999958e-01 -1.0773738e-04], target_positions: [ 0.11 -0.04  0.04]
object_positions: [-0.0292344   0.02631342  0.03229167], target_positions: [0.003 0.05  0.04 ]
object_positions: [0.06891323 0.02615562 0.04633863], target_positions: [0.098 0.05  0.04 ]
object_positions: [-0.0293138  -0.06158493  0.03221645], target_positions: [ 0.003 -0.045  0.04 ]
object_positions: [ 7.9999499e-02 -2.3999958e-01 -1.0773710e-04], target_positions: [ 0.11 -0.04  0.04]
object_positions: [-0.02923437  0.02631338  0.03229214], target_positions: [0.003 0.05  0.04 ]
object_positions: [0.06891323 0.02615557 0.04633863], target_positions: [0.098 0.05  0.04 ]
object_positions: [-0.02932355 -0.06162601  0.03221637], target_positions: [ 0.003 -0.045  0.04 ]
object_positions: [ 7.9999499e-02 -2.3999958e-01 -1.0773728e-04], target_positions: [ 0.11 -0.04  0.04]
object_positions: [-0.02923441  0.02631323  0.03230256], target_positions: [0.003 0.05  0.04 ]
object_positions: [0.06891323 0.02615551 0.04633863], target_positions: [0.098 0.05  0.04 ]
object_positions: [-0.02933615 -0.06167001  0.032217  ], target_positions: [ 0.003 -0.045  0.04 ]
object_positions: [ 7.9999499e-02 -2.3999958e-01 -1.0773704e-04], target_positions: [ 0.11 -0.04  0.04]
object_positions: [-0.02923425  0.02631331  0.03229475], target_positions: [0.003 0.05  0.04 ]
object_positions: [0.06891322 0.02615546 0.04633863], target_positions: [0.098 0.05  0.04 ]
object_positions: [-0.02934552 -0.06171105  0.03221664], target_positions: [ 0.003 -0.045  0.04 ]
object_positions: [ 7.9999499e-02 -2.3999958e-01 -1.0773711e-04], target_positions: [ 0.11 -0.04  0.04]
object_positions: [-0.02923416  0.02631325  0.03229291], target_positions: [0.003 0.05  0.04 ]
object_positions: [0.06891322 0.0261554  0.04633863], target_positions: [0.098 0.05  0.04 ]
object_positions: [-0.0293551  -0.06175202  0.03221646], target_positions: [ 0.003 -0.045  0.04 ]
object_positions: [ 7.9999499e-02 -2.3999958e-01 -1.0773712e-04], target_positions: [ 0.11 -0.04  0.04]
object_positions: [-0.02923412  0.02631314  0.03229044], target_positions: [0.003 0.05  0.04 ]
object_positions: [0.06891322 0.02615534 0.04633863], target_positions: [0.098 0.05  0.04 ]
object_positions: [-0.02936769 -0.06179535  0.03221739], target_positions: [ 0.003 -0.045  0.04 ]
object_positions: [ 7.9999499e-02 -2.3999958e-01 -1.0773728e-04], target_positions: [ 0.11 -0.04  0.04]
object_positions: [-0.02923409  0.02631316  0.03229617], target_positions: [0.003 0.05  0.04 ]
object_positions: [0.06891321 0.02615529 0.04633863], target_positions: [0.098 0.05  0.04 ]
object_positions: [-0.02937681 -0.06183628  0.0322168 ], target_positions: [ 0.003 -0.045  0.04 ]
object_positions: [ 7.9999499e-02 -2.3999958e-01 -1.0773740e-04], target_positions: [ 0.11 -0.04  0.04]
object_positions: [-0.02923403  0.02631314  0.03229327], target_positions: [0.003 0.05  0.04 ]
object_positions: [0.06891321 0.02615523 0.04633863], target_positions: [0.098 0.05  0.04 ]
object_positions: [-0.02938627 -0.06187713  0.0322166 ], target_positions: [ 0.003 -0.045  0.04 ]
object_positions: [ 7.9999499e-02 -2.3999958e-01 -1.0773702e-04], target_positions: [ 0.11 -0.04  0.04]
object_positions: [-0.02923398  0.02631313  0.03229254], target_positions: [0.003 0.05  0.04 ]
object_positions: [0.06891321 0.02615517 0.04633863], target_positions: [0.098 0.05  0.04 ]
object_positions: [-0.02939864 -0.06192071  0.03221735], target_positions: [ 0.003 -0.045  0.04 ]
object_positions: [ 7.9999499e-02 -2.3999958e-01 -1.0773728e-04], target_positions: [ 0.11 -0.04  0.04]
object_positions: [-0.02923396  0.02631309  0.03229729], target_positions: [0.003 0.05  0.04 ]
object_positions: [0.06891321 0.02615512 0.04633863], target_positions: [0.098 0.05  0.04 ]
object_positions: [-0.02940782 -0.0619615   0.0322169 ], target_positions: [ 0.003 -0.045  0.04 ]
object_positions: [ 7.9999499e-02 -2.3999958e-01 -1.0773697e-04], target_positions: [ 0.11 -0.04  0.04]
object_positions: [-0.0292339   0.02631306  0.03229355], target_positions: [0.003 0.05  0.04 ]
object_positions: [0.06891321 0.02615506 0.04633863], target_positions: [0.098 0.05  0.04 ]
object_positions: [-0.02941723 -0.06200228  0.03221665], target_positions: [ 0.003 -0.045  0.04 ]
object_positions: [ 7.9999499e-02 -2.3999958e-01 -1.0773715e-04], target_positions: [ 0.11 -0.04  0.04]
object_positions: [-0.02923385  0.02631304  0.03229262], target_positions: [0.003 0.05  0.04 ]
object_positions: [0.06891321 0.026155   0.04633863], target_positions: [0.098 0.05  0.04 ]
object_positions: [-0.02942926 -0.06204564  0.03221716], target_positions: [ 0.003 -0.045  0.04 ]
object_positions: [ 7.99994990e-02 -2.39999577e-01 -1.07737105e-04], target_positions: [ 0.11 -0.04  0.04]
object_positions: [-0.02923383  0.02631295  0.03229175], target_positions: [0.003 0.05  0.04 ]
object_positions: [0.06891321 0.02615495 0.04633863], target_positions: [0.098 0.05  0.04 ]
object_positions: [-0.0294385  -0.06208621  0.03221691], target_positions: [ 0.003 -0.045  0.04 ]
object_positions: [ 7.9999499e-02 -2.3999958e-01 -1.0773716e-04], target_positions: [ 0.11 -0.04  0.04]
object_positions: [-0.02923382  0.0263129   0.03229216], target_positions: [0.003 0.05  0.04 ]
object_positions: [0.06891321 0.02615489 0.04633863], target_positions: [0.098 0.05  0.04 ]
object_positions: [-0.02945074 -0.06212861  0.03221792], target_positions: [ 0.003 -0.045  0.04 ]
object_positions: [ 7.9999499e-02 -2.3999958e-01 -1.0773710e-04], target_positions: [ 0.11 -0.04  0.04]
object_positions: [-0.02923377  0.0263129   0.03229969], target_positions: [0.003 0.05  0.04 ]
object_positions: [0.06891321 0.02615484 0.04633863], target_positions: [0.098 0.05  0.04 ]
object_positions: [-0.02945958 -0.06216918  0.03221717], target_positions: [ 0.003 -0.045  0.04 ]
object_positions: [ 7.9999499e-02 -2.3999958e-01 -1.0773722e-04], target_positions: [ 0.11 -0.04  0.04]
object_positions: [-0.02923369  0.02631282  0.03229416], target_positions: [0.003 0.05  0.04 ]
object_positions: [0.06891321 0.02615478 0.04633863], target_positions: [0.098 0.05  0.04 ]
object_positions: [-0.02946883 -0.06220966  0.03221685], target_positions: [ 0.003 -0.045  0.04 ]
object_positions: [ 7.9999499e-02 -2.3999958e-01 -1.0773728e-04], target_positions: [ 0.11 -0.04  0.04]
object_positions: [-0.0292336   0.02631276  0.03229276], target_positions: [0.003 0.05  0.04 ]
object_positions: [0.06891321 0.02615472 0.04633863], target_positions: [0.098 0.05  0.04 ]
object_positions: [-0.02948064 -0.06225291  0.03221728], target_positions: [ 0.003 -0.045  0.04 ]
object_positions: [ 7.99994990e-02 -2.39999577e-01 -1.07737265e-04], target_positions: [ 0.11 -0.04  0.04]
object_positions: [-0.02923356  0.02631266  0.03229088], target_positions: [0.003 0.05  0.04 ]
object_positions: [0.06891321 0.02615466 0.04633863], target_positions: [0.098 0.05  0.04 ]
object_positions: [-0.02948979 -0.06229328  0.03221698], target_positions: [ 0.003 -0.045  0.04 ]
object_positions: [ 7.99994990e-02 -2.39999577e-01 -1.07737156e-04], target_positions: [ 0.11 -0.04  0.04]
object_positions: [-0.02923353  0.02631261  0.03229194], target_positions: [0.003 0.05  0.04 ]
object_positions: [0.06891319 0.02615461 0.04633863], target_positions: [0.098 0.05  0.04 ]
object_positions: [-0.02950146 -0.06233569  0.03221734], target_positions: [ 0.003 -0.045  0.04 ]
object_positions: [ 7.9999499e-02 -2.3999958e-01 -1.0773716e-04], target_positions: [ 0.11 -0.04  0.04]
object_positions: [-0.02923352  0.02631255  0.03229221], target_positions: [0.003 0.05  0.04 ]
object_positions: [0.06891319 0.02615455 0.04633863], target_positions: [0.098 0.05  0.04 ]
object_positions: [-0.02951052 -0.06237593  0.03221709], target_positions: [ 0.003 -0.045  0.04 ]
object_positions: [ 7.9999499e-02 -2.3999958e-01 -1.0773729e-04], target_positions: [ 0.11 -0.04  0.04]
object_positions: [-0.02923349  0.02631255  0.03229533], target_positions: [0.003 0.05  0.04 ]
object_positions: [0.06891319 0.02615449 0.04633863], target_positions: [0.098 0.05  0.04 ]
object_positions: [-0.02952221 -0.06241923  0.03221747], target_positions: [ 0.003 -0.045  0.04 ]
object_positions: [ 7.9999499e-02 -2.3999958e-01 -1.0773706e-04], target_positions: [ 0.11 -0.04  0.04]
object_positions: [-0.02923344  0.02631252  0.03229306], target_positions: [0.003 0.05  0.04 ]
object_positions: [0.06891319 0.02615444 0.04633863], target_positions: [0.098 0.05  0.04 ]
object_positions: [-0.02953117 -0.0624598   0.03221722], target_positions: [ 0.003 -0.045  0.04 ]
object_positions: [ 7.9999499e-02 -2.3999958e-01 -1.0773707e-04], target_positions: [ 0.11 -0.04  0.04]
object_positions: [-0.0292334   0.02631243  0.03229168], target_positions: [0.003 0.05  0.04 ]
object_positions: [0.06891318 0.02615438 0.04633863], target_positions: [0.098 0.05  0.04 ]
object_positions: [-0.02954275 -0.06250276  0.03221753], target_positions: [ 0.003 -0.045  0.04 ]
object_positions: [ 7.9999499e-02 -2.3999958e-01 -1.0773708e-04], target_positions: [ 0.11 -0.04  0.04]
object_positions: [-0.02923338  0.02631239  0.03229214], target_positions: [0.003 0.05  0.04 ]
object_positions: [0.06891318 0.02615433 0.04633863], target_positions: [0.098 0.05  0.04 ]
object_positions: [-0.0295546  -0.06254551  0.0322182 ], target_positions: [ 0.003 -0.045  0.04 ]
object_positions: [ 7.99994990e-02 -2.39999577e-01 -1.07737156e-04], target_positions: [ 0.11 -0.04  0.04]
object_positions: [-0.02923341  0.02631222  0.03230256], target_positions: [0.003 0.05  0.04 ]
object_positions: [0.06891318 0.02615427 0.04633863], target_positions: [0.098 0.05  0.04 ]
object_positions: [-0.02956317 -0.06258557  0.03221749], target_positions: [ 0.003 -0.045  0.04 ]
object_positions: [ 7.99994990e-02 -2.39999577e-01 -1.07736945e-04], target_positions: [ 0.11 -0.04  0.04]
object_positions: [-0.02923325  0.02631231  0.03229475], target_positions: [0.003 0.05  0.04 ]
object_positions: [0.06891318 0.02615421 0.04633863], target_positions: [0.098 0.05  0.04 ]
object_positions: [-0.02957468 -0.06262768  0.03221783], target_positions: [ 0.003 -0.045  0.04 ]
object_positions: [ 7.9999499e-02 -2.3999958e-01 -1.0773709e-04], target_positions: [ 0.11 -0.04  0.04]
object_positions: [-0.02923317  0.02631225  0.03229291], target_positions: [0.003 0.05  0.04 ]
object_positions: [0.06891318 0.02615416 0.04633863], target_positions: [0.098 0.05  0.04 ]
object_positions: [-0.02958339 -0.06266768  0.03221742], target_positions: [ 0.003 -0.045  0.04 ]
object_positions: [ 7.9999499e-02 -2.3999958e-01 -1.0773737e-04], target_positions: [ 0.11 -0.04  0.04]
object_positions: [-0.02923308  0.02631219  0.03229246], target_positions: [0.003 0.05  0.04 ]
object_positions: [0.06891318 0.0261541  0.04633863], target_positions: [0.098 0.05  0.04 ]
object_positions: [-0.02959481 -0.06271037  0.03221777], target_positions: [ 0.003 -0.045  0.04 ]
object_positions: [ 7.9999499e-02 -2.3999958e-01 -1.0773740e-04], target_positions: [ 0.11 -0.04  0.04]
object_positions: [-0.02923308  0.02631209  0.03229145], target_positions: [0.003 0.05  0.04 ]
object_positions: [0.06891318 0.02615404 0.04633863], target_positions: [0.098 0.05  0.04 ]
object_positions: [-0.02960346 -0.06274945  0.03221751], target_positions: [ 0.003 -0.045  0.04 ]
object_positions: [ 7.9999499e-02 -2.3999958e-01 -1.0773737e-04], target_positions: [ 0.11 -0.04  0.04]
object_positions: [-0.02923304  0.02631209  0.03229538], target_positions: [0.003 0.05  0.04 ]
object_positions: [0.06891318 0.02615399 0.04633863], target_positions: [0.098 0.05  0.04 ]
object_positions: [-0.02961478 -0.06279209  0.03221777], target_positions: [ 0.003 -0.045  0.04 ]
object_positions: [ 7.9999499e-02 -2.3999958e-01 -1.0773707e-04], target_positions: [ 0.11 -0.04  0.04]
object_positions: [-0.02923298  0.02631206  0.03229307], target_positions: [0.003 0.05  0.04 ]
object_positions: [0.06891318 0.02615393 0.04633863], target_positions: [0.098 0.05  0.04 ]
object_positions: [-0.02962617 -0.06283446  0.03221823], target_positions: [ 0.003 -0.045  0.04 ]
object_positions: [ 7.9999499e-02 -2.3999958e-01 -1.0773741e-04], target_positions: [ 0.11 -0.04  0.04]
grasp target: [ 0.0999995  -0.21999958  0.10989226]
grasp target: [ 0.0999995  -0.21999958  0.10989226]
grasp target: [ 0.0999995  -0.21999958  0.10989226]
grasp target: [ 0.0999995  -0.21999958  0.10989226]
grasp target: [ 0.0999995  -0.21999958  0.10989226]
grasp target: [ 0.0999995  -0.21999958  0.10989226]
grasp target: [ 0.0999995  -0.21999958  0.10989226]
grasp target: [ 0.0999995  -0.21999958  0.10989226]
grasp target: [ 0.0999995  -0.21999958  0.10989226]
grasp target: [ 0.0999995  -0.21999958  0.10989226]
grasp target: [ 0.0999995  -0.21999958  0.10989226]
grasp target: [ 0.0999995  -0.21999958  0.10989226]
grasp target: [ 0.0999995  -0.21999958  0.10989226]
grasp target: [ 0.0999995  -0.21999958  0.10989226]
grasp target: [ 0.0999995  -0.21999958  0.10989226]
grasp target: [ 0.0999995  -0.21999958  0.10989226]
grasp target: [ 0.0999995  -0.21999958  0.10989226]
grasp target: [ 0.0999995  -0.21999958  0.10989226]
grasp target: [ 0.0999995  -0.21999958  0.10989226]
grasp target: [ 0.0999995  -0.21999958  0.10989226]
grasp target: [ 0.0999995  -0.21999958  0.10989226]
grasp target: [ 0.0999995  -0.21999958  0.10989226]
grasp target: [ 0.0999995  -0.21999958  0.10989226]
grasp target: [ 0.0999995  -0.21999958  0.10989226]
grasp target: [ 0.0999995  -0.21999958  0.10989226]
grasp target: [ 0.0999995  -0.21999958  0.10989226]
grasp target: [ 0.0999995  -0.21999958  0.10989226]
grasp target: [ 0.0999995  -0.21999958  0.10989226]
grasp target: [ 0.0999995  -0.21999958  0.10989226]
grasp target: [ 0.0999995  -0.21999958  0.10989226]
grasp target: [ 0.0999995  -0.21999958  0.10989226]
grasp target: [ 0.0999995  -0.21999958  0.10989226]
grasp target: [ 0.0999995  -0.21999958  0.10989226]
grasp target: [ 0.0999995  -0.21999958  0.10989226]
grasp target: [ 0.0999995  -0.21999958  0.10989226]
grasp target: [ 0.0999995  -0.21999958  0.10989226]
grasp target: [ 0.0999995  -0.21999958  0.10989226]
grasp target: [ 0.0999995  -0.21999958  0.10989226]
grasp target: [ 0.0999995  -0.21999958  0.10989226]
grasp target: [ 0.0999995  -0.21999958  0.10989226]
grasp target: [ 0.0999995  -0.21999958  0.10989226]
grasp target: [ 0.0999995  -0.21999958  0.10989226]
grasp target: [ 0.0999995  -0.21999958  0.10989226]
grasp target: [ 0.0999995  -0.21999958  0.10989226]
  [ep 0/1, attempt 1] step 901/1600  terminated=False  truncated=False
place target: [ 0.11       -0.04        0.16000001], object_position: [ 0.09129722 -0.0674618   0.24662007], distance: 0.20001663267612457
place target: [ 0.11       -0.04        0.16000001], object_position: [ 0.09113078 -0.06666441  0.24097945], distance: 0.1943824589252472
place target: [ 0.11       -0.04        0.16000001], object_position: [ 0.09108119 -0.06610887  0.235063  ], distance: 0.18847540020942688
place target: [ 0.11       -0.04        0.16000001], object_position: [ 0.09105321 -0.06573699  0.22915906], distance: 0.18258394300937653
place target: [ 0.11       -0.04        0.16000001], object_position: [ 0.09106971 -0.06550715  0.22323938], distance: 0.17669272422790527
place target: [ 0.11       -0.04        0.16000001], object_position: [ 0.09102383 -0.06529911  0.21734746], distance: 0.17080141603946686
place target: [ 0.11       -0.04        0.16000001], object_position: [ 0.09098832 -0.06515918  0.21145207], distance: 0.16491000354290009
place target: [ 0.11       -0.04        0.16000001], object_position: [ 0.09093753 -0.06502772  0.20557918], distance: 0.15901871025562286
place target: [ 0.11       -0.04        0.16000001], object_position: [ 0.09092588 -0.06498573  0.19966707], distance: 0.15312710404396057
place target: [ 0.11       -0.04        0.16000001], object_position: [ 0.0909113  -0.06494456  0.19375989], distance: 0.14723573625087738
place target: [ 0.11       -0.04        0.16000001], object_position: [ 0.09091838 -0.06495681  0.18786809], distance: 0.14134444296360016
place target: [ 0.11       -0.04        0.16000001], object_position: [ 0.09088771 -0.06490138  0.18195923], distance: 0.13545246422290802
place target: [ 0.11       -0.04        0.16000001], object_position: [ 0.09084364 -0.06482688  0.17603865], distance: 0.12956032156944275
place target: [ 0.11       -0.04        0.16000001], object_position: [ 0.09084841 -0.06480562  0.1701375 ], distance: 0.12366794049739838
place target: [ 0.11       -0.04        0.16000001], object_position: [ 0.09082338 -0.06483187  0.1642441 ], distance: 0.1177753210067749
place target: [ 0.11       -0.04        0.16000001], object_position: [ 0.09080099 -0.06483173  0.1583466 ], distance: 0.11188217252492905
place target: [ 0.11       -0.04        0.16000001], object_position: [ 0.09075293 -0.06482101  0.15245086], distance: 0.10598856955766678
  [ep 0/1, attempt 1] step 1001/1600  terminated=False  truncated=False
place target: [ 0.11       -0.04        0.16000001], object_position: [ 0.09075899 -0.06480797  0.14653705], distance: 0.10009452700614929
place target: [ 0.11       -0.04        0.16000001], object_position: [ 0.09075396 -0.06479868  0.14063576], distance: 0.09420040994882584
place target: [ 0.11       -0.04        0.16000001], object_position: [ 0.09072821 -0.06480917  0.1347379 ], distance: 0.08830593526363373
place target: [ 0.11       -0.04        0.16000001], object_position: [ 0.09070529 -0.06480823  0.12883796], distance: 0.0824107825756073
place target: [ 0.11       -0.04        0.16000001], object_position: [ 0.09066577 -0.06480277  0.12295672], distance: 0.0765155553817749
place target: [ 0.11       -0.04        0.16000001], object_position: [ 0.09065679 -0.06480128  0.11704347], distance: 0.0706200823187828
place target: [ 0.11       -0.04        0.16000001], object_position: [ 0.09064353 -0.06479908  0.11113418], distance: 0.06472361832857132
place target: [ 0.11       -0.04        0.16000001], object_position: [ 0.09062784 -0.06479652  0.10522712], distance: 0.05882703885436058
place target: [ 0.11       -0.04        0.16000001], object_position: [ 0.0906213  -0.06478092  0.09930135], distance: 0.052930206060409546
place target: [ 0.11       -0.04        0.16000001], object_position: [ 0.09059478 -0.06478624  0.09340752], distance: 0.04703301936388016
  [ep 0/1, attempt 1] step 1011/1600  terminated=True  truncated=False
place target: [ 0.11       -0.04        0.16000001], object_position: [ 0.0905714  -0.06478547  0.08750916], distance: 0.04113546013832092
place target: [ 0.11       -0.04        0.16000001], object_position: [ 0.09053899 -0.06479162  0.08160569], distance: 0.035237379372119904
place target: [ 0.11       -0.04        0.16000001], object_position: [ 0.09052606 -0.06478278  0.07570444], distance: 0.02933948114514351
place target: [ 0.11       -0.04        0.16000001], object_position: [ 0.09049663 -0.06472158  0.0697883 ], distance: 0.023440765216946602
place target: [ 0.11       -0.04        0.16000001], object_position: [ 0.09048612 -0.06476148  0.06389008], distance: 0.017542142421007156
place target: [ 0.11       -0.04        0.16000001], object_position: [ 0.09046146 -0.06477102  0.05868156], distance: 0.012336814776062965
place target: [ 0.11       -0.04        0.16000001], object_position: [ 0.09045211 -0.06478056  0.05498312], distance: 0.008632106706500053
place target: [ 0.11       -0.04        0.16000001], object_position: [ 0.09041983 -0.06473456  0.0523583 ], distance: 0.006041518412530422
place target: [ 0.11       -0.04        0.16000001], object_position: [ 0.09045456 -0.06476036  0.05054544], distance: 0.004228480160236359
  [ep 0, attempt 1] Success at step 1011, collected 30 extra steps.
  [Success Rate] overall: 100.0% (1/1) | moving avg (last 1): 100.0%
[ManiLadder Camera] stop_recording target=/mnt/gck_website/maniladder.github.io/generated_demos/KitAssembly-v1/videos/orbit_camera_ep0.mp4
[38;5;159m[Genesis] [08:37:01] [INFO] Saving video to [38;5;121m"/mnt/gck_website/maniladder.github.io/generated_demos/KitAssembly-v1/videos/orbit_camera_ep0.mp4"[0m[38;5;159m...[0m
[38;5;159m[Genesis] [08:37:07] [INFO] Video saved.[0m
  Saved video: /mnt/gck_website/maniladder.github.io/generated_demos/KitAssembly-v1/videos/orbit_camera_ep0.mp4 exists=True
  Videos for episode 0 saved to /mnt/gck_website/maniladder.github.io/generated_demos/KitAssembly-v1/videos

============================================================
Done. 1 demo trajectories (traj_0..traj_0) saved to /mnt/gck_website/maniladder.github.io/generated_demos
Final   [Success Rate] overall: 100.0% (1/1) | moving avg (last 1): 100.0%
============================================================
[38;5;159m[Genesis] [08:37:07] [INFO] 💤 Exiting Genesis and caching compiled kernels...[0m
[W 09/29/26 08:37:07.523 3878543] [offline_cache.h:run@186] Lock /home/gck/.cache/gstaichi/ticache/kernel_compilation_manager/ticache.lock failed. You can run 'ti cache clean -p /home/gck/.cache/gstaichi/ticache/kernel_compilation_manager' and try again.
[W 09/29/26 08:37:07.724 3878543] [kernel_compilation_manager.cpp:dump@104] Lock /home/gck/.cache/gstaichi/ticache/kernel_compilation_manager/ticache.lock failed. Please run 'ti cache clean -p /home/gck/.cache/gstaichi/ticache/kernel_compilation_manager' and try again.
[W 09/29/26 08:37:08.017 3878543] [ptx_cache.cpp:dump@92] Lock /home/gck/.cache/gstaichi/ticache/ptx_cache/ptxcache.lock failed. Please run 'ti cache clean -p /home/gck/.cache/gstaichi/ticache/ptx_cache' and try again.
