[38;5;159m[Genesis] [08:26:58] [INFO] [38;5;121m╭───────────────────────────────────────────────╮[0m[38;5;159m[0m
[38;5;159m[Genesis] [08:26:58] [INFO] [38;5;121m│┈┉┈┉┈┉┈┉┈┉┈┉┈┉┈┉┈┉┈[0m[38;5;159m [38;5;121m[1m[3mGenesis[0m[38;5;159m [38;5;121m┈┉┈┉┈┉┈┉┈┉┈┉┈┉┈┉┈┉┈│[0m[38;5;159m[0m
[38;5;159m[Genesis] [08:26:58] [INFO] [38;5;121m╰───────────────────────────────────────────────╯[0m[38;5;159m[0m
[W 09/29/26 08:26:58.865 3582671] [ptx_cache.cpp:PtxCache@73] Lock /home/gck/.cache/gstaichi/ticache/ptx_cache/ptxcache.lock failed. Please run 'ti cache clean -p /home/gck/.cache/gstaichi/ticache/ptx_cache' and try again.
[38;5;159m[Genesis] [08:26:58] [INFO] Running on [38;5;121m[4m[NVIDIA A100-SXM4-80GB][0m[38;5;159m with backend [38;5;121m[4mgs.cuda[0m[38;5;159m. Device memory: [38;5;121m[4m79.25[0m[38;5;159m GB.[0m
[38;5;159m[Genesis] [08:26:58] [INFO] 🚀 Genesis initialized. 🔖 version: [38;5;121m[4m0.3.6[0m[38;5;159m, 🎨 theme: [38;5;121m[4mdark[0m[38;5;159m, 🌱 seed: [38;5;121m[4mNone[0m[38;5;159m, 🐛 debug: [38;5;121m[4mFalse[0m[38;5;159m, 📏 precision: [38;5;121m[4m32[0m[38;5;159m, 🏎️ performance: [38;5;121m[4mFalse[0m[38;5;159m, 💬 verbose: [38;5;121m[4mINFO[0m[38;5;159m[0m
[38;5;159m[Genesis] [08:27:01] [INFO] Scene [38;5;121m[3m<c4ce6e9>[0m[38;5;159m created.[0m
[38;5;159m[Genesis] [08:27:01] [INFO] Adding [38;5;121m<gs.RigidEntity>[0m[38;5;159m. idx: [38;5;121m0[0m[38;5;159m, uid: [38;5;121m[3m<78299c1>[0m[38;5;159m, morph: [38;5;121m<gs.morphs.URDF(file='/mnt4/gck/maniladder/maniladder/assets/urdf/panda_leaphand/panda_leaphand.urdf')>[0m[38;5;159m, material: [38;5;121m<gs.materials.Rigid>[0m[38;5;159m.[0m
[38;5;159m[Genesis] [08:27:04] [INFO] Applying offset to base link's pose with user provided value in morph.[0m
[38;5;159m[Genesis] [08:27:05] [INFO] Adding [38;5;121m<gs.RigidEntity>[0m[38;5;159m. idx: [38;5;121m1[0m[38;5;159m, uid: [38;5;121m[3m<3d676d6>[0m[38;5;159m, morph: [38;5;121m<gs.morphs.Mesh(file='/mnt4/gck/maniladder/maniladder/assets/models/table.glb')>[0m[38;5;159m, material: [38;5;121m<gs.materials.Rigid>[0m[38;5;159m.[0m
[38;5;226m[Genesis] [08:27:05] [WARNING] GLTF is using y-up while Genesis uses z-up. Please set parse_glb_with_zup=True in morph options if you find the mesh is 90-degree rotated. We will set parse_glb_with_zup=True and rotate glb mesh by default later and gradually enforce this option.[0m
/data/gck/miniconda3/envs/maniladder/lib/python3.10/site-packages/pygltflib/__init__.py:830: UserWarning: pygltflib currently does not remove image data from the buffer when converting to data uri.Please open an issue at https://gitlab.com/dodgyville/pygltflib/issues
  warnings.warn("pygltflib currently does not remove image data "
[38;5;159m[Genesis] [08:27:06] [INFO] Adding [38;5;121m<gs.RigidEntity>[0m[38;5;159m. idx: [38;5;121m2[0m[38;5;159m, uid: [38;5;121m[3m<e063a2a>[0m[38;5;159m, morph: [38;5;121m<gs.morphs.Box>[0m[38;5;159m, material: [38;5;121m<gs.materials.Rigid>[0m[38;5;159m.[0m
[38;5;159m[Genesis] [08:27:06] [INFO] Adding [38;5;121m<gs.RigidEntity>[0m[38;5;159m. idx: [38;5;121m3[0m[38;5;159m, uid: [38;5;121m[3m<85c1fae>[0m[38;5;159m, morph: [38;5;121m<gs.morphs.Plane>[0m[38;5;159m, material: [38;5;121m<gs.materials.Rigid>[0m[38;5;159m.[0m
[38;5;159m[Genesis] [08:27:06] [INFO] Adding [38;5;121m<gs.RigidEntity>[0m[38;5;159m. idx: [38;5;121m4[0m[38;5;159m, uid: [38;5;121m[3m<c4b19b3>[0m[38;5;159m, morph: [38;5;121m<gs.morphs.Box>[0m[38;5;159m, material: [38;5;121m<gs.materials.Rigid>[0m[38;5;159m.[0m
[38;5;159m[Genesis] [08:27:06] [INFO] Adding [38;5;121m<gs.RigidEntity>[0m[38;5;159m. idx: [38;5;121m5[0m[38;5;159m, uid: [38;5;121m[3m<70db979>[0m[38;5;159m, morph: [38;5;121m<gs.morphs.Box>[0m[38;5;159m, material: [38;5;121m<gs.materials.Rigid>[0m[38;5;159m.[0m
[38;5;159m[Genesis] [08:27:06] [INFO] Adding [38;5;121m<gs.RigidEntity>[0m[38;5;159m. idx: [38;5;121m6[0m[38;5;159m, uid: [38;5;121m[3m<400dcf5>[0m[38;5;159m, morph: [38;5;121m<gs.morphs.Box>[0m[38;5;159m, material: [38;5;121m<gs.materials.Rigid>[0m[38;5;159m.[0m
[38;5;159m[Genesis] [08:27:06] [INFO] Adding [38;5;121m<gs.RigidEntity>[0m[38;5;159m. idx: [38;5;121m7[0m[38;5;159m, uid: [38;5;121m[3m<a9a6e8f>[0m[38;5;159m, morph: [38;5;121m<gs.morphs.URDF(file='/mnt4/gck/maniladder/maniladder/assets/models/bucket/100431_thick_handle/mobility.urdf')>[0m[38;5;159m, material: [38;5;121m<gs.materials.Rigid>[0m[38;5;159m.[0m
[38;5;159m[Genesis] [08:27:07] [INFO] Falling back to legacy URDF parser. Default values of physics properties may be off.[0m
[38;5;159m[Genesis] [08:27:07] [INFO] Applying offset to base link's pose with user provided value in morph.[0m
[38;5;159m[Genesis] [08:27:07] [INFO] Preprocessing geom idx [38;5;121m[4m83[0m[38;5;159m.[0m
[38;5;159m[Genesis] [08:27:07] [INFO] Preprocessing geom idx [38;5;121m[4m84[0m[38;5;159m.[0m
[38;5;159m[Genesis] [08:27:07] [INFO] Preprocessing geom idx [38;5;121m[4m85[0m[38;5;159m.[0m
[38;5;159m[Genesis] [08:27:07] [INFO] Preprocessing geom idx [38;5;121m[4m86[0m[38;5;159m.[0m
[38;5;159m[Genesis] [08:27:07] [INFO] Preprocessing geom idx [38;5;121m[4m87[0m[38;5;159m.[0m
[38;5;159m[Genesis] [08:27:07] [INFO] Preprocessing geom idx [38;5;121m[4m88[0m[38;5;159m.[0m
[38;5;159m[Genesis] [08:27:07] [INFO] Preprocessing geom idx [38;5;121m[4m89[0m[38;5;159m.[0m
[38;5;159m[Genesis] [08:27:07] [INFO] Preprocessing geom idx [38;5;121m[4m90[0m[38;5;159m.[0m
[38;5;159m[Genesis] [08:27:08] [INFO] Preprocessing geom idx [38;5;121m[4m91[0m[38;5;159m.[0m
[38;5;159m[Genesis] [08:27:08] [INFO] Preprocessing geom idx [38;5;121m[4m92[0m[38;5;159m.[0m
[38;5;159m[Genesis] [08:27:08] [INFO] Preprocessing geom idx [38;5;121m[4m93[0m[38;5;159m.[0m
[38;5;159m[Genesis] [08:27:08] [INFO] Preprocessing geom idx [38;5;121m[4m94[0m[38;5;159m.[0m
[38;5;159m[Genesis] [08:27:08] [INFO] Preprocessing geom idx [38;5;121m[4m95[0m[38;5;159m.[0m
[38;5;159m[Genesis] [08:27:08] [INFO] Preprocessing geom idx [38;5;121m[4m96[0m[38;5;159m.[0m
[38;5;159m[Genesis] [08:27:08] [INFO] Preprocessing geom idx [38;5;121m[4m97[0m[38;5;159m.[0m
[38;5;159m[Genesis] [08:27:08] [INFO] Preprocessing geom idx [38;5;121m[4m98[0m[38;5;159m.[0m
[38;5;159m[Genesis] [08:27:09] [INFO] Preprocessing geom idx [38;5;121m[4m99[0m[38;5;159m.[0m
[38;5;159m[Genesis] [08:27:09] [INFO] Preprocessing geom idx [38;5;121m[4m100[0m[38;5;159m.[0m
[38;5;159m[Genesis] [08:27:09] [INFO] Preprocessing geom idx [38;5;121m[4m101[0m[38;5;159m.[0m
[38;5;159m[Genesis] [08:27:09] [INFO] Preprocessing geom idx [38;5;121m[4m102[0m[38;5;159m.[0m
[38;5;159m[Genesis] [08:27:09] [INFO] Preprocessing geom idx [38;5;121m[4m103[0m[38;5;159m.[0m
[38;5;159m[Genesis] [08:27:09] [INFO] Preprocessing geom idx [38;5;121m[4m104[0m[38;5;159m.[0m
[38;5;159m[Genesis] [08:27:09] [INFO] Preprocessing geom idx [38;5;121m[4m105[0m[38;5;159m.[0m
[38;5;159m[Genesis] [08:27:09] [INFO] Preprocessing geom idx [38;5;121m[4m106[0m[38;5;159m.[0m
[38;5;159m[Genesis] [08:27:09] [INFO] Preprocessing geom idx [38;5;121m[4m107[0m[38;5;159m.[0m
[38;5;159m[Genesis] [08:27:09] [INFO] Preprocessing geom idx [38;5;121m[4m108[0m[38;5;159m.[0m
[38;5;159m[Genesis] [08:27:10] [INFO] Preprocessing geom idx [38;5;121m[4m109[0m[38;5;159m.[0m
[38;5;159m[Genesis] [08:27:10] [INFO] Preprocessing geom idx [38;5;121m[4m110[0m[38;5;159m.[0m
[38;5;159m[Genesis] [08:27:10] [INFO] Preprocessing geom idx [38;5;121m[4m111[0m[38;5;159m.[0m
[38;5;159m[Genesis] [08:27:10] [INFO] Preprocessing geom idx [38;5;121m[4m112[0m[38;5;159m.[0m
[38;5;159m[Genesis] [08:27:10] [INFO] Preprocessing geom idx [38;5;121m[4m113[0m[38;5;159m.[0m
[38;5;159m[Genesis] [08:27:10] [INFO] Preprocessing geom idx [38;5;121m[4m114[0m[38;5;159m.[0m
[38;5;159m[Genesis] [08:27:10] [INFO] Preprocessing geom idx [38;5;121m[4m115[0m[38;5;159m.[0m
[38;5;159m[Genesis] [08:27:11] [INFO] Preprocessing geom idx [38;5;121m[4m116[0m[38;5;159m.[0m
[38;5;159m[Genesis] [08:27:11] [INFO] Preprocessing geom idx [38;5;121m[4m117[0m[38;5;159m.[0m
[38;5;159m[Genesis] [08:27:11] [INFO] Preprocessing geom idx [38;5;121m[4m118[0m[38;5;159m.[0m
[38;5;159m[Genesis] [08:27:11] [INFO] Preprocessing geom idx [38;5;121m[4m119[0m[38;5;159m.[0m
[38;5;159m[Genesis] [08:27:11] [INFO] Preprocessing geom idx [38;5;121m[4m120[0m[38;5;159m.[0m
[38;5;159m[Genesis] [08:27:11] [INFO] Preprocessing geom idx [38;5;121m[4m121[0m[38;5;159m.[0m
[38;5;159m[Genesis] [08:27:11] [INFO] Preprocessing geom idx [38;5;121m[4m122[0m[38;5;159m.[0m
[38;5;159m[Genesis] [08:27:11] [INFO] Preprocessing geom idx [38;5;121m[4m123[0m[38;5;159m.[0m
[38;5;159m[Genesis] [08:27:11] [INFO] Preprocessing geom idx [38;5;121m[4m124[0m[38;5;159m.[0m
[38;5;159m[Genesis] [08:27:11] [INFO] Preprocessing geom idx [38;5;121m[4m125[0m[38;5;159m.[0m
[38;5;159m[Genesis] [08:27:11] [INFO] Preprocessing geom idx [38;5;121m[4m126[0m[38;5;159m.[0m
[38;5;159m[Genesis] [08:27:11] [INFO] Preprocessing geom idx [38;5;121m[4m127[0m[38;5;159m.[0m
[38;5;159m[Genesis] [08:27:11] [INFO] Preprocessing geom idx [38;5;121m[4m128[0m[38;5;159m.[0m
[38;5;159m[Genesis] [08:27:11] [INFO] Preprocessing geom idx [38;5;121m[4m129[0m[38;5;159m.[0m
[38;5;159m[Genesis] [08:27:11] [INFO] Preprocessing geom idx [38;5;121m[4m130[0m[38;5;159m.[0m
[38;5;159m[Genesis] [08:27:11] [INFO] Preprocessing geom idx [38;5;121m[4m131[0m[38;5;159m.[0m
[38;5;159m[Genesis] [08:27:11] [INFO] Preprocessing geom idx [38;5;121m[4m132[0m[38;5;159m.[0m
[38;5;159m[Genesis] [08:27:11] [INFO] Preprocessing geom idx [38;5;121m[4m133[0m[38;5;159m.[0m
[38;5;159m[Genesis] [08:27:11] [INFO] Preprocessing geom idx [38;5;121m[4m134[0m[38;5;159m.[0m
[38;5;159m[Genesis] [08:27:12] [INFO] Preprocessing geom idx [38;5;121m[4m135[0m[38;5;159m.[0m
[38;5;159m[Genesis] [08:27:12] [INFO] Preprocessing geom idx [38;5;121m[4m136[0m[38;5;159m.[0m
[38;5;159m[Genesis] [08:27:12] [INFO] Preprocessing geom idx [38;5;121m[4m137[0m[38;5;159m.[0m
[38;5;159m[Genesis] [08:27:12] [INFO] Preprocessing geom idx [38;5;121m[4m138[0m[38;5;159m.[0m
[38;5;159m[Genesis] [08:27:12] [INFO] Preprocessing geom idx [38;5;121m[4m139[0m[38;5;159m.[0m
[38;5;159m[Genesis] [08:27:12] [INFO] Preprocessing geom idx [38;5;121m[4m140[0m[38;5;159m.[0m
[38;5;159m[Genesis] [08:27:12] [INFO] Preprocessing geom idx [38;5;121m[4m141[0m[38;5;159m.[0m
[38;5;159m[Genesis] [08:27:12] [INFO] Preprocessing geom idx [38;5;121m[4m142[0m[38;5;159m.[0m
[38;5;159m[Genesis] [08:27:12] [INFO] Building scene [38;5;121m[3m<c4ce6e9>[0m[38;5;159m...[0m
[W 09/29/26 08:27:12.861 3582671] [kernel_compilation_manager.cpp:KernelCompilationManager@69] Lock /home/gck/.cache/gstaichi/ticache/kernel_compilation_manager/ticache.lock failed. Please run 'ti cache clean -p /home/gck/.cache/gstaichi/ticache/kernel_compilation_manager' and try again.
[38;5;226m[Genesis] [08:27:15] [WARNING] Reference robot position exceeds joint limits.[0m
[38;5;226m[Genesis] [08:27:17] [WARNING] max_collision_pairs 500 is smaller than the theoretical maximal possible pairs 7849, it uses less memory but might lead to missing some collision pairs if there are too many collision pairs[0m
[38;5;159m[Genesis] [08:27:26] [INFO] Compiling simulation kernels...[0m
[38;5;159m[Genesis] [08:28:02] [INFO] Building visualizer...[0m
/data/gck/miniconda3/envs/maniladder/lib/python3.10/site-packages/torch/utils/_device.py:109: UserWarning: The given NumPy array is not writable, and PyTorch does not support non-writable tensors. This means writing to this tensor will result in undefined behavior. You may want to copy the array to protect its data or make it writable before converting it to a tensor. This type of warning will be suppressed for the rest of this program. (Triggered internally at /pytorch/torch/csrc/utils/tensor_numpy.cpp:213.)
  return func(*args, **kwargs)
Action space: Box(-1.0, 1.0, (22,), float32)
Generating 1 orbit video-only demos → /mnt/gck_website/maniladder.github.io/generated_demos/LiftBucket-v1
  [ep 0/1, attempt 1] step 1/300  terminated=False  truncated=False
  [ep 0/1, attempt 1] step 101/300  terminated=False  truncated=False
  [ep 0/1, attempt 1] step 161/300  terminated=True  truncated=False
  [ep 0, attempt 1] Success at step 161, collected 30 extra steps.
  [Success Rate] overall: 100.0% (1/1) | moving avg (last 1): 100.0%
[ManiLadder Camera] stop_recording target=/mnt/gck_website/maniladder.github.io/generated_demos/LiftBucket-v1/videos/orbit_camera_ep0.mp4
[38;5;159m[Genesis] [08:28:21] [INFO] Saving video to [38;5;121m"/mnt/gck_website/maniladder.github.io/generated_demos/LiftBucket-v1/videos/orbit_camera_ep0.mp4"[0m[38;5;159m...[0m
[38;5;159m[Genesis] [08:28:22] [INFO] Video saved.[0m
  Saved video: /mnt/gck_website/maniladder.github.io/generated_demos/LiftBucket-v1/videos/orbit_camera_ep0.mp4 exists=True
  Videos for episode 0 saved to /mnt/gck_website/maniladder.github.io/generated_demos/LiftBucket-v1/videos

============================================================
Done. 1 demo trajectories (traj_0..traj_0) saved to /mnt/gck_website/maniladder.github.io/generated_demos
Final   [Success Rate] overall: 100.0% (1/1) | moving avg (last 1): 100.0%
============================================================
[38;5;159m[Genesis] [08:28:22] [INFO] 💤 Exiting Genesis and caching compiled kernels...[0m
[W 09/29/26 08:28:22.920 3582671] [offline_cache.h:run@186] Lock /home/gck/.cache/gstaichi/ticache/kernel_compilation_manager/ticache.lock failed. You can run 'ti cache clean -p /home/gck/.cache/gstaichi/ticache/kernel_compilation_manager' and try again.
[W 09/29/26 08:28:23.121 3582671] [kernel_compilation_manager.cpp:dump@104] Lock /home/gck/.cache/gstaichi/ticache/kernel_compilation_manager/ticache.lock failed. Please run 'ti cache clean -p /home/gck/.cache/gstaichi/ticache/kernel_compilation_manager' and try again.
[W 09/29/26 08:28:23.373 3582671] [ptx_cache.cpp:dump@92] Lock /home/gck/.cache/gstaichi/ticache/ptx_cache/ptxcache.lock failed. Please run 'ti cache clean -p /home/gck/.cache/gstaichi/ticache/ptx_cache' and try again.
