[38;5;159m[Genesis] [08:27:27] [INFO] [38;5;121m╭───────────────────────────────────────────────╮[0m[38;5;159m[0m
[38;5;159m[Genesis] [08:27:27] [INFO] [38;5;121m│┈┉┈┉┈┉┈┉┈┉┈┉┈┉┈┉┈┉┈[0m[38;5;159m [38;5;121m[1m[3mGenesis[0m[38;5;159m [38;5;121m┈┉┈┉┈┉┈┉┈┉┈┉┈┉┈┉┈┉┈│[0m[38;5;159m[0m
[38;5;159m[Genesis] [08:27:27] [INFO] [38;5;121m╰───────────────────────────────────────────────╯[0m[38;5;159m[0m
[W 09/29/26 08:27:28.536 3658042] [ptx_cache.cpp:PtxCache@73] Lock /home/gck/.cache/gstaichi/ticache/ptx_cache/ptxcache.lock failed. Please run 'ti cache clean -p /home/gck/.cache/gstaichi/ticache/ptx_cache' and try again.
[38;5;159m[Genesis] [08:27:28] [INFO] Running on [38;5;121m[4m[NVIDIA A100-SXM4-80GB][0m[38;5;159m with backend [38;5;121m[4mgs.cuda[0m[38;5;159m. Device memory: [38;5;121m[4m79.25[0m[38;5;159m GB.[0m
[38;5;159m[Genesis] [08:27:28] [INFO] 🚀 Genesis initialized. 🔖 version: [38;5;121m[4m0.3.6[0m[38;5;159m, 🎨 theme: [38;5;121m[4mdark[0m[38;5;159m, 🌱 seed: [38;5;121m[4mNone[0m[38;5;159m, 🐛 debug: [38;5;121m[4mFalse[0m[38;5;159m, 📏 precision: [38;5;121m[4m32[0m[38;5;159m, 🏎️ performance: [38;5;121m[4mFalse[0m[38;5;159m, 💬 verbose: [38;5;121m[4mINFO[0m[38;5;159m[0m
[38;5;159m[Genesis] [08:27:30] [INFO] Scene [38;5;121m[3m<3a53e1b>[0m[38;5;159m created.[0m
[38;5;159m[Genesis] [08:27:30] [INFO] Adding [38;5;121m<gs.RigidEntity>[0m[38;5;159m. idx: [38;5;121m0[0m[38;5;159m, uid: [38;5;121m[3m<2a66f77>[0m[38;5;159m, morph: [38;5;121m<gs.morphs.MJCF(file='/mnt4/gck/maniladder/maniladder/assets/xml/franka_emika_panda/panda.xml')>[0m[38;5;159m, material: [38;5;121m<gs.materials.Rigid>[0m[38;5;159m.[0m
[38;5;226m[Genesis] [08:27:31] [WARNING] (MJCF) Approximating tendon by joint actuator for `finger_joint1`[0m
[38;5;226m[Genesis] [08:27:31] [WARNING] (MJCF) Actuator control gain and bias parameters cannot be reduced to a unique PD control position gain. Using max between gain and bias for joint `finger_joint1`.[0m
[38;5;226m[Genesis] [08:27:31] [WARNING] (MJCF) Approximating tendon by joint actuator for `finger_joint2`[0m
[38;5;226m[Genesis] [08:27:31] [WARNING] (MJCF) Actuator control gain and bias parameters cannot be reduced to a unique PD control position gain. Using max between gain and bias for joint `finger_joint2`.[0m
[38;5;159m[Genesis] [08:27:31] [INFO] Applying offset to base link's pose with user provided value in morph.[0m
[38;5;159m[Genesis] [08:27:31] [INFO] Adding [38;5;121m<gs.RigidEntity>[0m[38;5;159m. idx: [38;5;121m1[0m[38;5;159m, uid: [38;5;121m[3m<cdbc785>[0m[38;5;159m, morph: [38;5;121m<gs.morphs.Mesh(file='/mnt4/gck/maniladder/maniladder/assets/models/table.glb')>[0m[38;5;159m, material: [38;5;121m<gs.materials.Rigid>[0m[38;5;159m.[0m
[38;5;226m[Genesis] [08:27:31] [WARNING] GLTF is using y-up while Genesis uses z-up. Please set parse_glb_with_zup=True in morph options if you find the mesh is 90-degree rotated. We will set parse_glb_with_zup=True and rotate glb mesh by default later and gradually enforce this option.[0m
/data/gck/miniconda3/envs/maniladder/lib/python3.10/site-packages/pygltflib/__init__.py:830: UserWarning: pygltflib currently does not remove image data from the buffer when converting to data uri.Please open an issue at https://gitlab.com/dodgyville/pygltflib/issues
  warnings.warn("pygltflib currently does not remove image data "
[38;5;159m[Genesis] [08:27:31] [INFO] Adding [38;5;121m<gs.RigidEntity>[0m[38;5;159m. idx: [38;5;121m2[0m[38;5;159m, uid: [38;5;121m[3m<a3d7d4a>[0m[38;5;159m, morph: [38;5;121m<gs.morphs.Box>[0m[38;5;159m, material: [38;5;121m<gs.materials.Rigid>[0m[38;5;159m.[0m
[38;5;159m[Genesis] [08:27:31] [INFO] Adding [38;5;121m<gs.RigidEntity>[0m[38;5;159m. idx: [38;5;121m3[0m[38;5;159m, uid: [38;5;121m[3m<9c5ef9b>[0m[38;5;159m, morph: [38;5;121m<gs.morphs.Plane>[0m[38;5;159m, material: [38;5;121m<gs.materials.Rigid>[0m[38;5;159m.[0m
[38;5;159m[Genesis] [08:27:31] [INFO] Adding [38;5;121m<gs.RigidEntity>[0m[38;5;159m. idx: [38;5;121m4[0m[38;5;159m, uid: [38;5;121m[3m<4f958bf>[0m[38;5;159m, morph: [38;5;121m<gs.morphs.Box>[0m[38;5;159m, material: [38;5;121m<gs.materials.Rigid>[0m[38;5;159m.[0m
[38;5;159m[Genesis] [08:27:31] [INFO] Adding [38;5;121m<gs.RigidEntity>[0m[38;5;159m. idx: [38;5;121m5[0m[38;5;159m, uid: [38;5;121m[3m<f1bf80b>[0m[38;5;159m, morph: [38;5;121m<gs.morphs.Box>[0m[38;5;159m, material: [38;5;121m<gs.materials.Rigid>[0m[38;5;159m.[0m
[38;5;159m[Genesis] [08:27:31] [INFO] Adding [38;5;121m<gs.RigidEntity>[0m[38;5;159m. idx: [38;5;121m6[0m[38;5;159m, uid: [38;5;121m[3m<6fe2617>[0m[38;5;159m, morph: [38;5;121m<gs.morphs.Box>[0m[38;5;159m, material: [38;5;121m<gs.materials.Rigid>[0m[38;5;159m.[0m
[38;5;159m[Genesis] [08:27:31] [INFO] Adding [38;5;121m<gs.RigidEntity>[0m[38;5;159m. idx: [38;5;121m7[0m[38;5;159m, uid: [38;5;121m[3m<da60ff9>[0m[38;5;159m, morph: [38;5;121m<gs.morphs.Mesh(file='/mnt4/gck/maniladder/maniladder/assets/models/pen/Pen_v2_L3.123c7a7e09ed-f8dc-4d88-b279-37b29fe26293/10302_Pen_v2_L3.obj')>[0m[38;5;159m, material: [38;5;121m<gs.materials.Rigid>[0m[38;5;159m.[0m
[38;5;159m[Genesis] [08:27:32] [INFO] Convex hull is not accurate enough for collision detection (2.052). Falling back to more expensive convex decomposition (see FileMorph options).[0m
[38;5;159m[Genesis] [08:27:32] [INFO] Preprocessing geom idx [38;5;121m[4m25[0m[38;5;159m.[0m
[38;5;159m[Genesis] [08:27:32] [INFO] Adding [38;5;121m<gs.RigidEntity>[0m[38;5;159m. idx: [38;5;121m8[0m[38;5;159m, uid: [38;5;121m[3m<edb6866>[0m[38;5;159m, morph: [38;5;121m<gs.morphs.Mesh(file='/mnt4/gck/maniladder/maniladder/assets/models/penholder/Pen Holder.stl')>[0m[38;5;159m, material: [38;5;121m<gs.materials.Rigid>[0m[38;5;159m.[0m
[38;5;159m[Genesis] [08:27:32] [INFO] Convex hull is not accurate enough for collision detection (8.036). Falling back to more expensive convex decomposition (see FileMorph options).[0m
[38;5;159m[Genesis] [08:27:32] [INFO] Running convex decomposition.[0m
[2026-09-29 08:27:32.478] [CoACD] [info] threshold               0.1
[2026-09-29 08:27:32.478] [CoACD] [info] max # convex hull       -1
[2026-09-29 08:27:32.478] [CoACD] [info] preprocess mode         auto
[2026-09-29 08:27:32.478] [CoACD] [info] preprocess resolution   30
[2026-09-29 08:27:32.478] [CoACD] [info] pca                     false
[2026-09-29 08:27:32.478] [CoACD] [info] mcts max depth          3
[2026-09-29 08:27:32.478] [CoACD] [info] mcts nodes              20
[2026-09-29 08:27:32.478] [CoACD] [info] mcts iterations         100
[2026-09-29 08:27:32.478] [CoACD] [info] merge                   true
[2026-09-29 08:27:32.478] [CoACD] [info] decimate                false
[2026-09-29 08:27:32.478] [CoACD] [info] max_ch_vertex           256
[2026-09-29 08:27:32.478] [CoACD] [info] extrude                 false
[2026-09-29 08:27:32.478] [CoACD] [info] extrude margin          0.1
[2026-09-29 08:27:32.478] [CoACD] [info] approximate mode        ch
[2026-09-29 08:27:32.478] [CoACD] [info] seed                    0
[2026-09-29 08:27:32.479] [CoACD] [info]  - Manifold Check
[2026-09-29 08:27:32.481] [CoACD] [info] 	Unclosed mesh
[2026-09-29 08:27:32.481] [CoACD] [info] Manifold Check Time: 0.001418s
[2026-09-29 08:27:32.481] [CoACD] [info] Mesh Manifoldness: false
[2026-09-29 08:27:32.481] [CoACD] [info]  - Preprocess
[2026-09-29 08:27:32.481] [CoACD] [info] Preprocess resolution: 30
[2026-09-29 08:27:32.777] [CoACD] [info] Preprocess Time: 19.668653s
[2026-09-29 08:27:32.778] [CoACD] [info] # Points: 31984
[2026-09-29 08:27:32.778] [CoACD] [info] # Triangles: 64244
[2026-09-29 08:27:32.778] [CoACD] [info]  - Decomposition (MCTS)
[2026-09-29 08:27:32.778] [CoACD] [info] iter 0 ---- waiting pool: 1
[2026-09-29 08:27:32.780] [CoACD] [info] Processing [0.0%]
[2026-09-29 08:27:39.208] [CoACD] [info] Processing [100.0%]
[2026-09-29 08:27:39.208] [CoACD] [info] iter 1 ---- waiting pool: 2
[2026-09-29 08:27:39.208] [CoACD] [info] Processing [0.0%]
[2026-09-29 08:27:39.208] [CoACD] [info] Processing [50.0%]
[2026-09-29 08:27:42.849] [CoACD] [info] Processing [100.0%]
[2026-09-29 08:27:42.849] [CoACD] [info] iter 2 ---- waiting pool: 4
[2026-09-29 08:27:42.850] [CoACD] [info] Processing [0.0%]
[2026-09-29 08:27:42.850] [CoACD] [info] Processing [25.0%]
[2026-09-29 08:27:42.851] [CoACD] [info] Processing [50.0%]
[2026-09-29 08:27:42.851] [CoACD] [info] Processing [75.0%]
[2026-09-29 08:27:44.955] [CoACD] [info] Processing [100.0%]
[2026-09-29 08:27:44.955] [CoACD] [info] iter 3 ---- waiting pool: 8
[2026-09-29 08:27:44.956] [CoACD] [info] Processing [0.0%]
[2026-09-29 08:27:44.956] [CoACD] [info] Processing [37.5%]
[2026-09-29 08:27:44.956] [CoACD] [info] Processing [12.5%]
[2026-09-29 08:27:44.956] [CoACD] [info] Processing [25.0%]
[2026-09-29 08:27:44.956] [CoACD] [info] Processing [75.0%]
[2026-09-29 08:27:44.956] [CoACD] [info] Processing [50.0%]
[2026-09-29 08:27:44.956] [CoACD] [info] Processing [62.5%]
[2026-09-29 08:27:44.956] [CoACD] [info] Processing [87.5%]
[2026-09-29 08:27:46.914] [CoACD] [info] Processing [100.0%]
[2026-09-29 08:27:46.914] [CoACD] [info] iter 4 ---- waiting pool: 8
[2026-09-29 08:27:46.915] [CoACD] [info] Processing [0.0%]
[2026-09-29 08:27:46.915] [CoACD] [info] Processing [25.0%]
[2026-09-29 08:27:46.915] [CoACD] [info] Processing [75.0%]
[2026-09-29 08:27:46.915] [CoACD] [info] Processing [37.5%]
[2026-09-29 08:27:46.915] [CoACD] [info] Processing [50.0%]
[2026-09-29 08:27:46.915] [CoACD] [info] Processing [12.5%]
[2026-09-29 08:27:46.915] [CoACD] [info] Processing [87.5%]
[2026-09-29 08:27:46.915] [CoACD] [info] Processing [62.5%]
[2026-09-29 08:27:48.477] [CoACD] [info] Processing [100.0%]
[2026-09-29 08:27:48.477] [CoACD] [info] iter 5 ---- waiting pool: 16
[2026-09-29 08:27:48.477] [CoACD] [info] Processing [0.0%]
[2026-09-29 08:27:48.477] [CoACD] [info] Processing [37.5%]
[2026-09-29 08:27:48.477] [CoACD] [info] Processing [12.5%]
[2026-09-29 08:27:48.477] [CoACD] [info] Processing [25.0%]
[2026-09-29 08:27:48.478] [CoACD] [info] Processing [75.0%]
[2026-09-29 08:27:48.478] [CoACD] [info] Processing [50.0%]
[2026-09-29 08:27:48.478] [CoACD] [info] Processing [87.5%]
[2026-09-29 08:27:48.478] [CoACD] [info] Processing [62.5%]
[2026-09-29 08:27:50.046] [CoACD] [info] Processing [100.0%]
[2026-09-29 08:27:50.046] [CoACD] [info] iter 6 ---- waiting pool: 10
[2026-09-29 08:27:50.053] [CoACD] [info] Processing [20.0%]
[2026-09-29 08:27:50.053] [CoACD] [info] Processing [40.0%]
[2026-09-29 08:27:50.053] [CoACD] [info] Processing [0.0%]
[2026-09-29 08:27:50.053] [CoACD] [info] Processing [80.0%]
[2026-09-29 08:27:50.053] [CoACD] [info] Processing [60.0%]
[2026-09-29 08:27:50.074] [CoACD] [info] Processing [100.0%]
[2026-09-29 08:27:50.074] [CoACD] [info]  - Merge Convex Hulls
[2026-09-29 08:27:52.325] [CoACD] [info] Compute Time: 19.547332609072328s
[2026-09-29 08:27:52.325] [CoACD] [info] # Convex Hulls: 22
[38;5;159m[Genesis] [08:27:52] [INFO] Preprocessing geom idx [38;5;121m[4m26[0m[38;5;159m.[0m
[38;5;159m[Genesis] [08:27:53] [INFO] Preprocessing geom idx [38;5;121m[4m27[0m[38;5;159m.[0m
[38;5;159m[Genesis] [08:27:53] [INFO] Preprocessing geom idx [38;5;121m[4m28[0m[38;5;159m.[0m
[38;5;159m[Genesis] [08:27:53] [INFO] Preprocessing geom idx [38;5;121m[4m29[0m[38;5;159m.[0m
[38;5;159m[Genesis] [08:27:53] [INFO] Preprocessing geom idx [38;5;121m[4m30[0m[38;5;159m.[0m
[38;5;159m[Genesis] [08:27:54] [INFO] Preprocessing geom idx [38;5;121m[4m31[0m[38;5;159m.[0m
[38;5;159m[Genesis] [08:27:54] [INFO] Preprocessing geom idx [38;5;121m[4m32[0m[38;5;159m.[0m
[38;5;159m[Genesis] [08:27:54] [INFO] Preprocessing geom idx [38;5;121m[4m33[0m[38;5;159m.[0m
[38;5;159m[Genesis] [08:27:54] [INFO] Preprocessing geom idx [38;5;121m[4m34[0m[38;5;159m.[0m
[38;5;159m[Genesis] [08:27:55] [INFO] Preprocessing geom idx [38;5;121m[4m35[0m[38;5;159m.[0m
[38;5;159m[Genesis] [08:27:55] [INFO] Preprocessing geom idx [38;5;121m[4m36[0m[38;5;159m.[0m
[38;5;159m[Genesis] [08:27:55] [INFO] Preprocessing geom idx [38;5;121m[4m37[0m[38;5;159m.[0m
[38;5;159m[Genesis] [08:27:55] [INFO] Preprocessing geom idx [38;5;121m[4m38[0m[38;5;159m.[0m
[38;5;159m[Genesis] [08:27:56] [INFO] Preprocessing geom idx [38;5;121m[4m39[0m[38;5;159m.[0m
[38;5;159m[Genesis] [08:27:56] [INFO] Preprocessing geom idx [38;5;121m[4m40[0m[38;5;159m.[0m
[38;5;159m[Genesis] [08:27:56] [INFO] Preprocessing geom idx [38;5;121m[4m41[0m[38;5;159m.[0m
[38;5;159m[Genesis] [08:27:56] [INFO] Preprocessing geom idx [38;5;121m[4m42[0m[38;5;159m.[0m
[38;5;159m[Genesis] [08:27:57] [INFO] Preprocessing geom idx [38;5;121m[4m43[0m[38;5;159m.[0m
[38;5;159m[Genesis] [08:27:57] [INFO] Preprocessing geom idx [38;5;121m[4m44[0m[38;5;159m.[0m
[38;5;159m[Genesis] [08:27:57] [INFO] Preprocessing geom idx [38;5;121m[4m45[0m[38;5;159m.[0m
[38;5;159m[Genesis] [08:27:57] [INFO] Preprocessing geom idx [38;5;121m[4m46[0m[38;5;159m.[0m
[38;5;159m[Genesis] [08:27:57] [INFO] Preprocessing geom idx [38;5;121m[4m47[0m[38;5;159m.[0m
[38;5;159m[Genesis] [08:27:57] [INFO] Building scene [38;5;121m[3m<3a53e1b>[0m[38;5;159m...[0m
[W 09/29/26 08:27:58.262 3658042] [kernel_compilation_manager.cpp:KernelCompilationManager@69] Lock /home/gck/.cache/gstaichi/ticache/kernel_compilation_manager/ticache.lock failed. Please run 'ti cache clean -p /home/gck/.cache/gstaichi/ticache/kernel_compilation_manager' and try again.
[38;5;226m[Genesis] [08:28:01] [WARNING] Reference robot position exceeds joint limits.[0m
[38;5;226m[Genesis] [08:28:03] [WARNING] Constraint solver time constant should be greater than 2*substep_dt. timeconst is changed from `0.005` to `0.02`). Decrease simulation timestep or increase timeconst to avoid altering the original value.[0m
[38;5;159m[Genesis] [08:28:14] [INFO] Compiling simulation kernels...[0m
[38;5;159m[Genesis] [08:28:50] [INFO] Building visualizer...[0m
/data/gck/miniconda3/envs/maniladder/lib/python3.10/site-packages/torch/utils/_device.py:109: UserWarning: The given NumPy array is not writable, and PyTorch does not support non-writable tensors. This means writing to this tensor will result in undefined behavior. You may want to copy the array to protect its data or make it writable before converting it to a tensor. This type of warning will be suppressed for the rest of this program. (Triggered internally at /pytorch/torch/csrc/utils/tensor_numpy.cpp:213.)
  return func(*args, **kwargs)
/data/gck/miniconda3/envs/maniladder/lib/python3.10/site-packages/torch/utils/_device.py:109: UserWarning: To copy construct from a tensor, it is recommended to use sourceTensor.detach().clone() or sourceTensor.detach().clone().requires_grad_(True), rather than torch.tensor(sourceTensor).
  return func(*args, **kwargs)
starting initialize episode
Action space: Box(-1.0, 1.0, (7,), float32)
Generating 1 orbit video-only demos → /mnt/gck_website/maniladder.github.io/generated_demos/PickPlacePen-v1
starting initialize episode
  [ep 0/1, attempt 1] step 1/500  terminated=False  truncated=False
  [ep 0/1, attempt 1] step 101/500  terminated=False  truncated=False
  [ep 0/1, attempt 1] step 201/500  terminated=False  truncated=False
  [ep 0/1, attempt 1] step 253/500  terminated=True  truncated=False
  [ep 0, attempt 1] Success at step 253, collected 30 extra steps.
  [Success Rate] overall: 100.0% (1/1) | moving avg (last 1): 100.0%
[ManiLadder Camera] stop_recording target=/mnt/gck_website/maniladder.github.io/generated_demos/PickPlacePen-v1/videos/orbit_camera_ep0.mp4
[38;5;159m[Genesis] [08:29:55] [INFO] Saving video to [38;5;121m"/mnt/gck_website/maniladder.github.io/generated_demos/PickPlacePen-v1/videos/orbit_camera_ep0.mp4"[0m[38;5;159m...[0m
[38;5;159m[Genesis] [08:29:57] [INFO] Video saved.[0m
  Saved video: /mnt/gck_website/maniladder.github.io/generated_demos/PickPlacePen-v1/videos/orbit_camera_ep0.mp4 exists=True
  Videos for episode 0 saved to /mnt/gck_website/maniladder.github.io/generated_demos/PickPlacePen-v1/videos

============================================================
Done. 1 demo trajectories (traj_0..traj_0) saved to /mnt/gck_website/maniladder.github.io/generated_demos
Final   [Success Rate] overall: 100.0% (1/1) | moving avg (last 1): 100.0%
============================================================
[38;5;159m[Genesis] [08:29:57] [INFO] 💤 Exiting Genesis and caching compiled kernels...[0m
[W 09/29/26 08:29:57.546 3658042] [offline_cache.h:run@186] Lock /home/gck/.cache/gstaichi/ticache/kernel_compilation_manager/ticache.lock failed. You can run 'ti cache clean -p /home/gck/.cache/gstaichi/ticache/kernel_compilation_manager' and try again.
[W 09/29/26 08:29:57.747 3658042] [kernel_compilation_manager.cpp:dump@104] Lock /home/gck/.cache/gstaichi/ticache/kernel_compilation_manager/ticache.lock failed. Please run 'ti cache clean -p /home/gck/.cache/gstaichi/ticache/kernel_compilation_manager' and try again.
[W 09/29/26 08:29:58.040 3658042] [ptx_cache.cpp:dump@92] Lock /home/gck/.cache/gstaichi/ticache/ptx_cache/ptxcache.lock failed. Please run 'ti cache clean -p /home/gck/.cache/gstaichi/ticache/ptx_cache' and try again.
