[38;5;159m[Genesis] [08:28:42] [INFO] [38;5;121m╭───────────────────────────────────────────────╮[0m[38;5;159m[0m
[38;5;159m[Genesis] [08:28:42] [INFO] [38;5;121m│┈┉┈┉┈┉┈┉┈┉┈┉┈┉┈┉┈┉┈[0m[38;5;159m [38;5;121m[1m[3mGenesis[0m[38;5;159m [38;5;121m┈┉┈┉┈┉┈┉┈┉┈┉┈┉┈┉┈┉┈│[0m[38;5;159m[0m
[38;5;159m[Genesis] [08:28:42] [INFO] [38;5;121m╰───────────────────────────────────────────────╯[0m[38;5;159m[0m
[W 09/29/26 08:28:42.843 3846940] [ptx_cache.cpp:PtxCache@73] Lock /home/gck/.cache/gstaichi/ticache/ptx_cache/ptxcache.lock failed. Please run 'ti cache clean -p /home/gck/.cache/gstaichi/ticache/ptx_cache' and try again.
[38;5;159m[Genesis] [08:28:42] [INFO] Running on [38;5;121m[4m[NVIDIA A100-SXM4-80GB][0m[38;5;159m with backend [38;5;121m[4mgs.cuda[0m[38;5;159m. Device memory: [38;5;121m[4m79.25[0m[38;5;159m GB.[0m
[38;5;159m[Genesis] [08:28:42] [INFO] 🚀 Genesis initialized. 🔖 version: [38;5;121m[4m0.3.6[0m[38;5;159m, 🎨 theme: [38;5;121m[4mdark[0m[38;5;159m, 🌱 seed: [38;5;121m[4mNone[0m[38;5;159m, 🐛 debug: [38;5;121m[4mFalse[0m[38;5;159m, 📏 precision: [38;5;121m[4m32[0m[38;5;159m, 🏎️ performance: [38;5;121m[4mFalse[0m[38;5;159m, 💬 verbose: [38;5;121m[4mINFO[0m[38;5;159m[0m
[38;5;159m[Genesis] [08:28:45] [INFO] Scene [38;5;121m[3m<b4f5061>[0m[38;5;159m created.[0m
[38;5;159m[Genesis] [08:28:45] [INFO] Adding [38;5;121m<gs.RigidEntity>[0m[38;5;159m. idx: [38;5;121m0[0m[38;5;159m, uid: [38;5;121m[3m<33e0b5d>[0m[38;5;159m, morph: [38;5;121m<gs.morphs.URDF(file='/mnt4/gck/maniladder/maniladder/assets/urdf/panda_leaphand/panda_leaphand.urdf')>[0m[38;5;159m, material: [38;5;121m<gs.materials.Rigid>[0m[38;5;159m.[0m
[38;5;159m[Genesis] [08:28:48] [INFO] Applying offset to base link's pose with user provided value in morph.[0m
[38;5;159m[Genesis] [08:28:50] [INFO] Adding [38;5;121m<gs.RigidEntity>[0m[38;5;159m. idx: [38;5;121m1[0m[38;5;159m, uid: [38;5;121m[3m<6527403>[0m[38;5;159m, morph: [38;5;121m<gs.morphs.Mesh(file='/mnt4/gck/maniladder/maniladder/assets/models/table.glb')>[0m[38;5;159m, material: [38;5;121m<gs.materials.Rigid>[0m[38;5;159m.[0m
[38;5;226m[Genesis] [08:28:50] [WARNING] GLTF is using y-up while Genesis uses z-up. Please set parse_glb_with_zup=True in morph options if you find the mesh is 90-degree rotated. We will set parse_glb_with_zup=True and rotate glb mesh by default later and gradually enforce this option.[0m
/data/gck/miniconda3/envs/maniladder/lib/python3.10/site-packages/pygltflib/__init__.py:830: UserWarning: pygltflib currently does not remove image data from the buffer when converting to data uri.Please open an issue at https://gitlab.com/dodgyville/pygltflib/issues
  warnings.warn("pygltflib currently does not remove image data "
[38;5;159m[Genesis] [08:28:50] [INFO] Adding [38;5;121m<gs.RigidEntity>[0m[38;5;159m. idx: [38;5;121m2[0m[38;5;159m, uid: [38;5;121m[3m<6dc9439>[0m[38;5;159m, morph: [38;5;121m<gs.morphs.Box>[0m[38;5;159m, material: [38;5;121m<gs.materials.Rigid>[0m[38;5;159m.[0m
[38;5;159m[Genesis] [08:28:50] [INFO] Adding [38;5;121m<gs.RigidEntity>[0m[38;5;159m. idx: [38;5;121m3[0m[38;5;159m, uid: [38;5;121m[3m<7173bce>[0m[38;5;159m, morph: [38;5;121m<gs.morphs.Plane>[0m[38;5;159m, material: [38;5;121m<gs.materials.Rigid>[0m[38;5;159m.[0m
[38;5;159m[Genesis] [08:28:50] [INFO] Adding [38;5;121m<gs.RigidEntity>[0m[38;5;159m. idx: [38;5;121m4[0m[38;5;159m, uid: [38;5;121m[3m<b04a6f4>[0m[38;5;159m, morph: [38;5;121m<gs.morphs.Box>[0m[38;5;159m, material: [38;5;121m<gs.materials.Rigid>[0m[38;5;159m.[0m
[38;5;159m[Genesis] [08:28:50] [INFO] Adding [38;5;121m<gs.RigidEntity>[0m[38;5;159m. idx: [38;5;121m5[0m[38;5;159m, uid: [38;5;121m[3m<4319fd8>[0m[38;5;159m, morph: [38;5;121m<gs.morphs.Box>[0m[38;5;159m, material: [38;5;121m<gs.materials.Rigid>[0m[38;5;159m.[0m
[38;5;159m[Genesis] [08:28:50] [INFO] Adding [38;5;121m<gs.RigidEntity>[0m[38;5;159m. idx: [38;5;121m6[0m[38;5;159m, uid: [38;5;121m[3m<71e4d11>[0m[38;5;159m, morph: [38;5;121m<gs.morphs.Box>[0m[38;5;159m, material: [38;5;121m<gs.materials.Rigid>[0m[38;5;159m.[0m
[38;5;159m[Genesis] [08:28:50] [INFO] Adding [38;5;121m<gs.MPMEntity>[0m[38;5;159m. idx: [38;5;121m7[0m[38;5;159m, uid: [38;5;121m[3m<ae5897b>[0m[38;5;159m, morph: [38;5;121m<gs.morphs.Cylinder>[0m[38;5;159m, material: [38;5;121m<gs.materials.MPM.ElastoPlastic>[0m[38;5;159m.[0m
[38;5;159m[Genesis] [08:28:50] [INFO] Sampling particles with [38;5;121mregular[0m[38;5;159m sampler and generating `.ptc` file:[0m
[38;5;159m[Genesis] [08:28:50] [INFO] Sampled [38;5;121m[4m2,432[0m[38;5;159m particles.[0m
[38;5;159m[Genesis] [08:28:50] [INFO] Adding [38;5;121m<gs.RigidEntity>[0m[38;5;159m. idx: [38;5;121m8[0m[38;5;159m, uid: [38;5;121m[3m<5a10569>[0m[38;5;159m, morph: [38;5;121m<gs.morphs.Mesh(file='/mnt4/gck/maniladder/maniladder/assets/meshes/deformable/stamp.obj')>[0m[38;5;159m, material: [38;5;121m<gs.materials.Rigid>[0m[38;5;159m.[0m
[38;5;159m[Genesis] [08:28:50] [INFO] Convex hull is not accurate enough for collision detection (1.118). Falling back to more expensive convex decomposition (see FileMorph options).[0m
[38;5;159m[Genesis] [08:28:50] [INFO] Preprocessing geom idx [38;5;121m[4m83[0m[38;5;159m.[0m
[38;5;159m[Genesis] [08:28:51] [INFO] Preprocessing geom idx [38;5;121m[4m84[0m[38;5;159m.[0m
[38;5;159m[Genesis] [08:28:51] [INFO] Preprocessing geom idx [38;5;121m[4m85[0m[38;5;159m.[0m
[38;5;159m[Genesis] [08:28:51] [INFO] Preprocessing geom idx [38;5;121m[4m86[0m[38;5;159m.[0m
[38;5;159m[Genesis] [08:28:51] [INFO] Preprocessing geom idx [38;5;121m[4m87[0m[38;5;159m.[0m
[38;5;159m[Genesis] [08:28:51] [INFO] Building scene [38;5;121m[3m<b4f5061>[0m[38;5;159m...[0m
[W 09/29/26 08:28:52.211 3846940] [kernel_compilation_manager.cpp:KernelCompilationManager@69] Lock /home/gck/.cache/gstaichi/ticache/kernel_compilation_manager/ticache.lock failed. Please run 'ti cache clean -p /home/gck/.cache/gstaichi/ticache/kernel_compilation_manager' and try again.
[38;5;226m[Genesis] [08:28:55] [WARNING] Reference robot position exceeds joint limits.[0m
[38;5;226m[Genesis] [08:28:57] [WARNING] max_collision_pairs 300 is smaller than the theoretical maximal possible pairs 3284, it uses less memory but might lead to missing some collision pairs if there are too many collision pairs[0m
[38;5;226m[Genesis] [08:29:05] [WARNING] Current `substep_dt` (0.001) is greater than suggested_dt (0.0003125, calculated based on `grid_density`). Simulation might be unstable.[0m
[38;5;159m[Genesis] [08:29:07] [INFO] Compiling simulation kernels...[0m
[38;5;159m[Genesis] [08:29:52] [INFO] Building visualizer...[0m
/data/gck/miniconda3/envs/maniladder/lib/python3.10/site-packages/torch/utils/_device.py:109: UserWarning: The given NumPy array is not writable, and PyTorch does not support non-writable tensors. This means writing to this tensor will result in undefined behavior. You may want to copy the array to protect its data or make it writable before converting it to a tensor. This type of warning will be suppressed for the rest of this program. (Triggered internally at /pytorch/torch/csrc/utils/tensor_numpy.cpp:213.)
  return func(*args, **kwargs)
[RollingPinEval] step=0 phase=0 wait=0 success=False h_ratio=1.000/0.700 ok_h=False mean_z_ratio=1.000/0.650 ok_mean_z=False A_ratio=1.000/1.100 ok_A=False coverage=0.000/0.550 ok_cov=False press_depth=0.0000/0.0040 pressed=False pin=(0.110,-0.022,0.164) pin_x_sweep=(0.110,0.110) clay_center=(0.110,0.178,0.030) clay_top_z=0.037 dx=0.135 dy=0.135
Action space: Box(-1.0, 1.0, (22,), float32)
Generating 1 orbit video-only demos → /mnt/gck_website/maniladder.github.io/generated_demos/RollingPin-v1
[38;5;159m[Genesis] [08:29:55] [INFO] Scene [38;5;121m[3m<1711bc9>[0m[38;5;159m created.[0m
[38;5;159m[Genesis] [08:29:55] [INFO] Adding [38;5;121m<gs.RigidEntity>[0m[38;5;159m. idx: [38;5;121m0[0m[38;5;159m, uid: [38;5;121m[3m<dde16f0>[0m[38;5;159m, morph: [38;5;121m<gs.morphs.URDF(file='/mnt4/gck/maniladder/maniladder/assets/urdf/panda_leaphand/panda_leaphand.urdf')>[0m[38;5;159m, material: [38;5;121m<gs.materials.Rigid>[0m[38;5;159m.[0m
[38;5;159m[Genesis] [08:29:58] [INFO] Applying offset to base link's pose with user provided value in morph.[0m
[38;5;159m[Genesis] [08:30:00] [INFO] Adding [38;5;121m<gs.RigidEntity>[0m[38;5;159m. idx: [38;5;121m1[0m[38;5;159m, uid: [38;5;121m[3m<d752b01>[0m[38;5;159m, morph: [38;5;121m<gs.morphs.Mesh(file='/mnt4/gck/maniladder/maniladder/assets/models/table.glb')>[0m[38;5;159m, material: [38;5;121m<gs.materials.Rigid>[0m[38;5;159m.[0m
[38;5;226m[Genesis] [08:30:00] [WARNING] GLTF is using y-up while Genesis uses z-up. Please set parse_glb_with_zup=True in morph options if you find the mesh is 90-degree rotated. We will set parse_glb_with_zup=True and rotate glb mesh by default later and gradually enforce this option.[0m
/data/gck/miniconda3/envs/maniladder/lib/python3.10/site-packages/pygltflib/__init__.py:830: UserWarning: pygltflib currently does not remove image data from the buffer when converting to data uri.Please open an issue at https://gitlab.com/dodgyville/pygltflib/issues
  warnings.warn("pygltflib currently does not remove image data "
[38;5;159m[Genesis] [08:30:00] [INFO] Adding [38;5;121m<gs.RigidEntity>[0m[38;5;159m. idx: [38;5;121m2[0m[38;5;159m, uid: [38;5;121m[3m<9aadd73>[0m[38;5;159m, morph: [38;5;121m<gs.morphs.Box>[0m[38;5;159m, material: [38;5;121m<gs.materials.Rigid>[0m[38;5;159m.[0m
[38;5;159m[Genesis] [08:30:00] [INFO] Adding [38;5;121m<gs.RigidEntity>[0m[38;5;159m. idx: [38;5;121m3[0m[38;5;159m, uid: [38;5;121m[3m<0ae4651>[0m[38;5;159m, morph: [38;5;121m<gs.morphs.Plane>[0m[38;5;159m, material: [38;5;121m<gs.materials.Rigid>[0m[38;5;159m.[0m
[38;5;159m[Genesis] [08:30:00] [INFO] Adding [38;5;121m<gs.RigidEntity>[0m[38;5;159m. idx: [38;5;121m4[0m[38;5;159m, uid: [38;5;121m[3m<e508422>[0m[38;5;159m, morph: [38;5;121m<gs.morphs.Box>[0m[38;5;159m, material: [38;5;121m<gs.materials.Rigid>[0m[38;5;159m.[0m
[38;5;159m[Genesis] [08:30:00] [INFO] Adding [38;5;121m<gs.RigidEntity>[0m[38;5;159m. idx: [38;5;121m5[0m[38;5;159m, uid: [38;5;121m[3m<074b52b>[0m[38;5;159m, morph: [38;5;121m<gs.morphs.Box>[0m[38;5;159m, material: [38;5;121m<gs.materials.Rigid>[0m[38;5;159m.[0m
[38;5;159m[Genesis] [08:30:00] [INFO] Adding [38;5;121m<gs.RigidEntity>[0m[38;5;159m. idx: [38;5;121m6[0m[38;5;159m, uid: [38;5;121m[3m<2528c58>[0m[38;5;159m, morph: [38;5;121m<gs.morphs.Box>[0m[38;5;159m, material: [38;5;121m<gs.materials.Rigid>[0m[38;5;159m.[0m
[38;5;159m[Genesis] [08:30:00] [INFO] Adding [38;5;121m<gs.MPMEntity>[0m[38;5;159m. idx: [38;5;121m7[0m[38;5;159m, uid: [38;5;121m[3m<bb4c171>[0m[38;5;159m, morph: [38;5;121m<gs.morphs.Cylinder>[0m[38;5;159m, material: [38;5;121m<gs.materials.MPM.ElastoPlastic>[0m[38;5;159m.[0m
[38;5;159m[Genesis] [08:30:00] [INFO] Sampled [38;5;121m[4m2,432[0m[38;5;159m particles.[0m
[38;5;159m[Genesis] [08:30:00] [INFO] Adding [38;5;121m<gs.RigidEntity>[0m[38;5;159m. idx: [38;5;121m8[0m[38;5;159m, uid: [38;5;121m[3m<8dc7324>[0m[38;5;159m, morph: [38;5;121m<gs.morphs.Mesh(file='/mnt4/gck/maniladder/maniladder/assets/meshes/deformable/stamp.obj')>[0m[38;5;159m, material: [38;5;121m<gs.materials.Rigid>[0m[38;5;159m.[0m
[38;5;159m[Genesis] [08:30:00] [INFO] Convex hull is not accurate enough for collision detection (1.118). Falling back to more expensive convex decomposition (see FileMorph options).[0m
[38;5;159m[Genesis] [08:30:00] [INFO] Building scene [38;5;121m[3m<1711bc9>[0m[38;5;159m...[0m
[38;5;226m[Genesis] [08:30:04] [WARNING] Reference robot position exceeds joint limits.[0m
[38;5;226m[Genesis] [08:30:06] [WARNING] max_collision_pairs 300 is smaller than the theoretical maximal possible pairs 3284, it uses less memory but might lead to missing some collision pairs if there are too many collision pairs[0m
[38;5;226m[Genesis] [08:30:14] [WARNING] Current `substep_dt` (0.001) is greater than suggested_dt (0.0003125, calculated based on `grid_density`). Simulation might be unstable.[0m
[38;5;159m[Genesis] [08:30:15] [INFO] Compiling simulation kernels...[0m
[38;5;159m[Genesis] [08:31:01] [INFO] Building visualizer...[0m
[RollingPinEval] step=0 phase=0 wait=0 success=False h_ratio=1.000/0.700 ok_h=False mean_z_ratio=1.000/0.650 ok_mean_z=False A_ratio=1.000/1.100 ok_A=False coverage=0.000/0.550 ok_cov=False press_depth=0.0000/0.0040 pressed=False pin=(0.110,0.163,0.164) pin_x_sweep=(0.110,0.110) clay_center=(0.110,-0.037,0.030) clay_top_z=0.037 dx=0.135 dy=0.135
  [ep 0/1, attempt 1] step 1/300  terminated=False  truncated=False
[RollingPinEval] step=10 phase=0 wait=0 success=False h_ratio=1.000/0.700 ok_h=False mean_z_ratio=1.000/0.650 ok_mean_z=False A_ratio=1.000/1.100 ok_A=False coverage=0.001/0.550 ok_cov=False press_depth=0.0000/0.0040 pressed=False pin=(0.110,0.163,0.172) pin_x_sweep=(0.110,0.110) clay_center=(0.110,-0.037,0.030) clay_top_z=0.037 dx=0.135 dy=0.135
[RollingPinEval] step=20 phase=0 wait=0 success=False h_ratio=1.000/0.700 ok_h=False mean_z_ratio=1.000/0.650 ok_mean_z=False A_ratio=1.000/1.100 ok_A=False coverage=0.001/0.550 ok_cov=False press_depth=0.0000/0.0040 pressed=False pin=(0.110,0.163,0.172) pin_x_sweep=(0.110,0.110) clay_center=(0.110,-0.037,0.030) clay_top_z=0.037 dx=0.135 dy=0.135
[RollingPinEval] step=30 phase=0 wait=0 success=False h_ratio=1.000/0.700 ok_h=False mean_z_ratio=1.000/0.650 ok_mean_z=False A_ratio=1.000/1.100 ok_A=False coverage=0.001/0.550 ok_cov=False press_depth=0.0000/0.0040 pressed=False pin=(0.110,0.163,0.172) pin_x_sweep=(0.110,0.110) clay_center=(0.110,-0.037,0.030) clay_top_z=0.037 dx=0.135 dy=0.135
[RollingPinEval] step=40 phase=0 wait=0 success=False h_ratio=1.000/0.700 ok_h=False mean_z_ratio=1.000/0.650 ok_mean_z=False A_ratio=1.000/1.100 ok_A=False coverage=0.001/0.550 ok_cov=False press_depth=0.0000/0.0040 pressed=False pin=(0.110,0.163,0.172) pin_x_sweep=(0.110,0.110) clay_center=(0.110,-0.037,0.030) clay_top_z=0.037 dx=0.135 dy=0.135
[RollingPinEval] step=50 phase=0 wait=0 success=False h_ratio=1.000/0.700 ok_h=False mean_z_ratio=1.000/0.650 ok_mean_z=False A_ratio=1.000/1.100 ok_A=False coverage=0.001/0.550 ok_cov=False press_depth=0.0000/0.0040 pressed=False pin=(0.110,0.163,0.172) pin_x_sweep=(0.110,0.110) clay_center=(0.110,-0.037,0.030) clay_top_z=0.037 dx=0.135 dy=0.135
[RollingPinEval] step=60 phase=0 wait=0 success=False h_ratio=1.000/0.700 ok_h=False mean_z_ratio=1.000/0.650 ok_mean_z=False A_ratio=1.000/1.100 ok_A=False coverage=0.001/0.550 ok_cov=False press_depth=0.0000/0.0040 pressed=False pin=(0.110,0.163,0.172) pin_x_sweep=(0.110,0.110) clay_center=(0.110,-0.037,0.030) clay_top_z=0.037 dx=0.135 dy=0.135
[RollingPinEval] step=70 phase=0 wait=0 success=False h_ratio=1.000/0.700 ok_h=False mean_z_ratio=1.000/0.650 ok_mean_z=False A_ratio=1.000/1.100 ok_A=False coverage=0.001/0.550 ok_cov=False press_depth=0.0000/0.0040 pressed=False pin=(0.110,0.163,0.172) pin_x_sweep=(0.110,0.110) clay_center=(0.110,-0.037,0.030) clay_top_z=0.037 dx=0.135 dy=0.135
[RollingPinEval] step=80 phase=0 wait=0 success=False h_ratio=1.000/0.700 ok_h=False mean_z_ratio=1.000/0.650 ok_mean_z=False A_ratio=1.000/1.100 ok_A=False coverage=0.001/0.550 ok_cov=False press_depth=0.0000/0.0040 pressed=False pin=(0.110,0.163,0.172) pin_x_sweep=(0.110,0.110) clay_center=(0.110,-0.037,0.030) clay_top_z=0.037 dx=0.135 dy=0.135
[RollingPinEval] step=90 phase=1 wait=0 success=False h_ratio=1.000/0.700 ok_h=False mean_z_ratio=1.000/0.650 ok_mean_z=False A_ratio=1.000/1.100 ok_A=False coverage=0.001/0.550 ok_cov=False press_depth=0.0000/0.0040 pressed=False pin=(0.110,0.163,0.172) pin_x_sweep=(0.110,0.110) clay_center=(0.110,-0.037,0.030) clay_top_z=0.037 dx=0.135 dy=0.135
[RollingPinEval] step=100 phase=1 wait=0 success=False h_ratio=1.000/0.700 ok_h=False mean_z_ratio=1.000/0.650 ok_mean_z=False A_ratio=1.000/1.100 ok_A=False coverage=0.001/0.550 ok_cov=False press_depth=0.0000/0.0040 pressed=False pin=(0.110,0.163,0.172) pin_x_sweep=(0.110,0.110) clay_center=(0.110,-0.037,0.030) clay_top_z=0.037 dx=0.135 dy=0.135
  [ep 0/1, attempt 1] step 101/300  terminated=False  truncated=False
[RollingPinEval] step=110 phase=1 wait=0 success=False h_ratio=1.000/0.700 ok_h=False mean_z_ratio=1.000/0.650 ok_mean_z=False A_ratio=1.000/1.100 ok_A=False coverage=0.001/0.550 ok_cov=False press_depth=0.0000/0.0040 pressed=False pin=(0.110,0.163,0.172) pin_x_sweep=(0.110,0.110) clay_center=(0.110,-0.037,0.030) clay_top_z=0.037 dx=0.135 dy=0.135
[RollingPinEval] step=120 phase=1 wait=0 success=False h_ratio=1.000/0.700 ok_h=False mean_z_ratio=1.000/0.650 ok_mean_z=False A_ratio=1.000/1.100 ok_A=False coverage=0.001/0.550 ok_cov=False press_depth=0.0000/0.0040 pressed=False pin=(0.110,0.163,0.172) pin_x_sweep=(0.110,0.110) clay_center=(0.110,-0.037,0.030) clay_top_z=0.037 dx=0.135 dy=0.135
[RollingPinEval] step=130 phase=1 wait=0 success=False h_ratio=1.000/0.700 ok_h=False mean_z_ratio=1.000/0.650 ok_mean_z=False A_ratio=1.000/1.100 ok_A=False coverage=0.001/0.550 ok_cov=False press_depth=0.0000/0.0040 pressed=False pin=(0.110,0.163,0.172) pin_x_sweep=(0.110,0.110) clay_center=(0.110,-0.037,0.030) clay_top_z=0.037 dx=0.135 dy=0.135
[RollingPinEval] step=140 phase=1 wait=0 success=False h_ratio=1.000/0.700 ok_h=False mean_z_ratio=1.000/0.650 ok_mean_z=False A_ratio=1.000/1.100 ok_A=False coverage=0.002/0.550 ok_cov=False press_depth=0.0000/0.0040 pressed=False pin=(0.110,0.163,0.172) pin_x_sweep=(0.110,0.110) clay_center=(0.110,-0.037,0.030) clay_top_z=0.037 dx=0.135 dy=0.135
[RollingPinEval] step=150 phase=2 wait=2 success=False h_ratio=1.000/0.700 ok_h=False mean_z_ratio=1.000/0.650 ok_mean_z=False A_ratio=1.000/1.100 ok_A=False coverage=0.002/0.550 ok_cov=False press_depth=0.0000/0.0040 pressed=False pin=(0.110,0.163,0.172) pin_x_sweep=(0.110,0.110) clay_center=(0.110,-0.037,0.030) clay_top_z=0.037 dx=0.135 dy=0.135
[RollingPinEval] step=160 phase=2 wait=12 success=False h_ratio=1.000/0.700 ok_h=False mean_z_ratio=1.000/0.650 ok_mean_z=False A_ratio=1.000/1.100 ok_A=False coverage=0.002/0.550 ok_cov=False press_depth=0.0000/0.0040 pressed=False pin=(0.110,0.163,0.172) pin_x_sweep=(0.110,0.110) clay_center=(0.110,-0.037,0.030) clay_top_z=0.037 dx=0.135 dy=0.135
[RollingPinEval] step=170 phase=2 wait=22 success=False h_ratio=1.000/0.700 ok_h=False mean_z_ratio=1.000/0.650 ok_mean_z=False A_ratio=1.000/1.100 ok_A=False coverage=0.023/0.550 ok_cov=False press_depth=0.0000/0.0040 pressed=False pin=(0.113,0.163,0.172) pin_x_sweep=(0.110,0.113) clay_center=(0.110,-0.037,0.030) clay_top_z=0.037 dx=0.135 dy=0.135
[RollingPinEval] step=180 phase=2 wait=32 success=False h_ratio=1.000/0.700 ok_h=False mean_z_ratio=1.000/0.650 ok_mean_z=False A_ratio=1.000/1.100 ok_A=False coverage=0.033/0.550 ok_cov=False press_depth=0.0000/0.0040 pressed=False pin=(0.114,0.166,0.173) pin_x_sweep=(0.110,0.114) clay_center=(0.110,-0.037,0.030) clay_top_z=0.037 dx=0.135 dy=0.135
[RollingPinEval] step=190 phase=3 wait=40 success=False h_ratio=1.000/0.700 ok_h=False mean_z_ratio=1.000/0.650 ok_mean_z=False A_ratio=1.000/1.100 ok_A=False coverage=0.038/0.550 ok_cov=False press_depth=0.0000/0.0040 pressed=False pin=(0.109,0.174,0.181) pin_x_sweep=(0.109,0.114) clay_center=(0.110,-0.037,0.030) clay_top_z=0.037 dx=0.135 dy=0.135
[RollingPinEval] step=200 phase=3 wait=40 success=False h_ratio=1.000/0.700 ok_h=False mean_z_ratio=1.000/0.650 ok_mean_z=False A_ratio=1.000/1.100 ok_A=False coverage=0.063/0.550 ok_cov=False press_depth=0.0000/0.0040 pressed=False pin=(0.106,0.182,0.218) pin_x_sweep=(0.106,0.114) clay_center=(0.110,-0.037,0.030) clay_top_z=0.037 dx=0.135 dy=0.135
  [ep 0/1, attempt 1] step 201/300  terminated=False  truncated=False
[RollingPinEval] step=210 phase=4 wait=40 success=False h_ratio=1.000/0.700 ok_h=False mean_z_ratio=1.000/0.650 ok_mean_z=False A_ratio=1.000/1.100 ok_A=False coverage=0.065/0.550 ok_cov=False press_depth=0.0000/0.0040 pressed=False pin=(0.109,0.154,0.234) pin_x_sweep=(0.105,0.114) clay_center=(0.110,-0.037,0.030) clay_top_z=0.037 dx=0.135 dy=0.135
[RollingPinEval] step=220 phase=4 wait=40 success=False h_ratio=1.000/0.700 ok_h=False mean_z_ratio=1.000/0.650 ok_mean_z=False A_ratio=1.000/1.100 ok_A=False coverage=0.065/0.550 ok_cov=False press_depth=0.0000/0.0040 pressed=False pin=(0.110,0.114,0.236) pin_x_sweep=(0.105,0.114) clay_center=(0.110,-0.037,0.030) clay_top_z=0.037 dx=0.135 dy=0.135
[RollingPinEval] step=230 phase=4 wait=40 success=False h_ratio=1.000/0.700 ok_h=False mean_z_ratio=1.000/0.650 ok_mean_z=False A_ratio=1.000/1.100 ok_A=False coverage=0.065/0.550 ok_cov=False press_depth=0.0000/0.0040 pressed=False pin=(0.110,0.075,0.236) pin_x_sweep=(0.105,0.114) clay_center=(0.110,-0.037,0.030) clay_top_z=0.037 dx=0.135 dy=0.135
[RollingPinEval] step=240 phase=4 wait=40 success=False h_ratio=1.000/0.700 ok_h=False mean_z_ratio=1.000/0.650 ok_mean_z=False A_ratio=1.000/1.100 ok_A=False coverage=0.065/0.550 ok_cov=False press_depth=0.0000/0.0040 pressed=False pin=(0.110,0.035,0.236) pin_x_sweep=(0.105,0.114) clay_center=(0.110,-0.037,0.030) clay_top_z=0.037 dx=0.135 dy=0.135
[RollingPinEval] step=250 phase=4 wait=40 success=False h_ratio=1.000/0.700 ok_h=False mean_z_ratio=1.000/0.650 ok_mean_z=False A_ratio=1.000/1.100 ok_A=False coverage=0.065/0.550 ok_cov=False press_depth=0.0000/0.0040 pressed=False pin=(0.110,-0.005,0.236) pin_x_sweep=(0.105,0.114) clay_center=(0.110,-0.037,0.030) clay_top_z=0.037 dx=0.135 dy=0.135
[RollingPinEval] step=260 phase=5 wait=0 success=False h_ratio=1.544/0.700 ok_h=False mean_z_ratio=0.881/0.650 ok_mean_z=False A_ratio=1.009/1.100 ok_A=False coverage=0.065/0.550 ok_cov=False press_depth=0.0000/0.0040 pressed=False pin=(0.110,-0.033,0.219) pin_x_sweep=(0.105,0.114) clay_center=(0.110,-0.038,0.026) clay_top_z=0.039 dx=0.135 dy=0.136
[RollingPinEval] step=264 phase=5 wait=0 success=True h_ratio=1.236/0.700 ok_h=False mean_z_ratio=0.637/0.650 ok_mean_z=True A_ratio=1.138/1.100 ok_A=True coverage=0.065/0.550 ok_cov=False press_depth=0.0000/0.0040 pressed=False pin=(0.109,-0.036,0.202) pin_x_sweep=(0.105,0.114) clay_center=(0.109,-0.038,0.019) clay_top_z=0.029 dx=0.144 dy=0.144
  [ep 0/1, attempt 1] step 264/300  terminated=True  truncated=False
[RollingPinEval] step=265 phase=5 wait=0 success=True h_ratio=1.354/0.700 ok_h=False mean_z_ratio=0.578/0.650 ok_mean_z=True A_ratio=1.261/1.100 ok_A=True coverage=0.065/0.550 ok_cov=False press_depth=0.0000/0.0040 pressed=False pin=(0.109,-0.036,0.198) pin_x_sweep=(0.105,0.114) clay_center=(0.109,-0.038,0.017) clay_top_z=0.030 dx=0.152 dy=0.151
[RollingPinEval] step=266 phase=5 wait=0 success=True h_ratio=1.467/0.700 ok_h=False mean_z_ratio=0.534/0.650 ok_mean_z=True A_ratio=1.390/1.100 ok_A=True coverage=0.065/0.550 ok_cov=False press_depth=0.0000/0.0040 pressed=False pin=(0.109,-0.037,0.194) pin_x_sweep=(0.105,0.114) clay_center=(0.109,-0.038,0.016) clay_top_z=0.030 dx=0.159 dy=0.159
[RollingPinEval] step=267 phase=5 wait=0 success=True h_ratio=1.599/0.700 ok_h=False mean_z_ratio=0.490/0.650 ok_mean_z=True A_ratio=1.520/1.100 ok_A=True coverage=0.065/0.550 ok_cov=False press_depth=0.0000/0.0040 pressed=False pin=(0.109,-0.037,0.190) pin_x_sweep=(0.105,0.114) clay_center=(0.108,-0.038,0.015) clay_top_z=0.031 dx=0.167 dy=0.166
[RollingPinEval] step=268 phase=5 wait=0 success=True h_ratio=1.830/0.700 ok_h=False mean_z_ratio=0.450/0.650 ok_mean_z=True A_ratio=1.674/1.100 ok_A=True coverage=0.065/0.550 ok_cov=False press_depth=0.0000/0.0040 pressed=False pin=(0.109,-0.037,0.186) pin_x_sweep=(0.105,0.114) clay_center=(0.107,-0.037,0.014) clay_top_z=0.032 dx=0.175 dy=0.174
[RollingPinEval] step=269 phase=5 wait=0 success=True h_ratio=2.140/0.700 ok_h=False mean_z_ratio=0.427/0.650 ok_mean_z=True A_ratio=1.863/1.100 ok_A=True coverage=0.065/0.550 ok_cov=False press_depth=0.0000/0.0040 pressed=False pin=(0.109,-0.037,0.182) pin_x_sweep=(0.105,0.114) clay_center=(0.107,-0.036,0.013) clay_top_z=0.035 dx=0.185 dy=0.184
[RollingPinEval] step=270 phase=5 wait=0 success=True h_ratio=2.379/0.700 ok_h=False mean_z_ratio=0.424/0.650 ok_mean_z=True A_ratio=2.043/1.100 ok_A=True coverage=0.065/0.550 ok_cov=False press_depth=0.0000/0.0040 pressed=False pin=(0.108,-0.037,0.178) pin_x_sweep=(0.105,0.114) clay_center=(0.106,-0.035,0.013) clay_top_z=0.037 dx=0.193 dy=0.193
[RollingPinEval] step=271 phase=5 wait=0 success=True h_ratio=2.434/0.700 ok_h=False mean_z_ratio=0.430/0.650 ok_mean_z=True A_ratio=2.116/1.100 ok_A=True coverage=0.065/0.550 ok_cov=False press_depth=0.0000/0.0040 pressed=False pin=(0.108,-0.037,0.176) pin_x_sweep=(0.105,0.114) clay_center=(0.105,-0.034,0.013) clay_top_z=0.037 dx=0.196 dy=0.197
[RollingPinEval] step=272 phase=5 wait=0 success=True h_ratio=2.439/0.700 ok_h=False mean_z_ratio=0.428/0.650 ok_mean_z=True A_ratio=2.122/1.100 ok_A=True coverage=0.065/0.550 ok_cov=False press_depth=0.0000/0.0040 pressed=False pin=(0.108,-0.036,0.176) pin_x_sweep=(0.105,0.114) clay_center=(0.105,-0.034,0.013) clay_top_z=0.037 dx=0.196 dy=0.197
[RollingPinEval] step=273 phase=5 wait=0 success=True h_ratio=2.443/0.700 ok_h=False mean_z_ratio=0.429/0.650 ok_mean_z=True A_ratio=2.133/1.100 ok_A=True coverage=0.065/0.550 ok_cov=False press_depth=0.0000/0.0040 pressed=False pin=(0.108,-0.036,0.175) pin_x_sweep=(0.105,0.114) clay_center=(0.106,-0.035,0.013) clay_top_z=0.037 dx=0.197 dy=0.197
[RollingPinEval] step=274 phase=5 wait=0 success=True h_ratio=2.448/0.700 ok_h=False mean_z_ratio=0.430/0.650 ok_mean_z=True A_ratio=2.142/1.100 ok_A=True coverage=0.065/0.550 ok_cov=False press_depth=0.0000/0.0040 pressed=False pin=(0.109,-0.036,0.175) pin_x_sweep=(0.105,0.114) clay_center=(0.106,-0.035,0.013) clay_top_z=0.037 dx=0.197 dy=0.198
[RollingPinEval] step=275 phase=5 wait=0 success=True h_ratio=2.453/0.700 ok_h=False mean_z_ratio=0.432/0.650 ok_mean_z=True A_ratio=2.147/1.100 ok_A=True coverage=0.065/0.550 ok_cov=False press_depth=0.0000/0.0040 pressed=False pin=(0.109,-0.035,0.174) pin_x_sweep=(0.105,0.114) clay_center=(0.107,-0.035,0.013) clay_top_z=0.037 dx=0.197 dy=0.198
[RollingPinEval] step=276 phase=5 wait=0 success=True h_ratio=2.458/0.700 ok_h=False mean_z_ratio=0.434/0.650 ok_mean_z=True A_ratio=2.153/1.100 ok_A=True coverage=0.065/0.550 ok_cov=False press_depth=0.0000/0.0040 pressed=False pin=(0.109,-0.035,0.174) pin_x_sweep=(0.105,0.114) clay_center=(0.107,-0.036,0.013) clay_top_z=0.037 dx=0.197 dy=0.199
[RollingPinEval] step=277 phase=5 wait=0 success=True h_ratio=2.462/0.700 ok_h=False mean_z_ratio=0.436/0.650 ok_mean_z=True A_ratio=2.158/1.100 ok_A=True coverage=0.065/0.550 ok_cov=False press_depth=0.0000/0.0040 pressed=False pin=(0.110,-0.035,0.174) pin_x_sweep=(0.105,0.114) clay_center=(0.108,-0.036,0.013) clay_top_z=0.037 dx=0.198 dy=0.199
[RollingPinEval] step=278 phase=5 wait=0 success=True h_ratio=2.465/0.700 ok_h=False mean_z_ratio=0.438/0.650 ok_mean_z=True A_ratio=2.163/1.100 ok_A=True coverage=0.065/0.550 ok_cov=False press_depth=0.0000/0.0040 pressed=False pin=(0.110,-0.035,0.173) pin_x_sweep=(0.105,0.114) clay_center=(0.109,-0.037,0.013) clay_top_z=0.037 dx=0.198 dy=0.199
[RollingPinEval] step=279 phase=5 wait=0 success=True h_ratio=2.468/0.700 ok_h=False mean_z_ratio=0.439/0.650 ok_mean_z=True A_ratio=2.167/1.100 ok_A=True coverage=0.065/0.550 ok_cov=False press_depth=0.0000/0.0040 pressed=False pin=(0.110,-0.035,0.173) pin_x_sweep=(0.105,0.114) clay_center=(0.109,-0.037,0.013) clay_top_z=0.037 dx=0.198 dy=0.199
[RollingPinEval] step=280 phase=5 wait=0 success=True h_ratio=2.471/0.700 ok_h=False mean_z_ratio=0.440/0.650 ok_mean_z=True A_ratio=2.169/1.100 ok_A=True coverage=0.065/0.550 ok_cov=False press_depth=0.0000/0.0040 pressed=False pin=(0.111,-0.035,0.173) pin_x_sweep=(0.105,0.114) clay_center=(0.110,-0.038,0.013) clay_top_z=0.037 dx=0.198 dy=0.199
[RollingPinEval] step=281 phase=5 wait=0 success=True h_ratio=2.476/0.700 ok_h=False mean_z_ratio=0.439/0.650 ok_mean_z=True A_ratio=2.172/1.100 ok_A=True coverage=0.065/0.550 ok_cov=False press_depth=0.0000/0.0040 pressed=False pin=(0.111,-0.035,0.173) pin_x_sweep=(0.105,0.114) clay_center=(0.110,-0.038,0.013) clay_top_z=0.037 dx=0.198 dy=0.200
[RollingPinEval] step=282 phase=5 wait=0 success=True h_ratio=2.484/0.700 ok_h=False mean_z_ratio=0.437/0.650 ok_mean_z=True A_ratio=2.174/1.100 ok_A=True coverage=0.065/0.550 ok_cov=False press_depth=0.0000/0.0040 pressed=False pin=(0.111,-0.035,0.172) pin_x_sweep=(0.105,0.114) clay_center=(0.111,-0.039,0.013) clay_top_z=0.037 dx=0.198 dy=0.200
[RollingPinEval] step=283 phase=5 wait=0 success=True h_ratio=2.486/0.700 ok_h=False mean_z_ratio=0.435/0.650 ok_mean_z=True A_ratio=2.175/1.100 ok_A=True coverage=0.065/0.550 ok_cov=False press_depth=0.0000/0.0040 pressed=False pin=(0.112,-0.035,0.172) pin_x_sweep=(0.105,0.114) clay_center=(0.112,-0.040,0.013) clay_top_z=0.037 dx=0.198 dy=0.200
[RollingPinEval] step=284 phase=5 wait=0 success=True h_ratio=2.489/0.700 ok_h=False mean_z_ratio=0.432/0.650 ok_mean_z=True A_ratio=2.174/1.100 ok_A=True coverage=0.065/0.550 ok_cov=False press_depth=0.0000/0.0040 pressed=False pin=(0.112,-0.035,0.172) pin_x_sweep=(0.105,0.114) clay_center=(0.112,-0.040,0.013) clay_top_z=0.037 dx=0.198 dy=0.200
[RollingPinEval] step=285 phase=5 wait=0 success=True h_ratio=2.489/0.700 ok_h=False mean_z_ratio=0.432/0.650 ok_mean_z=True A_ratio=2.172/1.100 ok_A=True coverage=0.065/0.550 ok_cov=False press_depth=0.0000/0.0040 pressed=False pin=(0.113,-0.036,0.172) pin_x_sweep=(0.105,0.114) clay_center=(0.113,-0.041,0.013) clay_top_z=0.037 dx=0.198 dy=0.200
[RollingPinEval] step=286 phase=5 wait=0 success=True h_ratio=2.490/0.700 ok_h=False mean_z_ratio=0.431/0.650 ok_mean_z=True A_ratio=2.169/1.100 ok_A=True coverage=0.065/0.550 ok_cov=False press_depth=0.0000/0.0040 pressed=False pin=(0.113,-0.036,0.172) pin_x_sweep=(0.105,0.114) clay_center=(0.113,-0.042,0.013) clay_top_z=0.037 dx=0.198 dy=0.200
[RollingPinEval] step=287 phase=5 wait=0 success=True h_ratio=2.492/0.700 ok_h=False mean_z_ratio=0.429/0.650 ok_mean_z=True A_ratio=2.166/1.100 ok_A=True coverage=0.065/0.550 ok_cov=False press_depth=0.0000/0.0040 pressed=False pin=(0.114,-0.037,0.171) pin_x_sweep=(0.105,0.114) clay_center=(0.114,-0.042,0.013) clay_top_z=0.037 dx=0.198 dy=0.200
[RollingPinEval] step=288 phase=5 wait=0 success=True h_ratio=2.494/0.700 ok_h=False mean_z_ratio=0.429/0.650 ok_mean_z=True A_ratio=2.164/1.100 ok_A=True coverage=0.065/0.550 ok_cov=False press_depth=0.0000/0.0040 pressed=False pin=(0.114,-0.037,0.171) pin_x_sweep=(0.105,0.114) clay_center=(0.114,-0.043,0.013) clay_top_z=0.037 dx=0.198 dy=0.200
[RollingPinEval] step=289 phase=5 wait=0 success=True h_ratio=2.494/0.700 ok_h=False mean_z_ratio=0.429/0.650 ok_mean_z=True A_ratio=2.163/1.100 ok_A=True coverage=0.066/0.550 ok_cov=False press_depth=0.0000/0.0040 pressed=False pin=(0.114,-0.038,0.171) pin_x_sweep=(0.105,0.114) clay_center=(0.114,-0.044,0.013) clay_top_z=0.037 dx=0.198 dy=0.199
[RollingPinEval] step=290 phase=5 wait=0 success=True h_ratio=2.495/0.700 ok_h=False mean_z_ratio=0.429/0.650 ok_mean_z=True A_ratio=2.162/1.100 ok_A=True coverage=0.067/0.550 ok_cov=False press_depth=0.0000/0.0040 pressed=False pin=(0.114,-0.038,0.172) pin_x_sweep=(0.105,0.114) clay_center=(0.115,-0.044,0.013) clay_top_z=0.037 dx=0.198 dy=0.200
[RollingPinEval] step=291 phase=5 wait=0 success=True h_ratio=2.496/0.700 ok_h=False mean_z_ratio=0.429/0.650 ok_mean_z=True A_ratio=2.162/1.100 ok_A=True coverage=0.069/0.550 ok_cov=False press_depth=0.0000/0.0040 pressed=False pin=(0.115,-0.039,0.171) pin_x_sweep=(0.105,0.115) clay_center=(0.115,-0.045,0.013) clay_top_z=0.037 dx=0.198 dy=0.200
[RollingPinEval] step=292 phase=5 wait=0 success=True h_ratio=2.497/0.700 ok_h=False mean_z_ratio=0.428/0.650 ok_mean_z=True A_ratio=2.162/1.100 ok_A=True coverage=0.072/0.550 ok_cov=False press_depth=0.0000/0.0040 pressed=False pin=(0.115,-0.039,0.171) pin_x_sweep=(0.105,0.115) clay_center=(0.115,-0.045,0.013) clay_top_z=0.037 dx=0.198 dy=0.199
[RollingPinEval] step=293 phase=5 wait=0 success=True h_ratio=2.496/0.700 ok_h=False mean_z_ratio=0.429/0.650 ok_mean_z=True A_ratio=2.162/1.100 ok_A=True coverage=0.074/0.550 ok_cov=False press_depth=0.0000/0.0040 pressed=False pin=(0.115,-0.040,0.172) pin_x_sweep=(0.105,0.115) clay_center=(0.116,-0.046,0.013) clay_top_z=0.037 dx=0.198 dy=0.200
[RollingPinEval] step=294 phase=5 wait=0 success=True h_ratio=2.496/0.700 ok_h=False mean_z_ratio=0.428/0.650 ok_mean_z=True A_ratio=2.162/1.100 ok_A=True coverage=0.079/0.550 ok_cov=False press_depth=0.0000/0.0040 pressed=False pin=(0.116,-0.040,0.172) pin_x_sweep=(0.105,0.116) clay_center=(0.116,-0.047,0.013) clay_top_z=0.037 dx=0.198 dy=0.199
  [ep 0, attempt 1] Success at step 264, collected 30 extra steps.
  [Success Rate] overall: 100.0% (1/1) | moving avg (last 1): 100.0%
[ManiLadder Camera] stop_recording target=/mnt/gck_website/maniladder.github.io/generated_demos/RollingPin-v1/videos/orbit_camera_ep0.mp4
[38;5;159m[Genesis] [08:35:47] [INFO] Saving video to [38;5;121m"/mnt/gck_website/maniladder.github.io/generated_demos/RollingPin-v1/videos/orbit_camera_ep0.mp4"[0m[38;5;159m...[0m
[38;5;159m[Genesis] [08:35:48] [INFO] Video saved.[0m
  Saved video: /mnt/gck_website/maniladder.github.io/generated_demos/RollingPin-v1/videos/orbit_camera_ep0.mp4 exists=True
  Videos for episode 0 saved to /mnt/gck_website/maniladder.github.io/generated_demos/RollingPin-v1/videos

============================================================
Done. 1 demo trajectories (traj_0..traj_0) saved to /mnt/gck_website/maniladder.github.io/generated_demos
Final   [Success Rate] overall: 100.0% (1/1) | moving avg (last 1): 100.0%
============================================================
[38;5;159m[Genesis] [08:35:48] [INFO] 💤 Exiting Genesis and caching compiled kernels...[0m
[W 09/29/26 08:35:49.079 3846940] [offline_cache.h:run@186] Lock /home/gck/.cache/gstaichi/ticache/kernel_compilation_manager/ticache.lock failed. You can run 'ti cache clean -p /home/gck/.cache/gstaichi/ticache/kernel_compilation_manager' and try again.
[W 09/29/26 08:35:49.281 3846940] [kernel_compilation_manager.cpp:dump@104] Lock /home/gck/.cache/gstaichi/ticache/kernel_compilation_manager/ticache.lock failed. Please run 'ti cache clean -p /home/gck/.cache/gstaichi/ticache/kernel_compilation_manager' and try again.
[W 09/29/26 08:35:49.618 3846940] [ptx_cache.cpp:dump@92] Lock /home/gck/.cache/gstaichi/ticache/ptx_cache/ptxcache.lock failed. Please run 'ti cache clean -p /home/gck/.cache/gstaichi/ticache/ptx_cache' and try again.
