[38;5;159m[Genesis] [08:54:50] [INFO] [38;5;121m╭───────────────────────────────────────────────╮[0m[38;5;159m[0m
[38;5;159m[Genesis] [08:54:50] [INFO] [38;5;121m│┈┉┈┉┈┉┈┉┈┉┈┉┈┉┈┉┈┉┈[0m[38;5;159m [38;5;121m[1m[3mGenesis[0m[38;5;159m [38;5;121m┈┉┈┉┈┉┈┉┈┉┈┉┈┉┈┉┈┉┈│[0m[38;5;159m[0m
[38;5;159m[Genesis] [08:54:50] [INFO] [38;5;121m╰───────────────────────────────────────────────╯[0m[38;5;159m[0m
[W 09/29/26 08:54:50.677 4061486] [ptx_cache.cpp:PtxCache@73] Lock /home/gck/.cache/gstaichi/ticache/ptx_cache/ptxcache.lock failed. Please run 'ti cache clean -p /home/gck/.cache/gstaichi/ticache/ptx_cache' and try again.
[38;5;159m[Genesis] [08:54:50] [INFO] Running on [38;5;121m[4m[NVIDIA A100-SXM4-80GB][0m[38;5;159m with backend [38;5;121m[4mgs.cuda[0m[38;5;159m. Device memory: [38;5;121m[4m79.25[0m[38;5;159m GB.[0m
[38;5;159m[Genesis] [08:54:50] [INFO] 🚀 Genesis initialized. 🔖 version: [38;5;121m[4m0.3.6[0m[38;5;159m, 🎨 theme: [38;5;121m[4mdark[0m[38;5;159m, 🌱 seed: [38;5;121m[4mNone[0m[38;5;159m, 🐛 debug: [38;5;121m[4mFalse[0m[38;5;159m, 📏 precision: [38;5;121m[4m32[0m[38;5;159m, 🏎️ performance: [38;5;121m[4mFalse[0m[38;5;159m, 💬 verbose: [38;5;121m[4mINFO[0m[38;5;159m[0m
[38;5;159m[Genesis] [08:54:53] [INFO] Scene [38;5;121m[3m<8390b63>[0m[38;5;159m created.[0m
[38;5;159m[Genesis] [08:54:53] [INFO] Adding [38;5;121m<gs.RigidEntity>[0m[38;5;159m. idx: [38;5;121m0[0m[38;5;159m, uid: [38;5;121m[3m<74e9b4f>[0m[38;5;159m, morph: [38;5;121m<gs.morphs.MJCF(file='/mnt4/gck/maniladder/maniladder/assets/xml/franka_emika_panda/panda.xml')>[0m[38;5;159m, material: [38;5;121m<gs.materials.Rigid>[0m[38;5;159m.[0m
[38;5;226m[Genesis] [08:54:53] [WARNING] (MJCF) Approximating tendon by joint actuator for `finger_joint1`[0m
[38;5;226m[Genesis] [08:54:53] [WARNING] (MJCF) Actuator control gain and bias parameters cannot be reduced to a unique PD control position gain. Using max between gain and bias for joint `finger_joint1`.[0m
[38;5;226m[Genesis] [08:54:53] [WARNING] (MJCF) Approximating tendon by joint actuator for `finger_joint2`[0m
[38;5;226m[Genesis] [08:54:53] [WARNING] (MJCF) Actuator control gain and bias parameters cannot be reduced to a unique PD control position gain. Using max between gain and bias for joint `finger_joint2`.[0m
[38;5;159m[Genesis] [08:54:53] [INFO] Applying offset to base link's pose with user provided value in morph.[0m
[38;5;159m[Genesis] [08:54:53] [INFO] Adding [38;5;121m<gs.RigidEntity>[0m[38;5;159m. idx: [38;5;121m1[0m[38;5;159m, uid: [38;5;121m[3m<3949f2f>[0m[38;5;159m, morph: [38;5;121m<gs.morphs.Mesh(file='/mnt4/gck/maniladder/maniladder/assets/models/table.glb')>[0m[38;5;159m, material: [38;5;121m<gs.materials.Rigid>[0m[38;5;159m.[0m
[38;5;226m[Genesis] [08:54:53] [WARNING] GLTF is using y-up while Genesis uses z-up. Please set parse_glb_with_zup=True in morph options if you find the mesh is 90-degree rotated. We will set parse_glb_with_zup=True and rotate glb mesh by default later and gradually enforce this option.[0m
/data/gck/miniconda3/envs/maniladder/lib/python3.10/site-packages/pygltflib/__init__.py:830: UserWarning: pygltflib currently does not remove image data from the buffer when converting to data uri.Please open an issue at https://gitlab.com/dodgyville/pygltflib/issues
  warnings.warn("pygltflib currently does not remove image data "
[38;5;159m[Genesis] [08:54:53] [INFO] Adding [38;5;121m<gs.RigidEntity>[0m[38;5;159m. idx: [38;5;121m2[0m[38;5;159m, uid: [38;5;121m[3m<0de4b23>[0m[38;5;159m, morph: [38;5;121m<gs.morphs.Box>[0m[38;5;159m, material: [38;5;121m<gs.materials.Rigid>[0m[38;5;159m.[0m
[38;5;159m[Genesis] [08:54:53] [INFO] Adding [38;5;121m<gs.RigidEntity>[0m[38;5;159m. idx: [38;5;121m3[0m[38;5;159m, uid: [38;5;121m[3m<c561e9b>[0m[38;5;159m, morph: [38;5;121m<gs.morphs.Plane>[0m[38;5;159m, material: [38;5;121m<gs.materials.Rigid>[0m[38;5;159m.[0m
[38;5;159m[Genesis] [08:54:53] [INFO] Adding [38;5;121m<gs.RigidEntity>[0m[38;5;159m. idx: [38;5;121m4[0m[38;5;159m, uid: [38;5;121m[3m<ec787e7>[0m[38;5;159m, morph: [38;5;121m<gs.morphs.Box>[0m[38;5;159m, material: [38;5;121m<gs.materials.Rigid>[0m[38;5;159m.[0m
[38;5;159m[Genesis] [08:54:53] [INFO] Adding [38;5;121m<gs.RigidEntity>[0m[38;5;159m. idx: [38;5;121m5[0m[38;5;159m, uid: [38;5;121m[3m<fc4a32b>[0m[38;5;159m, morph: [38;5;121m<gs.morphs.Box>[0m[38;5;159m, material: [38;5;121m<gs.materials.Rigid>[0m[38;5;159m.[0m
[38;5;159m[Genesis] [08:54:53] [INFO] Adding [38;5;121m<gs.RigidEntity>[0m[38;5;159m. idx: [38;5;121m6[0m[38;5;159m, uid: [38;5;121m[3m<5bb1bff>[0m[38;5;159m, morph: [38;5;121m<gs.morphs.Box>[0m[38;5;159m, material: [38;5;121m<gs.materials.Rigid>[0m[38;5;159m.[0m
[38;5;159m[Genesis] [08:54:53] [INFO] Adding [38;5;121m<gs.MPMEntity>[0m[38;5;159m. idx: [38;5;121m7[0m[38;5;159m, uid: [38;5;121m[3m<20d02c1>[0m[38;5;159m, morph: [38;5;121m<gs.morphs.Box>[0m[38;5;159m, material: [38;5;121m<gs.materials.MPM.ElastoPlastic>[0m[38;5;159m.[0m
[38;5;159m[Genesis] [08:54:54] [INFO] Sampled [38;5;121m[4m1,917[0m[38;5;159m particles.[0m
[38;5;159m[Genesis] [08:54:54] [INFO] Adding [38;5;121m<gs.RigidEntity>[0m[38;5;159m. idx: [38;5;121m8[0m[38;5;159m, uid: [38;5;121m[3m<cb44906>[0m[38;5;159m, morph: [38;5;121m<gs.morphs.Mesh(file='/mnt4/gck/maniladder/maniladder/assets/meshes/deformable/stamp.obj')>[0m[38;5;159m, material: [38;5;121m<gs.materials.Rigid>[0m[38;5;159m.[0m
[38;5;159m[Genesis] [08:54:54] [INFO] Convex hull is not accurate enough for collision detection (1.118). Falling back to more expensive convex decomposition (see FileMorph options).[0m
[38;5;159m[Genesis] [08:54:54] [INFO] Adding [38;5;121m<gs.RigidEntity>[0m[38;5;159m. idx: [38;5;121m9[0m[38;5;159m, uid: [38;5;121m[3m<d293ab6>[0m[38;5;159m, morph: [38;5;121m<gs.morphs.Mesh(file='/mnt4/gck/maniladder/maniladder/assets/meshes/deformable/roller.obj')>[0m[38;5;159m, material: [38;5;121m<gs.materials.Rigid>[0m[38;5;159m.[0m
[38;5;159m[Genesis] [08:54:54] [INFO] Convex hull is not accurate enough for collision detection (1.269). Falling back to more expensive convex decomposition (see FileMorph options).[0m
[38;5;159m[Genesis] [08:54:54] [INFO] Adding [38;5;121m<gs.RigidEntity>[0m[38;5;159m. idx: [38;5;121m10[0m[38;5;159m, uid: [38;5;121m[3m<11c3c38>[0m[38;5;159m, morph: [38;5;121m<gs.morphs.Cylinder>[0m[38;5;159m, material: [38;5;121m<gs.materials.Rigid>[0m[38;5;159m.[0m
[38;5;159m[Genesis] [08:54:54] [INFO] Building scene [38;5;121m[3m<8390b63>[0m[38;5;159m...[0m
[W 09/29/26 08:54:54.661 4061486] [kernel_compilation_manager.cpp:KernelCompilationManager@69] Lock /home/gck/.cache/gstaichi/ticache/kernel_compilation_manager/ticache.lock failed. Please run 'ti cache clean -p /home/gck/.cache/gstaichi/ticache/kernel_compilation_manager' and try again.
[38;5;226m[Genesis] [08:54:57] [WARNING] Reference robot position exceeds joint limits.[0m
[38;5;226m[Genesis] [08:54:58] [WARNING] max_collision_pairs 300 is smaller than the theoretical maximal possible pairs 455, it uses less memory but might lead to missing some collision pairs if there are too many collision pairs[0m
[38;5;159m[Genesis] [08:55:06] [INFO] Compiling simulation kernels...[0m
[38;5;159m[Genesis] [08:55:46] [INFO] Building visualizer...[0m
/data/gck/miniconda3/envs/maniladder/lib/python3.10/site-packages/torch/utils/_device.py:109: UserWarning: The given NumPy array is not writable, and PyTorch does not support non-writable tensors. This means writing to this tensor will result in undefined behavior. You may want to copy the array to protect its data or make it writable before converting it to a tensor. This type of warning will be suppressed for the rest of this program. (Triggered internally at /pytorch/torch/csrc/utils/tensor_numpy.cpp:213.)
  return func(*args, **kwargs)
Action space: Box(-1.0, 1.0, (7,), float32)
Generating 1 orbit video-only demos → /mnt/gck_website/maniladder.github.io/generated_demos/StampRoll-v1
[38;5;159m[Genesis] [08:55:50] [INFO] Scene [38;5;121m[3m<926d63d>[0m[38;5;159m created.[0m
[38;5;159m[Genesis] [08:55:50] [INFO] Adding [38;5;121m<gs.RigidEntity>[0m[38;5;159m. idx: [38;5;121m0[0m[38;5;159m, uid: [38;5;121m[3m<72bdccf>[0m[38;5;159m, morph: [38;5;121m<gs.morphs.MJCF(file='/mnt4/gck/maniladder/maniladder/assets/xml/franka_emika_panda/panda.xml')>[0m[38;5;159m, material: [38;5;121m<gs.materials.Rigid>[0m[38;5;159m.[0m
[38;5;226m[Genesis] [08:55:50] [WARNING] (MJCF) Approximating tendon by joint actuator for `finger_joint1`[0m
[38;5;226m[Genesis] [08:55:50] [WARNING] (MJCF) Actuator control gain and bias parameters cannot be reduced to a unique PD control position gain. Using max between gain and bias for joint `finger_joint1`.[0m
[38;5;226m[Genesis] [08:55:50] [WARNING] (MJCF) Approximating tendon by joint actuator for `finger_joint2`[0m
[38;5;226m[Genesis] [08:55:50] [WARNING] (MJCF) Actuator control gain and bias parameters cannot be reduced to a unique PD control position gain. Using max between gain and bias for joint `finger_joint2`.[0m
[38;5;159m[Genesis] [08:55:50] [INFO] Applying offset to base link's pose with user provided value in morph.[0m
[38;5;159m[Genesis] [08:55:51] [INFO] Adding [38;5;121m<gs.RigidEntity>[0m[38;5;159m. idx: [38;5;121m1[0m[38;5;159m, uid: [38;5;121m[3m<798563d>[0m[38;5;159m, morph: [38;5;121m<gs.morphs.Mesh(file='/mnt4/gck/maniladder/maniladder/assets/models/table.glb')>[0m[38;5;159m, material: [38;5;121m<gs.materials.Rigid>[0m[38;5;159m.[0m
[38;5;226m[Genesis] [08:55:51] [WARNING] GLTF is using y-up while Genesis uses z-up. Please set parse_glb_with_zup=True in morph options if you find the mesh is 90-degree rotated. We will set parse_glb_with_zup=True and rotate glb mesh by default later and gradually enforce this option.[0m
/data/gck/miniconda3/envs/maniladder/lib/python3.10/site-packages/pygltflib/__init__.py:830: UserWarning: pygltflib currently does not remove image data from the buffer when converting to data uri.Please open an issue at https://gitlab.com/dodgyville/pygltflib/issues
  warnings.warn("pygltflib currently does not remove image data "
[38;5;159m[Genesis] [08:55:51] [INFO] Adding [38;5;121m<gs.RigidEntity>[0m[38;5;159m. idx: [38;5;121m2[0m[38;5;159m, uid: [38;5;121m[3m<61bb75d>[0m[38;5;159m, morph: [38;5;121m<gs.morphs.Box>[0m[38;5;159m, material: [38;5;121m<gs.materials.Rigid>[0m[38;5;159m.[0m
[38;5;159m[Genesis] [08:55:51] [INFO] Adding [38;5;121m<gs.RigidEntity>[0m[38;5;159m. idx: [38;5;121m3[0m[38;5;159m, uid: [38;5;121m[3m<5db9070>[0m[38;5;159m, morph: [38;5;121m<gs.morphs.Plane>[0m[38;5;159m, material: [38;5;121m<gs.materials.Rigid>[0m[38;5;159m.[0m
[38;5;159m[Genesis] [08:55:51] [INFO] Adding [38;5;121m<gs.RigidEntity>[0m[38;5;159m. idx: [38;5;121m4[0m[38;5;159m, uid: [38;5;121m[3m<e642770>[0m[38;5;159m, morph: [38;5;121m<gs.morphs.Box>[0m[38;5;159m, material: [38;5;121m<gs.materials.Rigid>[0m[38;5;159m.[0m
[38;5;159m[Genesis] [08:55:51] [INFO] Adding [38;5;121m<gs.RigidEntity>[0m[38;5;159m. idx: [38;5;121m5[0m[38;5;159m, uid: [38;5;121m[3m<7065a60>[0m[38;5;159m, morph: [38;5;121m<gs.morphs.Box>[0m[38;5;159m, material: [38;5;121m<gs.materials.Rigid>[0m[38;5;159m.[0m
[38;5;159m[Genesis] [08:55:51] [INFO] Adding [38;5;121m<gs.RigidEntity>[0m[38;5;159m. idx: [38;5;121m6[0m[38;5;159m, uid: [38;5;121m[3m<08fe48a>[0m[38;5;159m, morph: [38;5;121m<gs.morphs.Box>[0m[38;5;159m, material: [38;5;121m<gs.materials.Rigid>[0m[38;5;159m.[0m
[38;5;159m[Genesis] [08:55:51] [INFO] Adding [38;5;121m<gs.MPMEntity>[0m[38;5;159m. idx: [38;5;121m7[0m[38;5;159m, uid: [38;5;121m[3m<b58f129>[0m[38;5;159m, morph: [38;5;121m<gs.morphs.Box>[0m[38;5;159m, material: [38;5;121m<gs.materials.MPM.ElastoPlastic>[0m[38;5;159m.[0m
[38;5;159m[Genesis] [08:55:51] [INFO] Sampled [38;5;121m[4m1,917[0m[38;5;159m particles.[0m
[38;5;159m[Genesis] [08:55:51] [INFO] Adding [38;5;121m<gs.RigidEntity>[0m[38;5;159m. idx: [38;5;121m8[0m[38;5;159m, uid: [38;5;121m[3m<cdaf4de>[0m[38;5;159m, morph: [38;5;121m<gs.morphs.Mesh(file='/mnt4/gck/maniladder/maniladder/assets/meshes/deformable/stamp.obj')>[0m[38;5;159m, material: [38;5;121m<gs.materials.Rigid>[0m[38;5;159m.[0m
[38;5;159m[Genesis] [08:55:51] [INFO] Convex hull is not accurate enough for collision detection (1.118). Falling back to more expensive convex decomposition (see FileMorph options).[0m
[38;5;159m[Genesis] [08:55:51] [INFO] Adding [38;5;121m<gs.RigidEntity>[0m[38;5;159m. idx: [38;5;121m9[0m[38;5;159m, uid: [38;5;121m[3m<faabe8a>[0m[38;5;159m, morph: [38;5;121m<gs.morphs.Mesh(file='/mnt4/gck/maniladder/maniladder/assets/meshes/deformable/roller.obj')>[0m[38;5;159m, material: [38;5;121m<gs.materials.Rigid>[0m[38;5;159m.[0m
[38;5;159m[Genesis] [08:55:51] [INFO] Convex hull is not accurate enough for collision detection (1.269). Falling back to more expensive convex decomposition (see FileMorph options).[0m
[38;5;159m[Genesis] [08:55:51] [INFO] Adding [38;5;121m<gs.RigidEntity>[0m[38;5;159m. idx: [38;5;121m10[0m[38;5;159m, uid: [38;5;121m[3m<c3a41ca>[0m[38;5;159m, morph: [38;5;121m<gs.morphs.Cylinder>[0m[38;5;159m, material: [38;5;121m<gs.materials.Rigid>[0m[38;5;159m.[0m
[38;5;159m[Genesis] [08:55:51] [INFO] Building scene [38;5;121m[3m<926d63d>[0m[38;5;159m...[0m
[38;5;226m[Genesis] [08:55:54] [WARNING] Reference robot position exceeds joint limits.[0m
[38;5;226m[Genesis] [08:55:55] [WARNING] max_collision_pairs 300 is smaller than the theoretical maximal possible pairs 455, it uses less memory but might lead to missing some collision pairs if there are too many collision pairs[0m
[38;5;159m[Genesis] [08:56:03] [INFO] Compiling simulation kernels...[0m
[38;5;159m[Genesis] [08:56:41] [INFO] Building visualizer...[0m
[Step    0] Phase 0  | coverage  21.1% | presses 0 strokes 0t | stamp False roller False
  [ep 0/1, attempt 1] step 1/1200  terminated=False  truncated=False
[Step   25] Phase 0  | coverage  21.1% | presses 0 strokes 0t | stamp False roller False
[Step   50] Phase 1  | coverage  21.1% | presses 0 strokes 0t | stamp False roller False
[Step   75] Phase 2  | coverage  21.1% | presses 0 strokes 0t | stamp False roller False
[StampRoll SP] welded stamp to hand links=(8, 17) (reused=False)
[Step  100] Phase 3  | coverage  21.1% | presses 0 strokes 0t | stamp True roller False
  [ep 0/1, attempt 1] step 101/1200  terminated=False  truncated=False
[Step  125] Phase 4  | coverage  21.1% | presses 0 strokes 0t | stamp True roller False
[Step  150] Phase 5  | coverage  21.1% | presses 0 strokes 0t | stamp True roller False
[Step  175] Phase 5  | coverage  27.4% | presses 0 strokes 0t | stamp True roller False
[Step  200] Phase 6  | coverage  41.7% | presses 0 strokes 0t | stamp True roller False
  [ep 0/1, attempt 1] step 201/1200  terminated=False  truncated=False
[Step  225] Phase 8  | coverage  44.6% | presses 1 strokes 0t | stamp True roller False
[Step  250] Phase 8  | coverage  44.6% | presses 1 strokes 0t | stamp True roller False
[Step  275] Phase 9  | coverage  44.6% | presses 1 strokes 0t | stamp True roller False
[Step  300] Phase 10 | coverage  44.6% | presses 1 strokes 0t | stamp False roller False
  [ep 0/1, attempt 1] step 301/1200  terminated=False  truncated=False
[Step  325] Phase 10 | coverage  44.6% | presses 1 strokes 0t | stamp False roller False
[Step  350] Phase 10 | coverage  44.6% | presses 1 strokes 0t | stamp False roller False
[Step  375] Phase 10 | coverage  44.6% | presses 1 strokes 0t | stamp False roller False
[Step  400] Phase 11 | coverage  44.6% | presses 1 strokes 0t | stamp False roller False
  [ep 0/1, attempt 1] step 401/1200  terminated=False  truncated=False
[Step  425] Phase 12 | coverage  44.6% | presses 1 strokes 0t | stamp False roller False
[StampRoll SP] welded roller to hand links=(8, 18) (reused=False)
[Step  450] Phase 14 | coverage  44.6% | presses 1 strokes 0r | stamp False roller True
[Step  475] Phase 14 | coverage  44.6% | presses 1 strokes 0r | stamp False roller True
[Step  500] Phase 15 | coverage  44.6% | presses 1 strokes 0r | stamp False roller True
  [ep 0/1, attempt 1] step 501/1200  terminated=False  truncated=False
[Step  525] Phase 16 | coverage  73.4% | presses 1 strokes 0r | stamp False roller True
[Step  550] Phase 16 | coverage  98.7% | presses 1 strokes 0r | stamp False roller True
[Step  575] Phase 15 | coverage  87.6% | presses 1 strokes 1r | stamp False roller True
[Step  600] Phase 16 | coverage  95.5% | presses 1 strokes 1r | stamp False roller True
  [ep 0/1, attempt 1] step 601/1200  terminated=False  truncated=False
[Step  625] Phase 20 | coverage 100.0% | presses 1 strokes 2t | stamp False roller True
[Step  650] Phase 20 | coverage 100.0% | presses 1 strokes 2t | stamp False roller True
  [ep 0/1, attempt 1] step 654/1200  terminated=True  truncated=False
[StampRoll SP] SUCCESS at step 654: coverage=100.0% (thr 90%), presses=1, strokes=2
[Step  675] Phase 20 | coverage 100.0% | presses 1 strokes 2t | stamp False roller True
  [ep 0, attempt 1] Success at step 654, collected 30 extra steps.
  [Success Rate] overall: 100.0% (1/1) | moving avg (last 1): 100.0%
[ManiLadder Camera] stop_recording target=/mnt/gck_website/maniladder.github.io/generated_demos/StampRoll-v1/videos/orbit_camera_ep0.mp4
[38;5;159m[Genesis] [09:21:31] [INFO] Saving video to [38;5;121m"/mnt/gck_website/maniladder.github.io/generated_demos/StampRoll-v1/videos/orbit_camera_ep0.mp4"[0m[38;5;159m...[0m
[38;5;159m[Genesis] [09:21:34] [INFO] Video saved.[0m
  Saved video: /mnt/gck_website/maniladder.github.io/generated_demos/StampRoll-v1/videos/orbit_camera_ep0.mp4 exists=True
  Videos for episode 0 saved to /mnt/gck_website/maniladder.github.io/generated_demos/StampRoll-v1/videos

============================================================
Done. 1 demo trajectories (traj_0..traj_0) saved to /mnt/gck_website/maniladder.github.io/generated_demos
Final   [Success Rate] overall: 100.0% (1/1) | moving avg (last 1): 100.0%
============================================================
[38;5;159m[Genesis] [09:21:34] [INFO] 💤 Exiting Genesis and caching compiled kernels...[0m
[W 09/29/26 09:21:35.094 4061486] [offline_cache.h:run@186] Lock /home/gck/.cache/gstaichi/ticache/kernel_compilation_manager/ticache.lock failed. You can run 'ti cache clean -p /home/gck/.cache/gstaichi/ticache/kernel_compilation_manager' and try again.
[W 09/29/26 09:21:35.295 4061486] [kernel_compilation_manager.cpp:dump@104] Lock /home/gck/.cache/gstaichi/ticache/kernel_compilation_manager/ticache.lock failed. Please run 'ti cache clean -p /home/gck/.cache/gstaichi/ticache/kernel_compilation_manager' and try again.
[W 09/29/26 09:21:35.602 4061486] [ptx_cache.cpp:dump@92] Lock /home/gck/.cache/gstaichi/ticache/ptx_cache/ptxcache.lock failed. Please run 'ti cache clean -p /home/gck/.cache/gstaichi/ticache/ptx_cache' and try again.
